MSBuild version 18.9.6+14fbf8d52 for .NET
  Cerneala.Language -> C:\Users\lauri\Desktop\Cerneala\Cerneala.Language\bin\Release\netstandard2.0\Cerneala.Language.dll
  Cerneala.SourceGen -> C:\Users\lauri\Desktop\Cerneala\Cerneala.SourceGen\bin\Release\netstandard2.0\Cerneala.SourceGen.dll
  Cerneala -> C:\Users\lauri\Desktop\Cerneala\bin\Release\net8.0\Cerneala.dll
  Cerneala.Platforms.Sdl3 -> C:\Users\lauri\Desktop\Cerneala\Cerneala.Platforms.Sdl3\bin\Release\net8.0\Cerneala.Platforms.Sdl3.dll
  Cerneala.Backends.SdlGpu -> C:\Users\lauri\Desktop\Cerneala\Cerneala.Backends.SdlGpu\bin\Release\net8.0\Cerneala.Backends.SdlGpu.dll
  Cerneala.LanguageServer -> C:\Users\lauri\Desktop\Cerneala\Cerneala.LanguageServer\bin\Release\net10.0\Cerneala.LanguageServer.dll
  Cerneala.PreviewHost -> C:\Users\lauri\Desktop\Cerneala\Cerneala.PreviewHost\bin\Release\net10.0-windows\Cerneala.PreviewHost.dll
  Cerneala.Scene2D.Importers -> C:\Users\lauri\Desktop\Cerneala\Cerneala.Scene2D.Importers\bin\Release\net8.0\Cerneala.Scene2D.Importers.dll
  Cerneala.Scene2D.Packages -> C:\Users\lauri\Desktop\Cerneala\Cerneala.Scene2D.Packages\bin\Release\net8.0\Cerneala.Scene2D.Packages.dll
  Cerneala.VisualStudio -> C:\Users\lauri\Desktop\Cerneala\Cerneala.VisualStudio\bin\Release\net472\Cerneala.VisualStudio.dll
  Determining projects to restore...
  All projects are up-to-date for restore.
  Cerneala.Language -> C:\Users\lauri\Desktop\Cerneala\Cerneala.Language\bin\Release\netstandard2.0\Cerneala.Language.dll
  Cerneala.LanguageServer -> C:\Users\lauri\Desktop\Cerneala\Cerneala.LanguageServer\bin\Release\net10.0\win-x64\Cerneala.LanguageServer.dll
  Cerneala.LanguageServer -> C:\Users\lauri\Desktop\Cerneala\Cerneala.VisualStudio\obj\Release\net472\bundled-server\
  Determining projects to restore...
  All projects are up-to-date for restore.
  Cerneala.Language -> C:\Users\lauri\Desktop\Cerneala\Cerneala.Language\bin\Release\netstandard2.0\Cerneala.Language.dll
  Cerneala.SourceGen -> C:\Users\lauri\Desktop\Cerneala\Cerneala.SourceGen\bin\Release\netstandard2.0\Cerneala.SourceGen.dll
  Cerneala -> C:\Users\lauri\Desktop\Cerneala\bin\Release\net8.0\Cerneala.dll
  Cerneala.Platforms.Sdl3 -> C:\Users\lauri\Desktop\Cerneala\Cerneala.Platforms.Sdl3\bin\Release\net8.0\Cerneala.Platforms.Sdl3.dll
  Cerneala.Backends.SdlGpu -> C:\Users\lauri\Desktop\Cerneala\Cerneala.Backends.SdlGpu\bin\Release\net8.0\Cerneala.Backends.SdlGpu.dll
  Cerneala.Platforms.Sdl3 -> C:\Users\lauri\Desktop\Cerneala\Cerneala.Platforms.Sdl3\bin\Release\net8.0\win-x64\Cerneala.Platforms.Sdl3.dll
  Cerneala.PreviewHost -> C:\Users\lauri\Desktop\Cerneala\Cerneala.PreviewHost\bin\Release\net10.0-windows\win-x64\Cerneala.PreviewHost.dll
  Cerneala.PreviewHost -> C:\Users\lauri\Desktop\Cerneala\Cerneala.VisualStudio\obj\Release\net472\bundled-preview-host\
  Cerneala.VisualStudio -> C:\Users\lauri\Desktop\Cerneala\Cerneala.VisualStudio\bin\Release\net472\Cerneala.VisualStudio.vsix
  CernealaPresentation -> C:\Users\lauri\Desktop\Cerneala\CernealaPresentation\bin\Release\net8.0-windows\CernealaPresentation.dll
  Cerneala.Benchmarks -> C:\Users\lauri\Desktop\Cerneala\benchmarks\Cerneala.Benchmarks\bin\Release\net8.0-windows\Cerneala.Benchmarks.dll
  Cerneala.PresentationFrameBudget -> C:\Users\lauri\Desktop\Cerneala\benchmarks\Cerneala.PresentationFrameBudget\bin\Release\net8.0-windows\Cerneala.PresentationFrameBudget.dll
  Cerneala.WpfDispatcherBenchmarks -> C:\Users\lauri\Desktop\Cerneala\benchmarks\Cerneala.WpfDispatcherBenchmarks\bin\Release\net8.0-windows\Cerneala.WpfDispatcherBenchmarks.dll
  AvaloniaOracle -> C:\Users\lauri\Desktop\Cerneala\Playground\AvaloniaOracle\bin\Release\net10.0\AvaloniaOracle.dll
  Cerneala.ComboBoxLab -> C:\Users\lauri\Desktop\Cerneala\Playground\Cerneala.ComboBoxLab\bin\Release\net8.0-windows\Cerneala.ComboBoxLab.dll
  Cerneala.MenuLab -> C:\Users\lauri\Desktop\Cerneala\Playground\Cerneala.MenuLab\bin\Release\net8.0-windows\Cerneala.MenuLab.dll
  Cerneala.Scene2D.PackageCompiler -> C:\Users\lauri\Desktop\Cerneala\Tools\Cerneala.Scene2D.PackageCompiler\bin\Release\net8.0\Cerneala.Scene2D.PackageCompiler.dll
  Cerneala.Playground -> C:\Users\lauri\Desktop\Cerneala\Playground\Cerneala.Playground\bin\Release\net8.0-windows\Cerneala.Playground.dll
  CernealaOracle -> C:\Users\lauri\Desktop\Cerneala\Playground\CernealaOracle\bin\Release\net8.0-windows\CernealaOracle.dll
  Cerneala.SdlGpuSmoke -> C:\Users\lauri\Desktop\Cerneala\tests\Cerneala.SdlGpuSmoke\bin\Release\net8.0\Cerneala.SdlGpuSmoke.dll
  Cerneala.Tests.Language -> C:\Users\lauri\Desktop\Cerneala\tests\Cerneala.Tests.Language\bin\Release\net8.0-windows\Cerneala.Tests.Language.dll
  Cerneala.Tests.LanguageServer -> C:\Users\lauri\Desktop\Cerneala\tests\Cerneala.Tests.LanguageServer\bin\Release\net10.0\Cerneala.Tests.LanguageServer.dll
  Cerneala.Tests.PreviewHost -> C:\Users\lauri\Desktop\Cerneala\tests\Cerneala.Tests.PreviewHost\bin\Release\net10.0-windows\Cerneala.Tests.PreviewHost.dll
  Cerneala.Tests.Scene2DImporters -> C:\Users\lauri\Desktop\Cerneala\tests\Cerneala.Tests.Scene2DImporters\bin\Release\net8.0\Cerneala.Tests.Scene2DImporters.dll
  Cerneala.Tests.Scene2DPackages -> C:\Users\lauri\Desktop\Cerneala\tests\Cerneala.Tests.Scene2DPackages\bin\Release\net8.0\Cerneala.Tests.Scene2DPackages.dll
  Tetris -> C:\Users\lauri\Desktop\Cerneala\Tetrisish\bin\Release\net8.0\Cerneala.Tetris.dll
  Cerneala.Tests.SdlGpu -> C:\Users\lauri\Desktop\Cerneala\tests\Cerneala.Tests.SdlGpu\bin\Release\net8.0\Cerneala.Tests.SdlGpu.dll
  Cerneala.Tests.SourceGen -> C:\Users\lauri\Desktop\Cerneala\tests\Cerneala.Tests.SourceGen\bin\Release\net8.0-windows\Cerneala.Tests.SourceGen.dll
  Cerneala.Tests.VisualStudio -> C:\Users\lauri\Desktop\Cerneala\tests\Cerneala.Tests.VisualStudio\bin\Release\net10.0-windows\Cerneala.Tests.VisualStudio.dll
  VisualStudioIntegrationHost -> C:\Users\lauri\Desktop\Cerneala\tests\Fixtures\VisualStudioIntegrationHost\bin\Release\net472\Cerneala.VisualStudio.IntegrationHost.dll
  Cerneala.Tests -> C:\Users\lauri\Desktop\Cerneala\tests\Cerneala.Tests\bin\Release\net8.0-windows\Cerneala.Tests.dll
  VisualStudioConsumer -> C:\Users\lauri\Desktop\Cerneala\tests\Fixtures\VisualStudioConsumer\bin\Release\net8.0-windows\VisualStudioConsumer.dll
  Tetris.Tests -> C:\Users\lauri\Desktop\Cerneala\Tetrisish\Tests\bin\Release\net8.0\Cerneala.Tetris.Tests.dll
  Cerneala.SdlShaderCompiler -> C:\Users\lauri\Desktop\Cerneala\Tools\Cerneala.SdlShaderCompiler\bin\Release\net8.0\win-x64\Cerneala.SdlShaderCompiler.dll
  Cerneala.SvgAssetCompiler -> C:\Users\lauri\Desktop\Cerneala\Tools\Cerneala.SvgAssetCompiler\bin\Release\net8.0\Cerneala.SvgAssetCompiler.dll
  PrismAudit -> C:\Users\lauri\Desktop\Cerneala\Tools\PrismAudit\bin\Release\net8.0-windows\PrismAudit.dll
