  Cerneala.Language -> C:\Users\lauri\Desktop\Cerneala\Cerneala.Language\bin\Release\netstandard2.0\Cerneala.Language.dll
  Cerneala.SourceGen -> C:\Users\lauri\Desktop\Cerneala\Cerneala.SourceGen\bin\Release\netstandard2.0\Cerneala.SourceGen.dll
  Cerneala -> C:\Users\lauri\Desktop\Cerneala\bin\Release\net8.0\Cerneala.dll
  Cerneala.Scene2D.Importers -> C:\Users\lauri\Desktop\Cerneala\Cerneala.Scene2D.Importers\bin\Release\net8.0\Cerneala.Scene2D.Importers.dll
  Cerneala.Scene2D.Packages -> C:\Users\lauri\Desktop\Cerneala\Cerneala.Scene2D.Packages\bin\Release\net8.0\Cerneala.Scene2D.Packages.dll
  Cerneala.Scene2D.PackageCompiler -> C:\Users\lauri\Desktop\Cerneala\Tools\Cerneala.Scene2D.PackageCompiler\bin\Release\net8.0\Cerneala.Scene2D.PackageCompiler.dll
  Cerneala.Tests.Scene2DPackages -> C:\Users\lauri\Desktop\Cerneala\tests\Cerneala.Tests.Scene2DPackages\bin\Release\net8.0\Cerneala.Tests.Scene2DPackages.dll
Test run for C:\Users\lauri\Desktop\Cerneala\tests\Cerneala.Tests.Scene2DPackages\bin\Release\net8.0\Cerneala.Tests.Scene2DPackages.dll (.NETCoreApp,Version=v8.0)
A total of 1 test files matched the specified pattern.
[xUnit.net 00:00:00.68]     Cerneala.Tests.Scene2DPackages.Scene2DPublicBoundaryContractTests.Stage0_PublicSpatialSourceAndResidencyFamilyIsGone [FAIL]
[xUnit.net 00:00:00.70]     Cerneala.Tests.Scene2DPackages.Scene2DPublicBoundaryContractTests.Stage0_Cpv2RangeReaderHasOnlyTheApprovedNonspatialTransportShape [FAIL]
[xUnit.net 00:00:00.71]     Cerneala.Tests.Scene2DPackages.Scene2DPublicBoundaryContractTests.Stage0_MapAndPackageExposeIdsAndValuesInsteadOfSourcesAndLeases [FAIL]
[xUnit.net 00:00:01.00]     Cerneala.Tests.Scene2DPackages.Scene2DPackageTests.Stage0_CreateTileMapOwnsIndependentInstancesAndMapDisposeIsTerminal [FAIL]
[xUnit.net 00:00:01.06]     Cerneala.Tests.Scene2DPackages.Scene2DPackageTests.Stage0_RangeReaderRejectsZeroAndOutOfRangeReadCounts(mode: 0) [FAIL]
[xUnit.net 00:00:01.11]     Cerneala.Tests.Scene2DPackages.Scene2DPackageTests.Stage0_RangeReaderRejectsZeroAndOutOfRangeReadCounts(mode: -1) [FAIL]
[xUnit.net 00:00:01.15]     Cerneala.Tests.Scene2DPackages.Scene2DPackageTests.Stage0_RangeReaderRejectsZeroAndOutOfRangeReadCounts(mode: 1) [FAIL]
[xUnit.net 00:00:01.20]     Cerneala.Tests.Scene2DPackages.Scene2DPackageTests.Stage0_RangeReaderHandlesShortConcurrentReadsAndDirectValues [FAIL]
[xUnit.net 00:00:01.27]     Cerneala.Tests.Scene2DPackages.Scene2DPackageTests.Stage0_RangeReaderCancellationIsPerCallAndRetryIsNewRead [FAIL]
  Failed Cerneala.Tests.Scene2DPackages.Scene2DPublicBoundaryContractTests.Stage0_PublicSpatialSourceAndResidencyFamilyIsGone [10 ms]
  Error Message:
   SceneSpatialEntry2D is still exported by the core assembly.
  Stack Trace:
     at Cerneala.Tests.Scene2DPackages.Scene2DPublicBoundaryContractTests.Stage0_PublicSpatialSourceAndResidencyFamilyIsGone() in C:\Users\lauri\Desktop\Cerneala\tests\Cerneala.Tests.Scene2DPackages\Scene2DPublicBoundaryContractTests.cs:line 22
   at System.RuntimeMethodHandle.InvokeMethod(Object target, Void** arguments, Signature sig, Boolean isConstructor)
   at System.Reflection.MethodBaseInvoker.InvokeWithNoArgs(Object obj, BindingFlags invokeAttr)
  Failed Cerneala.Tests.Scene2DPackages.Scene2DPublicBoundaryContractTests.Stage0_Cpv2RangeReaderHasOnlyTheApprovedNonspatialTransportShape [1 ms]
  Error Message:
   Assert.NotNull() Failure: Value is null
  Stack Trace:
     at Cerneala.Tests.Scene2DPackages.Scene2DPublicBoundaryContractTests.Stage0_Cpv2RangeReaderHasOnlyTheApprovedNonspatialTransportShape() in C:\Users\lauri\Desktop\Cerneala\tests\Cerneala.Tests.Scene2DPackages\Scene2DPublicBoundaryContractTests.cs:line 61
   at System.RuntimeMethodHandle.InvokeMethod(Object target, Void** arguments, Signature sig, Boolean isConstructor)
   at System.Reflection.MethodBaseInvoker.InvokeWithNoArgs(Object obj, BindingFlags invokeAttr)
  Failed Cerneala.Tests.Scene2DPackages.Scene2DPublicBoundaryContractTests.Stage0_MapAndPackageExposeIdsAndValuesInsteadOfSourcesAndLeases [10 ms]
  Error Message:
   Assert.Equal() Failure: Values differ
Expected: typeof(System.Collections.Generic.IReadOnlyList<string>)
Actual:   null
  Stack Trace:
     at Cerneala.Tests.Scene2DPackages.Scene2DPublicBoundaryContractTests.Stage0_MapAndPackageExposeIdsAndValuesInsteadOfSourcesAndLeases() in C:\Users\lauri\Desktop\Cerneala\tests\Cerneala.Tests.Scene2DPackages\Scene2DPublicBoundaryContractTests.cs:line 30
   at System.RuntimeMethodHandle.InvokeMethod(Object target, Void** arguments, Signature sig, Boolean isConstructor)
   at System.Reflection.MethodBaseInvoker.InvokeWithNoArgs(Object obj, BindingFlags invokeAttr)
  Failed Cerneala.Tests.Scene2DPackages.Scene2DPackageTests.Stage0_CreateTileMapOwnsIndependentInstancesAndMapDisposeIsTerminal [347 ms]
  Error Message:
   Missing selected public IScene2DPackageRangeReader contract.
  Stack Trace:
     at Cerneala.Tests.Scene2DPackages.Scene2DPackageTests.CreateRangeReader(Fixture fixture, Stage0RangeReaderProxy& fake) in C:\Users\lauri\Desktop\Cerneala\tests\Cerneala.Tests.Scene2DPackages\Stage0PackageContractTests.cs:line 389
   at Cerneala.Tests.Scene2DPackages.Scene2DPackageTests.Stage0_CreateTileMapOwnsIndependentInstancesAndMapDisposeIsTerminal() in C:\Users\lauri\Desktop\Cerneala\tests\Cerneala.Tests.Scene2DPackages\Stage0PackageContractTests.cs:line 296
--- End of stack trace from previous location ---
  Failed Cerneala.Tests.Scene2DPackages.Scene2DPackageTests.Stage0_RangeReaderRejectsZeroAndOutOfRangeReadCounts(mode: 0) [43 ms]
  Error Message:
   Missing selected public IScene2DPackageRangeReader contract.
  Stack Trace:
     at Cerneala.Tests.Scene2DPackages.Scene2DPackageTests.CreateRangeReader(Fixture fixture, Stage0RangeReaderProxy& fake) in C:\Users\lauri\Desktop\Cerneala\tests\Cerneala.Tests.Scene2DPackages\Stage0PackageContractTests.cs:line 389
   at Cerneala.Tests.Scene2DPackages.Scene2DPackageTests.Stage0_RangeReaderRejectsZeroAndOutOfRangeReadCounts(Int32 mode) in C:\Users\lauri\Desktop\Cerneala\tests\Cerneala.Tests.Scene2DPackages\Stage0PackageContractTests.cs:line 154
--- End of stack trace from previous location ---
  Failed Cerneala.Tests.Scene2DPackages.Scene2DPackageTests.Stage0_RangeReaderRejectsZeroAndOutOfRangeReadCounts(mode: -1) [47 ms]
  Error Message:
   Missing selected public IScene2DPackageRangeReader contract.
  Stack Trace:
     at Cerneala.Tests.Scene2DPackages.Scene2DPackageTests.CreateRangeReader(Fixture fixture, Stage0RangeReaderProxy& fake) in C:\Users\lauri\Desktop\Cerneala\tests\Cerneala.Tests.Scene2DPackages\Stage0PackageContractTests.cs:line 389
   at Cerneala.Tests.Scene2DPackages.Scene2DPackageTests.Stage0_RangeReaderRejectsZeroAndOutOfRangeReadCounts(Int32 mode) in C:\Users\lauri\Desktop\Cerneala\tests\Cerneala.Tests.Scene2DPackages\Stage0PackageContractTests.cs:line 154
--- End of stack trace from previous location ---
  Failed Cerneala.Tests.Scene2DPackages.Scene2DPackageTests.Stage0_RangeReaderRejectsZeroAndOutOfRangeReadCounts(mode: 1) [44 ms]
  Error Message:
   Missing selected public IScene2DPackageRangeReader contract.
  Stack Trace:
     at Cerneala.Tests.Scene2DPackages.Scene2DPackageTests.CreateRangeReader(Fixture fixture, Stage0RangeReaderProxy& fake) in C:\Users\lauri\Desktop\Cerneala\tests\Cerneala.Tests.Scene2DPackages\Stage0PackageContractTests.cs:line 389
   at Cerneala.Tests.Scene2DPackages.Scene2DPackageTests.Stage0_RangeReaderRejectsZeroAndOutOfRangeReadCounts(Int32 mode) in C:\Users\lauri\Desktop\Cerneala\tests\Cerneala.Tests.Scene2DPackages\Stage0PackageContractTests.cs:line 154
--- End of stack trace from previous location ---
  Failed Cerneala.Tests.Scene2DPackages.Scene2DPackageTests.Stage0_RangeReaderHandlesShortConcurrentReadsAndDirectValues [51 ms]
  Error Message:
   Missing selected public IScene2DPackageRangeReader contract.
  Stack Trace:
     at Cerneala.Tests.Scene2DPackages.Scene2DPackageTests.CreateRangeReader(Fixture fixture, Stage0RangeReaderProxy& fake) in C:\Users\lauri\Desktop\Cerneala\tests\Cerneala.Tests.Scene2DPackages\Stage0PackageContractTests.cs:line 389
   at Cerneala.Tests.Scene2DPackages.Scene2DPackageTests.Stage0_RangeReaderHandlesShortConcurrentReadsAndDirectValues() in C:\Users\lauri\Desktop\Cerneala\tests\Cerneala.Tests.Scene2DPackages\Stage0PackageContractTests.cs:line 34
--- End of stack trace from previous location ---
  Failed Cerneala.Tests.Scene2DPackages.Scene2DPackageTests.Stage0_RangeReaderCancellationIsPerCallAndRetryIsNewRead [66 ms]
  Error Message:
   Missing selected public IScene2DPackageRangeReader contract.
  Stack Trace:
     at Cerneala.Tests.Scene2DPackages.Scene2DPackageTests.CreateRangeReader(Fixture fixture, Stage0RangeReaderProxy& fake) in C:\Users\lauri\Desktop\Cerneala\tests\Cerneala.Tests.Scene2DPackages\Stage0PackageContractTests.cs:line 389
   at Cerneala.Tests.Scene2DPackages.Scene2DPackageTests.Stage0_RangeReaderCancellationIsPerCallAndRetryIsNewRead() in C:\Users\lauri\Desktop\Cerneala\tests\Cerneala.Tests.Scene2DPackages\Stage0PackageContractTests.cs:line 117
--- End of stack trace from previous location ---
[xUnit.net 00:00:01.33]     Cerneala.Tests.Scene2DPackages.Scene2DPackageTests.Stage0_FailedOpenTransfersReaderOwnershipAndAwaitsCleanup [FAIL]
[xUnit.net 00:00:01.39]     Cerneala.Tests.Scene2DPackages.Scene2DPackageTests.Stage0_FailedOpenPreservesPrimaryAndReaderCleanupErrors [FAIL]
[xUnit.net 00:00:01.45]     Cerneala.Tests.Scene2DPackages.Scene2DPackageTests.Stage0_DisposeRejectsNewReadsAndDisposeAsyncDrainsAdmittedReadOnce [FAIL]
[xUnit.net 00:00:01.51]     Cerneala.Tests.Scene2DPackages.Scene2DPackageTests.Stage0_AttachedMapRejectsDisposeWithoutConsumingItsTerminal [FAIL]
[xUnit.net 00:00:01.61]     Cerneala.Tests.Scene2DPackages.Scene2DPackageTests.Stage0_PreCutoverCpv2BytesRemainReadableWithoutWireChange [FAIL]
[xUnit.net 00:00:01.68]     Cerneala.Tests.Scene2DPackages.Scene2DPackageTests.Stage0_DirectValuesAndCompleteMapModelRemainCallerOwned [FAIL]
[xUnit.net 00:00:01.73]     Cerneala.Tests.Scene2DPackages.Scene2DPackageTests.Stage0_RangeReaderChecksCatalogAndPayloadHashes [FAIL]
[xUnit.net 00:00:01.79]     Cerneala.Tests.Scene2DPackages.Scene2DPackageTests.Stage0_MapDisposeAsyncWaitsOldGenerationAfterDetachAndReattach [FAIL]
[xUnit.net 00:00:01.84]     Cerneala.Tests.Scene2DPackages.Scene2DPackageTests.Stage0_RangeReaderRejectsPayloadLengthThatDisagreesWithCatalog [FAIL]
  Failed Cerneala.Tests.Scene2DPackages.Scene2DPackageTests.Stage0_FailedOpenTransfersReaderOwnershipAndAwaitsCleanup [60 ms]
  Error Message:
   Missing selected public IScene2DPackageRangeReader contract.
  Stack Trace:
     at Cerneala.Tests.Scene2DPackages.Scene2DPackageTests.CreateRangeReader(Fixture fixture, Stage0RangeReaderProxy& fake) in C:\Users\lauri\Desktop\Cerneala\tests\Cerneala.Tests.Scene2DPackages\Stage0PackageContractTests.cs:line 389
   at Cerneala.Tests.Scene2DPackages.Scene2DPackageTests.Stage0_FailedOpenTransfersReaderOwnershipAndAwaitsCleanup() in C:\Users\lauri\Desktop\Cerneala\tests\Cerneala.Tests.Scene2DPackages\Stage0PackageContractTests.cs:line 199
--- End of stack trace from previous location ---
  Failed Cerneala.Tests.Scene2DPackages.Scene2DPackageTests.Stage0_FailedOpenPreservesPrimaryAndReaderCleanupErrors [53 ms]
  Error Message:
   Missing selected public IScene2DPackageRangeReader contract.
  Stack Trace:
     at Cerneala.Tests.Scene2DPackages.Scene2DPackageTests.CreateRangeReader(Fixture fixture, Stage0RangeReaderProxy& fake) in C:\Users\lauri\Desktop\Cerneala\tests\Cerneala.Tests.Scene2DPackages\Stage0PackageContractTests.cs:line 389
   at Cerneala.Tests.Scene2DPackages.Scene2DPackageTests.Stage0_FailedOpenPreservesPrimaryAndReaderCleanupErrors() in C:\Users\lauri\Desktop\Cerneala\tests\Cerneala.Tests.Scene2DPackages\Stage0PackageContractTests.cs:line 222
--- End of stack trace from previous location ---
  Failed Cerneala.Tests.Scene2DPackages.Scene2DPackageTests.Stage0_DisposeRejectsNewReadsAndDisposeAsyncDrainsAdmittedReadOnce [56 ms]
  Error Message:
   Missing selected public IScene2DPackageRangeReader contract.
  Stack Trace:
     at Cerneala.Tests.Scene2DPackages.Scene2DPackageTests.CreateRangeReader(Fixture fixture, Stage0RangeReaderProxy& fake) in C:\Users\lauri\Desktop\Cerneala\tests\Cerneala.Tests.Scene2DPackages\Stage0PackageContractTests.cs:line 389
   at Cerneala.Tests.Scene2DPackages.Scene2DPackageTests.Stage0_DisposeRejectsNewReadsAndDisposeAsyncDrainsAdmittedReadOnce() in C:\Users\lauri\Desktop\Cerneala\tests\Cerneala.Tests.Scene2DPackages\Stage0PackageContractTests.cs:line 238
--- End of stack trace from previous location ---
  Failed Cerneala.Tests.Scene2DPackages.Scene2DPackageTests.Stage0_AttachedMapRejectsDisposeWithoutConsumingItsTerminal [59 ms]
  Error Message:
   Missing selected public IScene2DPackageRangeReader contract.
  Stack Trace:
     at Cerneala.Tests.Scene2DPackages.Scene2DPackageTests.CreateRangeReader(Fixture fixture, Stage0RangeReaderProxy& fake) in C:\Users\lauri\Desktop\Cerneala\tests\Cerneala.Tests.Scene2DPackages\Stage0PackageContractTests.cs:line 389
   at Cerneala.Tests.Scene2DPackages.Scene2DPackageTests.Stage0_AttachedMapRejectsDisposeWithoutConsumingItsTerminal() in C:\Users\lauri\Desktop\Cerneala\tests\Cerneala.Tests.Scene2DPackages\Stage0PackageContractTests.cs:line 321
--- End of stack trace from previous location ---
  Failed Cerneala.Tests.Scene2DPackages.Scene2DPackageTests.Stage0_PreCutoverCpv2BytesRemainReadableWithoutWireChange [98 ms]
  Error Message:
   Assert.Equal() Failure: Values differ
Expected: typeof(System.Threading.Tasks.ValueTask<Scene2DPackageMetadata>)
Actual:   typeof(System.Threading.Tasks.ValueTask<SceneSpatialLease2D<Scene2DPackageMetadata>>)
  Stack Trace:
     at Cerneala.Tests.Scene2DPackages.Scene2DPackageTests.InvokeValueAsync[T](Object owner, String name, Object[] arguments) in C:\Users\lauri\Desktop\Cerneala\tests\Cerneala.Tests.Scene2DPackages\Stage0PackageContractTests.cs:line 415
   at Cerneala.Tests.Scene2DPackages.Scene2DPackageTests.Stage0_PreCutoverCpv2BytesRemainReadableWithoutWireChange() in C:\Users\lauri\Desktop\Cerneala\tests\Cerneala.Tests.Scene2DPackages\Stage0PackageContractTests.cs:line 24
--- End of stack trace from previous location ---
  Failed Cerneala.Tests.Scene2DPackages.Scene2DPackageTests.Stage0_DirectValuesAndCompleteMapModelRemainCallerOwned [71 ms]
  Error Message:
   Assert.Equal() Failure: Values differ
Expected: typeof(System.Threading.Tasks.ValueTask<Scene2DPackageMetadata>)
Actual:   typeof(System.Threading.Tasks.ValueTask<SceneSpatialLease2D<Scene2DPackageMetadata>>)
  Stack Trace:
     at Cerneala.Tests.Scene2DPackages.Scene2DPackageTests.InvokeValueAsync[T](Object owner, String name, Object[] arguments) in C:\Users\lauri\Desktop\Cerneala\tests\Cerneala.Tests.Scene2DPackages\Stage0PackageContractTests.cs:line 415
   at Cerneala.Tests.Scene2DPackages.Scene2DPackageTests.Stage0_DirectValuesAndCompleteMapModelRemainCallerOwned() in C:\Users\lauri\Desktop\Cerneala\tests\Cerneala.Tests.Scene2DPackages\Stage0PackageContractTests.cs:line 68
   at Cerneala.Tests.Scene2DPackages.Scene2DPackageTests.Stage0_DirectValuesAndCompleteMapModelRemainCallerOwned() in C:\Users\lauri\Desktop\Cerneala\tests\Cerneala.Tests.Scene2DPackages\Stage0PackageContractTests.cs:line 107
--- End of stack trace from previous location ---
  Failed Cerneala.Tests.Scene2DPackages.Scene2DPackageTests.Stage0_RangeReaderChecksCatalogAndPayloadHashes [46 ms]
  Error Message:
   Missing selected public IScene2DPackageRangeReader contract.
  Stack Trace:
     at Cerneala.Tests.Scene2DPackages.Scene2DPackageTests.CreateRangeReader(Fixture fixture, Stage0RangeReaderProxy& fake) in C:\Users\lauri\Desktop\Cerneala\tests\Cerneala.Tests.Scene2DPackages\Stage0PackageContractTests.cs:line 389
   at Cerneala.Tests.Scene2DPackages.Scene2DPackageTests.Stage0_RangeReaderChecksCatalogAndPayloadHashes() in C:\Users\lauri\Desktop\Cerneala\tests\Cerneala.Tests.Scene2DPackages\Stage0PackageContractTests.cs:line 165
--- End of stack trace from previous location ---
  Failed Cerneala.Tests.Scene2DPackages.Scene2DPackageTests.Stage0_MapDisposeAsyncWaitsOldGenerationAfterDetachAndReattach [56 ms]
  Error Message:
   Missing selected public IScene2DPackageRangeReader contract.
  Stack Trace:
     at Cerneala.Tests.Scene2DPackages.Scene2DPackageTests.CreateRangeReader(Fixture fixture, Stage0RangeReaderProxy& fake) in C:\Users\lauri\Desktop\Cerneala\tests\Cerneala.Tests.Scene2DPackages\Stage0PackageContractTests.cs:line 389
   at Cerneala.Tests.Scene2DPackages.Scene2DPackageTests.Stage0_MapDisposeAsyncWaitsOldGenerationAfterDetachAndReattach() in C:\Users\lauri\Desktop\Cerneala\tests\Cerneala.Tests.Scene2DPackages\Stage0PackageContractTests.cs:line 344
--- End of stack trace from previous location ---
  Failed Cerneala.Tests.Scene2DPackages.Scene2DPackageTests.Stage0_RangeReaderRejectsPayloadLengthThatDisagreesWithCatalog [50 ms]
  Error Message:
   Missing selected public IScene2DPackageRangeReader contract.
  Stack Trace:
     at Cerneala.Tests.Scene2DPackages.Scene2DPackageTests.CreateRangeReader(Fixture fixture, Stage0RangeReaderProxy& fake) in C:\Users\lauri\Desktop\Cerneala\tests\Cerneala.Tests.Scene2DPackages\Stage0PackageContractTests.cs:line 389
   at Cerneala.Tests.Scene2DPackages.Scene2DPackageTests.Stage0_RangeReaderRejectsPayloadLengthThatDisagreesWithCatalog() in C:\Users\lauri\Desktop\Cerneala\tests\Cerneala.Tests.Scene2DPackages\Stage0PackageContractTests.cs:line 188
--- End of stack trace from previous location ---
[xUnit.net 00:00:01.90]     Cerneala.Tests.Scene2DPackages.Scene2DPackageTests.Stage0_DisposeAsyncReportsReaderCleanupFailureOnRepeatedAwait [FAIL]
  Failed Cerneala.Tests.Scene2DPackages.Scene2DPackageTests.Stage0_DisposeAsyncReportsReaderCleanupFailureOnRepeatedAwait [55 ms]
  Error Message:
   Missing selected public IScene2DPackageRangeReader contract.
  Stack Trace:
     at Cerneala.Tests.Scene2DPackages.Scene2DPackageTests.CreateRangeReader(Fixture fixture, Stage0RangeReaderProxy& fake) in C:\Users\lauri\Desktop\Cerneala\tests\Cerneala.Tests.Scene2DPackages\Stage0PackageContractTests.cs:line 389
   at Cerneala.Tests.Scene2DPackages.Scene2DPackageTests.Stage0_DisposeAsyncReportsReaderCleanupFailureOnRepeatedAwait() in C:\Users\lauri\Desktop\Cerneala\tests\Cerneala.Tests.Scene2DPackages\Stage0PackageContractTests.cs:line 273
--- End of stack trace from previous location ---
Results File: C:\Users\lauri\Desktop\Cerneala\docs\plans\evidence\2026-09-23-scene2d-stage1\package-red\package-contract-red.trx

Failed!  - Failed:    19, Passed:     0, Skipped:     0, Total:    19, Duration: 1 s - Cerneala.Tests.Scene2DPackages.dll (net8.0)
