Test run for C:\Users\lauri\Desktop\Cerneala\tests\Cerneala.Tests\bin\Release\net8.0-windows\Cerneala.Tests.dll (.NETCoreApp,Version=v8.0)
A total of 1 test files matched the specified pattern.
[xUnit.net 00:00:03.70]     Cerneala.Tests.Controls.SceneItems2DIncrementalContractTests.PointerMissOutsideAnOffscreenSpriteDoesNotReloadItsImage(transformed: True) [FAIL]
[xUnit.net 00:00:03.71]     Cerneala.Tests.Controls.SceneItems2DIncrementalContractTests.PointerMissOutsideAnOffscreenSpriteDoesNotReloadItsImage(transformed: False) [FAIL]
[xUnit.net 00:00:03.74]     Cerneala.Tests.Controls.SceneItems2DIncrementalContractTests.ColliderOutsideSpriteVisualRemainsPickableWithoutReloadingImage(transformed: True) [FAIL]
[xUnit.net 00:00:03.74]     Cerneala.Tests.Controls.SceneItems2DIncrementalContractTests.ColliderOutsideSpriteVisualRemainsPickableWithoutReloadingImage(transformed: False) [FAIL]
[xUnit.net 00:00:03.75]     Cerneala.Tests.Controls.SceneItems2DIncrementalContractTests.OffscreenRealizedSpriteReleasesItsImageAndReloadsOnReturn [FAIL]
  Failed Cerneala.Tests.Controls.SceneItems2DIncrementalContractTests.PointerMissOutsideAnOffscreenSpriteDoesNotReloadItsImage(transformed: True) [93 ms]
  Error Message:
   Assert.Equal() Failure: Values differ
Expected: 0
Actual:   1
  Stack Trace:
     at Cerneala.Tests.Controls.SceneItems2DIncrementalContractTests.PointerMissOutsideAnOffscreenSpriteDoesNotReloadItsImage(Boolean transformed) in C:\Users\lauri\Desktop\Cerneala\tests\Cerneala.Tests\Controls\SceneItems2DIncrementalContractTests.cs:line 180
   at System.RuntimeMethodHandle.InvokeMethod(Object target, Void** arguments, Signature sig, Boolean isConstructor)
   at System.Reflection.MethodBaseInvoker.InvokeDirectByRefWithFewArgs(Object obj, Span`1 copyOfArgs, BindingFlags invokeAttr)
  Failed Cerneala.Tests.Controls.SceneItems2DIncrementalContractTests.PointerMissOutsideAnOffscreenSpriteDoesNotReloadItsImage(transformed: False) [1 ms]
  Error Message:
   Assert.Equal() Failure: Values differ
Expected: 0
Actual:   1
  Stack Trace:
     at Cerneala.Tests.Controls.SceneItems2DIncrementalContractTests.PointerMissOutsideAnOffscreenSpriteDoesNotReloadItsImage(Boolean transformed) in C:\Users\lauri\Desktop\Cerneala\tests\Cerneala.Tests\Controls\SceneItems2DIncrementalContractTests.cs:line 180
   at InvokeStub_SceneItems2DIncrementalContractTests.PointerMissOutsideAnOffscreenSpriteDoesNotReloadItsImage(Object, Span`1)
   at System.Reflection.MethodBaseInvoker.InvokeWithOneArg(Object obj, BindingFlags invokeAttr, Binder binder, Object[] parameters, CultureInfo culture)
  Failed Cerneala.Tests.Controls.SceneItems2DIncrementalContractTests.ColliderOutsideSpriteVisualRemainsPickableWithoutReloadingImage(transformed: True) [24 ms]
  Error Message:
   Assert.Equal() Failure: Values differ
Expected: 0
Actual:   1
  Stack Trace:
     at Cerneala.Tests.Controls.SceneItems2DIncrementalContractTests.ColliderOutsideSpriteVisualRemainsPickableWithoutReloadingImage(Boolean transformed) in C:\Users\lauri\Desktop\Cerneala\tests\Cerneala.Tests\Controls\SceneItems2DIncrementalContractTests.cs:line 216
   at System.RuntimeMethodHandle.InvokeMethod(Object target, Void** arguments, Signature sig, Boolean isConstructor)
   at System.Reflection.MethodBaseInvoker.InvokeDirectByRefWithFewArgs(Object obj, Span`1 copyOfArgs, BindingFlags invokeAttr)
  Failed Cerneala.Tests.Controls.SceneItems2DIncrementalContractTests.ColliderOutsideSpriteVisualRemainsPickableWithoutReloadingImage(transformed: False) [3 ms]
  Error Message:
   Assert.Equal() Failure: Values differ
Expected: 0
Actual:   1
  Stack Trace:
     at Cerneala.Tests.Controls.SceneItems2DIncrementalContractTests.ColliderOutsideSpriteVisualRemainsPickableWithoutReloadingImage(Boolean transformed) in C:\Users\lauri\Desktop\Cerneala\tests\Cerneala.Tests\Controls\SceneItems2DIncrementalContractTests.cs:line 216
   at InvokeStub_SceneItems2DIncrementalContractTests.ColliderOutsideSpriteVisualRemainsPickableWithoutReloadingImage(Object, Span`1)
   at System.Reflection.MethodBaseInvoker.InvokeWithOneArg(Object obj, BindingFlags invokeAttr, Binder binder, Object[] parameters, CultureInfo culture)
  Failed Cerneala.Tests.Controls.SceneItems2DIncrementalContractTests.OffscreenRealizedSpriteReleasesItsImageAndReloadsOnReturn [10 ms]
  Error Message:
   Assert.Equal() Failure: Values differ
Expected: 0
Actual:   1
  Stack Trace:
     at Cerneala.Tests.Controls.SceneItems2DIncrementalContractTests.OffscreenRealizedSpriteReleasesItsImageAndReloadsOnReturn() in C:\Users\lauri\Desktop\Cerneala\tests\Cerneala.Tests\Controls\SceneItems2DIncrementalContractTests.cs:line 132
   at System.RuntimeMethodHandle.InvokeMethod(Object target, Void** arguments, Signature sig, Boolean isConstructor)
   at System.Reflection.MethodBaseInvoker.InvokeWithNoArgs(Object obj, BindingFlags invokeAttr)
Results File: C:\Users\lauri\Desktop\Cerneala\docs\plans\evidence\2026-09-23-scene2d-stage2\sceneitems\sceneitems-legacy-render-first.trx

Failed!  - Failed:     5, Passed:    44, Skipped:     0, Total:    49, Duration: 2 s - Cerneala.Tests.dll (net8.0)
