Test run for C:\Users\lauri\Desktop\Cerneala\tests\Cerneala.Tests\bin\Release\net8.0-windows\Cerneala.Tests.dll (.NETCoreApp,Version=v8.0)
A total of 1 test files matched the specified pattern.
[xUnit.net 00:00:05.78]     Cerneala.Tests.Controls.SceneItems2DSimpleCollectionContractTests.NullWithoutNullCapableTemplateFailsWithoutNullDereference [FAIL]
  Failed Cerneala.Tests.Controls.SceneItems2DSimpleCollectionContractTests.NullWithoutNullCapableTemplateFailsWithoutNullDereference [8 ms]
  Error Message:
   Assert.Throws() Failure: Exception type was not an exact match
Expected: typeof(System.InvalidOperationException)
Actual:   typeof(System.AggregateException)
---- System.AggregateException : One or more errors occurred. (One or more errors occurred. (No content template matches this collection item in SceneItems2D.))
-------- System.AggregateException : One or more errors occurred. (No content template matches this collection item in SceneItems2D.)
------------ System.InvalidOperationException : No content template matches this collection item in SceneItems2D.
  Stack Trace:
     at Cerneala.Tests.Controls.SceneItems2DSimpleCollectionContractTests.NullWithoutNullCapableTemplateFailsWithoutNullDereference() in C:\Users\lauri\Desktop\Cerneala\tests\Cerneala.Tests\Controls\SceneItems2DSimpleCollectionContractTests.cs:line 263
   at System.RuntimeMethodHandle.InvokeMethod(Object target, Void** arguments, Signature sig, Boolean isConstructor)
   at System.Reflection.MethodBaseInvoker.InvokeWithNoArgs(Object obj, BindingFlags invokeAttr)
----- Inner Stack Trace -----
   at Cerneala.UI.Controls.SceneNode2D.AttachSimulationContext(SceneSimulationContext2D context) in C:\Users\lauri\Desktop\Cerneala\UI\Controls\SceneNode2D.cs:line 103
   at Cerneala.UI.Controls.SceneSimulationContext2D..ctor(Scene2D scene, UiRelay relay, RenderSurface2D surface) in C:\Users\lauri\Desktop\Cerneala\UI\Controls\SceneSimulationContext2D.cs:line 40
   at Cerneala.UI.Controls.SceneSimulationContext2D..ctor(Scene2D scene, RenderSurface2D surface) in C:\Users\lauri\Desktop\Cerneala\UI\Controls\SceneSimulationContext2D.cs:line 21
   at Cerneala.UI.Controls.RenderSurface2D.OnAttached() in C:\Users\lauri\Desktop\Cerneala\UI\Controls\RenderSurface2D.cs:line 303
   at Cerneala.UI.Elements.UIElement.AttachToRoot(UIRoot root, UiElementId id) in C:\Users\lauri\Desktop\Cerneala\UI\Elements\UIElement.cs:line 679
   at Cerneala.UI.Elements.ElementLifecycle.AttachSingle(UIRoot root, UIElement element) in C:\Users\lauri\Desktop\Cerneala\UI\Elements\ElementLifecycle.cs:line 102
   at Cerneala.UI.Elements.ElementLifecycle.AttachPreOrder(UIRoot root, UIElement current, HashSet`1 visited) in C:\Users\lauri\Desktop\Cerneala\UI\Elements\ElementLifecycle.cs:line 61
   at Cerneala.UI.Elements.ElementLifecycle.AttachSubtree(UIRoot root, UIElement element) in C:\Users\lauri\Desktop\Cerneala\UI\Elements\ElementLifecycle.cs:line 13
   at Cerneala.UI.Elements.UIElementCollection.InsertCore(Int32 index, UIElement child, Boolean ownerManaged) in C:\Users\lauri\Desktop\Cerneala\UI\Elements\UIElementCollection.cs:line 48
   at Cerneala.UI.Elements.UIElementCollection.Insert(Int32 index, UIElement child) in C:\Users\lauri\Desktop\Cerneala\UI\Elements\UIElementCollection.cs:line 31
   at Cerneala.UI.Elements.UIElementCollection.Add(UIElement child) in C:\Users\lauri\Desktop\Cerneala\UI\Elements\UIElementCollection.cs:line 26
   at Cerneala.Tests.Controls.SceneItems2DSimpleCollectionContractTests.CollectionFixture.Attach() in C:\Users\lauri\Desktop\Cerneala\tests\Cerneala.Tests\Controls\SceneItems2DSimpleCollectionContractTests.cs:line 855
----- Inner Stack Trace -----
   at Cerneala.UI.Controls.SceneNode2D.AttachSimulationContext(SceneSimulationContext2D context) in C:\Users\lauri\Desktop\Cerneala\UI\Controls\SceneNode2D.cs:line 103
   at Cerneala.UI.Controls.SceneNode2D.AttachSimulationContext(SceneSimulationContext2D context) in C:\Users\lauri\Desktop\Cerneala\UI\Controls\SceneNode2D.cs:line 97
----- Inner Stack Trace -----
   at Cerneala.UI.Controls.SceneItems2D.CreateNode(Object item) in C:\Users\lauri\Desktop\Cerneala\UI\Controls\SceneItems2D.cs:line 294
   at Cerneala.UI.Controls.SceneItems2D.RequestSnapshot(Boolean reset, Boolean reenumerate, NotifyCollectionChangedEventArgs change) in C:\Users\lauri\Desktop\Cerneala\UI\Controls\SceneItems2D.cs:line 179
--- End of stack trace from previous location ---
   at Cerneala.UI.Controls.SceneItems2D.RequestSnapshot(Boolean reset, Boolean reenumerate, NotifyCollectionChangedEventArgs change) in C:\Users\lauri\Desktop\Cerneala\UI\Controls\SceneItems2D.cs:line 216
   at Cerneala.UI.Controls.SceneItems2D.ApplyContextChange() in C:\Users\lauri\Desktop\Cerneala\UI\Controls\SceneItems2D.cs:line 402
   at Cerneala.UI.Controls.SceneItems2D.OnSimulationContextChanged(SceneSimulationContext2D previous) in C:\Users\lauri\Desktop\Cerneala\UI\Controls\SceneItems2D.cs:line 79
   at Cerneala.UI.Controls.SceneNode2D.AttachSimulationContext(SceneSimulationContext2D context) in C:\Users\lauri\Desktop\Cerneala\UI\Controls\SceneNode2D.cs:line 88
Results File: C:\Users\lauri\Desktop\Cerneala\docs\plans\evidence\2026-09-23-scene2d-stage2\sceneitems\sceneitems-simple-first.trx

Failed!  - Failed:     1, Passed:    24, Skipped:     0, Total:    25, Duration: 1 s - Cerneala.Tests.dll (net8.0)
