  Cerneala.Language -> C:\Users\lauri\Desktop\Cerneala\Cerneala.Language\bin\Release\netstandard2.0\Cerneala.Language.dll
  Cerneala.SourceGen -> C:\Users\lauri\Desktop\Cerneala\Cerneala.SourceGen\bin\Release\netstandard2.0\Cerneala.SourceGen.dll
  Cerneala -> C:\Users\lauri\Desktop\Cerneala\bin\Release\net8.0\Cerneala.dll
  Cerneala.Scene2D.Importers -> C:\Users\lauri\Desktop\Cerneala\Cerneala.Scene2D.Importers\bin\Release\net8.0\Cerneala.Scene2D.Importers.dll
  Cerneala.Scene2D.Packages -> C:\Users\lauri\Desktop\Cerneala\Cerneala.Scene2D.Packages\bin\Release\net8.0\Cerneala.Scene2D.Packages.dll
  Cerneala.Platforms.Sdl3 -> C:\Users\lauri\Desktop\Cerneala\Cerneala.Platforms.Sdl3\bin\Release\net8.0\Cerneala.Platforms.Sdl3.dll
  Cerneala.Backends.SdlGpu -> C:\Users\lauri\Desktop\Cerneala\Cerneala.Backends.SdlGpu\bin\Release\net8.0\Cerneala.Backends.SdlGpu.dll
  Cerneala.Scene2D.PackageCompiler -> C:\Users\lauri\Desktop\Cerneala\Tools\Cerneala.Scene2D.PackageCompiler\bin\Release\net8.0\Cerneala.Scene2D.PackageCompiler.dll
  Prepared 'C:\Users\lauri\Desktop\Cerneala\Playground\Cerneala.Playground\SceneWorldAssets\village.tmj' -> 'C:\Users\lauri\Desktop\Cerneala\Playground\Cerneala.Playground\obj\SceneWorldPackages\Release\net8.0-windows\tiled' (1 levels, 1 files).
  SCN2D017: Known editor-only fields are not used at runtime. (C:\Users\lauri\Desktop\Cerneala\Playground\Cerneala.Playground\SceneWorldAssets\village.ldtk, $.defs.layers[0].autoRuleGroups)
  Prepared 'C:\Users\lauri\Desktop\Cerneala\Playground\Cerneala.Playground\SceneWorldAssets\village.ldtk' -> 'C:\Users\lauri\Desktop\Cerneala\Playground\Cerneala.Playground\obj\SceneWorldPackages\Release\net8.0-windows\ldtk' (1 levels, 1 files).
  Cerneala.Playground -> C:\Users\lauri\Desktop\Cerneala\Playground\Cerneala.Playground\bin\Release\net8.0-windows\Cerneala.Playground.dll
  CernealaPresentation -> C:\Users\lauri\Desktop\Cerneala\CernealaPresentation\bin\Release\net8.0-windows\CernealaPresentation.dll
  Cerneala.SdlGpuSmoke -> C:\Users\lauri\Desktop\Cerneala\tests\Cerneala.SdlGpuSmoke\bin\Release\net8.0\Cerneala.SdlGpuSmoke.dll
  Cerneala.Tests -> C:\Users\lauri\Desktop\Cerneala\tests\Cerneala.Tests\bin\Release\net8.0-windows\Cerneala.Tests.dll
Test run for C:\Users\lauri\Desktop\Cerneala\tests\Cerneala.Tests\bin\Release\net8.0-windows\Cerneala.Tests.dll (.NETCoreApp,Version=v8.0)
A total of 1 test files matched the specified pattern.
[xUnit.net 00:00:05.67]     Cerneala.Tests.Controls.SceneItems2DSimpleCollectionContractTests.TemplateEditAfterFailedSourceEnumerationKeepsOldTreeUnreadyUntilExplicitRefresh [FAIL]
[xUnit.net 00:00:05.73]     Cerneala.Tests.Controls.SceneItems2DSimpleCollectionContractTests.TemplateEditAfterFailedRefreshCannotMarkStaleSameSourceSnapshotReady [FAIL]
[xUnit.net 00:00:05.75]     Cerneala.Tests.Controls.SceneItems2DSimpleCollectionContractTests.TemplateEditAfterFailedRebindCommitsRequestedOneShotSnapshot [FAIL]
  Failed Cerneala.Tests.Controls.SceneItems2DSimpleCollectionContractTests.TemplateEditAfterFailedSourceEnumerationKeepsOldTreeUnreadyUntilExplicitRefresh [982 ms]
  Error Message:
   Assert.Same() Failure: Values are not the same instance
Expected: TrackingNode { ArrangedBounds = LayoutRect { X = 0, Y = 0, Width = 0, Height = 0, Location = LayoutPoint { X = 0, Y = 0 }, Size = LayoutSize { Width = 0, Height = 0, IsWidthUnconstrained = False, IsHeightUnconstrained = False } }, Aspect = null, Bindings = BindingSubscriptionCollection { Count = 0 }, ClipToBounds = False, CommandBindings = [···], ··· }
Actual:   TrackingNode { ArrangedBounds = LayoutRect { X = 0, Y = 0, Width = 0, Height = 0, Location = LayoutPoint { X = 0, Y = 0 }, Size = LayoutSize { Width = 0, Height = 0, IsWidthUnconstrained = False, IsHeightUnconstrained = False } }, Aspect = null, Bindings = BindingSubscriptionCollection { Count = 0 }, ClipToBounds = False, CommandBindings = [···], ··· }
  Stack Trace:
     at Cerneala.Tests.Controls.SceneItems2DSimpleCollectionContractTests.TemplateEditAfterFailedSourceEnumerationKeepsOldTreeUnreadyUntilExplicitRefresh() in C:\Users\lauri\Desktop\Cerneala\tests\Cerneala.Tests\Controls\SceneItems2DSimpleCollectionContractTests.cs:line 415
   at System.RuntimeMethodHandle.InvokeMethod(Object target, Void** arguments, Signature sig, Boolean isConstructor)
   at System.Reflection.MethodBaseInvoker.InvokeWithNoArgs(Object obj, BindingFlags invokeAttr)
  Failed Cerneala.Tests.Controls.SceneItems2DSimpleCollectionContractTests.TemplateEditAfterFailedRefreshCannotMarkStaleSameSourceSnapshotReady [35 ms]
  Error Message:
   Assert.Same() Failure: Values are not the same instance
Expected: TrackingNode { ArrangedBounds = LayoutRect { X = 0, Y = 0, Width = 0, Height = 0, Location = LayoutPoint { X = 0, Y = 0 }, Size = LayoutSize { Width = 0, Height = 0, IsWidthUnconstrained = False, IsHeightUnconstrained = False } }, Aspect = null, Bindings = BindingSubscriptionCollection { Count = 0 }, ClipToBounds = False, CommandBindings = [···], ··· }
Actual:   TrackingNode { ArrangedBounds = LayoutRect { X = 0, Y = 0, Width = 0, Height = 0, Location = LayoutPoint { X = 0, Y = 0 }, Size = LayoutSize { Width = 0, Height = 0, IsWidthUnconstrained = False, IsHeightUnconstrained = False } }, Aspect = null, Bindings = BindingSubscriptionCollection { Count = 0 }, ClipToBounds = False, CommandBindings = [···], ··· }
  Stack Trace:
     at Cerneala.Tests.Controls.SceneItems2DSimpleCollectionContractTests.TemplateEditAfterFailedRefreshCannotMarkStaleSameSourceSnapshotReady() in C:\Users\lauri\Desktop\Cerneala\tests\Cerneala.Tests\Controls\SceneItems2DSimpleCollectionContractTests.cs:line 447
   at System.RuntimeMethodHandle.InvokeMethod(Object target, Void** arguments, Signature sig, Boolean isConstructor)
   at System.Reflection.MethodBaseInvoker.InvokeWithNoArgs(Object obj, BindingFlags invokeAttr)
  Failed Cerneala.Tests.Controls.SceneItems2DSimpleCollectionContractTests.TemplateEditAfterFailedRebindCommitsRequestedOneShotSnapshot [10 ms]
  Error Message:
   Assert.Equal() Failure: Values differ
Expected: b
Actual:   1
  Stack Trace:
     at Cerneala.Tests.Controls.SceneItems2DSimpleCollectionContractTests.TemplateEditAfterFailedRebindCommitsRequestedOneShotSnapshot() in C:\Users\lauri\Desktop\Cerneala\tests\Cerneala.Tests\Controls\SceneItems2DSimpleCollectionContractTests.cs:line 378
--- End of stack trace from previous location ---
Results File: C:\Users\lauri\Desktop\Cerneala\docs\plans\evidence\2026-09-23-scene2d-stage2\sceneitems\template-recovery-red.trx

Failed!  - Failed:     3, Passed:     0, Skipped:     0, Total:     3, Duration: 1 s - Cerneala.Tests.dll (net8.0)
