  Determining projects to restore...
  All projects are up-to-date for restore.
  Cerneala.Language -> C:\Users\lauri\Desktop\Cerneala\Cerneala.Language\bin\Release\netstandard2.0\Cerneala.Language.dll
  Cerneala.SourceGen -> C:\Users\lauri\Desktop\Cerneala\Cerneala.SourceGen\bin\Release\netstandard2.0\Cerneala.SourceGen.dll
  Cerneala -> C:\Users\lauri\Desktop\Cerneala\bin\Release\net8.0\Cerneala.dll
  Cerneala.Scene2D.Packages -> C:\Users\lauri\Desktop\Cerneala\Cerneala.Scene2D.Packages\bin\Release\net8.0\Cerneala.Scene2D.Packages.dll
  Cerneala.Platforms.Sdl3 -> C:\Users\lauri\Desktop\Cerneala\Cerneala.Platforms.Sdl3\bin\Release\net8.0\Cerneala.Platforms.Sdl3.dll
  Cerneala.Backends.SdlGpu -> C:\Users\lauri\Desktop\Cerneala\Cerneala.Backends.SdlGpu\bin\Release\net8.0\Cerneala.Backends.SdlGpu.dll
  Tetris -> C:\Users\lauri\Desktop\Cerneala\Tetrisish\bin\Release\net8.0\Cerneala.Tetris.dll
  Cerneala.Tests.SdlGpu -> C:\Users\lauri\Desktop\Cerneala\tests\Cerneala.Tests.SdlGpu\bin\Release\net8.0\Cerneala.Tests.SdlGpu.dll
Test run for C:\Users\lauri\Desktop\Cerneala\tests\Cerneala.Tests.SdlGpu\bin\Release\net8.0\Cerneala.Tests.SdlGpu.dll (.NETCoreApp,Version=v8.0)
A total of 1 test files matched the specified pattern.
C:\Users\lauri\Desktop\Cerneala\tests\Cerneala.Tests.SdlGpu\bin\Release\net8.0\Cerneala.Tests.SdlGpu.dll
[xUnit.net 00:00:00.00] xUnit.net VSTest Adapter v2.5.3.1+6b60a9e56a (64-bit .NET 8.0.30)
[xUnit.net 00:00:00.12]   Discovering: Cerneala.Tests.SdlGpu
[xUnit.net 00:00:00.71]   Discovered:  Cerneala.Tests.SdlGpu
[xUnit.net 00:00:00.72]   Starting:    Cerneala.Tests.SdlGpu
[xUnit.net 00:00:01.72]   Finished:    Cerneala.Tests.SdlGpu
  Passed Cerneala.Tests.SdlGpu.NativeDrawingInterpolationBoundaryTests.ExactIntegerSourceBoundaryMatchesOrdinaryAuthoredQuadForEachGuard [960 ms]
  Standard Output Messages:
 Exact integer crop selected versus ordinary, guard Color { R = 255, G = 0, B = 255, A = 255 }: 0 differing pixels
 Exact-center left edge at x=8.5, crop x=2: guard=Color { R = 255, G = 0, B = 255, A = 255 }, selected=Color { R = 127, G = 0, B = 127, A = 255 }, ordinary=Color { R = 127, G = 0, B = 127, A = 255 }
 Exact integer crop selected versus ordinary, guard Color { R = 0, G = 255, B = 255, A = 255 }: 0 differing pixels
 Exact-center left edge at x=8.5, crop x=2: guard=Color { R = 0, G = 255, B = 255, A = 255 }, selected=Color { R = 0, G = 127, B = 127, A = 255 }, ordinary=Color { R = 0, G = 127, B = 127, A = 255 }


Results File: C:\Users\lauri\Desktop\Cerneala\tests\Cerneala.Tests.SdlGpu\TestResults\exact-center-crop-diagnostic-01.trx

Test Run Successful.
Total tests: 1
     Passed: 1
 Total time: 2.6689 Seconds
