  Determining projects to restore...
  All projects are up-to-date for restore.
  Cerneala.Language -> C:\Users\lauri\Desktop\Cerneala\Cerneala.Language\bin\Release\netstandard2.0\Cerneala.Language.dll
  Cerneala.SourceGen -> C:\Users\lauri\Desktop\Cerneala\Cerneala.SourceGen\bin\Release\netstandard2.0\Cerneala.SourceGen.dll
  Cerneala -> C:\Users\lauri\Desktop\Cerneala\bin\Release\net8.0\Cerneala.dll
  Cerneala.Platforms.Sdl3 -> C:\Users\lauri\Desktop\Cerneala\Cerneala.Platforms.Sdl3\bin\Release\net8.0\Cerneala.Platforms.Sdl3.dll
  Cerneala.Backends.SdlGpu -> C:\Users\lauri\Desktop\Cerneala\Cerneala.Backends.SdlGpu\bin\Release\net8.0\Cerneala.Backends.SdlGpu.dll
  Cerneala.SceneVillage -> C:\Users\lauri\Desktop\Cerneala\Playground\Cerneala.SceneVillage\bin\Release\net8.0-windows\Cerneala.SceneVillage.dll
  Cerneala.Tests.SceneVillage -> C:\Users\lauri\Desktop\Cerneala\tests\Cerneala.Tests.SceneVillage\bin\Release\net8.0-windows\Cerneala.Tests.SceneVillage.dll
Test run for C:\Users\lauri\Desktop\Cerneala\tests\Cerneala.Tests.SceneVillage\bin\Release\net8.0-windows\Cerneala.Tests.SceneVillage.dll (.NETCoreApp,Version=v8.0)
A total of 1 test files matched the specified pattern.
C:\Users\lauri\Desktop\Cerneala\tests\Cerneala.Tests.SceneVillage\bin\Release\net8.0-windows\Cerneala.Tests.SceneVillage.dll
[xUnit.net 00:00:00.00] xUnit.net VSTest Adapter v2.5.3.1+6b60a9e56a (64-bit .NET 8.0.30)
[xUnit.net 00:00:00.12]   Discovering: Cerneala.Tests.SceneVillage
[xUnit.net 00:00:00.19]   Discovered:  Cerneala.Tests.SceneVillage
[xUnit.net 00:00:00.19]   Starting:    Cerneala.Tests.SceneVillage
[xUnit.net 00:00:08.33]     Cerneala.Tests.SceneVillage.NativeVillageTileBoundaryTests.OpaquePointSampledAtlasTileJoinsOpaqueGroundAtFractionalCameraPosition [FAIL]
[xUnit.net 00:00:08.34]       Opaque and half-opacity Point-sampled tile joins must preserve their matching source borders. phase 0.500: flipped right #ffb7b56a
[xUnit.net 00:00:08.34]       Stack Trace:
[xUnit.net 00:00:08.36]         C:\Users\lauri\Desktop\Cerneala\tests\Cerneala.Tests.SceneVillage\NativeVillageTileBoundaryTests.cs(88,0): at Cerneala.Tests.SceneVillage.NativeVillageTileBoundaryTests.OpaquePointSampledAtlasTileJoinsOpaqueGroundAtFractionalCameraPosition()
[xUnit.net 00:00:08.36]            at System.RuntimeMethodHandle.InvokeMethod(Object target, Void** arguments, Signature sig, Boolean isConstructor)
[xUnit.net 00:00:08.36]            at System.Reflection.MethodBaseInvoker.InvokeWithNoArgs(Object obj, BindingFlags invokeAttr)
[xUnit.net 00:00:08.36]       Output:
[xUnit.net 00:00:08.36]         Tile boundary calibration: ViewBox=DrawRect { X = -100, Y = -68, Width = 396, Height = 220, Right = 296, Bottom = 152 }, bounds=LayoutRect { X = 14.4, Y = 80, Width = 792, Height = 440, Location = LayoutPoint { X = 14.4, Y = 80 }, Size = LayoutSize { Width = 792, Height = 440, IsWidthUnconstrained = False, IsHeightUnconstrained = False } }, viewportScale=1.25, screenshot=1025x750, physicalPerWorld=2.5000/2.5000, origin=18.000/100.000, phaseX/Y=1.000/0.000, Point bottom/left=#ff84c669/#ff84c669, Linear bottom/left=#ff84c669/#ffadb96a, Uniform bottom/left=#ff84c669/#ff84c669, flippedRight=#ff84c669, rotatedLeft=#ff84c669, alpha reference/edge=#ffc163b4/#ffc163b4, changedLinearInterior=121.
[xUnit.net 00:00:08.36]         App-owned tile-boundary capture: C:\Users\lauri\Desktop\Cerneala\artifacts\ci\scene-village\screenshots\tile-boundary-20260925-010137453\calibration.png
[xUnit.net 00:00:08.36]         Tile boundary 0.125: ViewBox=DrawRect { X = -99.65, Y = -68.05, Width = 396, Height = 220, Right = 296.35, Bottom = 151.95 }, bounds=LayoutRect { X = 14.4, Y = 80, Width = 792, Height = 440, Location = LayoutPoint { X = 14.4, Y = 80 }, Size = LayoutSize { Width = 792, Height = 440, IsWidthUnconstrained = False, IsHeightUnconstrained = False } }, viewportScale=1.25, screenshot=1025x750, physicalPerWorld=2.5000/2.5000, origin=18.000/100.000, phaseX/Y=0.125/0.125, Point bottom/left=#ff84c669/#ff84c669, Linear bottom/left=#ff7fba65/#ffaaba6a, Uniform bottom/left=#ff84c669/#ff84c669, flippedRight=#ff84c669, rotatedLeft=#ff84c669, alpha reference/edge=#ffc163b4/#ffc163b4, changedLinearInterior=121.
[xUnit.net 00:00:08.36]         App-owned tile-boundary capture: C:\Users\lauri\Desktop\Cerneala\artifacts\ci\scene-village\screenshots\tile-boundary-20260925-010139418\phase-0.125.png
[xUnit.net 00:00:08.36]         Tile boundary 0.275: ViewBox=DrawRect { X = -99.71, Y = -68.11, Width = 396, Height = 220, Right = 296.29, Bottom = 151.89 }, bounds=LayoutRect { X = 14.4, Y = 80, Width = 792, Height = 440, Location = LayoutPoint { X = 14.4, Y = 80 }, Size = LayoutSize { Width = 792, Height = 440, IsWidthUnconstrained = False, IsHeightUnconstrained = False } }, viewportScale=1.25, screenshot=1025x750, physicalPerWorld=2.5000/2.5000, origin=18.000/100.000, phaseX/Y=0.275/0.275, Point bottom/left=#ff84c669/#ff84c669, Linear bottom/left=#ff7ab061/#ffa6bb6a, Uniform bottom/left=#ff84c669/#ff84c669, flippedRight=#ff84c669, rotatedLeft=#ff84c669, alpha reference/edge=#ffc163b4/#ffc163b4, changedLinearInterior=121.
[xUnit.net 00:00:08.36]         App-owned tile-boundary capture: C:\Users\lauri\Desktop\Cerneala\artifacts\ci\scene-village\screenshots\tile-boundary-20260925-010140511\phase-0.275.png
[xUnit.net 00:00:08.36]         Tile boundary 0.375: ViewBox=DrawRect { X = -99.75, Y = -68.15, Width = 396, Height = 220, Right = 296.25, Bottom = 151.85 }, bounds=LayoutRect { X = 14.4, Y = 80, Width = 792, Height = 440, Location = LayoutPoint { X = 14.4, Y = 80 }, Size = LayoutSize { Width = 792, Height = 440, IsWidthUnconstrained = False, IsHeightUnconstrained = False } }, viewportScale=1.25, screenshot=1025x750, physicalPerWorld=2.5000/2.5000, origin=18.000/100.000, phaseX/Y=0.375/0.375, Point bottom/left=#ff84c669/#ff84c669, Linear bottom/left=#ff76a65e/#ffa3bc6a, Uniform bottom/left=#ff84c669/#ff84c669, flippedRight=#ff84c669, rotatedLeft=#ff84c669, alpha reference/edge=#ffc163b4/#ffc163b4, changedLinearInterior=121.
[xUnit.net 00:00:08.36]         App-owned tile-boundary capture: C:\Users\lauri\Desktop\Cerneala\artifacts\ci\scene-village\screenshots\tile-boundary-20260925-010141552\phase-0.375.png
[xUnit.net 00:00:08.36]         Tile boundary 0.500: ViewBox=DrawRect { X = -99.8, Y = -68.2, Width = 396, Height = 220, Right = 296.2, Bottom = 151.8 }, bounds=LayoutRect { X = 14.4, Y = 80, Width = 792, Height = 440, Location = LayoutPoint { X = 14.4, Y = 80 }, Size = LayoutSize { Width = 792, Height = 440, IsWidthUnconstrained = False, IsHeightUnconstrained = False } }, viewportScale=1.25, screenshot=1025x750, physicalPerWorld=2.5000/2.5000, origin=18.000/100.000, phaseX/Y=0.500/0.500, Point bottom/left=#ff84c669/#ff84c669, Linear bottom/left=#ff729e5b/#ff9dbd69, Uniform bottom/left=#ff84c669/#ff84c669, flippedRight=#ffb7b56a, rotatedLeft=#ff84c669, alpha reference/edge=#ffc163b4/#ffc163b4, changedLinearInterior=121.
[xUnit.net 00:00:08.36]         App-owned tile-boundary capture: C:\Users\lauri\Desktop\Cerneala\artifacts\ci\scene-village\screenshots\tile-boundary-20260925-010142567\phase-0.500.png
[xUnit.net 00:00:08.36]         Tile boundary 0.625: ViewBox=DrawRect { X = -99.85, Y = -68.25, Width = 396, Height = 220, Right = 296.15, Bottom = 151.75 }, bounds=LayoutRect { X = 14.4, Y = 80, Width = 792, Height = 440, Location = LayoutPoint { X = 14.4, Y = 80 }, Size = LayoutSize { Width = 792, Height = 440, IsWidthUnconstrained = False, IsHeightUnconstrained = False } }, viewportScale=1.25, screenshot=1025x750, physicalPerWorld=2.5000/2.5000, origin=18.000/100.000, phaseX/Y=0.625/0.625, Point bottom/left=#ff84c669/#ff84c669, Linear bottom/left=#ff6f9658/#ff98c06a, Uniform bottom/left=#ff84c669/#ff84c669, flippedRight=#ff84c669, rotatedLeft=#ff84c669, alpha reference/edge=#ffc163b4/#ffc163b4, changedLinearInterior=121.
[xUnit.net 00:00:08.36]         App-owned tile-boundary capture: C:\Users\lauri\Desktop\Cerneala\artifacts\ci\scene-village\screenshots\tile-boundary-20260925-010143566\phase-0.625.png
[xUnit.net 00:00:08.36]         Tile boundary 0.875: ViewBox=DrawRect { X = -99.95, Y = -68.35, Width = 396, Height = 220, Right = 296.05, Bottom = 151.65 }, bounds=LayoutRect { X = 14.4, Y = 80, Width = 792, Height = 440, Location = LayoutPoint { X = 14.4, Y = 80 }, Size = LayoutSize { Width = 792, Height = 440, IsWidthUnconstrained = False, IsHeightUnconstrained = False } }, viewportScale=1.25, screenshot=1025x750, physicalPerWorld=2.5000/2.5000, origin=18.000/100.000, phaseX/Y=0.875/0.875, Point bottom/left=#ff84c669/#ff84c669, Linear bottom/left=#ff6b8a54/#ff8bc469, Uniform bottom/left=#ff84c669/#ff84c669, flippedRight=#ff84c669, rotatedLeft=#ff84c669, alpha reference/edge=#ffc163b4/#ffc163b4, changedLinearInterior=121.
[xUnit.net 00:00:08.36]         App-owned tile-boundary capture: C:\Users\lauri\Desktop\Cerneala\artifacts\ci\scene-village\screenshots\tile-boundary-20260925-010144545\phase-0.875.png
[xUnit.net 00:00:08.37]   Finished:    Cerneala.Tests.SceneVillage
  Failed Cerneala.Tests.SceneVillage.NativeVillageTileBoundaryTests.OpaquePointSampledAtlasTileJoinsOpaqueGroundAtFractionalCameraPosition [8 s]
  Error Message:
   Opaque and half-opacity Point-sampled tile joins must preserve their matching source borders. phase 0.500: flipped right #ffb7b56a
  Stack Trace:
     at Cerneala.Tests.SceneVillage.NativeVillageTileBoundaryTests.OpaquePointSampledAtlasTileJoinsOpaqueGroundAtFractionalCameraPosition() in C:\Users\lauri\Desktop\Cerneala\tests\Cerneala.Tests.SceneVillage\NativeVillageTileBoundaryTests.cs:line 88
   at System.RuntimeMethodHandle.InvokeMethod(Object target, Void** arguments, Signature sig, Boolean isConstructor)
   at System.Reflection.MethodBaseInvoker.InvokeWithNoArgs(Object obj, BindingFlags invokeAttr)
  Standard Output Messages:
 Tile boundary calibration: ViewBox=DrawRect { X = -100, Y = -68, Width = 396, Height = 220, Right = 296, Bottom = 152 }, bounds=LayoutRect { X = 14.4, Y = 80, Width = 792, Height = 440, Location = LayoutPoint { X = 14.4, Y = 80 }, Size = LayoutSize { Width = 792, Height = 440, IsWidthUnconstrained = False, IsHeightUnconstrained = False } }, viewportScale=1.25, screenshot=1025x750, physicalPerWorld=2.5000/2.5000, origin=18.000/100.000, phaseX/Y=1.000/0.000, Point bottom/left=#ff84c669/#ff84c669, Linear bottom/left=#ff84c669/#ffadb96a, Uniform bottom/left=#ff84c669/#ff84c669, flippedRight=#ff84c669, rotatedLeft=#ff84c669, alpha reference/edge=#ffc163b4/#ffc163b4, changedLinearInterior=121.
 App-owned tile-boundary capture: C:\Users\lauri\Desktop\Cerneala\artifacts\ci\scene-village\screenshots\tile-boundary-20260925-010137453\calibration.png
 Tile boundary 0.125: ViewBox=DrawRect { X = -99.65, Y = -68.05, Width = 396, Height = 220, Right = 296.35, Bottom = 151.95 }, bounds=LayoutRect { X = 14.4, Y = 80, Width = 792, Height = 440, Location = LayoutPoint { X = 14.4, Y = 80 }, Size = LayoutSize { Width = 792, Height = 440, IsWidthUnconstrained = False, IsHeightUnconstrained = False } }, viewportScale=1.25, screenshot=1025x750, physicalPerWorld=2.5000/2.5000, origin=18.000/100.000, phaseX/Y=0.125/0.125, Point bottom/left=#ff84c669/#ff84c669, Linear bottom/left=#ff7fba65/#ffaaba6a, Uniform bottom/left=#ff84c669/#ff84c669, flippedRight=#ff84c669, rotatedLeft=#ff84c669, alpha reference/edge=#ffc163b4/#ffc163b4, changedLinearInterior=121.
 App-owned tile-boundary capture: C:\Users\lauri\Desktop\Cerneala\artifacts\ci\scene-village\screenshots\tile-boundary-20260925-010139418\phase-0.125.png
 Tile boundary 0.275: ViewBox=DrawRect { X = -99.71, Y = -68.11, Width = 396, Height = 220, Right = 296.29, Bottom = 151.89 }, bounds=LayoutRect { X = 14.4, Y = 80, Width = 792, Height = 440, Location = LayoutPoint { X = 14.4, Y = 80 }, Size = LayoutSize { Width = 792, Height = 440, IsWidthUnconstrained = False, IsHeightUnconstrained = False } }, viewportScale=1.25, screenshot=1025x750, physicalPerWorld=2.5000/2.5000, origin=18.000/100.000, phaseX/Y=0.275/0.275, Point bottom/left=#ff84c669/#ff84c669, Linear bottom/left=#ff7ab061/#ffa6bb6a, Uniform bottom/left=#ff84c669/#ff84c669, flippedRight=#ff84c669, rotatedLeft=#ff84c669, alpha reference/edge=#ffc163b4/#ffc163b4, changedLinearInterior=121.
 App-owned tile-boundary capture: C:\Users\lauri\Desktop\Cerneala\artifacts\ci\scene-village\screenshots\tile-boundary-20260925-010140511\phase-0.275.png
 Tile boundary 0.375: ViewBox=DrawRect { X = -99.75, Y = -68.15, Width = 396, Height = 220, Right = 296.25, Bottom = 151.85 }, bounds=LayoutRect { X = 14.4, Y = 80, Width = 792, Height = 440, Location = LayoutPoint { X = 14.4, Y = 80 }, Size = LayoutSize { Width = 792, Height = 440, IsWidthUnconstrained = False, IsHeightUnconstrained = False } }, viewportScale=1.25, screenshot=1025x750, physicalPerWorld=2.5000/2.5000, origin=18.000/100.000, phaseX/Y=0.375/0.375, Point bottom/left=#ff84c669/#ff84c669, Linear bottom/left=#ff76a65e/#ffa3bc6a, Uniform bottom/left=#ff84c669/#ff84c669, flippedRight=#ff84c669, rotatedLeft=#ff84c669, alpha reference/edge=#ffc163b4/#ffc163b4, changedLinearInterior=121.
 App-owned tile-boundary capture: C:\Users\lauri\Desktop\Cerneala\artifacts\ci\scene-village\screenshots\tile-boundary-20260925-010141552\phase-0.375.png
 Tile boundary 0.500: ViewBox=DrawRect { X = -99.8, Y = -68.2, Width = 396, Height = 220, Right = 296.2, Bottom = 151.8 }, bounds=LayoutRect { X = 14.4, Y = 80, Width = 792, Height = 440, Location = LayoutPoint { X = 14.4, Y = 80 }, Size = LayoutSize { Width = 792, Height = 440, IsWidthUnconstrained = False, IsHeightUnconstrained = False } }, viewportScale=1.25, screenshot=1025x750, physicalPerWorld=2.5000/2.5000, origin=18.000/100.000, phaseX/Y=0.500/0.500, Point bottom/left=#ff84c669/#ff84c669, Linear bottom/left=#ff729e5b/#ff9dbd69, Uniform bottom/left=#ff84c669/#ff84c669, flippedRight=#ffb7b56a, rotatedLeft=#ff84c669, alpha reference/edge=#ffc163b4/#ffc163b4, changedLinearInterior=121.
 App-owned tile-boundary capture: C:\Users\lauri\Desktop\Cerneala\artifacts\ci\scene-village\screenshots\tile-boundary-20260925-010142567\phase-0.500.png
 Tile boundary 0.625: ViewBox=DrawRect { X = -99.85, Y = -68.25, Width = 396, Height = 220, Right = 296.15, Bottom = 151.75 }, bounds=LayoutRect { X = 14.4, Y = 80, Width = 792, Height = 440, Location = LayoutPoint { X = 14.4, Y = 80 }, Size = LayoutSize { Width = 792, Height = 440, IsWidthUnconstrained = False, IsHeightUnconstrained = False } }, viewportScale=1.25, screenshot=1025x750, physicalPerWorld=2.5000/2.5000, origin=18.000/100.000, phaseX/Y=0.625/0.625, Point bottom/left=#ff84c669/#ff84c669, Linear bottom/left=#ff6f9658/#ff98c06a, Uniform bottom/left=#ff84c669/#ff84c669, flippedRight=#ff84c669, rotatedLeft=#ff84c669, alpha reference/edge=#ffc163b4/#ffc163b4, changedLinearInterior=121.
 App-owned tile-boundary capture: C:\Users\lauri\Desktop\Cerneala\artifacts\ci\scene-village\screenshots\tile-boundary-20260925-010143566\phase-0.625.png
 Tile boundary 0.875: ViewBox=DrawRect { X = -99.95, Y = -68.35, Width = 396, Height = 220, Right = 296.05, Bottom = 151.65 }, bounds=LayoutRect { X = 14.4, Y = 80, Width = 792, Height = 440, Location = LayoutPoint { X = 14.4, Y = 80 }, Size = LayoutSize { Width = 792, Height = 440, IsWidthUnconstrained = False, IsHeightUnconstrained = False } }, viewportScale=1.25, screenshot=1025x750, physicalPerWorld=2.5000/2.5000, origin=18.000/100.000, phaseX/Y=0.875/0.875, Point bottom/left=#ff84c669/#ff84c669, Linear bottom/left=#ff6b8a54/#ff8bc469, Uniform bottom/left=#ff84c669/#ff84c669, flippedRight=#ff84c669, rotatedLeft=#ff84c669, alpha reference/edge=#ffc163b4/#ffc163b4, changedLinearInterior=121.
 App-owned tile-boundary capture: C:\Users\lauri\Desktop\Cerneala\artifacts\ci\scene-village\screenshots\tile-boundary-20260925-010144545\phase-0.875.png


Results File: C:\Users\lauri\Desktop\Cerneala\tests\Cerneala.Tests.SceneVillage\TestResults\external-boundary-mirror-red-01.trx

Test Run Failed.
Total tests: 1
     Failed: 1
 Total time: 9.5184 Seconds
