Test run for C:\Users\lauri\Desktop\Cerneala\tests\Cerneala.Tests.SdlGpu\bin\Release\net8.0\Cerneala.Tests.SdlGpu.dll (.NETCoreApp,Version=v8.0)
A total of 1 test files matched the specified pattern.
[xUnit.net 00:00:00.70]     Cerneala.Tests.SdlGpu.SdlGpuImageDomainGeometryTests.ValidFiniteNearDegenerateQuadHasRepresentablePrivateDomain [FAIL]
  Failed Cerneala.Tests.SdlGpu.SdlGpuImageDomainGeometryTests.ValidFiniteNearDegenerateQuadHasRepresentablePrivateDomain [3 ms]
  Error Message:
   System.ArithmeticException : An image-domain coordinate is not representable as a finite GPU float.
  Stack Trace:
     at Cerneala.Backends.SdlGpu.SdlGpuImageDomainGeometry.CheckedFloat(Double value) in C:\Users\lauri\Desktop\Cerneala\Cerneala.Backends.SdlGpu\Gpu\SdlGpuImageDomainGeometry.cs:line 120
   at Cerneala.Backends.SdlGpu.SdlGpuImageDomainGeometry..ctor(Vector2 origin, Vector2 first, Vector2 opposite, Vector2 fourth) in C:\Users\lauri\Desktop\Cerneala\Cerneala.Backends.SdlGpu\Gpu\SdlGpuImageDomainGeometry.cs:line 48
   at Cerneala.Backends.SdlGpu.SdlGpuImageDomainGeometry.TryCreate(Vector2 q0, Vector2 q1, Vector2 q2, Vector2 q3, SdlGpuImageDomainGeometry& geometry) in C:\Users\lauri\Desktop\Cerneala\Cerneala.Backends.SdlGpu\Gpu\SdlGpuImageDomainGeometry.cs:line 70
   at Cerneala.Tests.SdlGpu.SdlGpuImageDomainGeometryTests.ValidFiniteNearDegenerateQuadHasRepresentablePrivateDomain() in C:\Users\lauri\Desktop\Cerneala\tests\Cerneala.Tests.SdlGpu\SdlGpuImageDomainGeometryTests.cs:line 96
   at System.RuntimeMethodHandle.InvokeMethod(Object target, Void** arguments, Signature sig, Boolean isConstructor)
   at System.Reflection.MethodBaseInvoker.InvokeWithNoArgs(Object obj, BindingFlags invokeAttr)
[xUnit.net 00:00:01.61]     Cerneala.Tests.SdlGpu.NativeDrawingInterpolationBoundaryTests.FiniteNearDegenerateOptionsQuadDoesNotAcquireBackendException [FAIL]
  Failed Cerneala.Tests.SdlGpu.NativeDrawingInterpolationBoundaryTests.FiniteNearDegenerateOptionsQuadDoesNotAcquireBackendException [916 ms]
  Error Message:
   System.ArithmeticException : An image-domain coordinate is not representable as a finite GPU float.
  Stack Trace:
     at Cerneala.Backends.SdlGpu.SdlGpuImageDomainGeometry.CheckedFloat(Double value) in C:\Users\lauri\Desktop\Cerneala\Cerneala.Backends.SdlGpu\Gpu\SdlGpuImageDomainGeometry.cs:line 120
   at Cerneala.Backends.SdlGpu.SdlGpuImageDomainGeometry..ctor(Vector2 origin, Vector2 first, Vector2 opposite, Vector2 fourth) in C:\Users\lauri\Desktop\Cerneala\Cerneala.Backends.SdlGpu\Gpu\SdlGpuImageDomainGeometry.cs:line 48
   at Cerneala.Backends.SdlGpu.SdlGpuImageDomainGeometry.TryCreate(Vector2 q0, Vector2 q1, Vector2 q2, Vector2 q3, SdlGpuImageDomainGeometry& geometry) in C:\Users\lauri\Desktop\Cerneala\Cerneala.Backends.SdlGpu\Gpu\SdlGpuImageDomainGeometry.cs:line 70
   at Cerneala.Backends.SdlGpu.SdlGpuDrawingBackend.WriteImageDomainQuad(Span`1 vertices, Int32 q0, Int32 q1, Int32 q2, Int32 q3, Int32 first, Int32 count) in C:\Users\lauri\Desktop\Cerneala\Cerneala.Backends.SdlGpu\Gpu\SdlGpuDrawingBackend.cs:line 813
   at Cerneala.Backends.SdlGpu.SdlGpuDrawingBackend.WriteImageDomain(Span`1 vertices, Boolean nineSlice) in C:\Users\lauri\Desktop\Cerneala\Cerneala.Backends.SdlGpu\Gpu\SdlGpuDrawingBackend.cs:line 799
   at Cerneala.Backends.SdlGpu.SdlGpuDrawingBackend.AddImageGeometry(DrawVertex2D[] sourceVertices, Int32[] sourceIndices, DrawPrimitiveTopology topology, IDrawImage image, DrawSamplingMode sampling, DrawAddressMode addressMode, Boolean imageProvenance, Boolean nineSlice, RenderState state, Cerberus batches) in C:\Users\lauri\Desktop\Cerneala\Cerneala.Backends.SdlGpu\Gpu\SdlGpuDrawingBackend.cs:line 762
   at Cerneala.Backends.SdlGpu.SdlGpuDrawingBackend.AddCommandMesh(DrawCommand command, RenderState state, Cerberus batches) in C:\Users\lauri\Desktop\Cerneala\Cerneala.Backends.SdlGpu\Gpu\SdlGpuDrawingBackend.cs:line 679
   at Cerneala.Backends.SdlGpu.SdlGpuDrawingBackend.RenderRange(DrawCommandList commands, Int32 start, Int32 end, DrawCommandStateAnalysis analysis, CommandRangeState rangeState, Cerberus batches, IReadOnlyDictionary`2 childSurfaces) in C:\Users\lauri\Desktop\Cerneala\Cerneala.Backends.SdlGpu\Gpu\SdlGpuDrawingBackend.cs:line 387
   at Cerneala.Backends.SdlGpu.SdlGpuDrawingBackend.RenderRecordedSurfaceFrame(SdlGpuRenderSurfaceState surface, Color clearColor, Cerberus surfaceBatches, Boolean requireFullReplay) in C:\Users\lauri\Desktop\Cerneala\Cerneala.Backends.SdlGpu\Gpu\SdlGpuDrawingBackend.cs:line 1634
   at Cerneala.Backends.SdlGpu.SdlGpuDrawingBackend.RenderSurfaceFrame(IRenderSurface2DFrameSource source, SdlGpuRenderSurfaceState surface, Cerberus surfaceBatches) in C:\Users\lauri\Desktop\Cerneala\Cerneala.Backends.SdlGpu\Gpu\SdlGpuDrawingBackend.cs:line 1585
   at Cerneala.Backends.SdlGpu.SdlGpuDrawingBackend.AddRenderSurface(DrawCommand command, RenderState state, SdlGpuRenderTarget parentTarget, Cerberus parentBatches) in C:\Users\lauri\Desktop\Cerneala\Cerneala.Backends.SdlGpu\Gpu\SdlGpuDrawingBackend.cs:line 1546
   at Cerneala.Backends.SdlGpu.SdlGpuDrawingBackend.RenderRange(DrawCommandList commands, Int32 start, Int32 end, DrawCommandStateAnalysis analysis, CommandRangeState rangeState, Cerberus batches, IReadOnlyDictionary`2 childSurfaces) in C:\Users\lauri\Desktop\Cerneala\Cerneala.Backends.SdlGpu\Gpu\SdlGpuDrawingBackend.cs:line 397
   at Cerneala.Backends.SdlGpu.SdlGpuDrawingBackend.Render(DrawCommandList commands, DrawingFrameContext& frameContext) in C:\Users\lauri\Desktop\Cerneala\Cerneala.Backends.SdlGpu\Gpu\SdlGpuDrawingBackend.cs:line 153
   at Cerneala.Backends.SdlGpu.SdlGpuDrawingBackend.Cerneala.Drawing.IDrawingBackend.Render(DrawCommandList commands, DrawingFrameContext& frameContext)
   at Cerneala.Tests.Drawing.SdlGpu.SdlDrawingFixture.Render(SdlGpuWindowGraphicsSession session, DrawCommandList commands, Nullable`1 clearColor, PrismBackdropSourceToken backdropSource) in C:\Users\lauri\Desktop\Cerneala\tests\Shared\SdlDrawingFixture.cs:line 61
   at Cerneala.Tests.Drawing.SdlGpu.SdlDrawingFixture.Render(DrawCommandList commands, Nullable`1 clearColor) in C:\Users\lauri\Desktop\Cerneala\tests\Shared\SdlDrawingFixture.cs:line 44
   at Cerneala.Tests.SdlGpu.NativeDrawingInterpolationBoundaryTests.RenderInSurface(SdlDrawingFixture fixture, Action`1 record) in C:\Users\lauri\Desktop\Cerneala\tests\Cerneala.Tests.SdlGpu\NativeDrawingInterpolationBoundaryTests.cs:line 401
   at Cerneala.Tests.SdlGpu.NativeDrawingInterpolationBoundaryTests.FiniteNearDegenerateOptionsQuadDoesNotAcquireBackendException() in C:\Users\lauri\Desktop\Cerneala\tests\Cerneala.Tests.SdlGpu\NativeDrawingInterpolationBoundaryTests.cs:line 248
   at System.RuntimeMethodHandle.InvokeMethod(Object target, Void** arguments, Signature sig, Boolean isConstructor)
   at System.Reflection.MethodBaseInvoker.InvokeWithNoArgs(Object obj, BindingFlags invokeAttr)
Results File: C:\Users\lauri\Desktop\Cerneala\tests\Cerneala.Tests.SdlGpu\TestResults\finite-near-degenerate-red-01.trx

Failed!  - Failed:     2, Passed:     0, Skipped:     0, Total:     2, Duration: 919 ms - Cerneala.Tests.SdlGpu.dll (net8.0)
