Test run for C:\Users\lauri\Desktop\Cerneala\tests\Cerneala.Tests.SdlGpu\bin\Release\net8.0\Cerneala.Tests.SdlGpu.dll (.NETCoreApp,Version=v8.0)
A total of 1 test files matched the specified pattern.
[xUnit.net 00:00:02.83]     Cerneala.Tests.SdlGpu.NativeDrawingInterpolationBoundaryTests.RotatedFlippedPointImageKeepsItsSelectedAtlasRegion [FAIL]
  Failed Cerneala.Tests.SdlGpu.NativeDrawingInterpolationBoundaryTests.RotatedFlippedPointImageKeepsItsSelectedAtlasRegion [539 ms]
  Error Message:
   Assert.Empty() Failure: Collection was not empty
Collection: [PixelDifference { X = 4, Y = 0, Expected = Color { R = 79, G = 82, B = 12, A = 255 }, Actual = Color { R = 96, G = 0, B = 96, A = 255 } }]
  Stack Trace:
     at Cerneala.Tests.SdlGpu.NativeDrawingInterpolationBoundaryTests.RotatedFlippedPointImageKeepsItsSelectedAtlasRegion() in C:\Users\lauri\Desktop\Cerneala\tests\Cerneala.Tests.SdlGpu\NativeDrawingInterpolationBoundaryTests.cs:line 621
   at System.RuntimeMethodHandle.InvokeMethod(Object target, Void** arguments, Signature sig, Boolean isConstructor)
   at System.Reflection.MethodBaseInvoker.InvokeWithNoArgs(Object obj, BindingFlags invokeAttr)
  Standard Output Messages:
 rotated and flipped Point atlas crop versus extracted: 1 differing pixels
   (4,0) Color { R = 79, G = 82, B = 12, A = 255 } -> Color { R = 96, G = 0, B = 96, A = 255 }


[xUnit.net 00:00:03.49]     Cerneala.Tests.SdlGpu.NativeDrawingInterpolationBoundaryTests.SelectedOptionsQuadsKeepOrdinaryCenterPixelsAcrossShapeVariants [FAIL]
  Failed Cerneala.Tests.SdlGpu.NativeDrawingInterpolationBoundaryTests.SelectedOptionsQuadsKeepOrdinaryCenterPixelsAcrossShapeVariants [659 ms]
  Error Message:
   Assert.Empty() Failure: Collection was not empty
Collection: [PixelDifference { X = 12, Y = 8, Expected = Color { R = 14, G = 18, B = 16, A = 255 }, Actual = Color { R = 14, G = 25, B = 112, A = 255 } }, PixelDifference { X = 14, Y = 8, Expected = Color { R = 21, G = 25, B = 16, A = 255 }, Actual = Color { R = 21, G = 32, B = 16, A = 255 } }, PixelDifference { X = 16, Y = 8, Expected = Color { R = 27, G = 32, B = 16, A = 255 }, Actual = Color { R = 27, G = 38, B = 112, A = 255 } }, PixelDifference { X = 18, Y = 8, Expected = Color { R = 34, G = 38, B = 16, A = 255 }, Actual = Color { R = 34, G = 44, B = 16, A = 255 } }, PixelDifference { X = 20, Y = 8, Expected = Color { R = 40, G = 44, B = 16, A = 255 }, Actual = Color { R = 40, G = 51, B = 112, A = 255 } }, ···]
  Stack Trace:
     at Cerneala.Tests.SdlGpu.NativeDrawingInterpolationBoundaryTests.SelectedOptionsQuadsKeepOrdinaryCenterPixelsAcrossShapeVariants() in C:\Users\lauri\Desktop\Cerneala\tests\Cerneala.Tests.SdlGpu\NativeDrawingInterpolationBoundaryTests.cs:line 565
   at System.RuntimeMethodHandle.InvokeMethod(Object target, Void** arguments, Signature sig, Boolean isConstructor)
   at System.Reflection.MethodBaseInvoker.InvokeWithNoArgs(Object obj, BindingFlags invokeAttr)
  Standard Output Messages:
 skewed shared diagonal selected versus ordinary center pixels: 0 differing pixels
 skewed shared diagonal: compared=555, diagonalCenters=27
 reflected selected versus ordinary center pixels: 0 differing pixels
 reflected: compared=841, diagonalCenters=29
 concave selected versus ordinary center pixels: 0 differing pixels
 concave: compared=351, diagonalCenters=13
 self-crossing selected versus ordinary center pixels: 13 differing pixels
   (12,8) Color { R = 14, G = 18, B = 16, A = 255 } -> Color { R = 14, G = 25, B = 112, A = 255 }
   (14,8) Color { R = 21, G = 25, B = 16, A = 255 } -> Color { R = 21, G = 32, B = 16, A = 255 }
   (16,8) Color { R = 27, G = 32, B = 16, A = 255 } -> Color { R = 27, G = 38, B = 112, A = 255 }
   (18,8) Color { R = 34, G = 38, B = 16, A = 255 } -> Color { R = 34, G = 44, B = 16, A = 255 }
   (20,8) Color { R = 40, G = 44, B = 16, A = 255 } -> Color { R = 40, G = 51, B = 112, A = 255 }
   (22,8) Color { R = 47, G = 51, B = 16, A = 255 } -> Color { R = 47, G = 57, B = 16, A = 255 }
   (24,8) Color { R = 53, G = 57, B = 16, A = 255 } -> Color { R = 53, G = 64, B = 112, A = 255 }
   (26,8) Color { R = 60, G = 64, B = 16, A = 255 } -> Color { R = 60, G = 70, B = 16, A = 255 }
   (28,8) Color { R = 66, G = 70, B = 16, A = 255 } -> Color { R = 66, G = 77, B = 112, A = 255 }
   (30,8) Color { R = 73, G = 77, B = 16, A = 255 } -> Color { R = 73, G = 83, B = 16, A = 255 }
   (32,8) Color { R = 80, G = 83, B = 16, A = 255 } -> Color { R = 80, G = 90, B = 112, A = 255 }
   (34,8) Color { R = 86, G = 90, B = 16, A = 255 } -> Color { R = 86, G = 96, B = 16, A = 255 }
   (36,8) Color { R = 92, G = 96, B = 16, A = 255 } -> Color { R = 92, G = 103, B = 112, A = 255 }
 self-crossing: compared=484, diagonalCenters=0


Results File: C:\Users\lauri\Desktop\Cerneala\docs\plans\evidence\2026-09-24-scene-village-seams\core\diagnostic\flat64-interpolation-focused-01.trx

Failed!  - Failed:     2, Passed:    12, Skipped:     0, Total:    14, Duration: 6 s - Cerneala.Tests.SdlGpu.dll (net8.0)
