Test run for C:\Users\lauri\Desktop\Cerneala\tests\Cerneala.Tests.SdlGpu\bin\Release\net8.0\Cerneala.Tests.SdlGpu.dll (.NETCoreApp,Version=v8.0)
A total of 1 test files matched the specified pattern.
[xUnit.net 00:00:01.95]     Cerneala.Tests.SdlGpu.NativeDrawingInterpolationBoundaryTests.OptionsImageQuadAndWholeNineSliceUseTheirFullLogicalImageDomain [FAIL]
[xUnit.net 00:00:02.54]     Cerneala.Tests.SdlGpu.NativeDrawingInterpolationBoundaryTests.PointSpriteBatchKeepsEachAtlasSourceIsolatedWithoutSplittingTheBatch [FAIL]
  Failed Cerneala.Tests.SdlGpu.NativeDrawingInterpolationBoundaryTests.OptionsImageQuadAndWholeNineSliceUseTheirFullLogicalImageDomain [1 s]
  Error Message:
   System.InvalidOperationException : SDL GPU drawing pipeline creation (SdlGpuPipelineKey { ColorFormat = B8G8R8A8Unorm, SampleCount = Eight, Topology = TriangleList, BlendMode = Normal, StencilMode = Disabled, ColorWriteMask = All, AlphaMask = False, PrismPresentation = False, PointClampImageDomain = True }) failed: Could not create graphics pipeline state! Error Code: The parameter is incorrect. (0x80070057)
  Stack Trace:
     at Cerneala.Backends.SdlGpu.SdlGpuDrawingResources.RequireHandle(IntPtr handle, String operation) in C:\Users\lauri\Desktop\Cerneala\Cerneala.Backends.SdlGpu\Gpu\SdlGpuDrawingResources.cs:line 1537
   at Cerneala.Backends.SdlGpu.SdlGpuDrawingResources.GetPipeline(SdlGpuTextureFormat colorFormat, SdlGpuSampleCount sampleCount, DrawPrimitiveTopology topology, DrawBlendMode blendMode, SdlGpuStencilMode stencilMode, SdlGpuColorWriteMask colorWriteMask, Boolean alphaMask, Boolean prismPresentation, Boolean pointClampImageDomain) in C:\Users\lauri\Desktop\Cerneala\Cerneala.Backends.SdlGpu\Gpu\SdlGpuDrawingResources.cs:line 168
   at Cerneala.Backends.SdlGpu.Cerberus.Flush(CerberusExecutionContext context) in C:\Users\lauri\Desktop\Cerneala\Cerneala.Backends.SdlGpu\Gpu\Cerberus.cs:line 209
   at Cerneala.Backends.SdlGpu.SdlGpuDrawingBackend.FlushBatches() in C:\Users\lauri\Desktop\Cerneala\Cerneala.Backends.SdlGpu\Gpu\SdlGpuDrawingBackend.cs:line 221
   at Cerneala.Backends.SdlGpu.SdlGpuDrawingBackend.RenderRecordedSurfaceFrame(SdlGpuRenderSurfaceState surface, Color clearColor, Cerberus surfaceBatches, Boolean requireFullReplay) in C:\Users\lauri\Desktop\Cerneala\Cerneala.Backends.SdlGpu\Gpu\SdlGpuDrawingBackend.cs:line 1658
   at Cerneala.Backends.SdlGpu.SdlGpuDrawingBackend.RenderSurfaceFrame(IRenderSurface2DFrameSource source, SdlGpuRenderSurfaceState surface, Cerberus surfaceBatches) in C:\Users\lauri\Desktop\Cerneala\Cerneala.Backends.SdlGpu\Gpu\SdlGpuDrawingBackend.cs:line 1585
   at Cerneala.Backends.SdlGpu.SdlGpuDrawingBackend.AddRenderSurface(DrawCommand command, RenderState state, SdlGpuRenderTarget parentTarget, Cerberus parentBatches) in C:\Users\lauri\Desktop\Cerneala\Cerneala.Backends.SdlGpu\Gpu\SdlGpuDrawingBackend.cs:line 1546
   at Cerneala.Backends.SdlGpu.SdlGpuDrawingBackend.RenderRange(DrawCommandList commands, Int32 start, Int32 end, DrawCommandStateAnalysis analysis, CommandRangeState rangeState, Cerberus batches, IReadOnlyDictionary`2 childSurfaces) in C:\Users\lauri\Desktop\Cerneala\Cerneala.Backends.SdlGpu\Gpu\SdlGpuDrawingBackend.cs:line 397
   at Cerneala.Backends.SdlGpu.SdlGpuDrawingBackend.Render(DrawCommandList commands, DrawingFrameContext& frameContext) in C:\Users\lauri\Desktop\Cerneala\Cerneala.Backends.SdlGpu\Gpu\SdlGpuDrawingBackend.cs:line 153
   at Cerneala.Backends.SdlGpu.SdlGpuDrawingBackend.Cerneala.Drawing.IDrawingBackend.Render(DrawCommandList commands, DrawingFrameContext& frameContext)
   at Cerneala.Tests.Drawing.SdlGpu.SdlDrawingFixture.Render(SdlGpuWindowGraphicsSession session, DrawCommandList commands, Nullable`1 clearColor, PrismBackdropSourceToken backdropSource) in C:\Users\lauri\Desktop\Cerneala\tests\Shared\SdlDrawingFixture.cs:line 61
   at Cerneala.Tests.Drawing.SdlGpu.SdlDrawingFixture.Render(DrawCommandList commands, Nullable`1 clearColor) in C:\Users\lauri\Desktop\Cerneala\tests\Shared\SdlDrawingFixture.cs:line 44
   at Cerneala.Tests.SdlGpu.NativeDrawingInterpolationBoundaryTests.RenderInSurface(SdlDrawingFixture fixture, Action`1 record) in C:\Users\lauri\Desktop\Cerneala\tests\Cerneala.Tests.SdlGpu\NativeDrawingInterpolationBoundaryTests.cs:line 341
   at Cerneala.Tests.SdlGpu.NativeDrawingInterpolationBoundaryTests.<>c__DisplayClass13_0.<OptionsImageQuadAndWholeNineSliceUseTheirFullLogicalImageDomain>g__Compare|2(String label, Action`3 record) in C:\Users\lauri\Desktop\Cerneala\tests\Cerneala.Tests.SdlGpu\NativeDrawingInterpolationBoundaryTests.cs:line 224
   at Cerneala.Tests.SdlGpu.NativeDrawingInterpolationBoundaryTests.OptionsImageQuadAndWholeNineSliceUseTheirFullLogicalImageDomain() in C:\Users\lauri\Desktop\Cerneala\tests\Cerneala.Tests.SdlGpu\NativeDrawingInterpolationBoundaryTests.cs:line 207
   at System.RuntimeMethodHandle.InvokeMethod(Object target, Void** arguments, Signature sig, Boolean isConstructor)
   at System.Reflection.MethodBaseInvoker.InvokeWithNoArgs(Object obj, BindingFlags invokeAttr)
  Failed Cerneala.Tests.SdlGpu.NativeDrawingInterpolationBoundaryTests.PointSpriteBatchKeepsEachAtlasSourceIsolatedWithoutSplittingTheBatch [590 ms]
  Error Message:
   System.InvalidOperationException : SDL GPU drawing pipeline creation (SdlGpuPipelineKey { ColorFormat = B8G8R8A8Unorm, SampleCount = Eight, Topology = TriangleList, BlendMode = Normal, StencilMode = Disabled, ColorWriteMask = All, AlphaMask = False, PrismPresentation = False, PointClampImageDomain = True }) failed: Could not create graphics pipeline state! Error Code: The parameter is incorrect. (0x80070057)
  Stack Trace:
     at Cerneala.Backends.SdlGpu.SdlGpuDrawingResources.RequireHandle(IntPtr handle, String operation) in C:\Users\lauri\Desktop\Cerneala\Cerneala.Backends.SdlGpu\Gpu\SdlGpuDrawingResources.cs:line 1537
   at Cerneala.Backends.SdlGpu.SdlGpuDrawingResources.GetPipeline(SdlGpuTextureFormat colorFormat, SdlGpuSampleCount sampleCount, DrawPrimitiveTopology topology, DrawBlendMode blendMode, SdlGpuStencilMode stencilMode, SdlGpuColorWriteMask colorWriteMask, Boolean alphaMask, Boolean prismPresentation, Boolean pointClampImageDomain) in C:\Users\lauri\Desktop\Cerneala\Cerneala.Backends.SdlGpu\Gpu\SdlGpuDrawingResources.cs:line 168
   at Cerneala.Backends.SdlGpu.Cerberus.Flush(CerberusExecutionContext context) in C:\Users\lauri\Desktop\Cerneala\Cerneala.Backends.SdlGpu\Gpu\Cerberus.cs:line 209
   at Cerneala.Backends.SdlGpu.SdlGpuDrawingBackend.FlushBatches() in C:\Users\lauri\Desktop\Cerneala\Cerneala.Backends.SdlGpu\Gpu\SdlGpuDrawingBackend.cs:line 221
   at Cerneala.Backends.SdlGpu.SdlGpuDrawingBackend.RenderRecordedSurfaceFrame(SdlGpuRenderSurfaceState surface, Color clearColor, Cerberus surfaceBatches, Boolean requireFullReplay) in C:\Users\lauri\Desktop\Cerneala\Cerneala.Backends.SdlGpu\Gpu\SdlGpuDrawingBackend.cs:line 1658
   at Cerneala.Backends.SdlGpu.SdlGpuDrawingBackend.RenderSurfaceFrame(IRenderSurface2DFrameSource source, SdlGpuRenderSurfaceState surface, Cerberus surfaceBatches) in C:\Users\lauri\Desktop\Cerneala\Cerneala.Backends.SdlGpu\Gpu\SdlGpuDrawingBackend.cs:line 1585
   at Cerneala.Backends.SdlGpu.SdlGpuDrawingBackend.AddRenderSurface(DrawCommand command, RenderState state, SdlGpuRenderTarget parentTarget, Cerberus parentBatches) in C:\Users\lauri\Desktop\Cerneala\Cerneala.Backends.SdlGpu\Gpu\SdlGpuDrawingBackend.cs:line 1546
   at Cerneala.Backends.SdlGpu.SdlGpuDrawingBackend.RenderRange(DrawCommandList commands, Int32 start, Int32 end, DrawCommandStateAnalysis analysis, CommandRangeState rangeState, Cerberus batches, IReadOnlyDictionary`2 childSurfaces) in C:\Users\lauri\Desktop\Cerneala\Cerneala.Backends.SdlGpu\Gpu\SdlGpuDrawingBackend.cs:line 397
   at Cerneala.Backends.SdlGpu.SdlGpuDrawingBackend.Render(DrawCommandList commands, DrawingFrameContext& frameContext) in C:\Users\lauri\Desktop\Cerneala\Cerneala.Backends.SdlGpu\Gpu\SdlGpuDrawingBackend.cs:line 153
   at Cerneala.Backends.SdlGpu.SdlGpuDrawingBackend.Cerneala.Drawing.IDrawingBackend.Render(DrawCommandList commands, DrawingFrameContext& frameContext)
   at Cerneala.Tests.Drawing.SdlGpu.SdlDrawingFixture.Render(SdlGpuWindowGraphicsSession session, DrawCommandList commands, Nullable`1 clearColor, PrismBackdropSourceToken backdropSource) in C:\Users\lauri\Desktop\Cerneala\tests\Shared\SdlDrawingFixture.cs:line 61
   at Cerneala.Tests.Drawing.SdlGpu.SdlDrawingFixture.Render(DrawCommandList commands, Nullable`1 clearColor) in C:\Users\lauri\Desktop\Cerneala\tests\Shared\SdlDrawingFixture.cs:line 44
   at Cerneala.Tests.SdlGpu.NativeDrawingInterpolationBoundaryTests.RenderInSurface(SdlDrawingFixture fixture, Action`1 record) in C:\Users\lauri\Desktop\Cerneala\tests\Cerneala.Tests.SdlGpu\NativeDrawingInterpolationBoundaryTests.cs:line 341
   at Cerneala.Tests.SdlGpu.NativeDrawingInterpolationBoundaryTests.PointSpriteBatchKeepsEachAtlasSourceIsolatedWithoutSplittingTheBatch() in C:\Users\lauri\Desktop\Cerneala\tests\Cerneala.Tests.SdlGpu\NativeDrawingInterpolationBoundaryTests.cs:line 144
   at System.RuntimeMethodHandle.InvokeMethod(Object target, Void** arguments, Signature sig, Boolean isConstructor)
   at System.Reflection.MethodBaseInvoker.InvokeWithNoArgs(Object obj, BindingFlags invokeAttr)
[xUnit.net 00:00:03.83]     Cerneala.Tests.SdlGpu.NativeDrawingInterpolationBoundaryTests.PointCropDoesNotSampleAtlasNeighborsAtFractionalSurfaceEdge [FAIL]
[xUnit.net 00:00:04.39]     Cerneala.Tests.SdlGpu.NativeDrawingInterpolationBoundaryTests.FractionalAndSubtexelPointSourcesDoNotReadChangedAtlasGuards [FAIL]
  Failed Cerneala.Tests.SdlGpu.NativeDrawingInterpolationBoundaryTests.PointCropDoesNotSampleAtlasNeighborsAtFractionalSurfaceEdge [589 ms]
  Error Message:
   System.InvalidOperationException : SDL GPU drawing pipeline creation (SdlGpuPipelineKey { ColorFormat = B8G8R8A8Unorm, SampleCount = One, Topology = TriangleList, BlendMode = Normal, StencilMode = Disabled, ColorWriteMask = All, AlphaMask = False, PrismPresentation = False, PointClampImageDomain = True }) failed: Could not create graphics pipeline state! Error Code: The parameter is incorrect. (0x80070057)
  Stack Trace:
     at Cerneala.Backends.SdlGpu.SdlGpuDrawingResources.RequireHandle(IntPtr handle, String operation) in C:\Users\lauri\Desktop\Cerneala\Cerneala.Backends.SdlGpu\Gpu\SdlGpuDrawingResources.cs:line 1537
   at Cerneala.Backends.SdlGpu.SdlGpuDrawingResources.GetPipeline(SdlGpuTextureFormat colorFormat, SdlGpuSampleCount sampleCount, DrawPrimitiveTopology topology, DrawBlendMode blendMode, SdlGpuStencilMode stencilMode, SdlGpuColorWriteMask colorWriteMask, Boolean alphaMask, Boolean prismPresentation, Boolean pointClampImageDomain) in C:\Users\lauri\Desktop\Cerneala\Cerneala.Backends.SdlGpu\Gpu\SdlGpuDrawingResources.cs:line 168
   at Cerneala.Backends.SdlGpu.Cerberus.Flush(CerberusExecutionContext context) in C:\Users\lauri\Desktop\Cerneala\Cerneala.Backends.SdlGpu\Gpu\Cerberus.cs:line 209
   at Cerneala.Backends.SdlGpu.SdlGpuDrawingBackend.FlushBatches() in C:\Users\lauri\Desktop\Cerneala\Cerneala.Backends.SdlGpu\Gpu\SdlGpuDrawingBackend.cs:line 221
   at Cerneala.Backends.SdlGpu.SdlGpuDrawingBackend.Render(DrawCommandList commands, DrawingFrameContext& frameContext) in C:\Users\lauri\Desktop\Cerneala\Cerneala.Backends.SdlGpu\Gpu\SdlGpuDrawingBackend.cs:line 154
   at Cerneala.Backends.SdlGpu.SdlGpuDrawingBackend.Cerneala.Drawing.IDrawingBackend.Render(DrawCommandList commands, DrawingFrameContext& frameContext)
   at Cerneala.Tests.Drawing.SdlGpu.SdlDrawingFixture.Render(SdlGpuWindowGraphicsSession session, DrawCommandList commands, Nullable`1 clearColor, PrismBackdropSourceToken backdropSource) in C:\Users\lauri\Desktop\Cerneala\tests\Shared\SdlDrawingFixture.cs:line 61
   at Cerneala.Tests.Drawing.SdlGpu.SdlDrawingFixture.Render(DrawCommandList commands, Nullable`1 clearColor) in C:\Users\lauri\Desktop\Cerneala\tests\Shared\SdlDrawingFixture.cs:line 44
   at Cerneala.Tests.SdlGpu.NativeDrawingInterpolationBoundaryTests.RenderImage(SdlDrawingFixture fixture, SdlGpuImage image, Nullable`1 source, DrawSamplingMode sampling, Boolean offscreen, Nullable`1 destination) in C:\Users\lauri\Desktop\Cerneala\tests\Cerneala.Tests.SdlGpu\NativeDrawingInterpolationBoundaryTests.cs:line 322
   at Cerneala.Tests.SdlGpu.NativeDrawingInterpolationBoundaryTests.PointCropDoesNotSampleAtlasNeighborsAtFractionalSurfaceEdge() in C:\Users\lauri\Desktop\Cerneala\tests\Cerneala.Tests.SdlGpu\NativeDrawingInterpolationBoundaryTests.cs:line 97
   at System.RuntimeMethodHandle.InvokeMethod(Object target, Void** arguments, Signature sig, Boolean isConstructor)
   at System.Reflection.MethodBaseInvoker.InvokeWithNoArgs(Object obj, BindingFlags invokeAttr)
  Standard Output Messages:
 Parent window sample count: One


  Failed Cerneala.Tests.SdlGpu.NativeDrawingInterpolationBoundaryTests.FractionalAndSubtexelPointSourcesDoNotReadChangedAtlasGuards [561 ms]
  Error Message:
   System.InvalidOperationException : SDL GPU drawing pipeline creation (SdlGpuPipelineKey { ColorFormat = B8G8R8A8Unorm, SampleCount = Eight, Topology = TriangleList, BlendMode = Normal, StencilMode = Disabled, ColorWriteMask = All, AlphaMask = False, PrismPresentation = False, PointClampImageDomain = True }) failed: Could not create graphics pipeline state! Error Code: The parameter is incorrect. (0x80070057)
  Stack Trace:
     at Cerneala.Backends.SdlGpu.SdlGpuDrawingResources.RequireHandle(IntPtr handle, String operation) in C:\Users\lauri\Desktop\Cerneala\Cerneala.Backends.SdlGpu\Gpu\SdlGpuDrawingResources.cs:line 1537
   at Cerneala.Backends.SdlGpu.SdlGpuDrawingResources.GetPipeline(SdlGpuTextureFormat colorFormat, SdlGpuSampleCount sampleCount, DrawPrimitiveTopology topology, DrawBlendMode blendMode, SdlGpuStencilMode stencilMode, SdlGpuColorWriteMask colorWriteMask, Boolean alphaMask, Boolean prismPresentation, Boolean pointClampImageDomain) in C:\Users\lauri\Desktop\Cerneala\Cerneala.Backends.SdlGpu\Gpu\SdlGpuDrawingResources.cs:line 168
   at Cerneala.Backends.SdlGpu.Cerberus.Flush(CerberusExecutionContext context) in C:\Users\lauri\Desktop\Cerneala\Cerneala.Backends.SdlGpu\Gpu\Cerberus.cs:line 209
   at Cerneala.Backends.SdlGpu.SdlGpuDrawingBackend.FlushBatches() in C:\Users\lauri\Desktop\Cerneala\Cerneala.Backends.SdlGpu\Gpu\SdlGpuDrawingBackend.cs:line 221
   at Cerneala.Backends.SdlGpu.SdlGpuDrawingBackend.RenderRecordedSurfaceFrame(SdlGpuRenderSurfaceState surface, Color clearColor, Cerberus surfaceBatches, Boolean requireFullReplay) in C:\Users\lauri\Desktop\Cerneala\Cerneala.Backends.SdlGpu\Gpu\SdlGpuDrawingBackend.cs:line 1658
   at Cerneala.Backends.SdlGpu.SdlGpuDrawingBackend.RenderSurfaceFrame(IRenderSurface2DFrameSource source, SdlGpuRenderSurfaceState surface, Cerberus surfaceBatches) in C:\Users\lauri\Desktop\Cerneala\Cerneala.Backends.SdlGpu\Gpu\SdlGpuDrawingBackend.cs:line 1585
   at Cerneala.Backends.SdlGpu.SdlGpuDrawingBackend.AddRenderSurface(DrawCommand command, RenderState state, SdlGpuRenderTarget parentTarget, Cerberus parentBatches) in C:\Users\lauri\Desktop\Cerneala\Cerneala.Backends.SdlGpu\Gpu\SdlGpuDrawingBackend.cs:line 1546
   at Cerneala.Backends.SdlGpu.SdlGpuDrawingBackend.RenderRange(DrawCommandList commands, Int32 start, Int32 end, DrawCommandStateAnalysis analysis, CommandRangeState rangeState, Cerberus batches, IReadOnlyDictionary`2 childSurfaces) in C:\Users\lauri\Desktop\Cerneala\Cerneala.Backends.SdlGpu\Gpu\SdlGpuDrawingBackend.cs:line 397
   at Cerneala.Backends.SdlGpu.SdlGpuDrawingBackend.Render(DrawCommandList commands, DrawingFrameContext& frameContext) in C:\Users\lauri\Desktop\Cerneala\Cerneala.Backends.SdlGpu\Gpu\SdlGpuDrawingBackend.cs:line 153
   at Cerneala.Backends.SdlGpu.SdlGpuDrawingBackend.Cerneala.Drawing.IDrawingBackend.Render(DrawCommandList commands, DrawingFrameContext& frameContext)
   at Cerneala.Tests.Drawing.SdlGpu.SdlDrawingFixture.Render(SdlGpuWindowGraphicsSession session, DrawCommandList commands, Nullable`1 clearColor, PrismBackdropSourceToken backdropSource) in C:\Users\lauri\Desktop\Cerneala\tests\Shared\SdlDrawingFixture.cs:line 61
   at Cerneala.Tests.Drawing.SdlGpu.SdlDrawingFixture.Render(DrawCommandList commands, Nullable`1 clearColor) in C:\Users\lauri\Desktop\Cerneala\tests\Shared\SdlDrawingFixture.cs:line 44
   at Cerneala.Tests.SdlGpu.NativeDrawingInterpolationBoundaryTests.RenderImage(SdlDrawingFixture fixture, SdlGpuImage image, Nullable`1 source, DrawSamplingMode sampling, Boolean offscreen, Nullable`1 destination) in C:\Users\lauri\Desktop\Cerneala\tests\Cerneala.Tests.SdlGpu\NativeDrawingInterpolationBoundaryTests.cs:line 329
   at Cerneala.Tests.SdlGpu.NativeDrawingInterpolationBoundaryTests.FractionalAndSubtexelPointSourcesDoNotReadChangedAtlasGuards() in C:\Users\lauri\Desktop\Cerneala\tests\Cerneala.Tests.SdlGpu\NativeDrawingInterpolationBoundaryTests.cs:line 186
   at System.RuntimeMethodHandle.InvokeMethod(Object target, Void** arguments, Signature sig, Boolean isConstructor)
   at System.Reflection.MethodBaseInvoker.InvokeWithNoArgs(Object obj, BindingFlags invokeAttr)
Results File: C:\Users\lauri\Desktop\Cerneala\tests\Cerneala.Tests.SdlGpu\TestResults\image-domain-native-candidate-01.trx

Failed!  - Failed:     4, Passed:     2, Skipped:     0, Total:     6, Duration: 3 s - Cerneala.Tests.SdlGpu.dll (net8.0)
