  Determining projects to restore...
  All projects are up-to-date for restore.
  Cerneala.Language -> C:\Users\lauri\Desktop\Cerneala\Cerneala.Language\bin\Release\netstandard2.0\Cerneala.Language.dll
  Cerneala.SourceGen -> C:\Users\lauri\Desktop\Cerneala\Cerneala.SourceGen\bin\Release\netstandard2.0\Cerneala.SourceGen.dll
  Cerneala -> C:\Users\lauri\Desktop\Cerneala\bin\Release\net8.0\Cerneala.dll
  Cerneala.Platforms.Sdl3 -> C:\Users\lauri\Desktop\Cerneala\Cerneala.Platforms.Sdl3\bin\Release\net8.0\Cerneala.Platforms.Sdl3.dll
  Cerneala.Scene2D.Packages -> C:\Users\lauri\Desktop\Cerneala\Cerneala.Scene2D.Packages\bin\Release\net8.0\Cerneala.Scene2D.Packages.dll
  Cerneala.Backends.SdlGpu -> C:\Users\lauri\Desktop\Cerneala\Cerneala.Backends.SdlGpu\bin\Release\net8.0\Cerneala.Backends.SdlGpu.dll
  Tetris -> C:\Users\lauri\Desktop\Cerneala\Tetrisish\bin\Release\net8.0\Cerneala.Tetris.dll
  Cerneala.Tests.SdlGpu -> C:\Users\lauri\Desktop\Cerneala\tests\Cerneala.Tests.SdlGpu\bin\Release\net8.0\Cerneala.Tests.SdlGpu.dll
Test run for C:\Users\lauri\Desktop\Cerneala\tests\Cerneala.Tests.SdlGpu\bin\Release\net8.0\Cerneala.Tests.SdlGpu.dll (.NETCoreApp,Version=v8.0)
A total of 1 test files matched the specified pattern.
C:\Users\lauri\Desktop\Cerneala\tests\Cerneala.Tests.SdlGpu\bin\Release\net8.0\Cerneala.Tests.SdlGpu.dll
[xUnit.net 00:00:00.00] xUnit.net VSTest Adapter v2.5.3.1+6b60a9e56a (64-bit .NET 8.0.30)
[xUnit.net 00:00:00.15]   Discovering: Cerneala.Tests.SdlGpu
[xUnit.net 00:00:00.71]   Discovered:  Cerneala.Tests.SdlGpu
[xUnit.net 00:00:00.72]   Starting:    Cerneala.Tests.SdlGpu
[xUnit.net 00:00:01.86]     Cerneala.Tests.SdlGpu.NativeDrawingInterpolationBoundaryTests.OptionsImageQuadAndWholeNineSliceUseTheirFullLogicalImageDomain [FAIL]
[xUnit.net 00:00:01.86]       Assert.Empty() Failure: Collection was not empty
[xUnit.net 00:00:01.86]       Collection: [PixelDifference { X = 40, Y = 11, Expected = Color { R = 53, G = 9, B = 56, A = 255 }, Actual = Color { R = 64, G = 0, B = 64, A = 255 } }, PixelDifference { X = 40, Y = 12, Expected = Color { R = 53, G = 12, B = 8, A = 255 }, Actual = Color { R = 64, G = 0, B = 64, A = 255 } }, PixelDifference { X = 40, Y = 13, Expected = Color { R = 53, G = 12, B = 8, A = 255 }, Actual = Color { R = 64, G = 0, B = 64, A = 255 } }, PixelDifference { X = 40, Y = 14, Expected = Color { R = 53, G = 16, B = 8, A = 255 }, Actual = Color { R = 64, G = 0, B = 64, A = 255 } }, PixelDifference { X = 40, Y = 15, Expected = Color { R = 53, G = 16, B = 8, A = 255 }, Actual = Color { R = 64, G = 0, B = 64, A = 255 } }, ···]
[xUnit.net 00:00:01.86]       Stack Trace:
[xUnit.net 00:00:01.86]         C:\Users\lauri\Desktop\Cerneala\tests\Cerneala.Tests.SdlGpu\NativeDrawingInterpolationBoundaryTests.cs(209,0): at Cerneala.Tests.SdlGpu.NativeDrawingInterpolationBoundaryTests.<>c__DisplayClass12_0.<OptionsImageQuadAndWholeNineSliceUseTheirFullLogicalImageDomain>g__Compare|2(String label, Action`3 record)
[xUnit.net 00:00:01.86]         C:\Users\lauri\Desktop\Cerneala\tests\Cerneala.Tests.SdlGpu\NativeDrawingInterpolationBoundaryTests.cs(181,0): at Cerneala.Tests.SdlGpu.NativeDrawingInterpolationBoundaryTests.OptionsImageQuadAndWholeNineSliceUseTheirFullLogicalImageDomain()
[xUnit.net 00:00:01.86]            at System.RuntimeMethodHandle.InvokeMethod(Object target, Void** arguments, Signature sig, Boolean isConstructor)
[xUnit.net 00:00:01.86]            at System.Reflection.MethodBaseInvoker.InvokeWithNoArgs(Object obj, BindingFlags invokeAttr)
[xUnit.net 00:00:01.86]       Output:
[xUnit.net 00:00:01.87]         options-based image quad external edge: 56 differing pixels
[xUnit.net 00:00:01.87]           (40,11) Color { R = 53, G = 9, B = 56, A = 255 } -> Color { R = 64, G = 0, B = 64, A = 255 }
[xUnit.net 00:00:01.87]           (40,12) Color { R = 53, G = 12, B = 8, A = 255 } -> Color { R = 64, G = 0, B = 64, A = 255 }
[xUnit.net 00:00:01.87]           (40,13) Color { R = 53, G = 12, B = 8, A = 255 } -> Color { R = 64, G = 0, B = 64, A = 255 }
[xUnit.net 00:00:01.87]           (40,14) Color { R = 53, G = 16, B = 8, A = 255 } -> Color { R = 64, G = 0, B = 64, A = 255 }
[xUnit.net 00:00:01.87]           (40,15) Color { R = 53, G = 16, B = 8, A = 255 } -> Color { R = 64, G = 0, B = 64, A = 255 }
[xUnit.net 00:00:01.87]           (40,16) Color { R = 53, G = 19, B = 56, A = 255 } -> Color { R = 64, G = 0, B = 64, A = 255 }
[xUnit.net 00:00:01.87]           (40,17) Color { R = 53, G = 19, B = 56, A = 255 } -> Color { R = 64, G = 0, B = 64, A = 255 }
[xUnit.net 00:00:01.87]           (40,18) Color { R = 53, G = 22, B = 56, A = 255 } -> Color { R = 64, G = 0, B = 64, A = 255 }
[xUnit.net 00:00:01.87]           (40,19) Color { R = 53, G = 22, B = 56, A = 255 } -> Color { R = 64, G = 0, B = 64, A = 255 }
[xUnit.net 00:00:01.87]           (40,20) Color { R = 53, G = 25, B = 8, A = 255 } -> Color { R = 64, G = 0, B = 64, A = 255 }
[xUnit.net 00:00:01.87]           (40,21) Color { R = 53, G = 25, B = 8, A = 255 } -> Color { R = 64, G = 0, B = 64, A = 255 }
[xUnit.net 00:00:01.87]           (40,22) Color { R = 53, G = 29, B = 8, A = 255 } -> Color { R = 64, G = 0, B = 64, A = 255 }
[xUnit.net 00:00:01.87]           (40,23) Color { R = 53, G = 29, B = 8, A = 255 } -> Color { R = 64, G = 0, B = 64, A = 255 }
[xUnit.net 00:00:01.87]           (40,24) Color { R = 53, G = 32, B = 56, A = 255 } -> Color { R = 64, G = 0, B = 64, A = 255 }
[xUnit.net 00:00:01.87]           (40,25) Color { R = 53, G = 32, B = 56, A = 255 } -> Color { R = 64, G = 0, B = 64, A = 255 }
[xUnit.net 00:00:01.87]           (40,26) Color { R = 53, G = 35, B = 56, A = 255 } -> Color { R = 64, G = 0, B = 64, A = 255 }
[xUnit.net 00:00:01.87]         options-based image quad internal cells/diagonal: 0 differing pixels
[xUnit.net 00:00:02.52]     Cerneala.Tests.SdlGpu.NativeDrawingInterpolationBoundaryTests.PointSpriteBatchKeepsEachAtlasSourceIsolatedWithoutSplittingTheBatch [FAIL]
[xUnit.net 00:00:02.52]       Assert.Empty() Failure: Collection was not empty
[xUnit.net 00:00:02.52]       Collection: [PixelDifference { X = 19, Y = 3, Expected = Color { R = 64, G = 0, B = 0, A = 255 }, Actual = Color { R = 64, G = 0, B = 64, A = 255 } }, PixelDifference { X = 19, Y = 4, Expected = Color { R = 64, G = 0, B = 0, A = 255 }, Actual = Color { R = 64, G = 0, B = 64, A = 255 } }, PixelDifference { X = 19, Y = 5, Expected = Color { R = 64, G = 0, B = 0, A = 255 }, Actual = Color { R = 64, G = 0, B = 64, A = 255 } }, PixelDifference { X = 19, Y = 6, Expected = Color { R = 64, G = 0, B = 0, A = 255 }, Actual = Color { R = 64, G = 0, B = 64, A = 255 } }, PixelDifference { X = 19, Y = 7, Expected = Color { R = 64, G = 0, B = 0, A = 255 }, Actual = Color { R = 64, G = 0, B = 64, A = 255 } }, ···]
[xUnit.net 00:00:02.52]       Stack Trace:
[xUnit.net 00:00:02.52]         C:\Users\lauri\Desktop\Cerneala\tests\Cerneala.Tests.SdlGpu\NativeDrawingInterpolationBoundaryTests.cs(138,0): at Cerneala.Tests.SdlGpu.NativeDrawingInterpolationBoundaryTests.PointSpriteBatchKeepsEachAtlasSourceIsolatedWithoutSplittingTheBatch()
[xUnit.net 00:00:02.52]            at System.RuntimeMethodHandle.InvokeMethod(Object target, Void** arguments, Signature sig, Boolean isConstructor)
[xUnit.net 00:00:02.52]            at System.Reflection.MethodBaseInvoker.InvokeWithNoArgs(Object obj, BindingFlags invokeAttr)
[xUnit.net 00:00:02.52]       Output:
[xUnit.net 00:00:02.52]         Point sprite batch with two distinct crop domains: 64 differing pixels
[xUnit.net 00:00:02.52]           (19,3) Color { R = 64, G = 0, B = 0, A = 255 } -> Color { R = 64, G = 0, B = 64, A = 255 }
[xUnit.net 00:00:02.52]           (19,4) Color { R = 64, G = 0, B = 0, A = 255 } -> Color { R = 64, G = 0, B = 64, A = 255 }
[xUnit.net 00:00:02.52]           (19,5) Color { R = 64, G = 0, B = 0, A = 255 } -> Color { R = 64, G = 0, B = 64, A = 255 }
[xUnit.net 00:00:02.52]           (19,6) Color { R = 64, G = 0, B = 0, A = 255 } -> Color { R = 64, G = 0, B = 64, A = 255 }
[xUnit.net 00:00:02.52]           (19,7) Color { R = 64, G = 0, B = 0, A = 255 } -> Color { R = 64, G = 0, B = 64, A = 255 }
[xUnit.net 00:00:02.52]           (19,8) Color { R = 64, G = 0, B = 0, A = 255 } -> Color { R = 64, G = 0, B = 64, A = 255 }
[xUnit.net 00:00:02.52]           (19,9) Color { R = 64, G = 0, B = 0, A = 255 } -> Color { R = 64, G = 0, B = 64, A = 255 }
[xUnit.net 00:00:02.52]           (19,10) Color { R = 64, G = 0, B = 0, A = 255 } -> Color { R = 64, G = 0, B = 64, A = 255 }
[xUnit.net 00:00:02.52]           (19,11) Color { R = 64, G = 0, B = 0, A = 255 } -> Color { R = 64, G = 0, B = 64, A = 255 }
[xUnit.net 00:00:02.52]           (19,12) Color { R = 64, G = 0, B = 0, A = 255 } -> Color { R = 64, G = 0, B = 64, A = 255 }
[xUnit.net 00:00:02.52]           (19,13) Color { R = 64, G = 0, B = 0, A = 255 } -> Color { R = 64, G = 0, B = 64, A = 255 }
[xUnit.net 00:00:02.52]           (19,14) Color { R = 64, G = 0, B = 0, A = 255 } -> Color { R = 64, G = 0, B = 64, A = 255 }
[xUnit.net 00:00:02.52]           (19,15) Color { R = 64, G = 0, B = 0, A = 255 } -> Color { R = 64, G = 0, B = 64, A = 255 }
[xUnit.net 00:00:02.52]           (19,16) Color { R = 64, G = 0, B = 0, A = 255 } -> Color { R = 64, G = 0, B = 64, A = 255 }
[xUnit.net 00:00:02.52]           (19,17) Color { R = 64, G = 0, B = 0, A = 255 } -> Color { R = 64, G = 0, B = 64, A = 255 }
[xUnit.net 00:00:02.52]           (19,18) Color { R = 64, G = 0, B = 0, A = 255 } -> Color { R = 64, G = 0, B = 64, A = 255 }
  Failed Cerneala.Tests.SdlGpu.NativeDrawingInterpolationBoundaryTests.OptionsImageQuadAndWholeNineSliceUseTheirFullLogicalImageDomain [1 s]
  Error Message:
   Assert.Empty() Failure: Collection was not empty
Collection: [PixelDifference { X = 40, Y = 11, Expected = Color { R = 53, G = 9, B = 56, A = 255 }, Actual = Color { R = 64, G = 0, B = 64, A = 255 } }, PixelDifference { X = 40, Y = 12, Expected = Color { R = 53, G = 12, B = 8, A = 255 }, Actual = Color { R = 64, G = 0, B = 64, A = 255 } }, PixelDifference { X = 40, Y = 13, Expected = Color { R = 53, G = 12, B = 8, A = 255 }, Actual = Color { R = 64, G = 0, B = 64, A = 255 } }, PixelDifference { X = 40, Y = 14, Expected = Color { R = 53, G = 16, B = 8, A = 255 }, Actual = Color { R = 64, G = 0, B = 64, A = 255 } }, PixelDifference { X = 40, Y = 15, Expected = Color { R = 53, G = 16, B = 8, A = 255 }, Actual = Color { R = 64, G = 0, B = 64, A = 255 } }, ···]
  Stack Trace:
     at Cerneala.Tests.SdlGpu.NativeDrawingInterpolationBoundaryTests.<>c__DisplayClass12_0.<OptionsImageQuadAndWholeNineSliceUseTheirFullLogicalImageDomain>g__Compare|2(String label, Action`3 record) in C:\Users\lauri\Desktop\Cerneala\tests\Cerneala.Tests.SdlGpu\NativeDrawingInterpolationBoundaryTests.cs:line 209
   at Cerneala.Tests.SdlGpu.NativeDrawingInterpolationBoundaryTests.OptionsImageQuadAndWholeNineSliceUseTheirFullLogicalImageDomain() in C:\Users\lauri\Desktop\Cerneala\tests\Cerneala.Tests.SdlGpu\NativeDrawingInterpolationBoundaryTests.cs:line 181
   at System.RuntimeMethodHandle.InvokeMethod(Object target, Void** arguments, Signature sig, Boolean isConstructor)
   at System.Reflection.MethodBaseInvoker.InvokeWithNoArgs(Object obj, BindingFlags invokeAttr)
  Standard Output Messages:
 options-based image quad external edge: 56 differing pixels
   (40,11) Color { R = 53, G = 9, B = 56, A = 255 } -> Color { R = 64, G = 0, B = 64, A = 255 }
   (40,12) Color { R = 53, G = 12, B = 8, A = 255 } -> Color { R = 64, G = 0, B = 64, A = 255 }
   (40,13) Color { R = 53, G = 12, B = 8, A = 255 } -> Color { R = 64, G = 0, B = 64, A = 255 }
   (40,14) Color { R = 53, G = 16, B = 8, A = 255 } -> Color { R = 64, G = 0, B = 64, A = 255 }
   (40,15) Color { R = 53, G = 16, B = 8, A = 255 } -> Color { R = 64, G = 0, B = 64, A = 255 }
   (40,16) Color { R = 53, G = 19, B = 56, A = 255 } -> Color { R = 64, G = 0, B = 64, A = 255 }
   (40,17) Color { R = 53, G = 19, B = 56, A = 255 } -> Color { R = 64, G = 0, B = 64, A = 255 }
   (40,18) Color { R = 53, G = 22, B = 56, A = 255 } -> Color { R = 64, G = 0, B = 64, A = 255 }
   (40,19) Color { R = 53, G = 22, B = 56, A = 255 } -> Color { R = 64, G = 0, B = 64, A = 255 }
   (40,20) Color { R = 53, G = 25, B = 8, A = 255 } -> Color { R = 64, G = 0, B = 64, A = 255 }
   (40,21) Color { R = 53, G = 25, B = 8, A = 255 } -> Color { R = 64, G = 0, B = 64, A = 255 }
   (40,22) Color { R = 53, G = 29, B = 8, A = 255 } -> Color { R = 64, G = 0, B = 64, A = 255 }
   (40,23) Color { R = 53, G = 29, B = 8, A = 255 } -> Color { R = 64, G = 0, B = 64, A = 255 }
   (40,24) Color { R = 53, G = 32, B = 56, A = 255 } -> Color { R = 64, G = 0, B = 64, A = 255 }
   (40,25) Color { R = 53, G = 32, B = 56, A = 255 } -> Color { R = 64, G = 0, B = 64, A = 255 }
   (40,26) Color { R = 53, G = 35, B = 56, A = 255 } -> Color { R = 64, G = 0, B = 64, A = 255 }
 options-based image quad internal cells/diagonal: 0 differing pixels


  Failed Cerneala.Tests.SdlGpu.NativeDrawingInterpolationBoundaryTests.PointSpriteBatchKeepsEachAtlasSourceIsolatedWithoutSplittingTheBatch [658 ms]
  Error Message:
   Assert.Empty() Failure: Collection was not empty
Collection: [PixelDifference { X = 19, Y = 3, Expected = Color { R = 64, G = 0, B = 0, A = 255 }, Actual = Color { R = 64, G = 0, B = 64, A = 255 } }, PixelDifference { X = 19, Y = 4, Expected = Color { R = 64, G = 0, B = 0, A = 255 }, Actual = Color { R = 64, G = 0, B = 64, A = 255 } }, PixelDifference { X = 19, Y = 5, Expected = Color { R = 64, G = 0, B = 0, A = 255 }, Actual = Color { R = 64, G = 0, B = 64, A = 255 } }, PixelDifference { X = 19, Y = 6, Expected = Color { R = 64, G = 0, B = 0, A = 255 }, Actual = Color { R = 64, G = 0, B = 64, A = 255 } }, PixelDifference { X = 19, Y = 7, Expected = Color { R = 64, G = 0, B = 0, A = 255 }, Actual = Color { R = 64, G = 0, B = 64, A = 255 } }, ···]
  Stack Trace:
     at Cerneala.Tests.SdlGpu.NativeDrawingInterpolationBoundaryTests.PointSpriteBatchKeepsEachAtlasSourceIsolatedWithoutSplittingTheBatch() in C:\Users\lauri\Desktop\Cerneala\tests\Cerneala.Tests.SdlGpu\NativeDrawingInterpolationBoundaryTests.cs:line 138
   at System.RuntimeMethodHandle.InvokeMethod(Object target, Void** arguments, Signature sig, Boolean isConstructor)
   at System.Reflection.MethodBaseInvoker.InvokeWithNoArgs(Object obj, BindingFlags invokeAttr)
  Standard Output Messages:
 Point sprite batch with two distinct crop domains: 64 differing pixels
   (19,3) Color { R = 64, G = 0, B = 0, A = 255 } -> Color { R = 64, G = 0, B = 64, A = 255 }
   (19,4) Color { R = 64, G = 0, B = 0, A = 255 } -> Color { R = 64, G = 0, B = 64, A = 255 }
   (19,5) Color { R = 64, G = 0, B = 0, A = 255 } -> Color { R = 64, G = 0, B = 64, A = 255 }
   (19,6) Color { R = 64, G = 0, B = 0, A = 255 } -> Color { R = 64, G = 0, B = 64, A = 255 }
   (19,7) Color { R = 64, G = 0, B = 0, A = 255 } -> Color { R = 64, G = 0, B = 64, A = 255 }
   (19,8) Color { R = 64, G = 0, B = 0, A = 255 } -> Color { R = 64, G = 0, B = 64, A = 255 }
   (19,9) Color { R = 64, G = 0, B = 0, A = 255 } -> Color { R = 64, G = 0, B = 64, A = 255 }
   (19,10) Color { R = 64, G = 0, B = 0, A = 255 } -> Color { R = 64, G = 0, B = 64, A = 255 }
   (19,11) Color { R = 64, G = 0, B = 0, A = 255 } -> Color { R = 64, G = 0, B = 64, A = 255 }
   (19,12) Color { R = 64, G = 0, B = 0, A = 255 } -> Color { R = 64, G = 0, B = 64, A = 255 }
   (19,13) Color { R = 64, G = 0, B = 0, A = 255 } -> Color { R = 64, G = 0, B = 64, A = 255 }
   (19,14) Color { R = 64, G = 0, B = 0, A = 255 } -> Color { R = 64, G = 0, B = 64, A = 255 }
   (19,15) Color { R = 64, G = 0, B = 0, A = 255 } -> Color { R = 64, G = 0, B = 64, A = 255 }
   (19,16) Color { R = 64, G = 0, B = 0, A = 255 } -> Color { R = 64, G = 0, B = 64, A = 255 }
   (19,17) Color { R = 64, G = 0, B = 0, A = 255 } -> Color { R = 64, G = 0, B = 64, A = 255 }
   (19,18) Color { R = 64, G = 0, B = 0, A = 255 } -> Color { R = 64, G = 0, B = 64, A = 255 }


[xUnit.net 00:00:03.86]     Cerneala.Tests.SdlGpu.NativeDrawingInterpolationBoundaryTests.PointCropDoesNotSampleAtlasNeighborsAtFractionalSurfaceEdge [FAIL]
[xUnit.net 00:00:03.86]       Point sampling read unrelated atlas texels at 56 external-edge pixels.
[xUnit.net 00:00:03.86]       Stack Trace:
[xUnit.net 00:00:03.86]         C:\Users\lauri\Desktop\Cerneala\tests\Cerneala.Tests.SdlGpu\NativeDrawingInterpolationBoundaryTests.cs(101,0): at Cerneala.Tests.SdlGpu.NativeDrawingInterpolationBoundaryTests.PointCropDoesNotSampleAtlasNeighborsAtFractionalSurfaceEdge()
[xUnit.net 00:00:03.86]            at System.RuntimeMethodHandle.InvokeMethod(Object target, Void** arguments, Signature sig, Boolean isConstructor)
[xUnit.net 00:00:03.86]            at System.Reflection.MethodBaseInvoker.InvokeWithNoArgs(Object obj, BindingFlags invokeAttr)
[xUnit.net 00:00:03.86]       Output:
[xUnit.net 00:00:03.86]         Parent window sample count: One
[xUnit.net 00:00:03.86]         Point direct external right/bottom edges: 0 differing pixels
[xUnit.net 00:00:03.86]         Point direct safe interior: 0 differing pixels
[xUnit.net 00:00:03.86]         Point offscreen+composite external right/bottom edges: 56 differing pixels
[xUnit.net 00:00:03.86]           (40,11) Color { R = 53, G = 9, B = 56, A = 255 } -> Color { R = 64, G = 0, B = 64, A = 255 }
[xUnit.net 00:00:03.86]           (40,12) Color { R = 53, G = 12, B = 8, A = 255 } -> Color { R = 64, G = 0, B = 64, A = 255 }
[xUnit.net 00:00:03.86]           (40,13) Color { R = 53, G = 12, B = 8, A = 255 } -> Color { R = 64, G = 0, B = 64, A = 255 }
[xUnit.net 00:00:03.86]           (40,14) Color { R = 53, G = 16, B = 8, A = 255 } -> Color { R = 64, G = 0, B = 64, A = 255 }
[xUnit.net 00:00:03.86]           (40,15) Color { R = 53, G = 16, B = 8, A = 255 } -> Color { R = 64, G = 0, B = 64, A = 255 }
[xUnit.net 00:00:03.86]           (40,16) Color { R = 53, G = 19, B = 56, A = 255 } -> Color { R = 64, G = 0, B = 64, A = 255 }
[xUnit.net 00:00:03.86]           (40,17) Color { R = 53, G = 19, B = 56, A = 255 } -> Color { R = 64, G = 0, B = 64, A = 255 }
[xUnit.net 00:00:03.86]           (40,18) Color { R = 53, G = 22, B = 56, A = 255 } -> Color { R = 64, G = 0, B = 64, A = 255 }
[xUnit.net 00:00:03.86]           (40,19) Color { R = 53, G = 22, B = 56, A = 255 } -> Color { R = 64, G = 0, B = 64, A = 255 }
[xUnit.net 00:00:03.86]           (40,20) Color { R = 53, G = 25, B = 8, A = 255 } -> Color { R = 64, G = 0, B = 64, A = 255 }
[xUnit.net 00:00:03.86]           (40,21) Color { R = 53, G = 25, B = 8, A = 255 } -> Color { R = 64, G = 0, B = 64, A = 255 }
[xUnit.net 00:00:03.86]           (40,22) Color { R = 53, G = 29, B = 8, A = 255 } -> Color { R = 64, G = 0, B = 64, A = 255 }
[xUnit.net 00:00:03.86]           (40,23) Color { R = 53, G = 29, B = 8, A = 255 } -> Color { R = 64, G = 0, B = 64, A = 255 }
[xUnit.net 00:00:03.86]           (40,24) Color { R = 53, G = 32, B = 56, A = 255 } -> Color { R = 64, G = 0, B = 64, A = 255 }
[xUnit.net 00:00:03.86]           (40,25) Color { R = 53, G = 32, B = 56, A = 255 } -> Color { R = 64, G = 0, B = 64, A = 255 }
[xUnit.net 00:00:03.86]           (40,26) Color { R = 53, G = 35, B = 56, A = 255 } -> Color { R = 64, G = 0, B = 64, A = 255 }
[xUnit.net 00:00:03.86]         Point offscreen+composite safe interior: 0 differing pixels
[xUnit.net 00:00:03.86]         Linear direct external right/bottom edges: 0 differing pixels
[xUnit.net 00:00:03.86]         Linear direct safe interior: 0 differing pixels
[xUnit.net 00:00:03.86]         Linear offscreen+composite external right/bottom edges: 56 differing pixels
[xUnit.net 00:00:03.86]           (40,11) Color { R = 53, G = 9, B = 50, A = 255 } -> Color { R = 59, G = 4, B = 59, A = 255 }
[xUnit.net 00:00:03.86]           (40,12) Color { R = 53, G = 11, B = 26, A = 255 } -> Color { R = 59, G = 4, B = 49, A = 255 }
[xUnit.net 00:00:03.86]           (40,13) Color { R = 53, G = 13, B = 8, A = 255 } -> Color { R = 59, G = 5, B = 42, A = 255 }
[xUnit.net 00:00:03.86]           (40,14) Color { R = 53, G = 14, B = 8, A = 255 } -> Color { R = 59, G = 5, B = 42, A = 255 }
[xUnit.net 00:00:03.86]           (40,15) Color { R = 53, G = 16, B = 13, A = 255 } -> Color { R = 59, G = 6, B = 44, A = 255 }
[xUnit.net 00:00:03.86]           (40,16) Color { R = 53, G = 18, B = 37, A = 255 } -> Color { R = 59, G = 7, B = 53, A = 255 }
[xUnit.net 00:00:03.86]           (40,17) Color { R = 53, G = 19, B = 56, A = 255 } -> Color { R = 59, G = 7, B = 61, A = 255 }
[xUnit.net 00:00:03.86]           (40,18) Color { R = 53, G = 21, B = 56, A = 255 } -> Color { R = 59, G = 8, B = 61, A = 255 }
[xUnit.net 00:00:03.86]           (40,19) Color { R = 53, G = 22, B = 50, A = 255 } -> Color { R = 59, G = 9, B = 59, A = 255 }
[xUnit.net 00:00:03.86]           (40,20) Color { R = 53, G = 24, B = 26, A = 255 } -> Color { R = 59, G = 9, B = 49, A = 255 }
[xUnit.net 00:00:03.86]           (40,21) Color { R = 53, G = 26, B = 8, A = 255 } -> Color { R = 59, G = 10, B = 42, A = 255 }
[xUnit.net 00:00:03.86]           (40,22) Color { R = 53, G = 27, B = 8, A = 255 } -> Color { R = 59, G = 11, B = 42, A = 255 }
[xUnit.net 00:00:03.86]           (40,23) Color { R = 53, G = 29, B = 13, A = 255 } -> Color { R = 59, G = 11, B = 44, A = 255 }
[xUnit.net 00:00:03.86]           (40,24) Color { R = 53, G = 31, B = 37, A = 255 } -> Color { R = 59, G = 12, B = 53, A = 255 }
[xUnit.net 00:00:03.86]           (40,25) Color { R = 53, G = 32, B = 56, A = 255 } -> Color { R = 59, G = 12, B = 61, A = 255 }
[xUnit.net 00:00:03.86]           (40,26) Color { R = 53, G = 34, B = 56, A = 255 } -> Color { R = 59, G = 13, B = 61, A = 255 }
[xUnit.net 00:00:03.86]         Linear offscreen+composite safe interior: 0 differing pixels
  Passed Cerneala.Tests.SdlGpu.NativeDrawingInterpolationBoundaryTests.EquivalentImageMeshTriangulationsPreservePointSampledInteriorPixels [663 ms]
  Standard Output Messages:
 Window sample count: Eight
 Point standard versus alternate diagonal: 0 differing pixels
 Point standard versus center fan: 0 differing pixels
 Point standard versus 2x2 grid: 0 differing pixels
 Linear standard versus alternate diagonal: 0 differing pixels
 Linear standard versus center fan: 0 differing pixels
 Linear standard versus 2x2 grid: 0 differing pixels


  Failed Cerneala.Tests.SdlGpu.NativeDrawingInterpolationBoundaryTests.PointCropDoesNotSampleAtlasNeighborsAtFractionalSurfaceEdge [677 ms]
  Error Message:
   Point sampling read unrelated atlas texels at 56 external-edge pixels.
  Stack Trace:
     at Cerneala.Tests.SdlGpu.NativeDrawingInterpolationBoundaryTests.PointCropDoesNotSampleAtlasNeighborsAtFractionalSurfaceEdge() in C:\Users\lauri\Desktop\Cerneala\tests\Cerneala.Tests.SdlGpu\NativeDrawingInterpolationBoundaryTests.cs:line 101
   at System.RuntimeMethodHandle.InvokeMethod(Object target, Void** arguments, Signature sig, Boolean isConstructor)
   at System.Reflection.MethodBaseInvoker.InvokeWithNoArgs(Object obj, BindingFlags invokeAttr)
  Standard Output Messages:
 Parent window sample count: One
 Point direct external right/bottom edges: 0 differing pixels
 Point direct safe interior: 0 differing pixels
 Point offscreen+composite external right/bottom edges: 56 differing pixels
   (40,11) Color { R = 53, G = 9, B = 56, A = 255 } -> Color { R = 64, G = 0, B = 64, A = 255 }
   (40,12) Color { R = 53, G = 12, B = 8, A = 255 } -> Color { R = 64, G = 0, B = 64, A = 255 }
   (40,13) Color { R = 53, G = 12, B = 8, A = 255 } -> Color { R = 64, G = 0, B = 64, A = 255 }
   (40,14) Color { R = 53, G = 16, B = 8, A = 255 } -> Color { R = 64, G = 0, B = 64, A = 255 }
   (40,15) Color { R = 53, G = 16, B = 8, A = 255 } -> Color { R = 64, G = 0, B = 64, A = 255 }
   (40,16) Color { R = 53, G = 19, B = 56, A = 255 } -> Color { R = 64, G = 0, B = 64, A = 255 }
   (40,17) Color { R = 53, G = 19, B = 56, A = 255 } -> Color { R = 64, G = 0, B = 64, A = 255 }
   (40,18) Color { R = 53, G = 22, B = 56, A = 255 } -> Color { R = 64, G = 0, B = 64, A = 255 }
   (40,19) Color { R = 53, G = 22, B = 56, A = 255 } -> Color { R = 64, G = 0, B = 64, A = 255 }
   (40,20) Color { R = 53, G = 25, B = 8, A = 255 } -> Color { R = 64, G = 0, B = 64, A = 255 }
   (40,21) Color { R = 53, G = 25, B = 8, A = 255 } -> Color { R = 64, G = 0, B = 64, A = 255 }
   (40,22) Color { R = 53, G = 29, B = 8, A = 255 } -> Color { R = 64, G = 0, B = 64, A = 255 }
   (40,23) Color { R = 53, G = 29, B = 8, A = 255 } -> Color { R = 64, G = 0, B = 64, A = 255 }
   (40,24) Color { R = 53, G = 32, B = 56, A = 255 } -> Color { R = 64, G = 0, B = 64, A = 255 }
   (40,25) Color { R = 53, G = 32, B = 56, A = 255 } -> Color { R = 64, G = 0, B = 64, A = 255 }
   (40,26) Color { R = 53, G = 35, B = 56, A = 255 } -> Color { R = 64, G = 0, B = 64, A = 255 }
 Point offscreen+composite safe interior: 0 differing pixels
 Linear direct external right/bottom edges: 0 differing pixels
 Linear direct safe interior: 0 differing pixels
 Linear offscreen+composite external right/bottom edges: 56 differing pixels
   (40,11) Color { R = 53, G = 9, B = 50, A = 255 } -> Color { R = 59, G = 4, B = 59, A = 255 }
   (40,12) Color { R = 53, G = 11, B = 26, A = 255 } -> Color { R = 59, G = 4, B = 49, A = 255 }
   (40,13) Color { R = 53, G = 13, B = 8, A = 255 } -> Color { R = 59, G = 5, B = 42, A = 255 }
   (40,14) Color { R = 53, G = 14, B = 8, A = 255 } -> Color { R = 59, G = 5, B = 42, A = 255 }
   (40,15) Color { R = 53, G = 16, B = 13, A = 255 } -> Color { R = 59, G = 6, B = 44, A = 255 }
   (40,16) Color { R = 53, G = 18, B = 37, A = 255 } -> Color { R = 59, G = 7, B = 53, A = 255 }
   (40,17) Color { R = 53, G = 19, B = 56, A = 255 } -> Color { R = 59, G = 7, B = 61, A = 255 }
   (40,18) Color { R = 53, G = 21, B = 56, A = 255 } -> Color { R = 59, G = 8, B = 61, A = 255 }
   (40,19) Color { R = 53, G = 22, B = 50, A = 255 } -> Color { R = 59, G = 9, B = 59, A = 255 }
   (40,20) Color { R = 53, G = 24, B = 26, A = 255 } -> Color { R = 59, G = 9, B = 49, A = 255 }
   (40,21) Color { R = 53, G = 26, B = 8, A = 255 } -> Color { R = 59, G = 10, B = 42, A = 255 }
   (40,22) Color { R = 53, G = 27, B = 8, A = 255 } -> Color { R = 59, G = 11, B = 42, A = 255 }
   (40,23) Color { R = 53, G = 29, B = 13, A = 255 } -> Color { R = 59, G = 11, B = 44, A = 255 }
   (40,24) Color { R = 53, G = 31, B = 37, A = 255 } -> Color { R = 59, G = 12, B = 53, A = 255 }
   (40,25) Color { R = 53, G = 32, B = 56, A = 255 } -> Color { R = 59, G = 12, B = 61, A = 255 }
   (40,26) Color { R = 53, G = 34, B = 56, A = 255 } -> Color { R = 59, G = 13, B = 61, A = 255 }
 Linear offscreen+composite safe interior: 0 differing pixels


[xUnit.net 00:00:04.62]     Cerneala.Tests.SdlGpu.NativeDrawingInterpolationBoundaryTests.FractionalAndSubtexelPointSourcesDoNotReadChangedAtlasGuards [FAIL]
[xUnit.net 00:00:04.62]       Assert.Empty() Failure: Collection was not empty
[xUnit.net 00:00:04.62]       Collection: [PixelDifference { X = 8, Y = 8, Expected = Color { R = 127, G = 0, B = 127, A = 255 }, Actual = Color { R = 0, G = 127, B = 127, A = 255 } }, PixelDifference { X = 9, Y = 8, Expected = Color { R = 191, G = 0, B = 191, A = 255 }, Actual = Color { R = 0, G = 191, B = 191, A = 255 } }, PixelDifference { X = 10, Y = 8, Expected = Color { R = 191, G = 0, B = 191, A = 255 }, Actual = Color { R = 0, G = 191, B = 191, A = 255 } }, PixelDifference { X = 11, Y = 8, Expected = Color { R = 191, G = 0, B = 191, A = 255 }, Actual = Color { R = 0, G = 191, B = 191, A = 255 } }, PixelDifference { X = 12, Y = 8, Expected = Color { R = 191, G = 0, B = 191, A = 255 }, Actual = Color { R = 0, G = 191, B = 191, A = 255 } }, ···]
[xUnit.net 00:00:04.62]       Stack Trace:
[xUnit.net 00:00:04.62]         C:\Users\lauri\Desktop\Cerneala\tests\Cerneala.Tests.SdlGpu\NativeDrawingInterpolationBoundaryTests.cs(168,0): at Cerneala.Tests.SdlGpu.NativeDrawingInterpolationBoundaryTests.FractionalAndSubtexelPointSourcesDoNotReadChangedAtlasGuards()
[xUnit.net 00:00:04.62]            at System.RuntimeMethodHandle.InvokeMethod(Object target, Void** arguments, Signature sig, Boolean isConstructor)
[xUnit.net 00:00:04.62]            at System.Reflection.MethodBaseInvoker.InvokeWithNoArgs(Object obj, BindingFlags invokeAttr)
[xUnit.net 00:00:04.62]       Output:
[xUnit.net 00:00:04.62]         Point source DrawRect { X = 2.25, Y = 2.25, Width = 15.5, Height = 15.5, Right = 17.75, Bottom = 17.75 } guard independence: 128 differing pixels
[xUnit.net 00:00:04.62]           (8,8) Color { R = 127, G = 0, B = 127, A = 255 } -> Color { R = 0, G = 127, B = 127, A = 255 }
[xUnit.net 00:00:04.62]           (9,8) Color { R = 191, G = 0, B = 191, A = 255 } -> Color { R = 0, G = 191, B = 191, A = 255 }
[xUnit.net 00:00:04.62]           (10,8) Color { R = 191, G = 0, B = 191, A = 255 } -> Color { R = 0, G = 191, B = 191, A = 255 }
[xUnit.net 00:00:04.62]           (11,8) Color { R = 191, G = 0, B = 191, A = 255 } -> Color { R = 0, G = 191, B = 191, A = 255 }
[xUnit.net 00:00:04.62]           (12,8) Color { R = 191, G = 0, B = 191, A = 255 } -> Color { R = 0, G = 191, B = 191, A = 255 }
[xUnit.net 00:00:04.62]           (13,8) Color { R = 191, G = 0, B = 191, A = 255 } -> Color { R = 0, G = 191, B = 191, A = 255 }
[xUnit.net 00:00:04.62]           (14,8) Color { R = 191, G = 0, B = 191, A = 255 } -> Color { R = 0, G = 191, B = 191, A = 255 }
[xUnit.net 00:00:04.62]           (15,8) Color { R = 191, G = 0, B = 191, A = 255 } -> Color { R = 0, G = 191, B = 191, A = 255 }
[xUnit.net 00:00:04.62]           (16,8) Color { R = 191, G = 0, B = 191, A = 255 } -> Color { R = 0, G = 191, B = 191, A = 255 }
[xUnit.net 00:00:04.62]           (17,8) Color { R = 191, G = 0, B = 191, A = 255 } -> Color { R = 0, G = 191, B = 191, A = 255 }
[xUnit.net 00:00:04.62]           (18,8) Color { R = 191, G = 0, B = 191, A = 255 } -> Color { R = 0, G = 191, B = 191, A = 255 }
[xUnit.net 00:00:04.62]           (19,8) Color { R = 191, G = 0, B = 191, A = 255 } -> Color { R = 0, G = 191, B = 191, A = 255 }
[xUnit.net 00:00:04.62]           (20,8) Color { R = 191, G = 0, B = 191, A = 255 } -> Color { R = 0, G = 191, B = 191, A = 255 }
[xUnit.net 00:00:04.62]           (21,8) Color { R = 191, G = 0, B = 191, A = 255 } -> Color { R = 0, G = 191, B = 191, A = 255 }
[xUnit.net 00:00:04.62]           (22,8) Color { R = 191, G = 0, B = 191, A = 255 } -> Color { R = 0, G = 191, B = 191, A = 255 }
[xUnit.net 00:00:04.62]           (23,8) Color { R = 191, G = 0, B = 191, A = 255 } -> Color { R = 0, G = 191, B = 191, A = 255 }
[xUnit.net 00:00:04.63]   Finished:    Cerneala.Tests.SdlGpu
  Failed Cerneala.Tests.SdlGpu.NativeDrawingInterpolationBoundaryTests.FractionalAndSubtexelPointSourcesDoNotReadChangedAtlasGuards [763 ms]
  Error Message:
   Assert.Empty() Failure: Collection was not empty
Collection: [PixelDifference { X = 8, Y = 8, Expected = Color { R = 127, G = 0, B = 127, A = 255 }, Actual = Color { R = 0, G = 127, B = 127, A = 255 } }, PixelDifference { X = 9, Y = 8, Expected = Color { R = 191, G = 0, B = 191, A = 255 }, Actual = Color { R = 0, G = 191, B = 191, A = 255 } }, PixelDifference { X = 10, Y = 8, Expected = Color { R = 191, G = 0, B = 191, A = 255 }, Actual = Color { R = 0, G = 191, B = 191, A = 255 } }, PixelDifference { X = 11, Y = 8, Expected = Color { R = 191, G = 0, B = 191, A = 255 }, Actual = Color { R = 0, G = 191, B = 191, A = 255 } }, PixelDifference { X = 12, Y = 8, Expected = Color { R = 191, G = 0, B = 191, A = 255 }, Actual = Color { R = 0, G = 191, B = 191, A = 255 } }, ···]
  Stack Trace:
     at Cerneala.Tests.SdlGpu.NativeDrawingInterpolationBoundaryTests.FractionalAndSubtexelPointSourcesDoNotReadChangedAtlasGuards() in C:\Users\lauri\Desktop\Cerneala\tests\Cerneala.Tests.SdlGpu\NativeDrawingInterpolationBoundaryTests.cs:line 168
   at System.RuntimeMethodHandle.InvokeMethod(Object target, Void** arguments, Signature sig, Boolean isConstructor)
   at System.Reflection.MethodBaseInvoker.InvokeWithNoArgs(Object obj, BindingFlags invokeAttr)
  Standard Output Messages:
 Point source DrawRect { X = 2.25, Y = 2.25, Width = 15.5, Height = 15.5, Right = 17.75, Bottom = 17.75 } guard independence: 128 differing pixels
   (8,8) Color { R = 127, G = 0, B = 127, A = 255 } -> Color { R = 0, G = 127, B = 127, A = 255 }
   (9,8) Color { R = 191, G = 0, B = 191, A = 255 } -> Color { R = 0, G = 191, B = 191, A = 255 }
   (10,8) Color { R = 191, G = 0, B = 191, A = 255 } -> Color { R = 0, G = 191, B = 191, A = 255 }
   (11,8) Color { R = 191, G = 0, B = 191, A = 255 } -> Color { R = 0, G = 191, B = 191, A = 255 }
   (12,8) Color { R = 191, G = 0, B = 191, A = 255 } -> Color { R = 0, G = 191, B = 191, A = 255 }
   (13,8) Color { R = 191, G = 0, B = 191, A = 255 } -> Color { R = 0, G = 191, B = 191, A = 255 }
   (14,8) Color { R = 191, G = 0, B = 191, A = 255 } -> Color { R = 0, G = 191, B = 191, A = 255 }
   (15,8) Color { R = 191, G = 0, B = 191, A = 255 } -> Color { R = 0, G = 191, B = 191, A = 255 }
   (16,8) Color { R = 191, G = 0, B = 191, A = 255 } -> Color { R = 0, G = 191, B = 191, A = 255 }
   (17,8) Color { R = 191, G = 0, B = 191, A = 255 } -> Color { R = 0, G = 191, B = 191, A = 255 }
   (18,8) Color { R = 191, G = 0, B = 191, A = 255 } -> Color { R = 0, G = 191, B = 191, A = 255 }
   (19,8) Color { R = 191, G = 0, B = 191, A = 255 } -> Color { R = 0, G = 191, B = 191, A = 255 }
   (20,8) Color { R = 191, G = 0, B = 191, A = 255 } -> Color { R = 0, G = 191, B = 191, A = 255 }
   (21,8) Color { R = 191, G = 0, B = 191, A = 255 } -> Color { R = 0, G = 191, B = 191, A = 255 }
   (22,8) Color { R = 191, G = 0, B = 191, A = 255 } -> Color { R = 0, G = 191, B = 191, A = 255 }
   (23,8) Color { R = 191, G = 0, B = 191, A = 255 } -> Color { R = 0, G = 191, B = 191, A = 255 }



Test Run Failed.
Total tests: 5
     Passed: 1
     Failed: 4
 Total time: 5.4040 Seconds
Results File: C:\Users\lauri\Desktop\Cerneala\tests\Cerneala.Tests.SdlGpu\TestResults\image-domain-expanded-red-a-01.trx
