  Cerneala.Language -> C:\Users\lauri\Desktop\Cerneala\Cerneala.Language\bin\Release\netstandard2.0\Cerneala.Language.dll
  Cerneala.SourceGen -> C:\Users\lauri\Desktop\Cerneala\Cerneala.SourceGen\bin\Release\netstandard2.0\Cerneala.SourceGen.dll
  Cerneala -> C:\Users\lauri\Desktop\Cerneala\bin\Release\net8.0\Cerneala.dll
  Cerneala.Platforms.Sdl3 -> C:\Users\lauri\Desktop\Cerneala\Cerneala.Platforms.Sdl3\bin\Release\net8.0\Cerneala.Platforms.Sdl3.dll
  Cerneala.Scene2D.Packages -> C:\Users\lauri\Desktop\Cerneala\Cerneala.Scene2D.Packages\bin\Release\net8.0\Cerneala.Scene2D.Packages.dll
  Verified 10 SDL shader artifacts from 'C:\Users\lauri\Desktop\Cerneala\Cerneala.Backends.SdlGpu\Shaders\manifest.json'.
  Cerneala.Backends.SdlGpu -> C:\Users\lauri\Desktop\Cerneala\Cerneala.Backends.SdlGpu\bin\Release\net8.0\Cerneala.Backends.SdlGpu.dll
  Tetris -> C:\Users\lauri\Desktop\Cerneala\Tetrisish\bin\Release\net8.0\Cerneala.Tetris.dll
  Cerneala.Tests.SdlGpu -> C:\Users\lauri\Desktop\Cerneala\tests\Cerneala.Tests.SdlGpu\bin\Release\net8.0\Cerneala.Tests.SdlGpu.dll
Test run for C:\Users\lauri\Desktop\Cerneala\tests\Cerneala.Tests.SdlGpu\bin\Release\net8.0\Cerneala.Tests.SdlGpu.dll (.NETCoreApp,Version=v8.0)
A total of 1 test files matched the specified pattern.
[xUnit.net 00:00:04.45]     Cerneala.Tests.SdlGpu.NativeDrawingInterpolationBoundaryTests.FractionalAndSubtexelPointSourcesDoNotReadChangedAtlasGuards [FAIL]
  Failed Cerneala.Tests.SdlGpu.NativeDrawingInterpolationBoundaryTests.FractionalAndSubtexelPointSourcesDoNotReadChangedAtlasGuards [608 ms]
  Error Message:
   Assert.Empty() Failure: Collection was not empty
Collection: [PixelDifference { X = 8, Y = 8, Expected = Color { R = 64, G = 0, B = 64, A = 255 }, Actual = Color { R = 0, G = 64, B = 64, A = 255 } }, PixelDifference { X = 9, Y = 8, Expected = Color { R = 127, G = 0, B = 127, A = 255 }, Actual = Color { R = 0, G = 127, B = 127, A = 255 } }, PixelDifference { X = 10, Y = 8, Expected = Color { R = 127, G = 0, B = 127, A = 255 }, Actual = Color { R = 0, G = 127, B = 127, A = 255 } }, PixelDifference { X = 11, Y = 8, Expected = Color { R = 127, G = 0, B = 127, A = 255 }, Actual = Color { R = 0, G = 127, B = 127, A = 255 } }, PixelDifference { X = 12, Y = 8, Expected = Color { R = 127, G = 0, B = 127, A = 255 }, Actual = Color { R = 0, G = 127, B = 127, A = 255 } }, ···]
  Stack Trace:
     at Cerneala.Tests.SdlGpu.NativeDrawingInterpolationBoundaryTests.FractionalAndSubtexelPointSourcesDoNotReadChangedAtlasGuards() in C:\Users\lauri\Desktop\Cerneala\tests\Cerneala.Tests.SdlGpu\NativeDrawingInterpolationBoundaryTests.cs:line 193
   at System.RuntimeMethodHandle.InvokeMethod(Object target, Void** arguments, Signature sig, Boolean isConstructor)
   at System.Reflection.MethodBaseInvoker.InvokeWithNoArgs(Object obj, BindingFlags invokeAttr)
  Standard Output Messages:
 Point source DrawRect { X = 2.25, Y = 2.25, Width = 15.5, Height = 15.5, Right = 17.75, Bottom = 17.75 } guard independence: 0 differing pixels
 Point source DrawRect { X = 10.25, Y = 10.25, Width = 0.5, Height = 0.5, Right = 10.75, Bottom = 10.75 } guard independence: 0 differing pixels
 Point source DrawRect { X = 2, Y = 2, Width = 16, Height = 16, Right = 18, Bottom = 18 } guard independence: 65 differing pixels
   (8,8) Color { R = 64, G = 0, B = 64, A = 255 } -> Color { R = 0, G = 64, B = 64, A = 255 }
   (9,8) Color { R = 127, G = 0, B = 127, A = 255 } -> Color { R = 0, G = 127, B = 127, A = 255 }
   (10,8) Color { R = 127, G = 0, B = 127, A = 255 } -> Color { R = 0, G = 127, B = 127, A = 255 }
   (11,8) Color { R = 127, G = 0, B = 127, A = 255 } -> Color { R = 0, G = 127, B = 127, A = 255 }
   (12,8) Color { R = 127, G = 0, B = 127, A = 255 } -> Color { R = 0, G = 127, B = 127, A = 255 }
   (13,8) Color { R = 127, G = 0, B = 127, A = 255 } -> Color { R = 0, G = 127, B = 127, A = 255 }
   (14,8) Color { R = 127, G = 0, B = 127, A = 255 } -> Color { R = 0, G = 127, B = 127, A = 255 }
   (15,8) Color { R = 127, G = 0, B = 127, A = 255 } -> Color { R = 0, G = 127, B = 127, A = 255 }
   (16,8) Color { R = 127, G = 0, B = 127, A = 255 } -> Color { R = 0, G = 127, B = 127, A = 255 }
   (17,8) Color { R = 127, G = 0, B = 127, A = 255 } -> Color { R = 0, G = 127, B = 127, A = 255 }
   (18,8) Color { R = 127, G = 0, B = 127, A = 255 } -> Color { R = 0, G = 127, B = 127, A = 255 }
   (19,8) Color { R = 127, G = 0, B = 127, A = 255 } -> Color { R = 0, G = 127, B = 127, A = 255 }
   (20,8) Color { R = 127, G = 0, B = 127, A = 255 } -> Color { R = 0, G = 127, B = 127, A = 255 }
   (21,8) Color { R = 127, G = 0, B = 127, A = 255 } -> Color { R = 0, G = 127, B = 127, A = 255 }
   (22,8) Color { R = 127, G = 0, B = 127, A = 255 } -> Color { R = 0, G = 127, B = 127, A = 255 }
   (23,8) Color { R = 127, G = 0, B = 127, A = 255 } -> Color { R = 0, G = 127, B = 127, A = 255 }


Results File: C:\Users\lauri\Desktop\Cerneala\tests\Cerneala.Tests.SdlGpu\TestResults\image-domain-matched-centroid-native.trx

Failed!  - Failed:     1, Passed:     5, Skipped:     0, Total:     6, Duration: 3 s - Cerneala.Tests.SdlGpu.dll (net8.0)
