  Cerneala.Language -> C:\Users\lauri\Desktop\Cerneala\Cerneala.Language\bin\Release\netstandard2.0\Cerneala.Language.dll
  Cerneala.SourceGen -> C:\Users\lauri\Desktop\Cerneala\Cerneala.SourceGen\bin\Release\netstandard2.0\Cerneala.SourceGen.dll
  Cerneala -> C:\Users\lauri\Desktop\Cerneala\bin\Release\net8.0\Cerneala.dll
  Cerneala.Platforms.Sdl3 -> C:\Users\lauri\Desktop\Cerneala\Cerneala.Platforms.Sdl3\bin\Release\net8.0\Cerneala.Platforms.Sdl3.dll
  Cerneala.Backends.SdlGpu -> C:\Users\lauri\Desktop\Cerneala\Cerneala.Backends.SdlGpu\bin\Release\net8.0\Cerneala.Backends.SdlGpu.dll
  Cerneala.Scene2D.Packages -> C:\Users\lauri\Desktop\Cerneala\Cerneala.Scene2D.Packages\bin\Release\net8.0\Cerneala.Scene2D.Packages.dll
  Tetris -> C:\Users\lauri\Desktop\Cerneala\Tetrisish\bin\Release\net8.0\Cerneala.Tetris.dll
  Cerneala.Tests.SdlGpu -> C:\Users\lauri\Desktop\Cerneala\tests\Cerneala.Tests.SdlGpu\bin\Release\net8.0\Cerneala.Tests.SdlGpu.dll
Test run for C:\Users\lauri\Desktop\Cerneala\tests\Cerneala.Tests.SdlGpu\bin\Release\net8.0\Cerneala.Tests.SdlGpu.dll (.NETCoreApp,Version=v8.0)
A total of 1 test files matched the specified pattern.
C:\Users\lauri\Desktop\Cerneala\tests\Cerneala.Tests.SdlGpu\bin\Release\net8.0\Cerneala.Tests.SdlGpu.dll
[xUnit.net 00:00:00.00] xUnit.net VSTest Adapter v2.5.3.1+6b60a9e56a (64-bit .NET 8.0.30)
[xUnit.net 00:00:00.87]   Discovering: Cerneala.Tests.SdlGpu
[xUnit.net 00:00:01.54]   Discovered:  Cerneala.Tests.SdlGpu
[xUnit.net 00:00:01.54]   Starting:    Cerneala.Tests.SdlGpu
  Passed Cerneala.Tests.SdlGpu.NativeDrawingInterpolationBoundaryTests.FractionalCropReportsAtlasNeighborsOnDirectAndOffscreenPaths [1 s]
  Standard Output Messages:
 Parent window sample count: One
 Point direct external right/bottom edges: 0 differing pixels
 Point direct safe interior: 0 differing pixels
 Point offscreen+composite external right/bottom edges: 56 differing pixels
   (40,11) Color { R = 53, G = 9, B = 56, A = 255 } -> Color { R = 64, G = 0, B = 64, A = 255 }
   (40,12) Color { R = 53, G = 12, B = 8, A = 255 } -> Color { R = 64, G = 0, B = 64, A = 255 }
   (40,13) Color { R = 53, G = 12, B = 8, A = 255 } -> Color { R = 64, G = 0, B = 64, A = 255 }
   (40,14) Color { R = 53, G = 16, B = 8, A = 255 } -> Color { R = 64, G = 0, B = 64, A = 255 }
   (40,15) Color { R = 53, G = 16, B = 8, A = 255 } -> Color { R = 64, G = 0, B = 64, A = 255 }
   (40,16) Color { R = 53, G = 19, B = 56, A = 255 } -> Color { R = 64, G = 0, B = 64, A = 255 }
   (40,17) Color { R = 53, G = 19, B = 56, A = 255 } -> Color { R = 64, G = 0, B = 64, A = 255 }
   (40,18) Color { R = 53, G = 22, B = 56, A = 255 } -> Color { R = 64, G = 0, B = 64, A = 255 }
   (40,19) Color { R = 53, G = 22, B = 56, A = 255 } -> Color { R = 64, G = 0, B = 64, A = 255 }
   (40,20) Color { R = 53, G = 25, B = 8, A = 255 } -> Color { R = 64, G = 0, B = 64, A = 255 }
   (40,21) Color { R = 53, G = 25, B = 8, A = 255 } -> Color { R = 64, G = 0, B = 64, A = 255 }
   (40,22) Color { R = 53, G = 29, B = 8, A = 255 } -> Color { R = 64, G = 0, B = 64, A = 255 }
   (40,23) Color { R = 53, G = 29, B = 8, A = 255 } -> Color { R = 64, G = 0, B = 64, A = 255 }
   (40,24) Color { R = 53, G = 32, B = 56, A = 255 } -> Color { R = 64, G = 0, B = 64, A = 255 }
   (40,25) Color { R = 53, G = 32, B = 56, A = 255 } -> Color { R = 64, G = 0, B = 64, A = 255 }
   (40,26) Color { R = 53, G = 35, B = 56, A = 255 } -> Color { R = 64, G = 0, B = 64, A = 255 }
 Point offscreen+composite safe interior: 0 differing pixels
 Linear direct external right/bottom edges: 0 differing pixels
 Linear direct safe interior: 0 differing pixels
 Linear offscreen+composite external right/bottom edges: 56 differing pixels
   (40,11) Color { R = 53, G = 9, B = 50, A = 255 } -> Color { R = 59, G = 4, B = 59, A = 255 }
   (40,12) Color { R = 53, G = 11, B = 26, A = 255 } -> Color { R = 59, G = 4, B = 49, A = 255 }
   (40,13) Color { R = 53, G = 13, B = 8, A = 255 } -> Color { R = 59, G = 5, B = 42, A = 255 }
   (40,14) Color { R = 53, G = 14, B = 8, A = 255 } -> Color { R = 59, G = 5, B = 42, A = 255 }
   (40,15) Color { R = 53, G = 16, B = 13, A = 255 } -> Color { R = 59, G = 6, B = 44, A = 255 }
   (40,16) Color { R = 53, G = 18, B = 37, A = 255 } -> Color { R = 59, G = 7, B = 53, A = 255 }
   (40,17) Color { R = 53, G = 19, B = 56, A = 255 } -> Color { R = 59, G = 7, B = 61, A = 255 }
   (40,18) Color { R = 53, G = 21, B = 56, A = 255 } -> Color { R = 59, G = 8, B = 61, A = 255 }
   (40,19) Color { R = 53, G = 22, B = 50, A = 255 } -> Color { R = 59, G = 9, B = 59, A = 255 }
   (40,20) Color { R = 53, G = 24, B = 26, A = 255 } -> Color { R = 59, G = 9, B = 49, A = 255 }
   (40,21) Color { R = 53, G = 26, B = 8, A = 255 } -> Color { R = 59, G = 10, B = 42, A = 255 }
   (40,22) Color { R = 53, G = 27, B = 8, A = 255 } -> Color { R = 59, G = 11, B = 42, A = 255 }
   (40,23) Color { R = 53, G = 29, B = 13, A = 255 } -> Color { R = 59, G = 11, B = 44, A = 255 }
   (40,24) Color { R = 53, G = 31, B = 37, A = 255 } -> Color { R = 59, G = 12, B = 53, A = 255 }
   (40,25) Color { R = 53, G = 32, B = 56, A = 255 } -> Color { R = 59, G = 12, B = 61, A = 255 }
   (40,26) Color { R = 53, G = 34, B = 56, A = 255 } -> Color { R = 59, G = 13, B = 61, A = 255 }
 Linear offscreen+composite safe interior: 0 differing pixels


[xUnit.net 00:00:03.53]   Finished:    Cerneala.Tests.SdlGpu
  Passed Cerneala.Tests.SdlGpu.NativeDrawingInterpolationBoundaryTests.EquivalentImageMeshTriangulationsReportInteriorPixelDifferences [801 ms]
  Standard Output Messages:
 Window sample count: Eight
 Point standard versus alternate diagonal: 0 differing pixels
 Point standard versus center fan: 0 differing pixels
 Point standard versus 2x2 grid: 0 differing pixels
 Linear standard versus alternate diagonal: 0 differing pixels
 Linear standard versus center fan: 0 differing pixels
 Linear standard versus 2x2 grid: 0 differing pixels


Results File: C:\Users\lauri\Desktop\Cerneala\tests\Cerneala.Tests.SdlGpu\TestResults\logical-domain-a-initial-01.trx

Test Run Successful.
Total tests: 2
     Passed: 2
 Total time: 4.4747 Seconds
