  Determining projects to restore...
  All projects are up-to-date for restore.
  Cerneala.Language -> C:\Users\lauri\Desktop\Cerneala\Cerneala.Language\bin\Release\netstandard2.0\Cerneala.Language.dll
  Cerneala.SourceGen -> C:\Users\lauri\Desktop\Cerneala\Cerneala.SourceGen\bin\Release\netstandard2.0\Cerneala.SourceGen.dll
  Cerneala -> C:\Users\lauri\Desktop\Cerneala\bin\Release\net8.0\Cerneala.dll
  Cerneala.Scene2D.Packages -> C:\Users\lauri\Desktop\Cerneala\Cerneala.Scene2D.Packages\bin\Release\net8.0\Cerneala.Scene2D.Packages.dll
  Cerneala.Platforms.Sdl3 -> C:\Users\lauri\Desktop\Cerneala\Cerneala.Platforms.Sdl3\bin\Release\net8.0\Cerneala.Platforms.Sdl3.dll
  Cerneala.Backends.SdlGpu -> C:\Users\lauri\Desktop\Cerneala\Cerneala.Backends.SdlGpu\bin\Release\net8.0\Cerneala.Backends.SdlGpu.dll
  Tetris -> C:\Users\lauri\Desktop\Cerneala\Tetrisish\bin\Release\net8.0\Cerneala.Tetris.dll
  Cerneala.Tests.SdlGpu -> C:\Users\lauri\Desktop\Cerneala\tests\Cerneala.Tests.SdlGpu\bin\Release\net8.0\Cerneala.Tests.SdlGpu.dll
Test run for C:\Users\lauri\Desktop\Cerneala\tests\Cerneala.Tests.SdlGpu\bin\Release\net8.0\Cerneala.Tests.SdlGpu.dll (.NETCoreApp,Version=v8.0)
A total of 1 test files matched the specified pattern.
C:\Users\lauri\Desktop\Cerneala\tests\Cerneala.Tests.SdlGpu\bin\Release\net8.0\Cerneala.Tests.SdlGpu.dll
[xUnit.net 00:00:00.00] xUnit.net VSTest Adapter v2.5.3.1+6b60a9e56a (64-bit .NET 8.0.30)
[xUnit.net 00:00:00.42]   Discovering: Cerneala.Tests.SdlGpu
[xUnit.net 00:00:00.61]   Discovered:  Cerneala.Tests.SdlGpu
[xUnit.net 00:00:00.62]   Starting:    Cerneala.Tests.SdlGpu
[xUnit.net 00:00:01.60]   Finished:    Cerneala.Tests.SdlGpu
  Passed Cerneala.Tests.SdlGpu.SdlGpuImageDomainWarmBaselineTests.WarmImageWorkloadsRecordCpuAllocationsAndBatchingWithoutAnArbitraryThreshold [930 ms]
  Standard Output Messages:
 Fake SDL, Release=True, quads=1024, warmup=32, measured=20, frame=256x256; CPU timings include fake-API observation, not native GPU work.
 ordinary Linear+Clamp images: CPU ms min/median/p95/max=2.218/2.376/2.465/2.478; allocated bytes min/median/p95/max=11728/12336/13368/14416; vertexBytes=131072; submissions=1024; merged=1023; draws=1; pipelineBinds=1; samplerBinds=1; warmNewBuffers=0; warmNewTransfers=0.
 Point+Clamp images: CPU ms min/median/p95/max=2.214/2.345/2.670/7.284; allocated bytes min/median/p95/max=11728/12336/13368/14416; vertexBytes=131072; submissions=1024; merged=1023; draws=1; pipelineBinds=1; samplerBinds=1; warmNewBuffers=0; warmNewTransfers=0.
 alternating Linear/Point images: CPU ms min/median/p95/max=5.137/5.853/7.124/7.930; allocated bytes min/median/p95/max=1873488/1874096/1875520/1876568; vertexBytes=131072; submissions=1024; merged=0; draws=1024; pipelineBinds=1; samplerBinds=1024; warmNewBuffers=0; warmNewTransfers=0.
 alternating Point images/authored quads, same sampler: CPU ms min/median/p95/max=2.016/2.532/3.514/3.718; allocated bytes min/median/p95/max=11728/12336/13368/14416; vertexBytes=131072; submissions=1024; merged=1023; draws=1; pipelineBinds=1; samplerBinds=1; warmNewBuffers=0; warmNewTransfers=0.
 GPU time: unavailable; fake SDL has no GPU timestamp measurement.



Test Run Successful.
Total tests: 1
     Passed: 1
 Total time: 2.4179 Seconds
Results File: C:\Users\lauri\Desktop\Cerneala\tests\Cerneala.Tests.SdlGpu\TestResults\warm-baseline-a-02.trx
