  Determining projects to restore...
  Restored C:\Users\lauri\Desktop\Cerneala\Cerneala.Language\Cerneala.Language.csproj (in 677 ms).
  Restored C:\Users\lauri\Desktop\Cerneala\Cerneala.csproj (in 657 ms).
  Restored C:\Users\lauri\Desktop\Cerneala\Cerneala.Backends.SdlGpu\Cerneala.Backends.SdlGpu.csproj (in 657 ms).
  Restored C:\Users\lauri\Desktop\Cerneala\Cerneala.SourceGen\Cerneala.SourceGen.csproj (in 689 ms).
  Restored C:\Users\lauri\Desktop\Cerneala\Cerneala.Platforms.Sdl3\Cerneala.Platforms.Sdl3.csproj (in 820 ms).
  37 of 42 projects are up-to-date for restore.
  Cerneala.Language -> C:\Users\lauri\Desktop\Cerneala\Cerneala.Language\bin\Release\netstandard2.0\Cerneala.Language.dll
  Cerneala.SourceGen -> C:\Users\lauri\Desktop\Cerneala\Cerneala.SourceGen\bin\Release\netstandard2.0\Cerneala.SourceGen.dll
  Cerneala -> C:\Users\lauri\Desktop\Cerneala\bin\Release\net8.0\Cerneala.dll
  Cerneala.Platforms.Sdl3 -> C:\Users\lauri\Desktop\Cerneala\Cerneala.Platforms.Sdl3\bin\Release\net8.0\Cerneala.Platforms.Sdl3.dll
  Cerneala.Backends.SdlGpu -> C:\Users\lauri\Desktop\Cerneala\Cerneala.Backends.SdlGpu\bin\Release\net8.0\Cerneala.Backends.SdlGpu.dll
  Cerneala.LanguageServer -> C:\Users\lauri\Desktop\Cerneala\Cerneala.LanguageServer\bin\Release\net10.0\Cerneala.LanguageServer.dll
  Cerneala.PreviewHost -> C:\Users\lauri\Desktop\Cerneala\Cerneala.PreviewHost\bin\Release\net10.0-windows\Cerneala.PreviewHost.dll
  Cerneala.Scene2D.Importers -> C:\Users\lauri\Desktop\Cerneala\Cerneala.Scene2D.Importers\bin\Release\net8.0\Cerneala.Scene2D.Importers.dll
  Cerneala.Scene2D.Packages -> C:\Users\lauri\Desktop\Cerneala\Cerneala.Scene2D.Packages\bin\Release\net8.0\Cerneala.Scene2D.Packages.dll
  Cerneala.VisualStudio -> C:\Users\lauri\Desktop\Cerneala\Cerneala.VisualStudio\bin\Release\net472\Cerneala.VisualStudio.dll
  Determining projects to restore...
  Restored C:\Users\lauri\Desktop\Cerneala\Cerneala.Language\Cerneala.Language.csproj (in 221 ms).
  1 of 2 projects are up-to-date for restore.
  Cerneala.Language -> C:\Users\lauri\Desktop\Cerneala\Cerneala.Language\bin\Release\netstandard2.0\Cerneala.Language.dll
  Cerneala.LanguageServer -> C:\Users\lauri\Desktop\Cerneala\Cerneala.LanguageServer\bin\Release\net10.0\win-x64\Cerneala.LanguageServer.dll
  Cerneala.LanguageServer -> C:\Users\lauri\Desktop\Cerneala\Cerneala.VisualStudio\obj\Release\net472\bundled-server\
  Determining projects to restore...
  Restored C:\Users\lauri\Desktop\Cerneala\Cerneala.SourceGen\Cerneala.SourceGen.csproj (in 187 ms).
  Restored C:\Users\lauri\Desktop\Cerneala\Cerneala.csproj (in 212 ms).
  Restored C:\Users\lauri\Desktop\Cerneala\Cerneala.Backends.SdlGpu\Cerneala.Backends.SdlGpu.csproj (in 212 ms).
  Restored C:\Users\lauri\Desktop\Cerneala\Cerneala.Platforms.Sdl3\Cerneala.Platforms.Sdl3.csproj (in 309 ms).
  2 of 6 projects are up-to-date for restore.
  Cerneala.Language -> C:\Users\lauri\Desktop\Cerneala\Cerneala.Language\bin\Release\netstandard2.0\Cerneala.Language.dll
  Cerneala.SourceGen -> C:\Users\lauri\Desktop\Cerneala\Cerneala.SourceGen\bin\Release\netstandard2.0\Cerneala.SourceGen.dll
  Cerneala -> C:\Users\lauri\Desktop\Cerneala\bin\Release\net8.0\Cerneala.dll
  Cerneala.Platforms.Sdl3 -> C:\Users\lauri\Desktop\Cerneala\Cerneala.Platforms.Sdl3\bin\Release\net8.0\Cerneala.Platforms.Sdl3.dll
  Cerneala.Backends.SdlGpu -> C:\Users\lauri\Desktop\Cerneala\Cerneala.Backends.SdlGpu\bin\Release\net8.0\Cerneala.Backends.SdlGpu.dll
  Cerneala.Platforms.Sdl3 -> C:\Users\lauri\Desktop\Cerneala\Cerneala.Platforms.Sdl3\bin\Release\net8.0\win-x64\Cerneala.Platforms.Sdl3.dll
  Cerneala.PreviewHost -> C:\Users\lauri\Desktop\Cerneala\Cerneala.PreviewHost\bin\Release\net10.0-windows\win-x64\Cerneala.PreviewHost.dll
  Cerneala.PreviewHost -> C:\Users\lauri\Desktop\Cerneala\Cerneala.VisualStudio\obj\Release\net472\bundled-preview-host\
  Cerneala.VisualStudio -> C:\Users\lauri\Desktop\Cerneala\Cerneala.VisualStudio\bin\Release\net472\Cerneala.VisualStudio.vsix
  CernealaPresentation -> C:\Users\lauri\Desktop\Cerneala\CernealaPresentation\bin\Release\net8.0-windows\CernealaPresentation.dll
  Cerneala.Benchmarks -> C:\Users\lauri\Desktop\Cerneala\benchmarks\Cerneala.Benchmarks\bin\Release\net8.0-windows\Cerneala.Benchmarks.dll
  Cerneala.PresentationFrameBudget -> C:\Users\lauri\Desktop\Cerneala\benchmarks\Cerneala.PresentationFrameBudget\bin\Release\net8.0-windows\Cerneala.PresentationFrameBudget.dll
  Cerneala.WpfDispatcherBenchmarks -> C:\Users\lauri\Desktop\Cerneala\benchmarks\Cerneala.WpfDispatcherBenchmarks\bin\Release\net8.0-windows\Cerneala.WpfDispatcherBenchmarks.dll
  AvaloniaOracle -> C:\Users\lauri\Desktop\Cerneala\Playground\AvaloniaOracle\bin\Release\net10.0\AvaloniaOracle.dll
  Cerneala.ComboBoxLab -> C:\Users\lauri\Desktop\Cerneala\Playground\Cerneala.ComboBoxLab\bin\Release\net8.0-windows\Cerneala.ComboBoxLab.dll
  Cerneala.InvestorReel -> C:\Users\lauri\Desktop\Cerneala\Playground\Cerneala.InvestorReel\bin\Release\net8.0-windows\Cerneala.InvestorReel.dll
  Cerneala.MenuLab -> C:\Users\lauri\Desktop\Cerneala\Playground\Cerneala.MenuLab\bin\Release\net8.0-windows\Cerneala.MenuLab.dll
  Cerneala.Scene2D.PackageCompiler -> C:\Users\lauri\Desktop\Cerneala\Tools\Cerneala.Scene2D.PackageCompiler\bin\Release\net8.0\Cerneala.Scene2D.PackageCompiler.dll
  Cerneala.Playground -> C:\Users\lauri\Desktop\Cerneala\Playground\Cerneala.Playground\bin\Release\net8.0-windows\Cerneala.Playground.dll
  Cerneala.SceneVillage -> C:\Users\lauri\Desktop\Cerneala\Playground\Cerneala.SceneVillage\bin\Release\net8.0-windows\Cerneala.SceneVillage.dll
  Cerneala.SolarSystem -> C:\Users\lauri\Desktop\Cerneala\Playground\Cerneala.SolarSystem\bin\Release\net8.0-windows\Cerneala.SolarSystem.dll
  CernealaOracle -> C:\Users\lauri\Desktop\Cerneala\Playground\CernealaOracle\bin\Release\net8.0-windows\CernealaOracle.dll
  Cerneala.SdlGpuSmoke -> C:\Users\lauri\Desktop\Cerneala\tests\Cerneala.SdlGpuSmoke\bin\Release\net8.0\Cerneala.SdlGpuSmoke.dll
  Cerneala.Tests.Language -> C:\Users\lauri\Desktop\Cerneala\tests\Cerneala.Tests.Language\bin\Release\net8.0-windows\Cerneala.Tests.Language.dll
  Cerneala.Tests.LanguageServer -> C:\Users\lauri\Desktop\Cerneala\tests\Cerneala.Tests.LanguageServer\bin\Release\net10.0\Cerneala.Tests.LanguageServer.dll
  Cerneala.Tests.PreviewHost -> C:\Users\lauri\Desktop\Cerneala\tests\Cerneala.Tests.PreviewHost\bin\Release\net10.0-windows\Cerneala.Tests.PreviewHost.dll
  Cerneala.Tests.Scene2DImporters -> C:\Users\lauri\Desktop\Cerneala\tests\Cerneala.Tests.Scene2DImporters\bin\Release\net8.0\Cerneala.Tests.Scene2DImporters.dll
  Cerneala.Tests.Scene2DPackages -> C:\Users\lauri\Desktop\Cerneala\tests\Cerneala.Tests.Scene2DPackages\bin\Release\net8.0\Cerneala.Tests.Scene2DPackages.dll
  Cerneala.Tests.SceneVillage -> C:\Users\lauri\Desktop\Cerneala\tests\Cerneala.Tests.SceneVillage\bin\Release\net8.0-windows\Cerneala.Tests.SceneVillage.dll
  Tetris -> C:\Users\lauri\Desktop\Cerneala\Tetrisish\bin\Release\net8.0\Cerneala.Tetris.dll
  Cerneala.Tests.SdlGpu -> C:\Users\lauri\Desktop\Cerneala\tests\Cerneala.Tests.SdlGpu\bin\Release\net8.0\Cerneala.Tests.SdlGpu.dll
  Cerneala.Tests.SourceGen -> C:\Users\lauri\Desktop\Cerneala\tests\Cerneala.Tests.SourceGen\bin\Release\net8.0-windows\Cerneala.Tests.SourceGen.dll
  TimbreConsumer -> C:\Users\lauri\Desktop\Cerneala\tests\Fixtures\TimbreConsumer\bin\Release\net8.0\TimbreConsumer.dll
C:\Users\lauri\Desktop\Cerneala\tests\Cerneala.Tests.Timbre\Motion\SoundMotionIntegrationTests.cs(29,59): warning xUnit1031: Test methods should not use blocking task operations, as they can cause deadlocks. Use an async test method and await instead. (https://xunit.net/xunit.analyzers/rules/xUnit1031) [C:\Users\lauri\Desktop\Cerneala\tests\Cerneala.Tests.Timbre\Cerneala.Tests.Timbre.csproj]
C:\Users\lauri\Desktop\Cerneala\tests\Cerneala.Tests.Timbre\Markup\SoundMarkupTransportTests.cs(59,52): warning xUnit1031: Test methods should not use blocking task operations, as they can cause deadlocks. Use an async test method and await instead. (https://xunit.net/xunit.analyzers/rules/xUnit1031) [C:\Users\lauri\Desktop\Cerneala\tests\Cerneala.Tests.Timbre\Cerneala.Tests.Timbre.csproj]
C:\Users\lauri\Desktop\Cerneala\tests\Cerneala.Tests.Timbre\Markup\SoundMarkupTransportTests.cs(61,46): warning xUnit1031: Test methods should not use blocking task operations, as they can cause deadlocks. Use an async test method and await instead. (https://xunit.net/xunit.analyzers/rules/xUnit1031) [C:\Users\lauri\Desktop\Cerneala\tests\Cerneala.Tests.Timbre\Cerneala.Tests.Timbre.csproj]
C:\Users\lauri\Desktop\Cerneala\tests\Cerneala.Tests.Timbre\Markup\SoundMarkupTransportTests.cs(67,99): warning xUnit1031: Test methods should not use blocking task operations, as they can cause deadlocks. Use an async test method and await instead. (https://xunit.net/xunit.analyzers/rules/xUnit1031) [C:\Users\lauri\Desktop\Cerneala\tests\Cerneala.Tests.Timbre\Cerneala.Tests.Timbre.csproj]
C:\Users\lauri\Desktop\Cerneala\tests\Cerneala.Tests.Timbre\Markup\SoundMarkupTransportTests.cs(109,97): warning xUnit1031: Test methods should not use blocking task operations, as they can cause deadlocks. Use an async test method and await instead. (https://xunit.net/xunit.analyzers/rules/xUnit1031) [C:\Users\lauri\Desktop\Cerneala\tests\Cerneala.Tests.Timbre\Cerneala.Tests.Timbre.csproj]
C:\Users\lauri\Desktop\Cerneala\tests\Cerneala.Tests.Timbre\Markup\SoundMarkupTransportTests.cs(90,68): warning xUnit1031: Test methods should not use blocking task operations, as they can cause deadlocks. Use an async test method and await instead. (https://xunit.net/xunit.analyzers/rules/xUnit1031) [C:\Users\lauri\Desktop\Cerneala\tests\Cerneala.Tests.Timbre\Cerneala.Tests.Timbre.csproj]
C:\Users\lauri\Desktop\Cerneala\tests\Cerneala.Tests.Timbre\Markup\SoundMarkupTransportTests.cs(129,67): warning xUnit1031: Test methods should not use blocking task operations, as they can cause deadlocks. Use an async test method and await instead. (https://xunit.net/xunit.analyzers/rules/xUnit1031) [C:\Users\lauri\Desktop\Cerneala\tests\Cerneala.Tests.Timbre\Cerneala.Tests.Timbre.csproj]
C:\Users\lauri\Desktop\Cerneala\tests\Cerneala.Tests.Timbre\Markup\SoundMarkupTransportTests.cs(143,52): warning xUnit1031: Test methods should not use blocking task operations, as they can cause deadlocks. Use an async test method and await instead. (https://xunit.net/xunit.analyzers/rules/xUnit1031) [C:\Users\lauri\Desktop\Cerneala\tests\Cerneala.Tests.Timbre\Cerneala.Tests.Timbre.csproj]
C:\Users\lauri\Desktop\Cerneala\tests\Cerneala.Tests.Timbre\Markup\SoundMarkupTransportTests.cs(147,50): warning xUnit1031: Test methods should not use blocking task operations, as they can cause deadlocks. Use an async test method and await instead. (https://xunit.net/xunit.analyzers/rules/xUnit1031) [C:\Users\lauri\Desktop\Cerneala\tests\Cerneala.Tests.Timbre\Cerneala.Tests.Timbre.csproj]
C:\Users\lauri\Desktop\Cerneala\tests\Cerneala.Tests.Timbre\Markup\SoundMarkupTransportTests.cs(151,98): warning xUnit1031: Test methods should not use blocking task operations, as they can cause deadlocks. Use an async test method and await instead. (https://xunit.net/xunit.analyzers/rules/xUnit1031) [C:\Users\lauri\Desktop\Cerneala\tests\Cerneala.Tests.Timbre\Cerneala.Tests.Timbre.csproj]
C:\Users\lauri\Desktop\Cerneala\tests\Cerneala.Tests.Timbre\Markup\SoundMarkupTransportTests.cs(153,49): warning xUnit1031: Test methods should not use blocking task operations, as they can cause deadlocks. Use an async test method and await instead. (https://xunit.net/xunit.analyzers/rules/xUnit1031) [C:\Users\lauri\Desktop\Cerneala\tests\Cerneala.Tests.Timbre\Cerneala.Tests.Timbre.csproj]
C:\Users\lauri\Desktop\Cerneala\tests\Cerneala.Tests.Timbre\Markup\SoundMarkupTransportTests.cs(166,49): warning xUnit1031: Test methods should not use blocking task operations, as they can cause deadlocks. Use an async test method and await instead. (https://xunit.net/xunit.analyzers/rules/xUnit1031) [C:\Users\lauri\Desktop\Cerneala\tests\Cerneala.Tests.Timbre\Cerneala.Tests.Timbre.csproj]
C:\Users\lauri\Desktop\Cerneala\tests\Cerneala.Tests.Timbre\Markup\SoundMarkupTransportTests.cs(181,49): warning xUnit1031: Test methods should not use blocking task operations, as they can cause deadlocks. Use an async test method and await instead. (https://xunit.net/xunit.analyzers/rules/xUnit1031) [C:\Users\lauri\Desktop\Cerneala\tests\Cerneala.Tests.Timbre\Cerneala.Tests.Timbre.csproj]
C:\Users\lauri\Desktop\Cerneala\tests\Cerneala.Tests.Timbre\Markup\SoundMarkupTransportTests.cs(43,49): warning xUnit1031: Test methods should not use blocking task operations, as they can cause deadlocks. Use an async test method and await instead. (https://xunit.net/xunit.analyzers/rules/xUnit1031) [C:\Users\lauri\Desktop\Cerneala\tests\Cerneala.Tests.Timbre\Cerneala.Tests.Timbre.csproj]
C:\Users\lauri\Desktop\Cerneala\tests\Cerneala.Tests.Timbre\Markup\SoundMarkupTransportTests.cs(201,49): warning xUnit1031: Test methods should not use blocking task operations, as they can cause deadlocks. Use an async test method and await instead. (https://xunit.net/xunit.analyzers/rules/xUnit1031) [C:\Users\lauri\Desktop\Cerneala\tests\Cerneala.Tests.Timbre\Cerneala.Tests.Timbre.csproj]
C:\Users\lauri\Desktop\Cerneala\tests\Cerneala.Tests.Timbre\Markup\SoundMarkupTransportTests.cs(204,108): warning xUnit1031: Test methods should not use blocking task operations, as they can cause deadlocks. Use an async test method and await instead. (https://xunit.net/xunit.analyzers/rules/xUnit1031) [C:\Users\lauri\Desktop\Cerneala\tests\Cerneala.Tests.Timbre\Cerneala.Tests.Timbre.csproj]
C:\Users\lauri\Desktop\Cerneala\tests\Cerneala.Tests.Timbre\Markup\SoundAspectLifecycleTests.cs(42,46): warning xUnit1031: Test methods should not use blocking task operations, as they can cause deadlocks. Use an async test method and await instead. (https://xunit.net/xunit.analyzers/rules/xUnit1031) [C:\Users\lauri\Desktop\Cerneala\tests\Cerneala.Tests.Timbre\Cerneala.Tests.Timbre.csproj]
C:\Users\lauri\Desktop\Cerneala\tests\Cerneala.Tests.Timbre\Markup\SoundAspectLifecycleTests.cs(162,46): warning xUnit1031: Test methods should not use blocking task operations, as they can cause deadlocks. Use an async test method and await instead. (https://xunit.net/xunit.analyzers/rules/xUnit1031) [C:\Users\lauri\Desktop\Cerneala\tests\Cerneala.Tests.Timbre\Cerneala.Tests.Timbre.csproj]
C:\Users\lauri\Desktop\Cerneala\tests\Cerneala.Tests.Timbre\Decoding\SoundDecoderPartitionTests.cs(107,109): warning xUnit1031: Test methods should not use blocking task operations, as they can cause deadlocks. Use an async test method and await instead. (https://xunit.net/xunit.analyzers/rules/xUnit1031) [C:\Users\lauri\Desktop\Cerneala\tests\Cerneala.Tests.Timbre\Cerneala.Tests.Timbre.csproj]
C:\Users\lauri\Desktop\Cerneala\tests\Cerneala.Tests.Timbre\Markup\SoundAspectLifecycleTests.cs(182,99): warning xUnit1031: Test methods should not use blocking task operations, as they can cause deadlocks. Use an async test method and await instead. (https://xunit.net/xunit.analyzers/rules/xUnit1031) [C:\Users\lauri\Desktop\Cerneala\tests\Cerneala.Tests.Timbre\Cerneala.Tests.Timbre.csproj]
C:\Users\lauri\Desktop\Cerneala\tests\Cerneala.Tests.Timbre\Markup\SoundAspectLifecycleTests.cs(183,55): warning xUnit1031: Test methods should not use blocking task operations, as they can cause deadlocks. Use an async test method and await instead. (https://xunit.net/xunit.analyzers/rules/xUnit1031) [C:\Users\lauri\Desktop\Cerneala\tests\Cerneala.Tests.Timbre\Cerneala.Tests.Timbre.csproj]
C:\Users\lauri\Desktop\Cerneala\tests\Cerneala.Tests.Timbre\Markup\SoundAspectLifecycleTests.cs(197,102): warning xUnit1031: Test methods should not use blocking task operations, as they can cause deadlocks. Use an async test method and await instead. (https://xunit.net/xunit.analyzers/rules/xUnit1031) [C:\Users\lauri\Desktop\Cerneala\tests\Cerneala.Tests.Timbre\Cerneala.Tests.Timbre.csproj]
C:\Users\lauri\Desktop\Cerneala\tests\Cerneala.Tests.Timbre\Markup\SoundAspectLifecycleTests.cs(248,31): warning xUnit1031: Test methods should not use blocking task operations, as they can cause deadlocks. Use an async test method and await instead. (https://xunit.net/xunit.analyzers/rules/xUnit1031) [C:\Users\lauri\Desktop\Cerneala\tests\Cerneala.Tests.Timbre\Cerneala.Tests.Timbre.csproj]
C:\Users\lauri\Desktop\Cerneala\tests\Cerneala.Tests.Timbre\Markup\SoundAspectLifecycleTests.cs(261,50): warning xUnit1031: Test methods should not use blocking task operations, as they can cause deadlocks. Use an async test method and await instead. (https://xunit.net/xunit.analyzers/rules/xUnit1031) [C:\Users\lauri\Desktop\Cerneala\tests\Cerneala.Tests.Timbre\Cerneala.Tests.Timbre.csproj]
  Cerneala.Tests.Timbre -> C:\Users\lauri\Desktop\Cerneala\tests\Cerneala.Tests.Timbre\bin\Release\net8.0\Cerneala.Tests.Timbre.dll
  Cerneala.Tests.VisualStudio -> C:\Users\lauri\Desktop\Cerneala\tests\Cerneala.Tests.VisualStudio\bin\Release\net10.0-windows\Cerneala.Tests.VisualStudio.dll
  VisualStudioIntegrationHost -> C:\Users\lauri\Desktop\Cerneala\tests\Fixtures\VisualStudioIntegrationHost\bin\Release\net472\Cerneala.VisualStudio.IntegrationHost.dll
  Cerneala.Tests -> C:\Users\lauri\Desktop\Cerneala\tests\Cerneala.Tests\bin\Release\net8.0-windows\Cerneala.Tests.dll
  VisualStudioConsumer -> C:\Users\lauri\Desktop\Cerneala\tests\Fixtures\VisualStudioConsumer\bin\Release\net8.0-windows\VisualStudioConsumer.dll
  Tetris.Tests -> C:\Users\lauri\Desktop\Cerneala\Tetrisish\Tests\bin\Release\net8.0\Cerneala.Tetris.Tests.dll
  Cerneala.SdlShaderCompiler -> C:\Users\lauri\Desktop\Cerneala\Tools\Cerneala.SdlShaderCompiler\bin\Release\net8.0\win-x64\Cerneala.SdlShaderCompiler.dll
  Cerneala.SvgAssetCompiler -> C:\Users\lauri\Desktop\Cerneala\Tools\Cerneala.SvgAssetCompiler\bin\Release\net8.0\Cerneala.SvgAssetCompiler.dll
  PrismAudit -> C:\Users\lauri\Desktop\Cerneala\Tools\PrismAudit\bin\Release\net8.0-windows\PrismAudit.dll

Build succeeded.

C:\Users\lauri\Desktop\Cerneala\tests\Cerneala.Tests.Timbre\Motion\SoundMotionIntegrationTests.cs(29,59): warning xUnit1031: Test methods should not use blocking task operations, as they can cause deadlocks. Use an async test method and await instead. (https://xunit.net/xunit.analyzers/rules/xUnit1031) [C:\Users\lauri\Desktop\Cerneala\tests\Cerneala.Tests.Timbre\Cerneala.Tests.Timbre.csproj]
C:\Users\lauri\Desktop\Cerneala\tests\Cerneala.Tests.Timbre\Markup\SoundMarkupTransportTests.cs(59,52): warning xUnit1031: Test methods should not use blocking task operations, as they can cause deadlocks. Use an async test method and await instead. (https://xunit.net/xunit.analyzers/rules/xUnit1031) [C:\Users\lauri\Desktop\Cerneala\tests\Cerneala.Tests.Timbre\Cerneala.Tests.Timbre.csproj]
C:\Users\lauri\Desktop\Cerneala\tests\Cerneala.Tests.Timbre\Markup\SoundMarkupTransportTests.cs(61,46): warning xUnit1031: Test methods should not use blocking task operations, as they can cause deadlocks. Use an async test method and await instead. (https://xunit.net/xunit.analyzers/rules/xUnit1031) [C:\Users\lauri\Desktop\Cerneala\tests\Cerneala.Tests.Timbre\Cerneala.Tests.Timbre.csproj]
C:\Users\lauri\Desktop\Cerneala\tests\Cerneala.Tests.Timbre\Markup\SoundMarkupTransportTests.cs(67,99): warning xUnit1031: Test methods should not use blocking task operations, as they can cause deadlocks. Use an async test method and await instead. (https://xunit.net/xunit.analyzers/rules/xUnit1031) [C:\Users\lauri\Desktop\Cerneala\tests\Cerneala.Tests.Timbre\Cerneala.Tests.Timbre.csproj]
C:\Users\lauri\Desktop\Cerneala\tests\Cerneala.Tests.Timbre\Markup\SoundMarkupTransportTests.cs(109,97): warning xUnit1031: Test methods should not use blocking task operations, as they can cause deadlocks. Use an async test method and await instead. (https://xunit.net/xunit.analyzers/rules/xUnit1031) [C:\Users\lauri\Desktop\Cerneala\tests\Cerneala.Tests.Timbre\Cerneala.Tests.Timbre.csproj]
C:\Users\lauri\Desktop\Cerneala\tests\Cerneala.Tests.Timbre\Markup\SoundMarkupTransportTests.cs(90,68): warning xUnit1031: Test methods should not use blocking task operations, as they can cause deadlocks. Use an async test method and await instead. (https://xunit.net/xunit.analyzers/rules/xUnit1031) [C:\Users\lauri\Desktop\Cerneala\tests\Cerneala.Tests.Timbre\Cerneala.Tests.Timbre.csproj]
C:\Users\lauri\Desktop\Cerneala\tests\Cerneala.Tests.Timbre\Markup\SoundMarkupTransportTests.cs(129,67): warning xUnit1031: Test methods should not use blocking task operations, as they can cause deadlocks. Use an async test method and await instead. (https://xunit.net/xunit.analyzers/rules/xUnit1031) [C:\Users\lauri\Desktop\Cerneala\tests\Cerneala.Tests.Timbre\Cerneala.Tests.Timbre.csproj]
C:\Users\lauri\Desktop\Cerneala\tests\Cerneala.Tests.Timbre\Markup\SoundMarkupTransportTests.cs(143,52): warning xUnit1031: Test methods should not use blocking task operations, as they can cause deadlocks. Use an async test method and await instead. (https://xunit.net/xunit.analyzers/rules/xUnit1031) [C:\Users\lauri\Desktop\Cerneala\tests\Cerneala.Tests.Timbre\Cerneala.Tests.Timbre.csproj]
C:\Users\lauri\Desktop\Cerneala\tests\Cerneala.Tests.Timbre\Markup\SoundMarkupTransportTests.cs(147,50): warning xUnit1031: Test methods should not use blocking task operations, as they can cause deadlocks. Use an async test method and await instead. (https://xunit.net/xunit.analyzers/rules/xUnit1031) [C:\Users\lauri\Desktop\Cerneala\tests\Cerneala.Tests.Timbre\Cerneala.Tests.Timbre.csproj]
C:\Users\lauri\Desktop\Cerneala\tests\Cerneala.Tests.Timbre\Markup\SoundMarkupTransportTests.cs(151,98): warning xUnit1031: Test methods should not use blocking task operations, as they can cause deadlocks. Use an async test method and await instead. (https://xunit.net/xunit.analyzers/rules/xUnit1031) [C:\Users\lauri\Desktop\Cerneala\tests\Cerneala.Tests.Timbre\Cerneala.Tests.Timbre.csproj]
C:\Users\lauri\Desktop\Cerneala\tests\Cerneala.Tests.Timbre\Markup\SoundMarkupTransportTests.cs(153,49): warning xUnit1031: Test methods should not use blocking task operations, as they can cause deadlocks. Use an async test method and await instead. (https://xunit.net/xunit.analyzers/rules/xUnit1031) [C:\Users\lauri\Desktop\Cerneala\tests\Cerneala.Tests.Timbre\Cerneala.Tests.Timbre.csproj]
C:\Users\lauri\Desktop\Cerneala\tests\Cerneala.Tests.Timbre\Markup\SoundMarkupTransportTests.cs(166,49): warning xUnit1031: Test methods should not use blocking task operations, as they can cause deadlocks. Use an async test method and await instead. (https://xunit.net/xunit.analyzers/rules/xUnit1031) [C:\Users\lauri\Desktop\Cerneala\tests\Cerneala.Tests.Timbre\Cerneala.Tests.Timbre.csproj]
C:\Users\lauri\Desktop\Cerneala\tests\Cerneala.Tests.Timbre\Markup\SoundMarkupTransportTests.cs(181,49): warning xUnit1031: Test methods should not use blocking task operations, as they can cause deadlocks. Use an async test method and await instead. (https://xunit.net/xunit.analyzers/rules/xUnit1031) [C:\Users\lauri\Desktop\Cerneala\tests\Cerneala.Tests.Timbre\Cerneala.Tests.Timbre.csproj]
C:\Users\lauri\Desktop\Cerneala\tests\Cerneala.Tests.Timbre\Markup\SoundMarkupTransportTests.cs(43,49): warning xUnit1031: Test methods should not use blocking task operations, as they can cause deadlocks. Use an async test method and await instead. (https://xunit.net/xunit.analyzers/rules/xUnit1031) [C:\Users\lauri\Desktop\Cerneala\tests\Cerneala.Tests.Timbre\Cerneala.Tests.Timbre.csproj]
C:\Users\lauri\Desktop\Cerneala\tests\Cerneala.Tests.Timbre\Markup\SoundMarkupTransportTests.cs(201,49): warning xUnit1031: Test methods should not use blocking task operations, as they can cause deadlocks. Use an async test method and await instead. (https://xunit.net/xunit.analyzers/rules/xUnit1031) [C:\Users\lauri\Desktop\Cerneala\tests\Cerneala.Tests.Timbre\Cerneala.Tests.Timbre.csproj]
C:\Users\lauri\Desktop\Cerneala\tests\Cerneala.Tests.Timbre\Markup\SoundMarkupTransportTests.cs(204,108): warning xUnit1031: Test methods should not use blocking task operations, as they can cause deadlocks. Use an async test method and await instead. (https://xunit.net/xunit.analyzers/rules/xUnit1031) [C:\Users\lauri\Desktop\Cerneala\tests\Cerneala.Tests.Timbre\Cerneala.Tests.Timbre.csproj]
C:\Users\lauri\Desktop\Cerneala\tests\Cerneala.Tests.Timbre\Markup\SoundAspectLifecycleTests.cs(42,46): warning xUnit1031: Test methods should not use blocking task operations, as they can cause deadlocks. Use an async test method and await instead. (https://xunit.net/xunit.analyzers/rules/xUnit1031) [C:\Users\lauri\Desktop\Cerneala\tests\Cerneala.Tests.Timbre\Cerneala.Tests.Timbre.csproj]
C:\Users\lauri\Desktop\Cerneala\tests\Cerneala.Tests.Timbre\Markup\SoundAspectLifecycleTests.cs(162,46): warning xUnit1031: Test methods should not use blocking task operations, as they can cause deadlocks. Use an async test method and await instead. (https://xunit.net/xunit.analyzers/rules/xUnit1031) [C:\Users\lauri\Desktop\Cerneala\tests\Cerneala.Tests.Timbre\Cerneala.Tests.Timbre.csproj]
C:\Users\lauri\Desktop\Cerneala\tests\Cerneala.Tests.Timbre\Decoding\SoundDecoderPartitionTests.cs(107,109): warning xUnit1031: Test methods should not use blocking task operations, as they can cause deadlocks. Use an async test method and await instead. (https://xunit.net/xunit.analyzers/rules/xUnit1031) [C:\Users\lauri\Desktop\Cerneala\tests\Cerneala.Tests.Timbre\Cerneala.Tests.Timbre.csproj]
C:\Users\lauri\Desktop\Cerneala\tests\Cerneala.Tests.Timbre\Markup\SoundAspectLifecycleTests.cs(182,99): warning xUnit1031: Test methods should not use blocking task operations, as they can cause deadlocks. Use an async test method and await instead. (https://xunit.net/xunit.analyzers/rules/xUnit1031) [C:\Users\lauri\Desktop\Cerneala\tests\Cerneala.Tests.Timbre\Cerneala.Tests.Timbre.csproj]
C:\Users\lauri\Desktop\Cerneala\tests\Cerneala.Tests.Timbre\Markup\SoundAspectLifecycleTests.cs(183,55): warning xUnit1031: Test methods should not use blocking task operations, as they can cause deadlocks. Use an async test method and await instead. (https://xunit.net/xunit.analyzers/rules/xUnit1031) [C:\Users\lauri\Desktop\Cerneala\tests\Cerneala.Tests.Timbre\Cerneala.Tests.Timbre.csproj]
C:\Users\lauri\Desktop\Cerneala\tests\Cerneala.Tests.Timbre\Markup\SoundAspectLifecycleTests.cs(197,102): warning xUnit1031: Test methods should not use blocking task operations, as they can cause deadlocks. Use an async test method and await instead. (https://xunit.net/xunit.analyzers/rules/xUnit1031) [C:\Users\lauri\Desktop\Cerneala\tests\Cerneala.Tests.Timbre\Cerneala.Tests.Timbre.csproj]
C:\Users\lauri\Desktop\Cerneala\tests\Cerneala.Tests.Timbre\Markup\SoundAspectLifecycleTests.cs(248,31): warning xUnit1031: Test methods should not use blocking task operations, as they can cause deadlocks. Use an async test method and await instead. (https://xunit.net/xunit.analyzers/rules/xUnit1031) [C:\Users\lauri\Desktop\Cerneala\tests\Cerneala.Tests.Timbre\Cerneala.Tests.Timbre.csproj]
C:\Users\lauri\Desktop\Cerneala\tests\Cerneala.Tests.Timbre\Markup\SoundAspectLifecycleTests.cs(261,50): warning xUnit1031: Test methods should not use blocking task operations, as they can cause deadlocks. Use an async test method and await instead. (https://xunit.net/xunit.analyzers/rules/xUnit1031) [C:\Users\lauri\Desktop\Cerneala\tests\Cerneala.Tests.Timbre\Cerneala.Tests.Timbre.csproj]
    24 Warning(s)
    0 Error(s)

Time Elapsed 00:00:58.43
exit 0
