  Determining projects to restore...
  All projects are up-to-date for restore.
  Cerneala.Language -> C:\Users\lauri\Desktop\Cerneala\Cerneala.Language\bin\Release\netstandard2.0\Cerneala.Language.dll
  Cerneala.SourceGen -> C:\Users\lauri\Desktop\Cerneala\Cerneala.SourceGen\bin\Release\netstandard2.0\Cerneala.SourceGen.dll
  Cerneala -> C:\Users\lauri\Desktop\Cerneala\bin\Release\net8.0\Cerneala.dll
  Cerneala.Platforms.Sdl3 -> C:\Users\lauri\Desktop\Cerneala\Cerneala.Platforms.Sdl3\bin\Release\net8.0\Cerneala.Platforms.Sdl3.dll
  Cerneala.Backends.SdlGpu -> C:\Users\lauri\Desktop\Cerneala\Cerneala.Backends.SdlGpu\bin\Release\net8.0\Cerneala.Backends.SdlGpu.dll
  Cerneala.SceneVillage -> C:\Users\lauri\Desktop\Cerneala\Playground\Cerneala.SceneVillage\bin\Release\net8.0-windows\Cerneala.SceneVillage.dll
  Cerneala.Tests.SceneVillage -> C:\Users\lauri\Desktop\Cerneala\tests\Cerneala.Tests.SceneVillage\bin\Release\net8.0-windows\Cerneala.Tests.SceneVillage.dll
Test run for C:\Users\lauri\Desktop\Cerneala\tests\Cerneala.Tests.SceneVillage\bin\Release\net8.0-windows\Cerneala.Tests.SceneVillage.dll (.NETCoreApp,Version=v8.0)
A total of 1 test files matched the specified pattern.
[xUnit.net 00:00:14.26]     Cerneala.Tests.SceneVillage.NativeVillageWindowTests.RealVillageShowsTheTreeCanopyAboveItsOriginalTrunkPosition [FAIL]
  Failed Cerneala.Tests.SceneVillage.NativeVillageWindowTests.RealVillageShowsTheTreeCanopyAboveItsOriginalTrunkPosition [13 s]
  Error Message:
   Assert.Equal() Failure: Values differ
Expected: #ff479f4a
Actual:   #ff84c669
  Stack Trace:
     at Cerneala.Tests.SceneVillage.NativeVillageWindowTests.ExerciseDecorationAsync(MainWindow window, VillageGameSurface surface, String capturePath, CancellationToken cancellationToken) in C:\Users\lauri\Desktop\Cerneala\tests\Cerneala.Tests.SceneVillage\NativeVillageWindowTests.cs:line 221
   at Cerneala.Tests.SceneVillage.NativeVillageWindowTests.<>c__DisplayClass3_1.<<RealVillageShowsTheTreeCanopyAboveItsOriginalTrunkPosition>b__3>d.MoveNext() in C:\Users\lauri\Desktop\Cerneala\tests\Cerneala.Tests.SceneVillage\NativeVillageWindowTests.cs:line 129
--- End of stack trace from previous location ---
   at Cerneala.Tests.SceneVillage.NativeVillageWindowTests.RealVillageShowsTheTreeCanopyAboveItsOriginalTrunkPosition() in C:\Users\lauri\Desktop\Cerneala\tests\Cerneala.Tests.SceneVillage\NativeVillageWindowTests.cs:line 147
   at System.RuntimeMethodHandle.InvokeMethod(Object target, Void** arguments, Signature sig, Boolean isConstructor)
   at System.Reflection.MethodBaseInvoker.InvokeWithNoArgs(Object obj, BindingFlags invokeAttr)
  Standard Output Messages:
 Decoration capture C:\Users\lauri\Desktop\Cerneala\artifacts\ci\scene-village\screenshots\native-20260925-102414091\decorations.png; routed D/S taps=2/14; player=<2117.0374, 2217.0203>; ViewBox=DrawRect { X = 1919.0374, Y = 2107.0203, Width = 396, Height = 220, Right = 2315.0374, Bottom = 2327.0203 }; shrub=#ff479f4a, canopy=#ff84c669, expected source leaf=#ff479f4a.


Results File: C:\Users\lauri\Desktop\Cerneala\tests\Cerneala.Tests.SceneVillage\TestResults\decoration-native-red-02.trx

Failed!  - Failed:     1, Passed:     0, Skipped:     0, Total:     1, Duration: 13 s - Cerneala.Tests.SceneVillage.dll (net8.0)
