  Determining projects to restore...
  All projects are up-to-date for restore.
  Cerneala.Language -> C:\Users\lauri\Desktop\Cerneala\Cerneala.Language\bin\Release\netstandard2.0\Cerneala.Language.dll
  Cerneala.SourceGen -> C:\Users\lauri\Desktop\Cerneala\Cerneala.SourceGen\bin\Release\netstandard2.0\Cerneala.SourceGen.dll
  Cerneala -> C:\Users\lauri\Desktop\Cerneala\bin\Release\net8.0\Cerneala.dll
  Cerneala.Platforms.Sdl3 -> C:\Users\lauri\Desktop\Cerneala\Cerneala.Platforms.Sdl3\bin\Release\net8.0\Cerneala.Platforms.Sdl3.dll
  Cerneala.Backends.SdlGpu -> C:\Users\lauri\Desktop\Cerneala\Cerneala.Backends.SdlGpu\bin\Release\net8.0\Cerneala.Backends.SdlGpu.dll
  Cerneala.SceneVillage -> C:\Users\lauri\Desktop\Cerneala\Playground\Cerneala.SceneVillage\bin\Release\net8.0-windows\Cerneala.SceneVillage.dll
  Cerneala.Tests.SceneVillage -> C:\Users\lauri\Desktop\Cerneala\tests\Cerneala.Tests.SceneVillage\bin\Release\net8.0-windows\Cerneala.Tests.SceneVillage.dll
Test run for C:\Users\lauri\Desktop\Cerneala\tests\Cerneala.Tests.SceneVillage\bin\Release\net8.0-windows\Cerneala.Tests.SceneVillage.dll (.NETCoreApp,Version=v8.0)
A total of 1 test files matched the specified pattern.
[xUnit.net 00:00:13.92]     Cerneala.Tests.SceneVillage.NativeVillageWindowTests.RealVillageShowsTheTreeCanopyAboveItsOriginalTrunkPosition [FAIL]
  Failed Cerneala.Tests.SceneVillage.NativeVillageWindowTests.RealVillageShowsTheTreeCanopyAboveItsOriginalTrunkPosition [13 s]
  Error Message:
   System.InvalidOperationException : Root command list is not committed. Call RetainedRenderer.Commit during update before rendering or submitting.
  Stack Trace:
     at Cerneala.UI.Hosting.UiHost.DrawCore(IDrawingBackend drawingBackend, IBackdropFrameSource backdropFrameSource) in C:\Users\lauri\Desktop\Cerneala\UI\Hosting\UiHost.cs:line 273
   at Cerneala.UI.Hosting.Windowing.WindowApplicationRuntime.<>c__DisplayClass39_0.<SaveScreenshotCore>b__0(IDrawingBackend drawingBackend) in C:\Users\lauri\Desktop\Cerneala\UI\Hosting\Windowing\WindowApplicationRuntime.cs:line 395
   at Cerneala.Backends.SdlGpu.SdlGpuWindowGraphicsSession.RenderPngCore(Stream output, Color clearColor, Nullable`1 region, Action`1 draw) in C:\Users\lauri\Desktop\Cerneala\Cerneala.Backends.SdlGpu\Gpu\SdlGpuWindowGraphicsSession.cs:line 557
   at Cerneala.Backends.SdlGpu.SdlGpuWindowGraphicsSession.RenderPng(Stream output, Color clearColor, Action`1 draw) in C:\Users\lauri\Desktop\Cerneala\Cerneala.Backends.SdlGpu\Gpu\SdlGpuWindowGraphicsSession.cs:line 522
   at Cerneala.UI.Hosting.Windowing.WindowApplicationRuntime.SaveScreenshotCore(Window window, String path, Nullable`1 region) in C:\Users\lauri\Desktop\Cerneala\UI\Hosting\Windowing\WindowApplicationRuntime.cs:line 404
   at Cerneala.UI.Hosting.Windowing.WindowApplicationRuntime.SaveScreenshot(Window window, String path) in C:\Users\lauri\Desktop\Cerneala\UI\Hosting\Windowing\WindowApplicationRuntime.cs:line 337
   at Cerneala.UI.Controls.Window.SaveScreenshot(String path) in C:\Users\lauri\Desktop\Cerneala\UI\Controls\Window.cs:line 290
   at Cerneala.Tests.SceneVillage.NativeVillageWindowTests.ExerciseDecorationAsync(MainWindow window, VillageGameSurface surface, String capturePath, CancellationToken cancellationToken) in C:\Users\lauri\Desktop\Cerneala\tests\Cerneala.Tests.SceneVillage\NativeVillageWindowTests.cs:line 189
   at Cerneala.Tests.SceneVillage.NativeVillageWindowTests.<>c__DisplayClass3_1.<<RealVillageShowsTheTreeCanopyAboveItsOriginalTrunkPosition>b__3>d.MoveNext() in C:\Users\lauri\Desktop\Cerneala\tests\Cerneala.Tests.SceneVillage\NativeVillageWindowTests.cs:line 129
--- End of stack trace from previous location ---
   at Cerneala.Tests.SceneVillage.NativeVillageWindowTests.RealVillageShowsTheTreeCanopyAboveItsOriginalTrunkPosition() in C:\Users\lauri\Desktop\Cerneala\tests\Cerneala.Tests.SceneVillage\NativeVillageWindowTests.cs:line 147
   at System.RuntimeMethodHandle.InvokeMethod(Object target, Void** arguments, Signature sig, Boolean isConstructor)
   at System.Reflection.MethodBaseInvoker.InvokeWithNoArgs(Object obj, BindingFlags invokeAttr)
Results File: C:\Users\lauri\Desktop\Cerneala\tests\Cerneala.Tests.SceneVillage\TestResults\decoration-native-red-01.trx

Failed!  - Failed:     1, Passed:     0, Skipped:     0, Total:     1, Duration: 13 s - Cerneala.Tests.SceneVillage.dll (net8.0)
