  Determining projects to restore...
  All projects are up-to-date for restore.
  Cerneala.Language -> C:\Users\lauri\Desktop\Cerneala\Cerneala.Language\bin\Release\netstandard2.0\Cerneala.Language.dll
  Cerneala.SourceGen -> C:\Users\lauri\Desktop\Cerneala\Cerneala.SourceGen\bin\Release\netstandard2.0\Cerneala.SourceGen.dll
  Cerneala -> C:\Users\lauri\Desktop\Cerneala\bin\Release\net8.0\Cerneala.dll
  Cerneala.Scene2D.Packages -> C:\Users\lauri\Desktop\Cerneala\Cerneala.Scene2D.Packages\bin\Release\net8.0\Cerneala.Scene2D.Packages.dll
  Cerneala.Scene2D.Importers -> C:\Users\lauri\Desktop\Cerneala\Cerneala.Scene2D.Importers\bin\Release\net8.0\Cerneala.Scene2D.Importers.dll
  Cerneala.Scene2D.PackageCompiler -> C:\Users\lauri\Desktop\Cerneala\Tools\Cerneala.Scene2D.PackageCompiler\bin\Release\net8.0\Cerneala.Scene2D.PackageCompiler.dll
  Cerneala.Tests.Scene2DPackages -> C:\Users\lauri\Desktop\Cerneala\tests\Cerneala.Tests.Scene2DPackages\bin\Release\net8.0\Cerneala.Tests.Scene2DPackages.dll
Test run for C:\Users\lauri\Desktop\Cerneala\tests\Cerneala.Tests.Scene2DPackages\bin\Release\net8.0\Cerneala.Tests.Scene2DPackages.dll (.NETCoreApp,Version=v8.0)
A total of 1 test files matched the specified pattern.
[xUnit.net 00:00:03.57]     Cerneala.Tests.Scene2DPackages.ImportedPackageTests.FullImporterCorpusPreservesEveryPayloadAndExplicitAsset(file: "tiled-raw.tmj") [FAIL]
  Failed Cerneala.Tests.Scene2DPackages.ImportedPackageTests.FullImporterCorpusPreservesEveryPayloadAndExplicitAsset(file: "tiled-raw.tmj") [1 s]
  Error Message:
   System.InvalidOperationException : The map must be accessed on its creator thread before its first attachment.
  Stack Trace:
     at Cerneala.UI.Controls.TileMap2D.VerifyMapOwnerAccess() in C:\Users\lauri\Desktop\Cerneala\UI\Controls\TileMap2D.Streaming.cs:line 80
   at Cerneala.UI.Controls.TileMap2D.DisposeAsync() in C:\Users\lauri\Desktop\Cerneala\UI\Controls\TileMap2D.Streaming.cs:line 87
   at Cerneala.Tests.Scene2DPackages.ImportedPackageTests.FullImporterCorpusPreservesEveryPayloadAndExplicitAsset(String file) in C:\Users\lauri\Desktop\Cerneala\tests\Cerneala.Tests.Scene2DPackages\ImportedPackageTests.cs:line 74
--- End of stack trace from previous location ---
[xUnit.net 00:00:03.93]     Cerneala.Tests.Scene2DPackages.ImportedPackageTests.FullImporterCorpusPreservesEveryPayloadAndExplicitAsset(file: "ldtk-separate.ldtk") [FAIL]
[xUnit.net 00:00:04.13]     Cerneala.Tests.Scene2DPackages.ImportedPackageTests.FullImporterCorpusPreservesEveryPayloadAndExplicitAsset(file: "tiled-zlib.tmj") [FAIL]
[xUnit.net 00:00:04.28]     Cerneala.Tests.Scene2DPackages.ImportedPackageTests.FullImporterCorpusPreservesEveryPayloadAndExplicitAsset(file: "tiled-empty-promotion.tmj") [FAIL]
  Failed Cerneala.Tests.Scene2DPackages.ImportedPackageTests.FullImporterCorpusPreservesEveryPayloadAndExplicitAsset(file: "ldtk-separate.ldtk") [341 ms]
  Error Message:
   System.InvalidOperationException : The map must be accessed on its creator thread before its first attachment.
  Stack Trace:
     at Cerneala.UI.Controls.TileMap2D.VerifyMapOwnerAccess() in C:\Users\lauri\Desktop\Cerneala\UI\Controls\TileMap2D.Streaming.cs:line 80
   at Cerneala.UI.Controls.TileMap2D.DisposeAsync() in C:\Users\lauri\Desktop\Cerneala\UI\Controls\TileMap2D.Streaming.cs:line 87
   at Cerneala.Tests.Scene2DPackages.ImportedPackageTests.FullImporterCorpusPreservesEveryPayloadAndExplicitAsset(String file) in C:\Users\lauri\Desktop\Cerneala\tests\Cerneala.Tests.Scene2DPackages\ImportedPackageTests.cs:line 74
--- End of stack trace from previous location ---
  Failed Cerneala.Tests.Scene2DPackages.ImportedPackageTests.FullImporterCorpusPreservesEveryPayloadAndExplicitAsset(file: "tiled-zlib.tmj") [197 ms]
  Error Message:
   System.InvalidOperationException : The map must be accessed on its creator thread before its first attachment.
  Stack Trace:
     at Cerneala.UI.Controls.TileMap2D.VerifyMapOwnerAccess() in C:\Users\lauri\Desktop\Cerneala\UI\Controls\TileMap2D.Streaming.cs:line 80
   at Cerneala.UI.Controls.TileMap2D.DisposeAsync() in C:\Users\lauri\Desktop\Cerneala\UI\Controls\TileMap2D.Streaming.cs:line 87
   at Cerneala.Tests.Scene2DPackages.ImportedPackageTests.FullImporterCorpusPreservesEveryPayloadAndExplicitAsset(String file) in C:\Users\lauri\Desktop\Cerneala\tests\Cerneala.Tests.Scene2DPackages\ImportedPackageTests.cs:line 74
--- End of stack trace from previous location ---
[xUnit.net 00:00:04.41]     Cerneala.Tests.Scene2DPackages.ImportedPackageTests.FullImporterCorpusPreservesEveryPayloadAndExplicitAsset(file: "ldtk-inline.ldtk") [FAIL]
  Failed Cerneala.Tests.Scene2DPackages.ImportedPackageTests.FullImporterCorpusPreservesEveryPayloadAndExplicitAsset(file: "tiled-empty-promotion.tmj") [150 ms]
  Error Message:
   System.InvalidOperationException : The map must be accessed on its creator thread before its first attachment.
  Stack Trace:
     at Cerneala.UI.Controls.TileMap2D.VerifyMapOwnerAccess() in C:\Users\lauri\Desktop\Cerneala\UI\Controls\TileMap2D.Streaming.cs:line 80
   at Cerneala.UI.Controls.TileMap2D.DisposeAsync() in C:\Users\lauri\Desktop\Cerneala\UI\Controls\TileMap2D.Streaming.cs:line 87
   at Cerneala.Tests.Scene2DPackages.ImportedPackageTests.FullImporterCorpusPreservesEveryPayloadAndExplicitAsset(String file) in C:\Users\lauri\Desktop\Cerneala\tests\Cerneala.Tests.Scene2DPackages\ImportedPackageTests.cs:line 74
--- End of stack trace from previous location ---
  Failed Cerneala.Tests.Scene2DPackages.ImportedPackageTests.FullImporterCorpusPreservesEveryPayloadAndExplicitAsset(file: "ldtk-inline.ldtk") [123 ms]
  Error Message:
   System.InvalidOperationException : The map must be accessed on its creator thread before its first attachment.
  Stack Trace:
     at Cerneala.UI.Controls.TileMap2D.VerifyMapOwnerAccess() in C:\Users\lauri\Desktop\Cerneala\UI\Controls\TileMap2D.Streaming.cs:line 80
   at Cerneala.UI.Controls.TileMap2D.DisposeAsync() in C:\Users\lauri\Desktop\Cerneala\UI\Controls\TileMap2D.Streaming.cs:line 87
   at Cerneala.Tests.Scene2DPackages.ImportedPackageTests.FullImporterCorpusPreservesEveryPayloadAndExplicitAsset(String file) in C:\Users\lauri\Desktop\Cerneala\tests\Cerneala.Tests.Scene2DPackages\ImportedPackageTests.cs:line 74
--- End of stack trace from previous location ---
[xUnit.net 00:00:04.52]     Cerneala.Tests.Scene2DPackages.ImportedPackageTests.FullImporterCorpusPreservesEveryPayloadAndExplicitAsset(file: "tiled-external.tmj") [FAIL]
[xUnit.net 00:00:04.61]     Cerneala.Tests.Scene2DPackages.ImportedPackageTests.FullImporterCorpusPreservesEveryPayloadAndExplicitAsset(file: "tiled-gzip.tmj") [FAIL]
[xUnit.net 00:00:04.71]     Cerneala.Tests.Scene2DPackages.ImportedPackageTests.FullImporterCorpusPreservesEveryPayloadAndExplicitAsset(file: "tiled-finite.tmj") [FAIL]
[xUnit.net 00:00:04.80]     Cerneala.Tests.Scene2DPackages.ImportedPackageTests.FullImporterCorpusPreservesEveryPayloadAndExplicitAsset(file: "tiled-infinite.tmj") [FAIL]
[xUnit.net 00:00:04.94]     Cerneala.Tests.Scene2DPackages.ImportedPackageTests.FullImporterCorpusPreservesEveryPayloadAndExplicitAsset(file: "tiled-group.tmj") [FAIL]
[xUnit.net 00:00:05.07]     Cerneala.Tests.Scene2DPackages.ImportedPackageTests.FullImporterCorpusPreservesEveryPayloadAndExplicitAsset(file: "tiled-flips.tmj") [FAIL]
[xUnit.net 00:00:05.20]     Cerneala.Tests.Scene2DPackages.ImportedPackageTests.FullImporterCorpusPreservesEveryPayloadAndExplicitAsset(file: "tiled-objects.tmj") [FAIL]
  Failed Cerneala.Tests.Scene2DPackages.ImportedPackageTests.FullImporterCorpusPreservesEveryPayloadAndExplicitAsset(file: "tiled-external.tmj") [110 ms]
  Error Message:
   System.InvalidOperationException : The map must be accessed on its creator thread before its first attachment.
  Stack Trace:
     at Cerneala.UI.Controls.TileMap2D.VerifyMapOwnerAccess() in C:\Users\lauri\Desktop\Cerneala\UI\Controls\TileMap2D.Streaming.cs:line 80
   at Cerneala.UI.Controls.TileMap2D.DisposeAsync() in C:\Users\lauri\Desktop\Cerneala\UI\Controls\TileMap2D.Streaming.cs:line 87
   at Cerneala.Tests.Scene2DPackages.ImportedPackageTests.FullImporterCorpusPreservesEveryPayloadAndExplicitAsset(String file) in C:\Users\lauri\Desktop\Cerneala\tests\Cerneala.Tests.Scene2DPackages\ImportedPackageTests.cs:line 74
--- End of stack trace from previous location ---
  Failed Cerneala.Tests.Scene2DPackages.ImportedPackageTests.FullImporterCorpusPreservesEveryPayloadAndExplicitAsset(file: "tiled-gzip.tmj") [91 ms]
  Error Message:
   System.InvalidOperationException : The map must be accessed on its creator thread before its first attachment.
  Stack Trace:
     at Cerneala.UI.Controls.TileMap2D.VerifyMapOwnerAccess() in C:\Users\lauri\Desktop\Cerneala\UI\Controls\TileMap2D.Streaming.cs:line 80
   at Cerneala.UI.Controls.TileMap2D.DisposeAsync() in C:\Users\lauri\Desktop\Cerneala\UI\Controls\TileMap2D.Streaming.cs:line 87
   at Cerneala.Tests.Scene2DPackages.ImportedPackageTests.FullImporterCorpusPreservesEveryPayloadAndExplicitAsset(String file) in C:\Users\lauri\Desktop\Cerneala\tests\Cerneala.Tests.Scene2DPackages\ImportedPackageTests.cs:line 74
--- End of stack trace from previous location ---
  Failed Cerneala.Tests.Scene2DPackages.ImportedPackageTests.FullImporterCorpusPreservesEveryPayloadAndExplicitAsset(file: "tiled-finite.tmj") [98 ms]
  Error Message:
   System.InvalidOperationException : The map must be accessed on its creator thread before its first attachment.
  Stack Trace:
     at Cerneala.UI.Controls.TileMap2D.VerifyMapOwnerAccess() in C:\Users\lauri\Desktop\Cerneala\UI\Controls\TileMap2D.Streaming.cs:line 80
   at Cerneala.UI.Controls.TileMap2D.DisposeAsync() in C:\Users\lauri\Desktop\Cerneala\UI\Controls\TileMap2D.Streaming.cs:line 87
   at Cerneala.Tests.Scene2DPackages.ImportedPackageTests.FullImporterCorpusPreservesEveryPayloadAndExplicitAsset(String file) in C:\Users\lauri\Desktop\Cerneala\tests\Cerneala.Tests.Scene2DPackages\ImportedPackageTests.cs:line 74
--- End of stack trace from previous location ---
  Failed Cerneala.Tests.Scene2DPackages.ImportedPackageTests.FullImporterCorpusPreservesEveryPayloadAndExplicitAsset(file: "tiled-infinite.tmj") [95 ms]
  Error Message:
   System.InvalidOperationException : The map must be accessed on its creator thread before its first attachment.
  Stack Trace:
     at Cerneala.UI.Controls.TileMap2D.VerifyMapOwnerAccess() in C:\Users\lauri\Desktop\Cerneala\UI\Controls\TileMap2D.Streaming.cs:line 80
   at Cerneala.UI.Controls.TileMap2D.DisposeAsync() in C:\Users\lauri\Desktop\Cerneala\UI\Controls\TileMap2D.Streaming.cs:line 87
   at Cerneala.Tests.Scene2DPackages.ImportedPackageTests.FullImporterCorpusPreservesEveryPayloadAndExplicitAsset(String file) in C:\Users\lauri\Desktop\Cerneala\tests\Cerneala.Tests.Scene2DPackages\ImportedPackageTests.cs:line 74
--- End of stack trace from previous location ---
  Failed Cerneala.Tests.Scene2DPackages.ImportedPackageTests.FullImporterCorpusPreservesEveryPayloadAndExplicitAsset(file: "tiled-group.tmj") [130 ms]
  Error Message:
   System.InvalidOperationException : The map must be accessed on its creator thread before its first attachment.
  Stack Trace:
     at Cerneala.UI.Controls.TileMap2D.VerifyMapOwnerAccess() in C:\Users\lauri\Desktop\Cerneala\UI\Controls\TileMap2D.Streaming.cs:line 80
   at Cerneala.UI.Controls.TileMap2D.DisposeAsync() in C:\Users\lauri\Desktop\Cerneala\UI\Controls\TileMap2D.Streaming.cs:line 87
   at Cerneala.Tests.Scene2DPackages.ImportedPackageTests.FullImporterCorpusPreservesEveryPayloadAndExplicitAsset(String file) in C:\Users\lauri\Desktop\Cerneala\tests\Cerneala.Tests.Scene2DPackages\ImportedPackageTests.cs:line 74
--- End of stack trace from previous location ---
  Failed Cerneala.Tests.Scene2DPackages.ImportedPackageTests.FullImporterCorpusPreservesEveryPayloadAndExplicitAsset(file: "tiled-flips.tmj") [134 ms]
  Error Message:
   System.InvalidOperationException : The map must be accessed on its creator thread before its first attachment.
  Stack Trace:
     at Cerneala.UI.Controls.TileMap2D.VerifyMapOwnerAccess() in C:\Users\lauri\Desktop\Cerneala\UI\Controls\TileMap2D.Streaming.cs:line 80
   at Cerneala.UI.Controls.TileMap2D.DisposeAsync() in C:\Users\lauri\Desktop\Cerneala\UI\Controls\TileMap2D.Streaming.cs:line 87
   at Cerneala.Tests.Scene2DPackages.ImportedPackageTests.FullImporterCorpusPreservesEveryPayloadAndExplicitAsset(String file) in C:\Users\lauri\Desktop\Cerneala\tests\Cerneala.Tests.Scene2DPackages\ImportedPackageTests.cs:line 74
--- End of stack trace from previous location ---
  Failed Cerneala.Tests.Scene2DPackages.ImportedPackageTests.FullImporterCorpusPreservesEveryPayloadAndExplicitAsset(file: "tiled-objects.tmj") [124 ms]
  Error Message:
   System.InvalidOperationException : The map must be accessed on its creator thread before its first attachment.
  Stack Trace:
     at Cerneala.UI.Controls.TileMap2D.VerifyMapOwnerAccess() in C:\Users\lauri\Desktop\Cerneala\UI\Controls\TileMap2D.Streaming.cs:line 80
   at Cerneala.UI.Controls.TileMap2D.DisposeAsync() in C:\Users\lauri\Desktop\Cerneala\UI\Controls\TileMap2D.Streaming.cs:line 87
   at Cerneala.Tests.Scene2DPackages.ImportedPackageTests.FullImporterCorpusPreservesEveryPayloadAndExplicitAsset(String file) in C:\Users\lauri\Desktop\Cerneala\tests\Cerneala.Tests.Scene2DPackages\ImportedPackageTests.cs:line 74
--- End of stack trace from previous location ---
[xUnit.net 00:00:09.95]     Cerneala.Tests.Scene2DPackages.Scene2DPackageTests.PreparedChunkHeadersDeclareTheirAcquisitionOwnedDataCharge(freePlacement: True) [FAIL]
  Failed Cerneala.Tests.Scene2DPackages.Scene2DPackageTests.PreparedChunkHeadersDeclareTheirAcquisitionOwnedDataCharge(freePlacement: True) [96 ms]
  Error Message:
   Assert.Equal() Failure: Collections differ
                                      ↓ (pos 0)
Expected: string[]                   ["map"]
Actual:   ReadOnlyCollection<string> ["Tiles"]
                                      ↑ (pos 0)
  Stack Trace:
     at Cerneala.Tests.Scene2DPackages.Scene2DPackageTests.PreparedChunkHeadersDeclareTheirAcquisitionOwnedDataCharge(Boolean freePlacement) in C:\Users\lauri\Desktop\Cerneala\tests\Cerneala.Tests.Scene2DPackages\Scene2DPackageTests.cs:line 33
--- End of stack trace from previous location ---
Results File: C:\Users\lauri\Desktop\Cerneala\docs\plans\evidence\2026-09-23-scene2d-stage2\package\stage2-package-full-first.trx

Failed!  - Failed:    13, Passed:    90, Skipped:     0, Total:   103, Duration: 13 s - Cerneala.Tests.Scene2DPackages.dll (net8.0)
