// Validating benchmarks:
// ***** BenchmarkRunner: Start   *****
// ***** Found 4 benchmark(s) in total *****
// ***** Building 1 exe(s) in Parallel: Start   *****
// ***** Done, took 00:00:00 (0.04 sec)   *****
// Found 4 benchmarks:
//   AspectResolutionBenchmarks.CodeFirstCatalogResolve: ShortRun(Toolchain=InProcessEmitToolchain, IterationCount=3, LaunchCount=1, WarmupCount=3)
//   AspectResolutionBenchmarks.RootRegisteredPackageFrame: ShortRun(Toolchain=InProcessEmitToolchain, IterationCount=3, LaunchCount=1, WarmupCount=3)
//   AspectResolutionBenchmarks.ElementLocalMutationAndFrame: ShortRun(Toolchain=InProcessEmitToolchain, IterationCount=3, LaunchCount=1, WarmupCount=3)
//   AspectResolutionBenchmarks.NestedScopeAttachAndFrame: ShortRun(Toolchain=InProcessEmitToolchain, InvocationCount=1, IterationCount=3, LaunchCount=1, UnrollFactor=1, WarmupCount=3)

Setup power plan (GUID: 8c5e7fda-e8bf-4a96-9a85-a6e23a8c635c FriendlyName: High performance)
// **************************
// Benchmark: AspectResolutionBenchmarks.CodeFirstCatalogResolve: ShortRun(Toolchain=InProcessEmitToolchain, IterationCount=3, LaunchCount=1, WarmupCount=3)
// *** Execute ***
// Launch: 1 / 1

// Benchmark Process Environment Information:
// BenchmarkDotNet v0.15.8
// Runtime=.NET 8.0.30 (8.0.30, 8.0.3026.36720), X64 RyuJIT x86-64-v3
// GC=Concurrent Workstation
// HardwareIntrinsics=AVX2+BMI1+BMI2+F16C+FMA+LZCNT+MOVBE,AVX,SSE3+SSSE3+SSE4.1+SSE4.2+POPCNT,X86Base+SSE+SSE2,AES+PCLMUL VectorSize=256
// Job: Job-ZYJCSJ(Toolchain=InProcessEmitToolchain, IterationCount=3, LaunchCount=1, WarmupCount=3)

OverheadJitting  1: 1 op, 185300.00 ns, 185.3000 us/op
WorkloadJitting  1: 1 op, 1167500.00 ns, 1.1675 ms/op

OverheadJitting  2: 16 op, 626800.00 ns, 39.1750 us/op
WorkloadJitting  2: 16 op, 1177700.00 ns, 73.6063 us/op

WorkloadPilot    1: 16 op, 761700.00 ns, 47.6063 us/op
WorkloadPilot    2: 32 op, 552900.00 ns, 17.2781 us/op
WorkloadPilot    3: 64 op, 1058200.00 ns, 16.5344 us/op
WorkloadPilot    4: 128 op, 1832800.00 ns, 14.3188 us/op
WorkloadPilot    5: 256 op, 4014900.00 ns, 15.6832 us/op
WorkloadPilot    6: 512 op, 7207500.00 ns, 14.0771 us/op
WorkloadPilot    7: 1024 op, 17104000.00 ns, 16.7031 us/op
WorkloadPilot    8: 2048 op, 28094900.00 ns, 13.7182 us/op
WorkloadPilot    9: 4096 op, 58124500.00 ns, 14.1906 us/op
WorkloadPilot   10: 8192 op, 182635700.00 ns, 22.2944 us/op
WorkloadPilot   11: 16384 op, 178253100.00 ns, 10.8797 us/op
WorkloadPilot   12: 32768 op, 292997500.00 ns, 8.9416 us/op
WorkloadPilot   13: 65536 op, 223895700.00 ns, 3.4164 us/op
WorkloadPilot   14: 131072 op, 333870400.00 ns, 2.5472 us/op
WorkloadPilot   15: 262144 op, 687448100.00 ns, 2.6224 us/op

OverheadWarmup   1: 262144 op, 1133000.00 ns, 4.3221 ns/op
OverheadWarmup   2: 262144 op, 915400.00 ns, 3.4920 ns/op
OverheadWarmup   3: 262144 op, 837600.00 ns, 3.1952 ns/op
OverheadWarmup   4: 262144 op, 865200.00 ns, 3.3005 ns/op
OverheadWarmup   5: 262144 op, 850000.00 ns, 3.2425 ns/op
OverheadWarmup   6: 262144 op, 851800.00 ns, 3.2494 ns/op
OverheadWarmup   7: 262144 op, 871300.00 ns, 3.3237 ns/op
OverheadWarmup   8: 262144 op, 865800.00 ns, 3.3028 ns/op

OverheadActual   1: 262144 op, 1052300.00 ns, 4.0142 ns/op
OverheadActual   2: 262144 op, 844400.00 ns, 3.2211 ns/op
OverheadActual   3: 262144 op, 842300.00 ns, 3.2131 ns/op
OverheadActual   4: 262144 op, 839300.00 ns, 3.2017 ns/op
OverheadActual   5: 262144 op, 887700.00 ns, 3.3863 ns/op
OverheadActual   6: 262144 op, 1093900.00 ns, 4.1729 ns/op
OverheadActual   7: 262144 op, 921400.00 ns, 3.5149 ns/op
OverheadActual   8: 262144 op, 838400.00 ns, 3.1982 ns/op
OverheadActual   9: 262144 op, 1108400.00 ns, 4.2282 ns/op
OverheadActual  10: 262144 op, 867500.00 ns, 3.3092 ns/op
OverheadActual  11: 262144 op, 838000.00 ns, 3.1967 ns/op
OverheadActual  12: 262144 op, 839300.00 ns, 3.2017 ns/op
OverheadActual  13: 262144 op, 899900.00 ns, 3.4328 ns/op
OverheadActual  14: 262144 op, 863900.00 ns, 3.2955 ns/op
OverheadActual  15: 262144 op, 838000.00 ns, 3.1967 ns/op

WorkloadWarmup   1: 262144 op, 740193700.00 ns, 2.8236 us/op
WorkloadWarmup   2: 262144 op, 680528400.00 ns, 2.5960 us/op
WorkloadWarmup   3: 262144 op, 650203700.00 ns, 2.4803 us/op

WorkloadActual   1: 262144 op, 751308600.00 ns, 2.8660 us/op
WorkloadActual   2: 262144 op, 745735900.00 ns, 2.8448 us/op
WorkloadActual   3: 262144 op, 944552000.00 ns, 3.6032 us/op

WorkloadResult   1: 262144 op, 750444700.00 ns, 2.8627 us/op
WorkloadResult   2: 262144 op, 744872000.00 ns, 2.8415 us/op
WorkloadResult   3: 262144 op, 943688100.00 ns, 3.5999 us/op
// GC:  271 0 0 1135679616 262144
// Threading:  0 0 262144


Mean = 3.101 μs, StdErr = 0.249 μs (8.04%), N = 3, StdDev = 0.432 μs
Min = 2.841 μs, Q1 = 2.852 μs, Median = 2.863 μs, Q3 = 3.231 μs, Max = 3.600 μs
IQR = 0.379 μs, LowerFence = 2.283 μs, UpperFence = 3.800 μs
ConfidenceInterval = [-4.778 μs; 10.980 μs] (CI 99.9%), Margin = 7.879 μs (254.05% of Mean)
Skewness = 0.38, Kurtosis = 0.67, MValue = 2

// ** Remained 3 (75.0%) benchmark(s) to run. Estimated finish 2026-08-27 18:03 (0h 0m from now) **
Setup power plan (GUID: 8c5e7fda-e8bf-4a96-9a85-a6e23a8c635c FriendlyName: High performance)
// **************************
// Benchmark: AspectResolutionBenchmarks.RootRegisteredPackageFrame: ShortRun(Toolchain=InProcessEmitToolchain, IterationCount=3, LaunchCount=1, WarmupCount=3)
// *** Execute ***
// Launch: 1 / 1

// Benchmark Process Environment Information:
// BenchmarkDotNet v0.15.8
// Runtime=.NET 8.0.30 (8.0.30, 8.0.3026.36720), X64 RyuJIT x86-64-v3
// GC=Concurrent Workstation
// HardwareIntrinsics=AVX2+BMI1+BMI2+F16C+FMA+LZCNT+MOVBE,AVX,SSE3+SSSE3+SSE4.1+SSE4.2+POPCNT,X86Base+SSE+SSE2,AES+PCLMUL VectorSize=256
// Job: Job-ZYJCSJ(Toolchain=InProcessEmitToolchain, IterationCount=3, LaunchCount=1, WarmupCount=3)

OverheadJitting  1: 1 op, 403400.00 ns, 403.4000 us/op
WorkloadJitting  1: 1 op, 797500.00 ns, 797.5000 us/op

OverheadJitting  2: 16 op, 460400.00 ns, 28.7750 us/op
WorkloadJitting  2: 16 op, 1791600.00 ns, 111.9750 us/op

WorkloadPilot    1: 16 op, 2141300.00 ns, 133.8313 us/op
WorkloadPilot    2: 32 op, 1912700.00 ns, 59.7719 us/op
WorkloadPilot    3: 64 op, 5528600.00 ns, 86.3844 us/op
WorkloadPilot    4: 128 op, 8716200.00 ns, 68.0953 us/op
WorkloadPilot    5: 256 op, 15185200.00 ns, 59.3172 us/op
WorkloadPilot    6: 512 op, 35136400.00 ns, 68.6258 us/op
WorkloadPilot    7: 1024 op, 57420800.00 ns, 56.0750 us/op
WorkloadPilot    8: 2048 op, 119905200.00 ns, 58.5475 us/op
WorkloadPilot    9: 4096 op, 133747300.00 ns, 32.6531 us/op
WorkloadPilot   10: 8192 op, 121198300.00 ns, 14.7947 us/op
WorkloadPilot   11: 16384 op, 240525400.00 ns, 14.6805 us/op
WorkloadPilot   12: 32768 op, 457122300.00 ns, 13.9503 us/op
WorkloadPilot   13: 65536 op, 904922100.00 ns, 13.8080 us/op

OverheadWarmup   1: 65536 op, 108300.00 ns, 1.6525 ns/op
OverheadWarmup   2: 65536 op, 143300.00 ns, 2.1866 ns/op
OverheadWarmup   3: 65536 op, 154700.00 ns, 2.3605 ns/op
OverheadWarmup   4: 65536 op, 116400.00 ns, 1.7761 ns/op
OverheadWarmup   5: 65536 op, 125400.00 ns, 1.9135 ns/op
OverheadWarmup   6: 65536 op, 107400.00 ns, 1.6388 ns/op

OverheadActual   1: 65536 op, 115800.00 ns, 1.7670 ns/op
OverheadActual   2: 65536 op, 107400.00 ns, 1.6388 ns/op
OverheadActual   3: 65536 op, 169900.00 ns, 2.5925 ns/op
OverheadActual   4: 65536 op, 193600.00 ns, 2.9541 ns/op
OverheadActual   5: 65536 op, 140100.00 ns, 2.1378 ns/op
OverheadActual   6: 65536 op, 147700.00 ns, 2.2537 ns/op
OverheadActual   7: 65536 op, 148600.00 ns, 2.2675 ns/op
OverheadActual   8: 65536 op, 156600.00 ns, 2.3895 ns/op
OverheadActual   9: 65536 op, 116000.00 ns, 1.7700 ns/op
OverheadActual  10: 65536 op, 123400.00 ns, 1.8829 ns/op
OverheadActual  11: 65536 op, 129500.00 ns, 1.9760 ns/op
OverheadActual  12: 65536 op, 127600.00 ns, 1.9470 ns/op
OverheadActual  13: 65536 op, 241000.00 ns, 3.6774 ns/op
OverheadActual  14: 65536 op, 171200.00 ns, 2.6123 ns/op
OverheadActual  15: 65536 op, 131600.00 ns, 2.0081 ns/op
OverheadActual  16: 65536 op, 164600.00 ns, 2.5116 ns/op
OverheadActual  17: 65536 op, 111600.00 ns, 1.7029 ns/op
OverheadActual  18: 65536 op, 173100.00 ns, 2.6413 ns/op
OverheadActual  19: 65536 op, 148300.00 ns, 2.2629 ns/op
OverheadActual  20: 65536 op, 149200.00 ns, 2.2766 ns/op

WorkloadWarmup   1: 65536 op, 938060400.00 ns, 14.3137 us/op
WorkloadWarmup   2: 65536 op, 942973300.00 ns, 14.3886 us/op
WorkloadWarmup   3: 65536 op, 1039820200.00 ns, 15.8664 us/op

WorkloadActual   1: 65536 op, 1100758000.00 ns, 16.7962 us/op
WorkloadActual   2: 65536 op, 990322700.00 ns, 15.1111 us/op
WorkloadActual   3: 65536 op, 1095517600.00 ns, 16.7163 us/op

WorkloadResult   1: 65536 op, 1100610000.00 ns, 16.7940 us/op
WorkloadResult   2: 65536 op, 990174700.00 ns, 15.1089 us/op
WorkloadResult   3: 65536 op, 1095369600.00 ns, 16.7140 us/op
// GC:  184 1 0 773465296 65536
// Threading:  0 0 65536


Mean = 16.206 μs, StdErr = 0.549 μs (3.39%), N = 3, StdDev = 0.951 μs
Min = 15.109 μs, Q1 = 15.911 μs, Median = 16.714 μs, Q3 = 16.754 μs, Max = 16.794 μs
IQR = 0.843 μs, LowerFence = 14.648 μs, UpperFence = 18.018 μs
ConfidenceInterval = [-1.138 μs; 33.549 μs] (CI 99.9%), Margin = 17.344 μs (107.02% of Mean)
Skewness = -0.38, Kurtosis = 0.67, MValue = 2

// ** Remained 2 (50.0%) benchmark(s) to run. Estimated finish 2026-08-27 18:03 (0h 0m from now) **
Setup power plan (GUID: 8c5e7fda-e8bf-4a96-9a85-a6e23a8c635c FriendlyName: High performance)
// **************************
// Benchmark: AspectResolutionBenchmarks.ElementLocalMutationAndFrame: ShortRun(Toolchain=InProcessEmitToolchain, IterationCount=3, LaunchCount=1, WarmupCount=3)
// *** Execute ***
// Launch: 1 / 1

// Benchmark Process Environment Information:
// BenchmarkDotNet v0.15.8
// Runtime=.NET 8.0.30 (8.0.30, 8.0.3026.36720), X64 RyuJIT x86-64-v3
// GC=Concurrent Workstation
// HardwareIntrinsics=AVX2+BMI1+BMI2+F16C+FMA+LZCNT+MOVBE,AVX,SSE3+SSSE3+SSE4.1+SSE4.2+POPCNT,X86Base+SSE+SSE2,AES+PCLMUL VectorSize=256
// Job: Job-ZYJCSJ(Toolchain=InProcessEmitToolchain, IterationCount=3, LaunchCount=1, WarmupCount=3)

OverheadJitting  1: 1 op, 261400.00 ns, 261.4000 us/op
WorkloadJitting  1: 1 op, 1013900.00 ns, 1.0139 ms/op

OverheadJitting  2: 16 op, 397800.00 ns, 24.8625 us/op
WorkloadJitting  2: 16 op, 1456000.00 ns, 91.0000 us/op

WorkloadPilot    1: 16 op, 990400.00 ns, 61.9000 us/op
WorkloadPilot    2: 32 op, 1841200.00 ns, 57.5375 us/op
WorkloadPilot    3: 64 op, 3066100.00 ns, 47.9078 us/op
WorkloadPilot    4: 128 op, 6346500.00 ns, 49.5820 us/op
WorkloadPilot    5: 256 op, 13042900.00 ns, 50.9488 us/op
WorkloadPilot    6: 512 op, 25963200.00 ns, 50.7094 us/op
WorkloadPilot    7: 1024 op, 44397200.00 ns, 43.3566 us/op
WorkloadPilot    8: 2048 op, 85853900.00 ns, 41.9208 us/op
WorkloadPilot    9: 4096 op, 147216100.00 ns, 35.9414 us/op
WorkloadPilot   10: 8192 op, 219798900.00 ns, 26.8309 us/op
WorkloadPilot   11: 16384 op, 485031200.00 ns, 29.6040 us/op
WorkloadPilot   12: 32768 op, 904738500.00 ns, 27.6104 us/op

OverheadWarmup   1: 32768 op, 54800.00 ns, 1.6724 ns/op
OverheadWarmup   2: 32768 op, 54000.00 ns, 1.6479 ns/op
OverheadWarmup   3: 32768 op, 63200.00 ns, 1.9287 ns/op
OverheadWarmup   4: 32768 op, 53700.00 ns, 1.6388 ns/op
OverheadWarmup   5: 32768 op, 72100.00 ns, 2.2003 ns/op
OverheadWarmup   6: 32768 op, 53800.00 ns, 1.6418 ns/op

OverheadActual   1: 32768 op, 60500.00 ns, 1.8463 ns/op
OverheadActual   2: 32768 op, 63800.00 ns, 1.9470 ns/op
OverheadActual   3: 32768 op, 54200.00 ns, 1.6541 ns/op
OverheadActual   4: 32768 op, 53900.00 ns, 1.6449 ns/op
OverheadActual   5: 32768 op, 54000.00 ns, 1.6479 ns/op
OverheadActual   6: 32768 op, 61000.00 ns, 1.8616 ns/op
OverheadActual   7: 32768 op, 61400.00 ns, 1.8738 ns/op
OverheadActual   8: 32768 op, 66900.00 ns, 2.0416 ns/op
OverheadActual   9: 32768 op, 61200.00 ns, 1.8677 ns/op
OverheadActual  10: 32768 op, 83800.00 ns, 2.5574 ns/op
OverheadActual  11: 32768 op, 79900.00 ns, 2.4384 ns/op
OverheadActual  12: 32768 op, 54000.00 ns, 1.6479 ns/op
OverheadActual  13: 32768 op, 83600.00 ns, 2.5513 ns/op
OverheadActual  14: 32768 op, 65300.00 ns, 1.9928 ns/op
OverheadActual  15: 32768 op, 53900.00 ns, 1.6449 ns/op
OverheadActual  16: 32768 op, 53900.00 ns, 1.6449 ns/op
OverheadActual  17: 32768 op, 53900.00 ns, 1.6449 ns/op
OverheadActual  18: 32768 op, 53800.00 ns, 1.6418 ns/op
OverheadActual  19: 32768 op, 53600.00 ns, 1.6357 ns/op
OverheadActual  20: 32768 op, 66800.00 ns, 2.0386 ns/op

WorkloadWarmup   1: 32768 op, 916005300.00 ns, 27.9543 us/op
WorkloadWarmup   2: 32768 op, 884050000.00 ns, 26.9791 us/op
WorkloadWarmup   3: 32768 op, 890095000.00 ns, 27.1635 us/op

WorkloadActual   1: 32768 op, 897541800.00 ns, 27.3908 us/op
WorkloadActual   2: 32768 op, 946475500.00 ns, 28.8841 us/op
WorkloadActual   3: 32768 op, 890866000.00 ns, 27.1871 us/op

WorkloadResult   1: 32768 op, 897481050.00 ns, 27.3889 us/op
WorkloadResult   2: 32768 op, 946414750.00 ns, 28.8823 us/op
WorkloadResult   3: 32768 op, 890805250.00 ns, 27.1852 us/op
// GC:  158 0 0 662752728 32768
// Threading:  0 0 32768


Mean = 27.819 μs, StdErr = 0.535 μs (1.92%), N = 3, StdDev = 0.927 μs
Min = 27.185 μs, Q1 = 27.287 μs, Median = 27.389 μs, Q3 = 28.136 μs, Max = 28.882 μs
IQR = 0.849 μs, LowerFence = 26.014 μs, UpperFence = 29.408 μs
ConfidenceInterval = [10.914 μs; 44.724 μs] (CI 99.9%), Margin = 16.905 μs (60.77% of Mean)
Skewness = 0.36, Kurtosis = 0.67, MValue = 2

// ** Remained 1 (25.0%) benchmark(s) to run. Estimated finish 2026-08-27 18:03 (0h 0m from now) **
Setup power plan (GUID: 8c5e7fda-e8bf-4a96-9a85-a6e23a8c635c FriendlyName: High performance)
// **************************
// Benchmark: AspectResolutionBenchmarks.NestedScopeAttachAndFrame: ShortRun(Toolchain=InProcessEmitToolchain, InvocationCount=1, IterationCount=3, LaunchCount=1, UnrollFactor=1, WarmupCount=3)
// *** Execute ***
// Launch: 1 / 1

// Benchmark Process Environment Information:
// BenchmarkDotNet v0.15.8
// Runtime=.NET 8.0.30 (8.0.30, 8.0.3026.36720), X64 RyuJIT x86-64-v3
// GC=Concurrent Workstation
// HardwareIntrinsics=AVX2+BMI1+BMI2+F16C+FMA+LZCNT+MOVBE,AVX,SSE3+SSSE3+SSE4.1+SSE4.2+POPCNT,X86Base+SSE+SSE2,AES+PCLMUL VectorSize=256
// Job: Job-DHDDJV(Toolchain=InProcessEmitToolchain, InvocationCount=1, IterationCount=3, LaunchCount=1, UnrollFactor=1, WarmupCount=3)

OverheadJitting  1: 1 op, 289800.00 ns, 289.8000 us/op
WorkloadJitting  1: 1 op, 1287300.00 ns, 1.2873 ms/op

OverheadWarmup   1: 1 op, 1600.00 ns, 1.6000 us/op
OverheadWarmup   2: 1 op, 400.00 ns, 400.0000 ns/op
OverheadWarmup   3: 1 op, 300.00 ns, 300.0000 ns/op
OverheadWarmup   4: 1 op, 500.00 ns, 500.0000 ns/op
OverheadWarmup   5: 1 op, 300.00 ns, 300.0000 ns/op
OverheadWarmup   6: 1 op, 500.00 ns, 500.0000 ns/op
OverheadWarmup   7: 1 op, 200.00 ns, 200.0000 ns/op

OverheadActual   1: 1 op, 500.00 ns, 500.0000 ns/op
OverheadActual   2: 1 op, 500.00 ns, 500.0000 ns/op
OverheadActual   3: 1 op, 500.00 ns, 500.0000 ns/op
OverheadActual   4: 1 op, 500.00 ns, 500.0000 ns/op
OverheadActual   5: 1 op, 400.00 ns, 400.0000 ns/op
OverheadActual   6: 1 op, 500.00 ns, 500.0000 ns/op
OverheadActual   7: 1 op, 500.00 ns, 500.0000 ns/op
OverheadActual   8: 1 op, 600.00 ns, 600.0000 ns/op
OverheadActual   9: 1 op, 600.00 ns, 600.0000 ns/op
OverheadActual  10: 1 op, 600.00 ns, 600.0000 ns/op
OverheadActual  11: 1 op, 500.00 ns, 500.0000 ns/op
OverheadActual  12: 1 op, 500.00 ns, 500.0000 ns/op
OverheadActual  13: 1 op, 400.00 ns, 400.0000 ns/op
OverheadActual  14: 1 op, 500.00 ns, 500.0000 ns/op
OverheadActual  15: 1 op, 1300.00 ns, 1.3000 us/op
OverheadActual  16: 1 op, 500.00 ns, 500.0000 ns/op
OverheadActual  17: 1 op, 600.00 ns, 600.0000 ns/op
OverheadActual  18: 1 op, 500.00 ns, 500.0000 ns/op
OverheadActual  19: 1 op, 600.00 ns, 600.0000 ns/op
OverheadActual  20: 1 op, 600.00 ns, 600.0000 ns/op

WorkloadWarmup   1: 1 op, 647500.00 ns, 647.5000 us/op
WorkloadWarmup   2: 1 op, 437300.00 ns, 437.3000 us/op
WorkloadWarmup   3: 1 op, 399100.00 ns, 399.1000 us/op

WorkloadActual   1: 1 op, 334300.00 ns, 334.3000 us/op
WorkloadActual   2: 1 op, 301700.00 ns, 301.7000 us/op
WorkloadActual   3: 1 op, 296100.00 ns, 296.1000 us/op

WorkloadResult   1: 1 op, 333800.00 ns, 333.8000 us/op
WorkloadResult   2: 1 op, 301200.00 ns, 301.2000 us/op
WorkloadResult   3: 1 op, 295600.00 ns, 295.6000 us/op
// GC:  0 0 0 38328 1
// Threading:  0 0 1


Mean = 310.200 μs, StdErr = 11.910 μs (3.84%), N = 3, StdDev = 20.629 μs
Min = 295.600 μs, Q1 = 298.400 μs, Median = 301.200 μs, Q3 = 317.500 μs, Max = 333.800 μs
IQR = 19.100 μs, LowerFence = 269.750 μs, UpperFence = 346.150 μs
ConfidenceInterval = [-66.152 μs; 686.552 μs] (CI 99.9%), Margin = 376.352 μs (121.33% of Mean)
Skewness = 0.35, Kurtosis = 0.67, MValue = 2

// ** Remained 0 (0.0%) benchmark(s) to run. Estimated finish 2026-08-27 18:03 (0h 0m from now) **
Successfully reverted power plan (GUID: 381b4222-f694-41f0-9685-ff5bb260df2e FriendlyName: Balanced)
// ***** BenchmarkRunner: Finish  *****

// * Export *
  benchmarks\results\2026-08-27-aspect-unification\final-bdn\results\Cerneala.Benchmarks.AspectResolutionBenchmarks-report.csv
  benchmarks\results\2026-08-27-aspect-unification\final-bdn\results\Cerneala.Benchmarks.AspectResolutionBenchmarks-report-github.md
  benchmarks\results\2026-08-27-aspect-unification\final-bdn\results\Cerneala.Benchmarks.AspectResolutionBenchmarks-report.html

// * Detailed results *
AspectResolutionBenchmarks.CodeFirstCatalogResolve: ShortRun(Toolchain=InProcessEmitToolchain, IterationCount=3, LaunchCount=1, WarmupCount=3)
Runtime = ; GC = 
Mean = 3.101 μs, StdErr = 0.249 μs (8.04%), N = 3, StdDev = 0.432 μs
Min = 2.841 μs, Q1 = 2.852 μs, Median = 2.863 μs, Q3 = 3.231 μs, Max = 3.600 μs
IQR = 0.379 μs, LowerFence = 2.283 μs, UpperFence = 3.800 μs
ConfidenceInterval = [-4.778 μs; 10.980 μs] (CI 99.9%), Margin = 7.879 μs (254.05% of Mean)
Skewness = 0.38, Kurtosis = 0.67, MValue = 2
-------------------- Histogram --------------------
[2.828 μs ; 3.614 μs) | @@@
---------------------------------------------------

AspectResolutionBenchmarks.RootRegisteredPackageFrame: ShortRun(Toolchain=InProcessEmitToolchain, IterationCount=3, LaunchCount=1, WarmupCount=3)
Runtime = ; GC = 
Mean = 16.206 μs, StdErr = 0.549 μs (3.39%), N = 3, StdDev = 0.951 μs
Min = 15.109 μs, Q1 = 15.911 μs, Median = 16.714 μs, Q3 = 16.754 μs, Max = 16.794 μs
IQR = 0.843 μs, LowerFence = 14.648 μs, UpperFence = 18.018 μs
ConfidenceInterval = [-1.138 μs; 33.549 μs] (CI 99.9%), Margin = 17.344 μs (107.02% of Mean)
Skewness = -0.38, Kurtosis = 0.67, MValue = 2
-------------------- Histogram --------------------
[15.086 μs ; 16.817 μs) | @@@
---------------------------------------------------

AspectResolutionBenchmarks.ElementLocalMutationAndFrame: ShortRun(Toolchain=InProcessEmitToolchain, IterationCount=3, LaunchCount=1, WarmupCount=3)
Runtime = ; GC = 
Mean = 27.819 μs, StdErr = 0.535 μs (1.92%), N = 3, StdDev = 0.927 μs
Min = 27.185 μs, Q1 = 27.287 μs, Median = 27.389 μs, Q3 = 28.136 μs, Max = 28.882 μs
IQR = 0.849 μs, LowerFence = 26.014 μs, UpperFence = 29.408 μs
ConfidenceInterval = [10.914 μs; 44.724 μs] (CI 99.9%), Margin = 16.905 μs (60.77% of Mean)
Skewness = 0.36, Kurtosis = 0.67, MValue = 2
-------------------- Histogram --------------------
[26.342 μs ; 28.130 μs) | @@
[28.130 μs ; 29.726 μs) | @
---------------------------------------------------

AspectResolutionBenchmarks.NestedScopeAttachAndFrame: ShortRun(Toolchain=InProcessEmitToolchain, InvocationCount=1, IterationCount=3, LaunchCount=1, UnrollFactor=1, WarmupCount=3)
Runtime = ; GC = 
Mean = 310.200 μs, StdErr = 11.910 μs (3.84%), N = 3, StdDev = 20.629 μs
Min = 295.600 μs, Q1 = 298.400 μs, Median = 301.200 μs, Q3 = 317.500 μs, Max = 333.800 μs
IQR = 19.100 μs, LowerFence = 269.750 μs, UpperFence = 346.150 μs
ConfidenceInterval = [-66.152 μs; 686.552 μs] (CI 99.9%), Margin = 376.352 μs (121.33% of Mean)
Skewness = 0.35, Kurtosis = 0.67, MValue = 2
-------------------- Histogram --------------------
[276.827 μs ; 317.173 μs) | @@
[317.173 μs ; 352.573 μs) | @
---------------------------------------------------

// * Summary *

BenchmarkDotNet v0.15.8, Windows 11 (10.0.26200.9168/25H2/2025Update/HudsonValley2)
Intel Core i5-9300H CPU 2.40GHz, 1 CPU, 8 logical and 4 physical cores
.NET SDK 10.0.303
  [Host] : .NET 8.0.30 (8.0.30, 8.0.3026.36720), X64 RyuJIT x86-64-v3

Job=ShortRun  Toolchain=InProcessEmitToolchain  IterationCount=3  
LaunchCount=1  WarmupCount=3  

| Method                       | InvocationCount | UnrollFactor | Mean       | Error      | StdDev     | Gen0   | Gen1   | Allocated |
|----------------------------- |---------------- |------------- |-----------:|-----------:|-----------:|-------:|-------:|----------:|
| CodeFirstCatalogResolve      | Default         | 16           |   3.101 μs |   7.879 μs |  0.4319 μs | 1.0338 |      - |   4.23 KB |
| RootRegisteredPackageFrame   | Default         | 16           |  16.206 μs |  17.344 μs |  0.9507 μs | 2.8076 | 0.0153 |  11.53 KB |
| ElementLocalMutationAndFrame | Default         | 16           |  27.819 μs |  16.905 μs |  0.9266 μs | 4.8218 |      - |  19.75 KB |
| NestedScopeAttachAndFrame    | 1               | 1            | 310.200 μs | 376.352 μs | 20.6291 μs |      - |      - |  37.43 KB |

// * Warnings *
MinIterationTime
  AspectResolutionBenchmarks.NestedScopeAttachAndFrame: ShortRun -> The minimum observed iteration time is 296.1μs which is very small. It's recommended to increase it to at least 100ms using more operations.

// * Legends *
  Mean      : Arithmetic mean of all measurements
  Error     : Half of 99.9% confidence interval
  StdDev    : Standard deviation of all measurements
  Gen0      : GC Generation 0 collects per 1000 operations
  Gen1      : GC Generation 1 collects per 1000 operations
  Allocated : Allocated memory per single operation (managed only, inclusive, 1KB = 1024B)
  1 μs      : 1 Microsecond (0.000001 sec)

// * Diagnostic Output - MemoryDiagnoser *


// ***** BenchmarkRunner: End *****
Run time: 00:00:26 (26.92 sec), executed benchmarks: 4

Global total time: 00:00:28 (28.04 sec), executed benchmarks: 4
// * Artifacts cleanup *
Artifacts cleanup is finished
