Test run for C:\Users\lauri\Desktop\Cerneala\tests\Cerneala.Tests.Language\bin\Release\net8.0-windows\Cerneala.Tests.Language.dll (.NETCoreApp,Version=v8.0)
A total of 1 test files matched the specified pattern.
[xUnit.net 00:00:51.27]     Cerneala.Tests.Language.CompletionTests.WarmCompletionP95StaysBelowBudgetAndIndependentDocumentsDoNotBlock [SKIP]
  Skipped Cerneala.Tests.Language.CompletionTests.WarmCompletionP95StaysBelowBudgetAndIndependentDocumentsDoNotBlock [1 ms]
Results File: C:\Users\lauri\Desktop\Cerneala\benchmarks\Cerneala.Benchmarks\results\2026-10-07-timbre-sdl3-stage3\full-solution\full_net8.0_20261007142849.trx

Passed!  - Failed:     0, Passed:   259, Skipped:     1, Total:   260, Duration: 51 s - Cerneala.Tests.Language.dll (net8.0)
Test run for C:\Users\lauri\Desktop\Cerneala\tests\Cerneala.Tests.LanguageServer\bin\Release\net10.0\Cerneala.Tests.LanguageServer.dll (.NETCoreApp,Version=v10.0)
A total of 1 test files matched the specified pattern.
Results File: C:\Users\lauri\Desktop\Cerneala\benchmarks\Cerneala.Benchmarks\results\2026-10-07-timbre-sdl3-stage3\full-solution\full_net10.0_20261007143131.trx

Passed!  - Failed:     0, Passed:    40, Skipped:     0, Total:    40, Duration: 2 m 38 s - Cerneala.Tests.LanguageServer.dll (net10.0)
Test run for C:\Users\lauri\Desktop\Cerneala\tests\Cerneala.Tests.PreviewHost\bin\Release\net10.0-windows\Cerneala.Tests.PreviewHost.dll (.NETCoreApp,Version=v10.0)
A total of 1 test files matched the specified pattern.
Results File: C:\Users\lauri\Desktop\Cerneala\benchmarks\Cerneala.Benchmarks\results\2026-10-07-timbre-sdl3-stage3\full-solution\full_net10.0_20261007143231.trx

Passed!  - Failed:     0, Passed:    17, Skipped:     0, Total:    17, Duration: 57 s - Cerneala.Tests.PreviewHost.dll (net10.0)
Test run for C:\Users\lauri\Desktop\Cerneala\tests\Cerneala.Tests.Scene2DImporters\bin\Release\net8.0\Cerneala.Tests.Scene2DImporters.dll (.NETCoreApp,Version=v8.0)
A total of 1 test files matched the specified pattern.
Results File: C:\Users\lauri\Desktop\Cerneala\benchmarks\Cerneala.Benchmarks\results\2026-10-07-timbre-sdl3-stage3\full-solution\full_net8.0_20261007143236.trx

Passed!  - Failed:     0, Passed:   173, Skipped:     0, Total:   173, Duration: 2 s - Cerneala.Tests.Scene2DImporters.dll (net8.0)
Test run for C:\Users\lauri\Desktop\Cerneala\tests\Cerneala.Tests.Scene2DPackages\bin\Release\net8.0\Cerneala.Tests.Scene2DPackages.dll (.NETCoreApp,Version=v8.0)
A total of 1 test files matched the specified pattern.
Results File: C:\Users\lauri\Desktop\Cerneala\benchmarks\Cerneala.Benchmarks\results\2026-10-07-timbre-sdl3-stage3\full-solution\full_net8.0_20261007143244.trx

Passed!  - Failed:     0, Passed:   104, Skipped:     0, Total:   104, Duration: 5 s - Cerneala.Tests.Scene2DPackages.dll (net8.0)
Test run for C:\Users\lauri\Desktop\Cerneala\tests\Cerneala.Tests.SceneVillage\bin\Release\net8.0-windows\Cerneala.Tests.SceneVillage.dll (.NETCoreApp,Version=v8.0)
A total of 1 test files matched the specified pattern.
[xUnit.net 00:00:07.55]     Cerneala.Tests.SceneVillage.NativeVillageFrameRateGateTests.WalkingAndStressPresetsMeetPostSubmitCallbackCadenceGate [SKIP]
  Skipped Cerneala.Tests.SceneVillage.NativeVillageFrameRateGateTests.WalkingAndStressPresetsMeetPostSubmitCallbackCadenceGate [1 ms]
Results File: C:\Users\lauri\Desktop\Cerneala\benchmarks\Cerneala.Benchmarks\results\2026-10-07-timbre-sdl3-stage3\full-solution\full_net8.0_20261007143333.trx

Passed!  - Failed:     0, Passed:    43, Skipped:     1, Total:    44, Duration: 46 s - Cerneala.Tests.SceneVillage.dll (net8.0)
Test run for C:\Users\lauri\Desktop\Cerneala\tests\Cerneala.Tests.SdlGpu\bin\Release\net8.0\Cerneala.Tests.SdlGpu.dll (.NETCoreApp,Version=v8.0)
A total of 1 test files matched the specified pattern.
[xUnit.net 00:05:20.16]     Cerneala.Tests.SdlGpu.SdlWindowsNativeContractTests.NativeOwnershipInputAndGraphicsLifetimesRemainIndependent [SKIP]
  Skipped Cerneala.Tests.SdlGpu.SdlWindowsNativeContractTests.NativeOwnershipInputAndGraphicsLifetimesRemainIndependent [1 ms]
[xUnit.net 00:05:26.41]     Cerneala.Tests.Drawing.SdlGpu.AlphaBlendRenderingTests.OpaqueStrokeOccludesEarlierStrokeAroundTranslucentContent(content: 1) [SKIP]
  Skipped Cerneala.Tests.Drawing.SdlGpu.AlphaBlendRenderingTests.OpaqueStrokeOccludesEarlierStrokeAroundTranslucentContent(content: 1) [1 ms]
[xUnit.net 00:05:27.03]     Cerneala.Tests.Drawing.SdlGpu.AlphaBlendRenderingTests.OpaqueStrokeOccludesEarlierStrokeAroundTranslucentContent(content: 7) [SKIP]
  Skipped Cerneala.Tests.Drawing.SdlGpu.AlphaBlendRenderingTests.OpaqueStrokeOccludesEarlierStrokeAroundTranslucentContent(content: 7) [1 ms]
[xUnit.net 00:05:28.23]     Cerneala.Tests.Drawing.SdlGpu.AlphaBlendRenderingTests.OpaqueStrokeOccludesEarlierStrokeAroundTranslucentContent(content: 6) [SKIP]
[xUnit.net 00:05:28.87]     Cerneala.Tests.Drawing.SdlGpu.AlphaBlendRenderingTests.OpaqueStrokeOccludesEarlierStrokeAroundTranslucentContent(content: 3) [SKIP]
  Skipped Cerneala.Tests.Drawing.SdlGpu.AlphaBlendRenderingTests.OpaqueStrokeOccludesEarlierStrokeAroundTranslucentContent(content: 6) [1 ms]
  Skipped Cerneala.Tests.Drawing.SdlGpu.AlphaBlendRenderingTests.OpaqueStrokeOccludesEarlierStrokeAroundTranslucentContent(content: 3) [1 ms]
Results File: C:\Users\lauri\Desktop\Cerneala\benchmarks\Cerneala.Benchmarks\results\2026-10-07-timbre-sdl3-stage3\full-solution\full_net8.0_20261007144218.trx

Passed!  - Failed:     0, Passed:  1008, Skipped:     5, Total:  1013, Duration: 8 m 41 s - Cerneala.Tests.SdlGpu.dll (net8.0)
Test run for C:\Users\lauri\Desktop\Cerneala\tests\Cerneala.Tests.SourceGen\bin\Release\net8.0-windows\Cerneala.Tests.SourceGen.dll (.NETCoreApp,Version=v8.0)
A total of 1 test files matched the specified pattern.
Results File: C:\Users\lauri\Desktop\Cerneala\benchmarks\Cerneala.Benchmarks\results\2026-10-07-timbre-sdl3-stage3\full-solution\full_net8.0_20261007144338.trx

Passed!  - Failed:     0, Passed:   625, Skipped:     0, Total:   625, Duration: 1 m 17 s - Cerneala.Tests.SourceGen.dll (net8.0)
Test run for C:\Users\lauri\Desktop\Cerneala\tests\Cerneala.Tests.Timbre\bin\Release\net8.0\Cerneala.Tests.Timbre.dll (.NETCoreApp,Version=v8.0)
A total of 1 test files matched the specified pattern.
Results File: C:\Users\lauri\Desktop\Cerneala\benchmarks\Cerneala.Benchmarks\results\2026-10-07-timbre-sdl3-stage3\full-solution\full_net8.0_20261007144408.trx

Passed!  - Failed:     0, Passed:   306, Skipped:     0, Total:   306, Duration: 27 s - Cerneala.Tests.Timbre.dll (net8.0)
Test run for C:\Users\lauri\Desktop\Cerneala\tests\Cerneala.Tests.VisualStudio\bin\Release\net10.0-windows\Cerneala.Tests.VisualStudio.dll (.NETCoreApp,Version=v10.0)
A total of 1 test files matched the specified pattern.
Results File: C:\Users\lauri\Desktop\Cerneala\benchmarks\Cerneala.Benchmarks\results\2026-10-07-timbre-sdl3-stage3\full-solution\full_net10.0_20261007144411.trx

Passed!  - Failed:     0, Passed:    47, Skipped:     0, Total:    47, Duration: 750 ms - Cerneala.Tests.VisualStudio.dll (net10.0)
Test run for C:\Users\lauri\Desktop\Cerneala\tests\Cerneala.Tests\bin\Release\net8.0-windows\Cerneala.Tests.dll (.NETCoreApp,Version=v8.0)
A total of 1 test files matched the specified pattern.
Results File: C:\Users\lauri\Desktop\Cerneala\benchmarks\Cerneala.Benchmarks\results\2026-10-07-timbre-sdl3-stage3\full-solution\full_net8.0_20261007144801.trx

Passed!  - Failed:     0, Passed:  4328, Skipped:     0, Total:  4328, Duration: 3 m 44 s - Cerneala.Tests.dll (net8.0)
Test run for C:\Users\lauri\Desktop\Cerneala\Tetrisish\Tests\bin\Release\net8.0\Cerneala.Tetris.Tests.dll (.NETCoreApp,Version=v8.0)
A total of 1 test files matched the specified pattern.
Results File: C:\Users\lauri\Desktop\Cerneala\benchmarks\Cerneala.Benchmarks\results\2026-10-07-timbre-sdl3-stage3\full-solution\full_net8.0_20261007144804.trx

Passed!  - Failed:     0, Passed:    31, Skipped:     0, Total:    31, Duration: 1 s - Cerneala.Tetris.Tests.dll (net8.0)
