  Determining projects to restore...
  Restored C:\Users\lauri\Desktop\Cerneala\Cerneala.Platforms.Win32\Cerneala.Platforms.Win32.csproj (in 2.59 sec).
  Restored C:\Users\lauri\Desktop\Cerneala\Cerneala.SourceGen\Cerneala.SourceGen.csproj (in 2.59 sec).
  Restored C:\Users\lauri\Desktop\Cerneala\Cerneala.Language\Cerneala.Language.csproj (in 2.59 sec).
  Restored C:\Users\lauri\Desktop\Cerneala\Cerneala.csproj (in 2.29 sec).
  Restored C:\Users\lauri\Desktop\Cerneala\Cerneala.LanguageServer\Cerneala.LanguageServer.csproj (in 2.62 sec).
  Restored C:\Users\lauri\Desktop\Cerneala\Cerneala.PreviewHost\Cerneala.PreviewHost.csproj (in 2.94 sec).
  Restored C:\Users\lauri\Desktop\Cerneala\Cerneala.Backends.MonoGame\Cerneala.Backends.MonoGame.csproj (in 2.69 sec).
  27 of 34 projects are up-to-date for restore.
  Tool 'dotnet-mgfxc' (version '3.8.4.1') was restored. Available commands: mgfxc
  Tool 'sign' (version '0.9.1-beta.26330.1') was restored. Available commands: sign
  
  Restore was successful.
  Cerneala.Language -> C:\Users\lauri\Desktop\Cerneala\Cerneala.Language\bin\Release\netstandard2.0\Cerneala.Language.dll
  Cerneala.Tests.VisualStudio -> C:\Users\lauri\Desktop\Cerneala\tests\Cerneala.Tests.VisualStudio\bin\Release\net10.0-windows\Cerneala.Tests.VisualStudio.dll
  Cerneala.VisualStudio -> C:\Users\lauri\Desktop\Cerneala\Cerneala.VisualStudio\bin\Release\net472\Cerneala.VisualStudio.dll
  Cerneala.SourceGen -> C:\Users\lauri\Desktop\Cerneala\Cerneala.SourceGen\bin\Release\netstandard2.0\Cerneala.SourceGen.dll
  Determining projects to restore...
  Cerneala.LanguageServer -> C:\Users\lauri\Desktop\Cerneala\Cerneala.LanguageServer\bin\Release\net10.0\Cerneala.LanguageServer.dll
  Cerneala.Tests.LanguageServer -> C:\Users\lauri\Desktop\Cerneala\tests\Cerneala.Tests.LanguageServer\bin\Release\net10.0\Cerneala.Tests.LanguageServer.dll
Test run for C:\Users\lauri\Desktop\Cerneala\tests\Cerneala.Tests.LanguageServer\bin\Release\net10.0\Cerneala.Tests.LanguageServer.dll (.NETCoreApp,Version=v10.0)
  Restored C:\Users\lauri\Desktop\Cerneala\Cerneala.Language\Cerneala.Language.csproj (in 1.45 sec).
  Restored C:\Users\lauri\Desktop\Cerneala\Cerneala.LanguageServer\Cerneala.LanguageServer.csproj (in 1.74 sec).
A total of 1 test files matched the specified pattern.
  Cerneala.Language -> C:\Users\lauri\Desktop\Cerneala\Cerneala.Language\bin\Release\netstandard2.0\Cerneala.Language.dll
  Cerneala.LanguageServer -> C:\Users\lauri\Desktop\Cerneala\Cerneala.LanguageServer\bin\Release\net10.0\win-x64\Cerneala.LanguageServer.dll
  Cerneala.LanguageServer -> C:\Users\lauri\Desktop\Cerneala\Cerneala.VisualStudio\obj\Release\net472\bundled-server\
  Determining projects to restore...
  Restored C:\Users\lauri\Desktop\Cerneala\Cerneala.SourceGen\Cerneala.SourceGen.csproj (in 778 ms).
  Restored C:\Users\lauri\Desktop\Cerneala\Cerneala.csproj (in 801 ms).
  Restored C:\Users\lauri\Desktop\Cerneala\Cerneala.Platforms.Win32\Cerneala.Platforms.Win32.csproj (in 795 ms).
  Restored C:\Users\lauri\Desktop\Cerneala\Cerneala.Backends.MonoGame\Cerneala.Backends.MonoGame.csproj (in 1.31 sec).
  Restored C:\Users\lauri\Desktop\Cerneala\Cerneala.PreviewHost\Cerneala.PreviewHost.csproj (in 1.42 sec).
  1 of 6 projects are up-to-date for restore.
  Tool 'dotnet-mgfxc' (version '3.8.4.1') was restored. Available commands: mgfxc
  Tool 'sign' (version '0.9.1-beta.26330.1') was restored. Available commands: sign
  
  Restore was successful.
  Cerneala.Language -> C:\Users\lauri\Desktop\Cerneala\Cerneala.Language\bin\Release\netstandard2.0\Cerneala.Language.dll
  Cerneala.SourceGen -> C:\Users\lauri\Desktop\Cerneala\Cerneala.SourceGen\bin\Release\netstandard2.0\Cerneala.SourceGen.dll
  Cerneala -> C:\Users\lauri\Desktop\Cerneala\bin\Release\net8.0\Cerneala.dll
  Cerneala.Platforms.Win32 -> C:\Users\lauri\Desktop\Cerneala\Cerneala.Platforms.Win32\bin\Release\net8.0-windows\Cerneala.Platforms.Win32.dll
  Cerneala.Backends.MonoGame -> C:\Users\lauri\Desktop\Cerneala\Cerneala.Backends.MonoGame\bin\Release\net8.0-windows\Cerneala.Backends.MonoGame.dll
  Cerneala.PreviewHost -> C:\Users\lauri\Desktop\Cerneala\Cerneala.PreviewHost\bin\Release\net10.0-windows\win-x64\Cerneala.PreviewHost.dll
  Cerneala.PreviewHost -> C:\Users\lauri\Desktop\Cerneala\Cerneala.VisualStudio\obj\Release\net472\bundled-preview-host\
  Cerneala.VisualStudio -> C:\Users\lauri\Desktop\Cerneala\Cerneala.VisualStudio\bin\Release\net472\Cerneala.VisualStudio.vsix
  VisualStudioIntegrationHost -> C:\Users\lauri\Desktop\Cerneala\tests\Fixtures\VisualStudioIntegrationHost\bin\Release\net472\Cerneala.VisualStudio.IntegrationHost.dll
  VisualStudioIntegrationHost -> C:\Users\lauri\Desktop\Cerneala\tests\Fixtures\VisualStudioIntegrationHost\bin\Release\net472\Cerneala.VisualStudio.IntegrationHost.vsix
Test run for C:\Users\lauri\Desktop\Cerneala\tests\Cerneala.Tests.VisualStudio\bin\Release\net10.0-windows\Cerneala.Tests.VisualStudio.dll (.NETCoreApp,Version=v10.0)
A total of 1 test files matched the specified pattern.
Results File: C:\Users\lauri\Desktop\Cerneala\benchmarks\Cerneala.Benchmarks\results\2026-09-04-sprite-animation-stage4\full-suite\lauri_DESKTOP-JT43V3D_2026-09-04_23_36_48_net10.0.trx

Passed!  - Failed:     0, Passed:    47, Skipped:     0, Total:    47, Duration: 2 s - Cerneala.Tests.VisualStudio.dll (net10.0)
[xUnit.net 00:03:51.82]     Cerneala.Tests.LanguageServer.HardeningProtocolTests.FullSolutionIncrementalRequestsRespectWarmBudgets [FAIL]
  Failed Cerneala.Tests.LanguageServer.HardeningProtocolTests.FullSolutionIncrementalRequestsRespectWarmBudgets [27 s]
  Error Message:
   full-solution incremental completion warm p95 was 151.79 ms.
  Stack Trace:
     at Cerneala.Tests.LanguageServer.HardeningProtocolTests.AssertBudget(String operation, IReadOnlyList`1 samples, Double budget) in C:\Users\lauri\Desktop\Cerneala\tests\Cerneala.Tests.LanguageServer\HardeningProtocolTests.cs:line 205
   at Cerneala.Tests.LanguageServer.HardeningProtocolTests.FullSolutionIncrementalRequestsRespectWarmBudgets() in C:\Users\lauri\Desktop\Cerneala\tests\Cerneala.Tests.LanguageServer\HardeningProtocolTests.cs:line 57
   at Cerneala.Tests.LanguageServer.HardeningProtocolTests.FullSolutionIncrementalRequestsRespectWarmBudgets() in C:\Users\lauri\Desktop\Cerneala\tests\Cerneala.Tests.LanguageServer\HardeningProtocolTests.cs:line 59
--- End of stack trace from previous location ---
Results File: C:\Users\lauri\Desktop\Cerneala\benchmarks\Cerneala.Benchmarks\results\2026-09-04-sprite-animation-stage4\full-suite\lauri_DESKTOP-JT43V3D_2026-09-04_23_34_25_net10.0.trx

Failed!  - Failed:     1, Passed:    39, Skipped:     0, Total:    40, Duration: 3 m 48 s - Cerneala.Tests.LanguageServer.dll (net10.0)
  Cerneala -> C:\Users\lauri\Desktop\Cerneala\bin\Release\net8.0\Cerneala.dll
  Cerneala.Platforms.Sdl3 -> C:\Users\lauri\Desktop\Cerneala\Cerneala.Platforms.Sdl3\bin\Release\net8.0\Cerneala.Platforms.Sdl3.dll
  Cerneala.Platforms.Win32 -> C:\Users\lauri\Desktop\Cerneala\Cerneala.Platforms.Win32\bin\Release\net8.0-windows\Cerneala.Platforms.Win32.dll
  Cerneala.Backends.SdlGpu -> C:\Users\lauri\Desktop\Cerneala\Cerneala.Backends.SdlGpu\bin\Release\net8.0\Cerneala.Backends.SdlGpu.dll
  Cerneala.Tests.Language -> C:\Users\lauri\Desktop\Cerneala\tests\Cerneala.Tests.Language\bin\Release\net8.0-windows\Cerneala.Tests.Language.dll
Test run for C:\Users\lauri\Desktop\Cerneala\tests\Cerneala.Tests.Language\bin\Release\net8.0-windows\Cerneala.Tests.Language.dll (.NETCoreApp,Version=v8.0)
A total of 1 test files matched the specified pattern.
  Cerneala.Tests.SdlGpu -> C:\Users\lauri\Desktop\Cerneala\tests\Cerneala.Tests.SdlGpu\bin\Release\net8.0\Cerneala.Tests.SdlGpu.dll
Test run for C:\Users\lauri\Desktop\Cerneala\tests\Cerneala.Tests.SdlGpu\bin\Release\net8.0\Cerneala.Tests.SdlGpu.dll (.NETCoreApp,Version=v8.0)
  Cerneala.Tests.SourceGen -> C:\Users\lauri\Desktop\Cerneala\tests\Cerneala.Tests.SourceGen\bin\Release\net8.0-windows\Cerneala.Tests.SourceGen.dll
Test run for C:\Users\lauri\Desktop\Cerneala\tests\Cerneala.Tests.SourceGen\bin\Release\net8.0-windows\Cerneala.Tests.SourceGen.dll (.NETCoreApp,Version=v8.0)
  Tetris -> C:\Users\lauri\Desktop\Cerneala\Tetrisish\bin\Release\net8.0\Cerneala.Tetris.dll
A total of 1 test files matched the specified pattern.
A total of 1 test files matched the specified pattern.
Results File: C:\Users\lauri\Desktop\Cerneala\benchmarks\Cerneala.Benchmarks\results\2026-09-04-sprite-animation-stage4\full-suite\lauri_DESKTOP-JT43V3D_2026-09-04_23_38_29_net8.0.trx

Passed!  - Failed:     0, Passed:   124, Skipped:     0, Total:   124, Duration: 27 s - Cerneala.Tests.SdlGpu.dll (net8.0)
  Tetris.Tests -> C:\Users\lauri\Desktop\Cerneala\Tetrisish\Tests\bin\Release\net8.0\Cerneala.Tetris.Tests.dll
Test run for C:\Users\lauri\Desktop\Cerneala\Tetrisish\Tests\bin\Release\net8.0\Cerneala.Tetris.Tests.dll (.NETCoreApp,Version=v8.0)
A total of 1 test files matched the specified pattern.
Results File: C:\Users\lauri\Desktop\Cerneala\benchmarks\Cerneala.Benchmarks\results\2026-09-04-sprite-animation-stage4\full-suite\lauri_DESKTOP-JT43V3D_2026-09-04_23_39_10_net8.0.trx

Passed!  - Failed:     0, Passed:    29, Skipped:     0, Total:    29, Duration: 3 s - Cerneala.Tetris.Tests.dll (net8.0)
Results File: C:\Users\lauri\Desktop\Cerneala\benchmarks\Cerneala.Benchmarks\results\2026-09-04-sprite-animation-stage4\full-suite\lauri_DESKTOP-JT43V3D_2026-09-04_23_38_25_net8.0.trx

Passed!  - Failed:     0, Passed:   186, Skipped:     0, Total:   186, Duration: 55 s - Cerneala.Tests.Language.dll (net8.0)
Results File: C:\Users\lauri\Desktop\Cerneala\benchmarks\Cerneala.Benchmarks\results\2026-09-04-sprite-animation-stage4\full-suite\lauri_DESKTOP-JT43V3D_2026-09-04_23_38_31_net8.0.trx

Passed!  - Failed:     0, Passed:   507, Skipped:     0, Total:   507, Duration: 2 m 3 s - Cerneala.Tests.SourceGen.dll (net8.0)
  Cerneala.Backends.MonoGame -> C:\Users\lauri\Desktop\Cerneala\Cerneala.Backends.MonoGame\bin\Release\net8.0-windows\Cerneala.Backends.MonoGame.dll
  Cerneala.Playground -> C:\Users\lauri\Desktop\Cerneala\Playground\Cerneala.Playground\bin\Release\net8.0-windows\Cerneala.Playground.dll
  Cerneala.PreviewHost -> C:\Users\lauri\Desktop\Cerneala\Cerneala.PreviewHost\bin\Release\net10.0-windows\Cerneala.PreviewHost.dll
  CernealaPresentation -> C:\Users\lauri\Desktop\Cerneala\CernealaPresentation\bin\Release\net8.0-windows\CernealaPresentation.dll
  Cerneala.WindowsDxSmoke -> C:\Users\lauri\Desktop\Cerneala\tests\Cerneala.WindowsDxSmoke\bin\Release\net8.0-windows\Cerneala.WindowsDxSmoke.dll
  Cerneala.Tests.PreviewHost -> C:\Users\lauri\Desktop\Cerneala\tests\Cerneala.Tests.PreviewHost\bin\Release\net10.0-windows\Cerneala.Tests.PreviewHost.dll
Test run for C:\Users\lauri\Desktop\Cerneala\tests\Cerneala.Tests.PreviewHost\bin\Release\net10.0-windows\Cerneala.Tests.PreviewHost.dll (.NETCoreApp,Version=v10.0)
A total of 1 test files matched the specified pattern.
  Cerneala.Tests -> C:\Users\lauri\Desktop\Cerneala\tests\Cerneala.Tests\bin\Release\net8.0-windows\Cerneala.Tests.dll
Test run for C:\Users\lauri\Desktop\Cerneala\tests\Cerneala.Tests\bin\Release\net8.0-windows\Cerneala.Tests.dll (.NETCoreApp,Version=v8.0)
A total of 1 test files matched the specified pattern.
Results File: C:\Users\lauri\Desktop\Cerneala\benchmarks\Cerneala.Benchmarks\results\2026-09-04-sprite-animation-stage4\full-suite\lauri_DESKTOP-JT43V3D_2026-09-04_23_40_52_net10.0.trx

Passed!  - Failed:     0, Passed:    13, Skipped:     0, Total:    13, Duration: 1 m 41 s - Cerneala.Tests.PreviewHost.dll (net10.0)
[xUnit.net 00:03:51.12]     Cerneala.Tests.Drawing.Prism.PrismSdlGpuPixelConformanceTests.EveryResourceFreeCatalogEntryMatchesWindowsDxPixelThresholds(symbol: "SpinBlur") [FAIL]
  Failed Cerneala.Tests.Drawing.Prism.PrismSdlGpuPixelConformanceTests.EveryResourceFreeCatalogEntryMatchesWindowsDxPixelThresholds(symbol: "SpinBlur") [1 s]
  Error Message:
   SDL_GPU Prism pixel diff exceeded the canonical RGBA thresholds for SpinBlur: MAE=0.0431, P99=1, max=62; artifacts: C:\Users\lauri\AppData\Local\Temp\cerneala-sdlgpu-prism-conformance-SpinBlur-ddad2412f0e440f587ee4e7529cad344
  Stack Trace:
     at Cerneala.Tests.Drawing.Prism.PrismSdlGpuPixelConformanceTests.EveryResourceFreeCatalogEntryMatchesWindowsDxPixelThresholds(String symbol) in C:\Users\lauri\Desktop\Cerneala\tests\Cerneala.Tests\Drawing\Prism\PrismSdlGpuPixelConformanceTests.cs:line 98
   at InvokeStub_PrismSdlGpuPixelConformanceTests.EveryResourceFreeCatalogEntryMatchesWindowsDxPixelThresholds(Object, Span`1)
   at System.Reflection.MethodBaseInvoker.InvokeWithOneArg(Object obj, BindingFlags invokeAttr, Binder binder, Object[] parameters, CultureInfo culture)
  Standard Output Messages:
 SpinBlur: MAE=0.0431, P99=1, max=62


Results File: C:\Users\lauri\Desktop\Cerneala\benchmarks\Cerneala.Benchmarks\results\2026-09-04-sprite-animation-stage4\full-suite\lauri_DESKTOP-JT43V3D_2026-09-04_23_41_03_net8.0.trx

Failed!  - Failed:     1, Passed:  3520, Skipped:     0, Total:  3521, Duration: 8 m 33 s - Cerneala.Tests.dll (net8.0)
