Test run for C:\Users\lauri\Desktop\Cerneala\tests\Cerneala.Tests.Language\bin\Release\net8.0-windows\Cerneala.Tests.Language.dll (.NETCoreApp,Version=v8.0)
A total of 1 test files matched the specified pattern.
Results File: C:\Users\lauri\Desktop\Cerneala\benchmarks\Cerneala.Benchmarks\results\2026-09-04-sprite-animation-stage4\verified-suite\lauri_DESKTOP-JT43V3D_2026-09-05_00_34_37_net8.0.trx

Passed!  - Failed:     0, Passed:   186, Skipped:     0, Total:   186, Duration: 19 s - Cerneala.Tests.Language.dll (net8.0)
Test run for C:\Users\lauri\Desktop\Cerneala\tests\Cerneala.Tests.LanguageServer\bin\Release\net10.0\Cerneala.Tests.LanguageServer.dll (.NETCoreApp,Version=v10.0)
A total of 1 test files matched the specified pattern.
Results File: C:\Users\lauri\Desktop\Cerneala\benchmarks\Cerneala.Benchmarks\results\2026-09-04-sprite-animation-stage4\verified-suite\lauri_DESKTOP-JT43V3D_2026-09-05_00_34_58_net10.0.trx

Passed!  - Failed:     0, Passed:    39, Skipped:     0, Total:    39, Duration: 1 m 18 s - Cerneala.Tests.LanguageServer.dll (net10.0)
Test run for C:\Users\lauri\Desktop\Cerneala\tests\Cerneala.Tests.PreviewHost\bin\Release\net10.0-windows\Cerneala.Tests.PreviewHost.dll (.NETCoreApp,Version=v10.0)
A total of 1 test files matched the specified pattern.
Results File: C:\Users\lauri\Desktop\Cerneala\benchmarks\Cerneala.Benchmarks\results\2026-09-04-sprite-animation-stage4\verified-suite\lauri_DESKTOP-JT43V3D_2026-09-05_00_36_19_net10.0.trx

Passed!  - Failed:     0, Passed:    13, Skipped:     0, Total:    13, Duration: 37 s - Cerneala.Tests.PreviewHost.dll (net10.0)
Test run for C:\Users\lauri\Desktop\Cerneala\tests\Cerneala.Tests.SdlGpu\bin\Release\net8.0\Cerneala.Tests.SdlGpu.dll (.NETCoreApp,Version=v8.0)
A total of 1 test files matched the specified pattern.
Results File: C:\Users\lauri\Desktop\Cerneala\benchmarks\Cerneala.Benchmarks\results\2026-09-04-sprite-animation-stage4\verified-suite\lauri_DESKTOP-JT43V3D_2026-09-05_00_36_56_net8.0.trx

Passed!  - Failed:     0, Passed:   124, Skipped:     0, Total:   124, Duration: 6 s - Cerneala.Tests.SdlGpu.dll (net8.0)
Test run for C:\Users\lauri\Desktop\Cerneala\tests\Cerneala.Tests.SourceGen\bin\Release\net8.0-windows\Cerneala.Tests.SourceGen.dll (.NETCoreApp,Version=v8.0)
A total of 1 test files matched the specified pattern.
Results File: C:\Users\lauri\Desktop\Cerneala\benchmarks\Cerneala.Benchmarks\results\2026-09-04-sprite-animation-stage4\verified-suite\lauri_DESKTOP-JT43V3D_2026-09-05_00_37_03_net8.0.trx

Passed!  - Failed:     0, Passed:   507, Skipped:     0, Total:   507, Duration: 53 s - Cerneala.Tests.SourceGen.dll (net8.0)
Test run for C:\Users\lauri\Desktop\Cerneala\tests\Cerneala.Tests.VisualStudio\bin\Release\net10.0-windows\Cerneala.Tests.VisualStudio.dll (.NETCoreApp,Version=v10.0)
A total of 1 test files matched the specified pattern.
Results File: C:\Users\lauri\Desktop\Cerneala\benchmarks\Cerneala.Benchmarks\results\2026-09-04-sprite-animation-stage4\verified-suite\lauri_DESKTOP-JT43V3D_2026-09-05_00_37_57_net10.0.trx

Passed!  - Failed:     0, Passed:    47, Skipped:     0, Total:    47, Duration: 437 ms - Cerneala.Tests.VisualStudio.dll (net10.0)
Test run for C:\Users\lauri\Desktop\Cerneala\tests\Cerneala.Tests\bin\Release\net8.0-windows\Cerneala.Tests.dll (.NETCoreApp,Version=v8.0)
A total of 1 test files matched the specified pattern.
Results File: C:\Users\lauri\Desktop\Cerneala\benchmarks\Cerneala.Benchmarks\results\2026-09-04-sprite-animation-stage4\verified-suite\lauri_DESKTOP-JT43V3D_2026-09-05_00_38_00_net8.0.trx

Passed!  - Failed:     0, Passed:  3523, Skipped:     0, Total:  3523, Duration: 4 m 46 s - Cerneala.Tests.dll (net8.0)
Test run for C:\Users\lauri\Desktop\Cerneala\Tetrisish\Tests\bin\Release\net8.0\Cerneala.Tetris.Tests.dll (.NETCoreApp,Version=v8.0)
A total of 1 test files matched the specified pattern.
Results File: C:\Users\lauri\Desktop\Cerneala\benchmarks\Cerneala.Benchmarks\results\2026-09-04-sprite-animation-stage4\verified-suite\lauri_DESKTOP-JT43V3D_2026-09-05_00_42_48_net8.0.trx

Passed!  - Failed:     0, Passed:    29, Skipped:     0, Total:    29, Duration: 545 ms - Cerneala.Tetris.Tests.dll (net8.0)
