<?xml version="1.0" encoding="utf-8"?>
<TestRun id="13176102-b701-4287-bed8-a0a3f885f467" name="lauri@DESKTOP-JT43V3D 2026-09-25 07:12:14" runUser="DESKTOP-JT43V3D\lauri" xmlns="http://microsoft.com/schemas/VisualStudio/TeamTest/2010">
  <Times creation="2026-09-25T07:12:14.7698287+03:00" queuing="2026-09-25T07:12:14.7698290+03:00" start="2026-09-25T07:12:06.1383616+03:00" finish="2026-09-25T07:12:35.2839433+03:00" />
  <TestSettings name="default" id="45ac57eb-3eb0-4b1b-9509-b4a781ec5937">
    <Deployment runDeploymentRoot="lauri_DESKTOP-JT43V3D_2026-09-25_07_12_14" />
  </TestSettings>
  <Results>
    <UnitTestResult executionId="d3effcc2-a8de-4a06-8c9c-b6bbc0d1938d" testId="44b1ab68-744c-b036-59a8-702e0575e1b1" testName="Cerneala.Tests.SceneVillage.VillageModelTests.ViewBoxFollowDoesNotShiftWorldCollisionCoordinates" computerName="DESKTOP-JT43V3D" duration="00:00:00.0090660" startTime="2026-09-25T07:12:35.1252676+03:00" endTime="2026-09-25T07:12:35.1252679+03:00" testType="13cdc9d9-ddb5-4fa4-a97d-d965ccfc6d4b" outcome="Passed" testListId="8c84fa94-04c1-424b-9868-57a2d4851a1d" relativeResultsDirectory="d3effcc2-a8de-4a06-8c9c-b6bbc0d1938d" />
    <UnitTestResult executionId="f160a33e-0da6-4e19-958a-24e38089b42e" testId="6cf3ff94-c988-96e5-a356-786a7739cd1b" testName="Cerneala.Tests.SceneVillage.VillageModelTests.EveryPresetUsesTheSameDeterministicPositionsAndExactCount(count: 100)" computerName="DESKTOP-JT43V3D" duration="00:00:00.0000838" startTime="2026-09-25T07:12:35.1105800+03:00" endTime="2026-09-25T07:12:35.1105801+03:00" testType="13cdc9d9-ddb5-4fa4-a97d-d965ccfc6d4b" outcome="Passed" testListId="8c84fa94-04c1-424b-9868-57a2d4851a1d" relativeResultsDirectory="f160a33e-0da6-4e19-958a-24e38089b42e" />
    <UnitTestResult executionId="ccb260c4-5d81-4b92-a114-3ee206089adf" testId="212bdf5f-3b8b-bdfd-c89b-19e3b18294f5" testName="Cerneala.Tests.SceneVillage.VillageModelTests.DirectionIsNormalizedAndClearingHeldKeysStopsInput" computerName="DESKTOP-JT43V3D" duration="00:00:00.0002204" startTime="2026-09-25T07:12:35.1676198+03:00" endTime="2026-09-25T07:12:35.1676199+03:00" testType="13cdc9d9-ddb5-4fa4-a97d-d965ccfc6d4b" outcome="Passed" testListId="8c84fa94-04c1-424b-9868-57a2d4851a1d" relativeResultsDirectory="ccb260c4-5d81-4b92-a114-3ee206089adf" />
    <UnitTestResult executionId="35dd2e17-80d8-4085-9993-60068a0c34e1" testId="b5a12331-554c-b85c-2435-580f952251d7" testName="Cerneala.Tests.SceneVillage.VillageModelTests.IncludedArtMatchesInspectedCc0Source(fileName: &quot;ch003.png&quot;, expectedHash: &quot;02AC85F7A6DD90A486ED4126CC1CE80D482F6D9D17C02AD42D&quot;···)" computerName="DESKTOP-JT43V3D" duration="00:00:00.0004703" startTime="2026-09-25T07:12:35.1155223+03:00" endTime="2026-09-25T07:12:35.1155228+03:00" testType="13cdc9d9-ddb5-4fa4-a97d-d965ccfc6d4b" outcome="Passed" testListId="8c84fa94-04c1-424b-9868-57a2d4851a1d" relativeResultsDirectory="35dd2e17-80d8-4085-9993-60068a0c34e1" />
    <UnitTestResult executionId="c9c9aeac-7ed8-4d7a-b85f-92b447eca2b3" testId="f5bcfaec-9241-d519-98dd-efdf876b8633" testName="Cerneala.Tests.SceneVillage.VillageModelTests.EveryPresetUsesTheSameDeterministicPositionsAndExactCount(count: 0)" computerName="DESKTOP-JT43V3D" duration="00:00:00.0000153" startTime="2026-09-25T07:12:35.1104505+03:00" endTime="2026-09-25T07:12:35.1104506+03:00" testType="13cdc9d9-ddb5-4fa4-a97d-d965ccfc6d4b" outcome="Passed" testListId="8c84fa94-04c1-424b-9868-57a2d4851a1d" relativeResultsDirectory="c9c9aeac-7ed8-4d7a-b85f-92b447eca2b3" />
    <UnitTestResult executionId="a8016a66-55c3-4d8a-bd57-a4da4db2118c" testId="c1db55d3-8dd1-8e74-a176-69d42861dd20" testName="Cerneala.Tests.SceneVillage.VillageModelTests.MovementUsesDeltaTimeAndStopsAfterHeldKeysAreCleared" computerName="DESKTOP-JT43V3D" duration="00:00:00.0132099" startTime="2026-09-25T07:12:35.1548371+03:00" endTime="2026-09-25T07:12:35.1548374+03:00" testType="13cdc9d9-ddb5-4fa4-a97d-d965ccfc6d4b" outcome="Passed" testListId="8c84fa94-04c1-424b-9868-57a2d4851a1d" relativeResultsDirectory="a8016a66-55c3-4d8a-bd57-a4da4db2118c" />
    <UnitTestResult executionId="25cb584e-9b4b-4529-a6d0-7cf29a25921a" testId="5045e311-a549-dccf-c4fd-0f00efc14497" testName="Cerneala.Tests.SceneVillage.VillageModelTests.TinyTownAtlasTilesUsePointWhileCharacterSpritesKeepLinearDefault" computerName="DESKTOP-JT43V3D" duration="00:00:00.0029070" startTime="2026-09-25T07:12:35.1706445+03:00" endTime="2026-09-25T07:12:35.1706452+03:00" testType="13cdc9d9-ddb5-4fa4-a97d-d965ccfc6d4b" outcome="Passed" testListId="8c84fa94-04c1-424b-9868-57a2d4851a1d" relativeResultsDirectory="25cb584e-9b4b-4529-a6d0-7cf29a25921a" />
    <UnitTestResult executionId="478fea81-d63c-4f22-9a77-2e1b760b9e12" testId="44fc06aa-78a0-c952-edef-7b198b9c83a5" testName="Cerneala.Tests.SceneVillage.VillageModelTests.EveryPresetUsesTheSameDeterministicPositionsAndExactCount(count: 10000)" computerName="DESKTOP-JT43V3D" duration="00:00:00.0168499" startTime="2026-09-25T07:12:35.1102387+03:00" endTime="2026-09-25T07:12:35.1102390+03:00" testType="13cdc9d9-ddb5-4fa4-a97d-d965ccfc6d4b" outcome="Passed" testListId="8c84fa94-04c1-424b-9868-57a2d4851a1d" relativeResultsDirectory="478fea81-d63c-4f22-9a77-2e1b760b9e12" />
    <UnitTestResult executionId="f38fbba3-adee-4e88-b043-6e8b3fdc6ffc" testId="a164eef5-6574-ea57-02fd-e0cc3879451d" testName="Cerneala.Tests.SceneVillage.VillageModelTests.EveryPresetUsesTheSameDeterministicPositionsAndExactCount(count: 1000)" computerName="DESKTOP-JT43V3D" duration="00:00:00.0014937" startTime="2026-09-25T07:12:35.0931856+03:00" endTime="2026-09-25T07:12:35.0931861+03:00" testType="13cdc9d9-ddb5-4fa4-a97d-d965ccfc6d4b" outcome="Passed" testListId="8c84fa94-04c1-424b-9868-57a2d4851a1d" relativeResultsDirectory="f38fbba3-adee-4e88-b043-6e8b3fdc6ffc" />
    <UnitTestResult executionId="5e720f18-34a9-41f9-ae94-e6b9349d1170" testId="eb2daada-9615-d3b1-3965-146256dd5734" testName="Cerneala.Tests.SceneVillage.VillageModelTests.IncludedArtMatchesInspectedCc0Source(fileName: &quot;tiny-town.png&quot;, expectedHash: &quot;3A54D99ECDE790D4FDEA207A3644CF130FC56FA838F1BEB150&quot;···)" computerName="DESKTOP-JT43V3D" duration="00:00:00.0011297" startTime="2026-09-25T07:12:35.1148409+03:00" endTime="2026-09-25T07:12:35.1148415+03:00" testType="13cdc9d9-ddb5-4fa4-a97d-d965ccfc6d4b" outcome="Passed" testListId="8c84fa94-04c1-424b-9868-57a2d4851a1d" relativeResultsDirectory="5e720f18-34a9-41f9-ae94-e6b9349d1170" />
    <UnitTestResult executionId="e0f14f44-7192-4835-94d0-afc93d1db280" testId="10ecc971-1554-7eab-e77c-b63ca1dc426c" testName="Cerneala.Tests.SceneVillage.VillageModelTests.FollowCameraCentersClampsAtEdgesAndRespondsToResize" computerName="DESKTOP-JT43V3D" duration="00:00:00.0002413" startTime="2026-09-25T07:12:35.1709970+03:00" endTime="2026-09-25T07:12:35.1709972+03:00" testType="13cdc9d9-ddb5-4fa4-a97d-d965ccfc6d4b" outcome="Passed" testListId="8c84fa94-04c1-424b-9868-57a2d4851a1d" relativeResultsDirectory="e0f14f44-7192-4835-94d0-afc93d1db280" />
    <UnitTestResult executionId="19917538-3767-42f5-b542-b609d04a27da" testId="861b90fd-4e3e-cc69-42dc-84554f04b275" testName="Cerneala.Tests.SceneVillage.NativeVillageWindowTests.RealSdlWindowSupportsVillageMovementCollisionCameraAndEveryTenThousandItemPreset" computerName="DESKTOP-JT43V3D" duration="00:00:20.3392793" startTime="2026-09-25T07:12:35.0891568+03:00" endTime="2026-09-25T07:12:35.0891571+03:00" testType="13cdc9d9-ddb5-4fa4-a97d-d965ccfc6d4b" outcome="Passed" testListId="8c84fa94-04c1-424b-9868-57a2d4851a1d" relativeResultsDirectory="19917538-3767-42f5-b542-b609d04a27da">
      <Output>
        <StdOut>Path-edge crop probe: ViewBox=DrawRect { X = 1850, Y = 1938, Width = 396, Height = 220, Right = 2246, Bottom = 2158 }, gameBounds=LayoutRect { X = 14.4, Y = 102.4, Width = 792, Height = 440, Location = LayoutPoint { X = 14.4, Y = 102.4 }, Size = LayoutSize { Width = 792, Height = 440, IsWidthUnconstrained = False, IsHeightUnconstrained = False } }, screenshot=1025x750, edge phases x=0.000 y=0.000; vertical x=473/476 y=203 edge=#ff84c669 safe=#ff84c669; horizontal x=633 y=442/443/439 edge=#ff84c669 boundary=#ff84c669 safe=#ff84c669.&#xD;
Path-edge crop probe: ViewBox=DrawRect { X = 1854.1797, Y = 1938, Width = 396, Height = 220, Right = 2250.1797, Bottom = 2158 }, gameBounds=LayoutRect { X = 14.4, Y = 102.4, Width = 792, Height = 440, Location = LayoutPoint { X = 14.4, Y = 102.4 }, Size = LayoutSize { Width = 792, Height = 440, IsWidthUnconstrained = False, IsHeightUnconstrained = False } }, screenshot=1025x750, edge phases x=0.551 y=0.000; vertical x=463/466 y=203 edge=#ff84c669 safe=#ff84c669; horizontal x=622 y=442/443/439 edge=#ff84c669 boundary=#ff84c669 safe=#ff84c669.&#xD;
Path-edge crop probe: ViewBox=DrawRect { X = 1850, Y = 1934.0674, Width = 396, Height = 220, Right = 2246, Bottom = 2154.0674 }, gameBounds=LayoutRect { X = 14.4, Y = 102.4, Width = 792, Height = 440, Location = LayoutPoint { X = 14.4, Y = 102.4 }, Size = LayoutSize { Width = 792, Height = 440, IsWidthUnconstrained = False, IsHeightUnconstrained = False } }, screenshot=1025x750, edge phases x=0.000 y=0.832; vertical x=473/476 y=212 edge=#ff84c669 safe=#ff84c669; horizontal x=633 y=451/452/448 edge=#ff84c669 boundary=#ff84c669 safe=#ff84c669.&#xD;
Routed west-house contact after 11 Servo A taps at player x=1984.000.&#xD;
Animated preset changed 2494 sampled game-area pixels relative to static idle.&#xD;
Collidable stress actor contact after 2 routed D taps at x=2640.000.&#xD;
Servo clicked 0 after 10,000 and the app retired all 10,000 realized stress actors.&#xD;
All three ten-thousand-item presets realized 10,000 SceneItems2D children at the same camera ViewBox.&#xD;
App-owned captures: C:\Users\lauri\Desktop\Cerneala\artifacts\ci\scene-village\screenshots\native-20260925-041214750</StdOut>
      </Output>
    </UnitTestResult>
    <UnitTestResult executionId="a9335155-a1f5-4c10-9317-1552c0e78152" testId="2b75e3aa-5a43-ca35-6e0c-c28146966f49" testName="Cerneala.Tests.SceneVillage.VillageModelTests.VillagerWalkClipsUseTheInspectedDirectionalCells" computerName="DESKTOP-JT43V3D" duration="00:00:00.0028592" startTime="2026-09-25T07:12:35.1135240+03:00" endTime="2026-09-25T07:12:35.1135243+03:00" testType="13cdc9d9-ddb5-4fa4-a97d-d965ccfc6d4b" outcome="Passed" testListId="8c84fa94-04c1-424b-9868-57a2d4851a1d" relativeResultsDirectory="a9335155-a1f5-4c10-9317-1552c0e78152" />
    <UnitTestResult executionId="9b01f095-34c0-485a-8938-cf09d28a8fd7" testId="5a7c7fcc-0c2b-871e-be4f-7b0a89404b58" testName="Cerneala.Tests.SceneVillage.VillageModelTests.StressPresetsUseTheSameImageAndOnlyTheApprovedBehaviorChanges" computerName="DESKTOP-JT43V3D" duration="00:00:00.0004804" startTime="2026-09-25T07:12:35.1160901+03:00" endTime="2026-09-25T07:12:35.1160902+03:00" testType="13cdc9d9-ddb5-4fa4-a97d-d965ccfc6d4b" outcome="Passed" testListId="8c84fa94-04c1-424b-9868-57a2d4851a1d" relativeResultsDirectory="9b01f095-34c0-485a-8938-cf09d28a8fd7" />
    <UnitTestResult executionId="12e8a631-eacc-477e-9d23-338bed92c9e3" testId="759f7147-0094-ce5f-20ec-564ebc782e93" testName="Cerneala.Tests.SceneVillage.VillageModelTests.TenThousandStressPositionsAreUniqueInBoundsAndOutsideVillageClearing" computerName="DESKTOP-JT43V3D" duration="00:00:00.0122358" startTime="2026-09-25T07:12:35.1672483+03:00" endTime="2026-09-25T07:12:35.1672487+03:00" testType="13cdc9d9-ddb5-4fa4-a97d-d965ccfc6d4b" outcome="Passed" testListId="8c84fa94-04c1-424b-9868-57a2d4851a1d" relativeResultsDirectory="12e8a631-eacc-477e-9d23-338bed92c9e3" />
    <UnitTestResult executionId="068c8fcb-d4eb-4929-b243-e070086204a6" testId="a458bda3-8067-7191-2bd5-8aa856b6ce70" testName="Cerneala.Tests.SceneVillage.NativeVillageTileBoundaryTests.OpaquePointSampledAtlasTileJoinsOpaqueGroundAtFractionalCameraPosition" computerName="DESKTOP-JT43V3D" duration="00:00:07.9617741" startTime="2026-09-25T07:12:14.7354849+03:00" endTime="2026-09-25T07:12:14.7355033+03:00" testType="13cdc9d9-ddb5-4fa4-a97d-d965ccfc6d4b" outcome="Passed" testListId="8c84fa94-04c1-424b-9868-57a2d4851a1d" relativeResultsDirectory="068c8fcb-d4eb-4929-b243-e070086204a6">
      <Output>
        <StdOut>Tile boundary calibration: ViewBox=DrawRect { X = -100, Y = -68, Width = 396, Height = 220, Right = 296, Bottom = 152 }, bounds=LayoutRect { X = 14.4, Y = 80, Width = 792, Height = 440, Location = LayoutPoint { X = 14.4, Y = 80 }, Size = LayoutSize { Width = 792, Height = 440, IsWidthUnconstrained = False, IsHeightUnconstrained = False } }, viewportScale=1.25, screenshot=1025x750, physicalPerWorld=2.5000/2.5000, origin=18.000/100.000, phaseX/Y=1.000/0.000, Point bottom/left=#ff84c669/#ff84c669, Linear bottom/left=#ff84c669/#ffadb96a, Uniform bottom/left=#ff84c669/#ff84c669, flippedRight=#ff84c669, rotatedLeft=#ff84c669, alpha reference/edge=#ffc163b4/#ffc163b4, changedLinearInterior=121.&#xD;
Tile boundary raw coordinates: view.X=-100, view.Y=-68, ScreenX(0)=267.999969, ScreenX(32)=348, ScreenY(112)=550.&#xD;
App-owned tile-boundary capture: C:\Users\lauri\Desktop\Cerneala\artifacts\ci\scene-village\screenshots\tile-boundary-20260925-041206947\calibration.png&#xD;
Tile boundary 0.125: ViewBox=DrawRect { X = -99.65, Y = -68.05, Width = 396, Height = 220, Right = 296.35, Bottom = 151.95 }, bounds=LayoutRect { X = 14.4, Y = 80, Width = 792, Height = 440, Location = LayoutPoint { X = 14.4, Y = 80 }, Size = LayoutSize { Width = 792, Height = 440, IsWidthUnconstrained = False, IsHeightUnconstrained = False } }, viewportScale=1.25, screenshot=1025x750, physicalPerWorld=2.5000/2.5000, origin=18.000/100.000, phaseX/Y=0.125/0.125, Point bottom/left=#ff84c669/#ff84c669, Linear bottom/left=#ff7fba65/#ffaaba6a, Uniform bottom/left=#ff84c669/#ff84c669, flippedRight=#ff84c669, rotatedLeft=#ff84c669, alpha reference/edge=#ffc163b4/#ffc163b4, changedLinearInterior=121.&#xD;
Tile boundary raw coordinates: view.X=-99.6500015, view.Y=-68.0500031, ScreenX(0)=267.125, ScreenX(32)=347.124969, ScreenY(112)=550.125.&#xD;
App-owned tile-boundary capture: C:\Users\lauri\Desktop\Cerneala\artifacts\ci\scene-village\screenshots\tile-boundary-20260925-041208696\phase-0.125.png&#xD;
Tile boundary 0.275: ViewBox=DrawRect { X = -99.71, Y = -68.11, Width = 396, Height = 220, Right = 296.29, Bottom = 151.89 }, bounds=LayoutRect { X = 14.4, Y = 80, Width = 792, Height = 440, Location = LayoutPoint { X = 14.4, Y = 80 }, Size = LayoutSize { Width = 792, Height = 440, IsWidthUnconstrained = False, IsHeightUnconstrained = False } }, viewportScale=1.25, screenshot=1025x750, physicalPerWorld=2.5000/2.5000, origin=18.000/100.000, phaseX/Y=0.275/0.275, Point bottom/left=#ff84c669/#ff84c669, Linear bottom/left=#ff7ab061/#ffa6bb6a, Uniform bottom/left=#ff84c669/#ff84c669, flippedRight=#ff84c669, rotatedLeft=#ff84c669, alpha reference/edge=#ffc163b4/#ffc163b4, changedLinearInterior=121.&#xD;
Tile boundary raw coordinates: view.X=-99.7099991, view.Y=-68.1100006, ScreenX(0)=267.275024, ScreenX(32)=347.274963, ScreenY(112)=550.275024.&#xD;
App-owned tile-boundary capture: C:\Users\lauri\Desktop\Cerneala\artifacts\ci\scene-village\screenshots\tile-boundary-20260925-041209755\phase-0.275.png&#xD;
Tile boundary 0.375: ViewBox=DrawRect { X = -99.75, Y = -68.15, Width = 396, Height = 220, Right = 296.25, Bottom = 151.85 }, bounds=LayoutRect { X = 14.4, Y = 80, Width = 792, Height = 440, Location = LayoutPoint { X = 14.4, Y = 80 }, Size = LayoutSize { Width = 792, Height = 440, IsWidthUnconstrained = False, IsHeightUnconstrained = False } }, viewportScale=1.25, screenshot=1025x750, physicalPerWorld=2.5000/2.5000, origin=18.000/100.000, phaseX/Y=0.375/0.375, Point bottom/left=#ff84c669/#ff84c669, Linear bottom/left=#ff76a65e/#ffa3bc6a, Uniform bottom/left=#ff84c669/#ff84c669, flippedRight=#ff84c669, rotatedLeft=#ff84c669, alpha reference/edge=#ffc163b4/#ffc163b4, changedLinearInterior=121.&#xD;
Tile boundary raw coordinates: view.X=-99.75, view.Y=-68.1500015, ScreenX(0)=267.375, ScreenX(32)=347.375, ScreenY(112)=550.375.&#xD;
App-owned tile-boundary capture: C:\Users\lauri\Desktop\Cerneala\artifacts\ci\scene-village\screenshots\tile-boundary-20260925-041210819\phase-0.375.png&#xD;
Tile boundary 0.500: ViewBox=DrawRect { X = -99.8, Y = -68.2, Width = 396, Height = 220, Right = 296.2, Bottom = 151.8 }, bounds=LayoutRect { X = 14.4, Y = 80, Width = 792, Height = 440, Location = LayoutPoint { X = 14.4, Y = 80 }, Size = LayoutSize { Width = 792, Height = 440, IsWidthUnconstrained = False, IsHeightUnconstrained = False } }, viewportScale=1.25, screenshot=1025x750, physicalPerWorld=2.5000/2.5000, origin=18.000/100.000, phaseX/Y=0.500/0.500, Point bottom/left=#ff84c669/#ff84c669, Linear bottom/left=#ff729e5b/#ff9dbd69, Uniform bottom/left=#ff84c669/#ff84c669, flippedRight=#ff84c669, rotatedLeft=#ff84c669, alpha reference/edge=#ffc163b4/#ffc163b4, changedLinearInterior=121.&#xD;
Tile boundary raw coordinates: view.X=-99.8000031, view.Y=-68.1999969, ScreenX(0)=267.5, ScreenX(32)=347.5, ScreenY(112)=550.5.&#xD;
App-owned tile-boundary capture: C:\Users\lauri\Desktop\Cerneala\artifacts\ci\scene-village\screenshots\tile-boundary-20260925-041211793\phase-0.500.png&#xD;
Tile boundary 0.625: ViewBox=DrawRect { X = -99.85, Y = -68.25, Width = 396, Height = 220, Right = 296.15, Bottom = 151.75 }, bounds=LayoutRect { X = 14.4, Y = 80, Width = 792, Height = 440, Location = LayoutPoint { X = 14.4, Y = 80 }, Size = LayoutSize { Width = 792, Height = 440, IsWidthUnconstrained = False, IsHeightUnconstrained = False } }, viewportScale=1.25, screenshot=1025x750, physicalPerWorld=2.5000/2.5000, origin=18.000/100.000, phaseX/Y=0.625/0.625, Point bottom/left=#ff84c669/#ff84c669, Linear bottom/left=#ff6f9658/#ff98c06a, Uniform bottom/left=#ff84c669/#ff84c669, flippedRight=#ff84c669, rotatedLeft=#ff84c669, alpha reference/edge=#ffc163b4/#ffc163b4, changedLinearInterior=121.&#xD;
Tile boundary raw coordinates: view.X=-99.8499985, view.Y=-68.25, ScreenX(0)=267.625, ScreenX(32)=347.625, ScreenY(112)=550.625.&#xD;
App-owned tile-boundary capture: C:\Users\lauri\Desktop\Cerneala\artifacts\ci\scene-village\screenshots\tile-boundary-20260925-041212757\phase-0.625.png&#xD;
Tile boundary 0.875: ViewBox=DrawRect { X = -99.95, Y = -68.35, Width = 396, Height = 220, Right = 296.05, Bottom = 151.65 }, bounds=LayoutRect { X = 14.4, Y = 80, Width = 792, Height = 440, Location = LayoutPoint { X = 14.4, Y = 80 }, Size = LayoutSize { Width = 792, Height = 440, IsWidthUnconstrained = False, IsHeightUnconstrained = False } }, viewportScale=1.25, screenshot=1025x750, physicalPerWorld=2.5000/2.5000, origin=18.000/100.000, phaseX/Y=0.875/0.875, Point bottom/left=#ff84c669/#ff84c669, Linear bottom/left=#ff6b8a54/#ff8bc469, Uniform bottom/left=#ff84c669/#ff84c669, flippedRight=#ff84c669, rotatedLeft=#ff84c669, alpha reference/edge=#ffc163b4/#ffc163b4, changedLinearInterior=121.&#xD;
Tile boundary raw coordinates: view.X=-99.9499969, view.Y=-68.3499985, ScreenX(0)=267.874969, ScreenX(32)=347.875, ScreenY(112)=550.875.&#xD;
App-owned tile-boundary capture: C:\Users\lauri\Desktop\Cerneala\artifacts\ci\scene-village\screenshots\tile-boundary-20260925-041213753\phase-0.875.png</StdOut>
      </Output>
    </UnitTestResult>
    <UnitTestResult executionId="43256e0b-0f7f-46b3-8406-b2c37631ab97" testId="22ec08ca-2425-0e60-45c0-3173641d58e7" testName="Cerneala.Tests.SceneVillage.VillageModelTests.VillageDecorationsUseCompleteInspectedAtlasCellsAndKeepTreeCollision" computerName="DESKTOP-JT43V3D" duration="00:00:00.0146622" startTime="2026-09-25T07:12:35.1414591+03:00" endTime="2026-09-25T07:12:35.1414595+03:00" testType="13cdc9d9-ddb5-4fa4-a97d-d965ccfc6d4b" outcome="Passed" testListId="8c84fa94-04c1-424b-9868-57a2d4851a1d" relativeResultsDirectory="43256e0b-0f7f-46b3-8406-b2c37631ab97" />
  </Results>
  <TestDefinitions>
    <UnitTest name="Cerneala.Tests.SceneVillage.VillageModelTests.EveryPresetUsesTheSameDeterministicPositionsAndExactCount(count: 10000)" storage="c:\users\lauri\desktop\cerneala\tests\cerneala.tests.scenevillage\bin\release\net8.0-windows\cerneala.tests.scenevillage.dll" id="44fc06aa-78a0-c952-edef-7b198b9c83a5">
      <Execution id="478fea81-d63c-4f22-9a77-2e1b760b9e12" />
      <TestMethod codeBase="C:\Users\lauri\Desktop\Cerneala\tests\Cerneala.Tests.SceneVillage\bin\Release\net8.0-windows\Cerneala.Tests.SceneVillage.dll" adapterTypeName="executor://xunit/VsTestRunner2/netcoreapp" className="Cerneala.Tests.SceneVillage.VillageModelTests" name="EveryPresetUsesTheSameDeterministicPositionsAndExactCount" />
    </UnitTest>
    <UnitTest name="Cerneala.Tests.SceneVillage.VillageModelTests.MovementUsesDeltaTimeAndStopsAfterHeldKeysAreCleared" storage="c:\users\lauri\desktop\cerneala\tests\cerneala.tests.scenevillage\bin\release\net8.0-windows\cerneala.tests.scenevillage.dll" id="c1db55d3-8dd1-8e74-a176-69d42861dd20">
      <Execution id="a8016a66-55c3-4d8a-bd57-a4da4db2118c" />
      <TestMethod codeBase="C:\Users\lauri\Desktop\Cerneala\tests\Cerneala.Tests.SceneVillage\bin\Release\net8.0-windows\Cerneala.Tests.SceneVillage.dll" adapterTypeName="executor://xunit/VsTestRunner2/netcoreapp" className="Cerneala.Tests.SceneVillage.VillageModelTests" name="MovementUsesDeltaTimeAndStopsAfterHeldKeysAreCleared" />
    </UnitTest>
    <UnitTest name="Cerneala.Tests.SceneVillage.VillageModelTests.VillagerWalkClipsUseTheInspectedDirectionalCells" storage="c:\users\lauri\desktop\cerneala\tests\cerneala.tests.scenevillage\bin\release\net8.0-windows\cerneala.tests.scenevillage.dll" id="2b75e3aa-5a43-ca35-6e0c-c28146966f49">
      <Execution id="a9335155-a1f5-4c10-9317-1552c0e78152" />
      <TestMethod codeBase="C:\Users\lauri\Desktop\Cerneala\tests\Cerneala.Tests.SceneVillage\bin\Release\net8.0-windows\Cerneala.Tests.SceneVillage.dll" adapterTypeName="executor://xunit/VsTestRunner2/netcoreapp" className="Cerneala.Tests.SceneVillage.VillageModelTests" name="VillagerWalkClipsUseTheInspectedDirectionalCells" />
    </UnitTest>
    <UnitTest name="Cerneala.Tests.SceneVillage.VillageModelTests.StressPresetsUseTheSameImageAndOnlyTheApprovedBehaviorChanges" storage="c:\users\lauri\desktop\cerneala\tests\cerneala.tests.scenevillage\bin\release\net8.0-windows\cerneala.tests.scenevillage.dll" id="5a7c7fcc-0c2b-871e-be4f-7b0a89404b58">
      <Execution id="9b01f095-34c0-485a-8938-cf09d28a8fd7" />
      <TestMethod codeBase="C:\Users\lauri\Desktop\Cerneala\tests\Cerneala.Tests.SceneVillage\bin\Release\net8.0-windows\Cerneala.Tests.SceneVillage.dll" adapterTypeName="executor://xunit/VsTestRunner2/netcoreapp" className="Cerneala.Tests.SceneVillage.VillageModelTests" name="StressPresetsUseTheSameImageAndOnlyTheApprovedBehaviorChanges" />
    </UnitTest>
    <UnitTest name="Cerneala.Tests.SceneVillage.NativeVillageTileBoundaryTests.OpaquePointSampledAtlasTileJoinsOpaqueGroundAtFractionalCameraPosition" storage="c:\users\lauri\desktop\cerneala\tests\cerneala.tests.scenevillage\bin\release\net8.0-windows\cerneala.tests.scenevillage.dll" id="a458bda3-8067-7191-2bd5-8aa856b6ce70">
      <Execution id="068c8fcb-d4eb-4929-b243-e070086204a6" />
      <TestMethod codeBase="C:\Users\lauri\Desktop\Cerneala\tests\Cerneala.Tests.SceneVillage\bin\Release\net8.0-windows\Cerneala.Tests.SceneVillage.dll" adapterTypeName="executor://xunit/VsTestRunner2/netcoreapp" className="Cerneala.Tests.SceneVillage.NativeVillageTileBoundaryTests" name="OpaquePointSampledAtlasTileJoinsOpaqueGroundAtFractionalCameraPosition" />
    </UnitTest>
    <UnitTest name="Cerneala.Tests.SceneVillage.NativeVillageWindowTests.RealSdlWindowSupportsVillageMovementCollisionCameraAndEveryTenThousandItemPreset" storage="c:\users\lauri\desktop\cerneala\tests\cerneala.tests.scenevillage\bin\release\net8.0-windows\cerneala.tests.scenevillage.dll" id="861b90fd-4e3e-cc69-42dc-84554f04b275">
      <Execution id="19917538-3767-42f5-b542-b609d04a27da" />
      <TestMethod codeBase="C:\Users\lauri\Desktop\Cerneala\tests\Cerneala.Tests.SceneVillage\bin\Release\net8.0-windows\Cerneala.Tests.SceneVillage.dll" adapterTypeName="executor://xunit/VsTestRunner2/netcoreapp" className="Cerneala.Tests.SceneVillage.NativeVillageWindowTests" name="RealSdlWindowSupportsVillageMovementCollisionCameraAndEveryTenThousandItemPreset" />
    </UnitTest>
    <UnitTest name="Cerneala.Tests.SceneVillage.VillageModelTests.ViewBoxFollowDoesNotShiftWorldCollisionCoordinates" storage="c:\users\lauri\desktop\cerneala\tests\cerneala.tests.scenevillage\bin\release\net8.0-windows\cerneala.tests.scenevillage.dll" id="44b1ab68-744c-b036-59a8-702e0575e1b1">
      <Execution id="d3effcc2-a8de-4a06-8c9c-b6bbc0d1938d" />
      <TestMethod codeBase="C:\Users\lauri\Desktop\Cerneala\tests\Cerneala.Tests.SceneVillage\bin\Release\net8.0-windows\Cerneala.Tests.SceneVillage.dll" adapterTypeName="executor://xunit/VsTestRunner2/netcoreapp" className="Cerneala.Tests.SceneVillage.VillageModelTests" name="ViewBoxFollowDoesNotShiftWorldCollisionCoordinates" />
    </UnitTest>
    <UnitTest name="Cerneala.Tests.SceneVillage.VillageModelTests.EveryPresetUsesTheSameDeterministicPositionsAndExactCount(count: 100)" storage="c:\users\lauri\desktop\cerneala\tests\cerneala.tests.scenevillage\bin\release\net8.0-windows\cerneala.tests.scenevillage.dll" id="6cf3ff94-c988-96e5-a356-786a7739cd1b">
      <Execution id="f160a33e-0da6-4e19-958a-24e38089b42e" />
      <TestMethod codeBase="C:\Users\lauri\Desktop\Cerneala\tests\Cerneala.Tests.SceneVillage\bin\Release\net8.0-windows\Cerneala.Tests.SceneVillage.dll" adapterTypeName="executor://xunit/VsTestRunner2/netcoreapp" className="Cerneala.Tests.SceneVillage.VillageModelTests" name="EveryPresetUsesTheSameDeterministicPositionsAndExactCount" />
    </UnitTest>
    <UnitTest name="Cerneala.Tests.SceneVillage.VillageModelTests.TinyTownAtlasTilesUsePointWhileCharacterSpritesKeepLinearDefault" storage="c:\users\lauri\desktop\cerneala\tests\cerneala.tests.scenevillage\bin\release\net8.0-windows\cerneala.tests.scenevillage.dll" id="5045e311-a549-dccf-c4fd-0f00efc14497">
      <Execution id="25cb584e-9b4b-4529-a6d0-7cf29a25921a" />
      <TestMethod codeBase="C:\Users\lauri\Desktop\Cerneala\tests\Cerneala.Tests.SceneVillage\bin\Release\net8.0-windows\Cerneala.Tests.SceneVillage.dll" adapterTypeName="executor://xunit/VsTestRunner2/netcoreapp" className="Cerneala.Tests.SceneVillage.VillageModelTests" name="TinyTownAtlasTilesUsePointWhileCharacterSpritesKeepLinearDefault" />
    </UnitTest>
    <UnitTest name="Cerneala.Tests.SceneVillage.VillageModelTests.VillageDecorationsUseCompleteInspectedAtlasCellsAndKeepTreeCollision" storage="c:\users\lauri\desktop\cerneala\tests\cerneala.tests.scenevillage\bin\release\net8.0-windows\cerneala.tests.scenevillage.dll" id="22ec08ca-2425-0e60-45c0-3173641d58e7">
      <Execution id="43256e0b-0f7f-46b3-8406-b2c37631ab97" />
      <TestMethod codeBase="C:\Users\lauri\Desktop\Cerneala\tests\Cerneala.Tests.SceneVillage\bin\Release\net8.0-windows\Cerneala.Tests.SceneVillage.dll" adapterTypeName="executor://xunit/VsTestRunner2/netcoreapp" className="Cerneala.Tests.SceneVillage.VillageModelTests" name="VillageDecorationsUseCompleteInspectedAtlasCellsAndKeepTreeCollision" />
    </UnitTest>
    <UnitTest name="Cerneala.Tests.SceneVillage.VillageModelTests.IncludedArtMatchesInspectedCc0Source(fileName: &quot;ch003.png&quot;, expectedHash: &quot;02AC85F7A6DD90A486ED4126CC1CE80D482F6D9D17C02AD42D&quot;···)" storage="c:\users\lauri\desktop\cerneala\tests\cerneala.tests.scenevillage\bin\release\net8.0-windows\cerneala.tests.scenevillage.dll" id="b5a12331-554c-b85c-2435-580f952251d7">
      <Execution id="35dd2e17-80d8-4085-9993-60068a0c34e1" />
      <TestMethod codeBase="C:\Users\lauri\Desktop\Cerneala\tests\Cerneala.Tests.SceneVillage\bin\Release\net8.0-windows\Cerneala.Tests.SceneVillage.dll" adapterTypeName="executor://xunit/VsTestRunner2/netcoreapp" className="Cerneala.Tests.SceneVillage.VillageModelTests" name="IncludedArtMatchesInspectedCc0Source" />
    </UnitTest>
    <UnitTest name="Cerneala.Tests.SceneVillage.VillageModelTests.EveryPresetUsesTheSameDeterministicPositionsAndExactCount(count: 0)" storage="c:\users\lauri\desktop\cerneala\tests\cerneala.tests.scenevillage\bin\release\net8.0-windows\cerneala.tests.scenevillage.dll" id="f5bcfaec-9241-d519-98dd-efdf876b8633">
      <Execution id="c9c9aeac-7ed8-4d7a-b85f-92b447eca2b3" />
      <TestMethod codeBase="C:\Users\lauri\Desktop\Cerneala\tests\Cerneala.Tests.SceneVillage\bin\Release\net8.0-windows\Cerneala.Tests.SceneVillage.dll" adapterTypeName="executor://xunit/VsTestRunner2/netcoreapp" className="Cerneala.Tests.SceneVillage.VillageModelTests" name="EveryPresetUsesTheSameDeterministicPositionsAndExactCount" />
    </UnitTest>
    <UnitTest name="Cerneala.Tests.SceneVillage.VillageModelTests.DirectionIsNormalizedAndClearingHeldKeysStopsInput" storage="c:\users\lauri\desktop\cerneala\tests\cerneala.tests.scenevillage\bin\release\net8.0-windows\cerneala.tests.scenevillage.dll" id="212bdf5f-3b8b-bdfd-c89b-19e3b18294f5">
      <Execution id="ccb260c4-5d81-4b92-a114-3ee206089adf" />
      <TestMethod codeBase="C:\Users\lauri\Desktop\Cerneala\tests\Cerneala.Tests.SceneVillage\bin\Release\net8.0-windows\Cerneala.Tests.SceneVillage.dll" adapterTypeName="executor://xunit/VsTestRunner2/netcoreapp" className="Cerneala.Tests.SceneVillage.VillageModelTests" name="DirectionIsNormalizedAndClearingHeldKeysStopsInput" />
    </UnitTest>
    <UnitTest name="Cerneala.Tests.SceneVillage.VillageModelTests.IncludedArtMatchesInspectedCc0Source(fileName: &quot;tiny-town.png&quot;, expectedHash: &quot;3A54D99ECDE790D4FDEA207A3644CF130FC56FA838F1BEB150&quot;···)" storage="c:\users\lauri\desktop\cerneala\tests\cerneala.tests.scenevillage\bin\release\net8.0-windows\cerneala.tests.scenevillage.dll" id="eb2daada-9615-d3b1-3965-146256dd5734">
      <Execution id="5e720f18-34a9-41f9-ae94-e6b9349d1170" />
      <TestMethod codeBase="C:\Users\lauri\Desktop\Cerneala\tests\Cerneala.Tests.SceneVillage\bin\Release\net8.0-windows\Cerneala.Tests.SceneVillage.dll" adapterTypeName="executor://xunit/VsTestRunner2/netcoreapp" className="Cerneala.Tests.SceneVillage.VillageModelTests" name="IncludedArtMatchesInspectedCc0Source" />
    </UnitTest>
    <UnitTest name="Cerneala.Tests.SceneVillage.VillageModelTests.TenThousandStressPositionsAreUniqueInBoundsAndOutsideVillageClearing" storage="c:\users\lauri\desktop\cerneala\tests\cerneala.tests.scenevillage\bin\release\net8.0-windows\cerneala.tests.scenevillage.dll" id="759f7147-0094-ce5f-20ec-564ebc782e93">
      <Execution id="12e8a631-eacc-477e-9d23-338bed92c9e3" />
      <TestMethod codeBase="C:\Users\lauri\Desktop\Cerneala\tests\Cerneala.Tests.SceneVillage\bin\Release\net8.0-windows\Cerneala.Tests.SceneVillage.dll" adapterTypeName="executor://xunit/VsTestRunner2/netcoreapp" className="Cerneala.Tests.SceneVillage.VillageModelTests" name="TenThousandStressPositionsAreUniqueInBoundsAndOutsideVillageClearing" />
    </UnitTest>
    <UnitTest name="Cerneala.Tests.SceneVillage.VillageModelTests.FollowCameraCentersClampsAtEdgesAndRespondsToResize" storage="c:\users\lauri\desktop\cerneala\tests\cerneala.tests.scenevillage\bin\release\net8.0-windows\cerneala.tests.scenevillage.dll" id="10ecc971-1554-7eab-e77c-b63ca1dc426c">
      <Execution id="e0f14f44-7192-4835-94d0-afc93d1db280" />
      <TestMethod codeBase="C:\Users\lauri\Desktop\Cerneala\tests\Cerneala.Tests.SceneVillage\bin\Release\net8.0-windows\Cerneala.Tests.SceneVillage.dll" adapterTypeName="executor://xunit/VsTestRunner2/netcoreapp" className="Cerneala.Tests.SceneVillage.VillageModelTests" name="FollowCameraCentersClampsAtEdgesAndRespondsToResize" />
    </UnitTest>
    <UnitTest name="Cerneala.Tests.SceneVillage.VillageModelTests.EveryPresetUsesTheSameDeterministicPositionsAndExactCount(count: 1000)" storage="c:\users\lauri\desktop\cerneala\tests\cerneala.tests.scenevillage\bin\release\net8.0-windows\cerneala.tests.scenevillage.dll" id="a164eef5-6574-ea57-02fd-e0cc3879451d">
      <Execution id="f38fbba3-adee-4e88-b043-6e8b3fdc6ffc" />
      <TestMethod codeBase="C:\Users\lauri\Desktop\Cerneala\tests\Cerneala.Tests.SceneVillage\bin\Release\net8.0-windows\Cerneala.Tests.SceneVillage.dll" adapterTypeName="executor://xunit/VsTestRunner2/netcoreapp" className="Cerneala.Tests.SceneVillage.VillageModelTests" name="EveryPresetUsesTheSameDeterministicPositionsAndExactCount" />
    </UnitTest>
  </TestDefinitions>
  <TestEntries>
    <TestEntry testId="44b1ab68-744c-b036-59a8-702e0575e1b1" executionId="d3effcc2-a8de-4a06-8c9c-b6bbc0d1938d" testListId="8c84fa94-04c1-424b-9868-57a2d4851a1d" />
    <TestEntry testId="6cf3ff94-c988-96e5-a356-786a7739cd1b" executionId="f160a33e-0da6-4e19-958a-24e38089b42e" testListId="8c84fa94-04c1-424b-9868-57a2d4851a1d" />
    <TestEntry testId="212bdf5f-3b8b-bdfd-c89b-19e3b18294f5" executionId="ccb260c4-5d81-4b92-a114-3ee206089adf" testListId="8c84fa94-04c1-424b-9868-57a2d4851a1d" />
    <TestEntry testId="b5a12331-554c-b85c-2435-580f952251d7" executionId="35dd2e17-80d8-4085-9993-60068a0c34e1" testListId="8c84fa94-04c1-424b-9868-57a2d4851a1d" />
    <TestEntry testId="f5bcfaec-9241-d519-98dd-efdf876b8633" executionId="c9c9aeac-7ed8-4d7a-b85f-92b447eca2b3" testListId="8c84fa94-04c1-424b-9868-57a2d4851a1d" />
    <TestEntry testId="c1db55d3-8dd1-8e74-a176-69d42861dd20" executionId="a8016a66-55c3-4d8a-bd57-a4da4db2118c" testListId="8c84fa94-04c1-424b-9868-57a2d4851a1d" />
    <TestEntry testId="5045e311-a549-dccf-c4fd-0f00efc14497" executionId="25cb584e-9b4b-4529-a6d0-7cf29a25921a" testListId="8c84fa94-04c1-424b-9868-57a2d4851a1d" />
    <TestEntry testId="44fc06aa-78a0-c952-edef-7b198b9c83a5" executionId="478fea81-d63c-4f22-9a77-2e1b760b9e12" testListId="8c84fa94-04c1-424b-9868-57a2d4851a1d" />
    <TestEntry testId="a164eef5-6574-ea57-02fd-e0cc3879451d" executionId="f38fbba3-adee-4e88-b043-6e8b3fdc6ffc" testListId="8c84fa94-04c1-424b-9868-57a2d4851a1d" />
    <TestEntry testId="eb2daada-9615-d3b1-3965-146256dd5734" executionId="5e720f18-34a9-41f9-ae94-e6b9349d1170" testListId="8c84fa94-04c1-424b-9868-57a2d4851a1d" />
    <TestEntry testId="10ecc971-1554-7eab-e77c-b63ca1dc426c" executionId="e0f14f44-7192-4835-94d0-afc93d1db280" testListId="8c84fa94-04c1-424b-9868-57a2d4851a1d" />
    <TestEntry testId="861b90fd-4e3e-cc69-42dc-84554f04b275" executionId="19917538-3767-42f5-b542-b609d04a27da" testListId="8c84fa94-04c1-424b-9868-57a2d4851a1d" />
    <TestEntry testId="2b75e3aa-5a43-ca35-6e0c-c28146966f49" executionId="a9335155-a1f5-4c10-9317-1552c0e78152" testListId="8c84fa94-04c1-424b-9868-57a2d4851a1d" />
    <TestEntry testId="5a7c7fcc-0c2b-871e-be4f-7b0a89404b58" executionId="9b01f095-34c0-485a-8938-cf09d28a8fd7" testListId="8c84fa94-04c1-424b-9868-57a2d4851a1d" />
    <TestEntry testId="759f7147-0094-ce5f-20ec-564ebc782e93" executionId="12e8a631-eacc-477e-9d23-338bed92c9e3" testListId="8c84fa94-04c1-424b-9868-57a2d4851a1d" />
    <TestEntry testId="a458bda3-8067-7191-2bd5-8aa856b6ce70" executionId="068c8fcb-d4eb-4929-b243-e070086204a6" testListId="8c84fa94-04c1-424b-9868-57a2d4851a1d" />
    <TestEntry testId="22ec08ca-2425-0e60-45c0-3173641d58e7" executionId="43256e0b-0f7f-46b3-8406-b2c37631ab97" testListId="8c84fa94-04c1-424b-9868-57a2d4851a1d" />
  </TestEntries>
  <TestLists>
    <TestList name="Results Not in a List" id="8c84fa94-04c1-424b-9868-57a2d4851a1d" />
    <TestList name="All Loaded Results" id="19431567-8539-422a-85d7-44ee4e166bda" />
  </TestLists>
  <ResultSummary outcome="Completed">
    <Counters total="17" executed="17" passed="17" failed="0" error="0" timeout="0" aborted="0" inconclusive="0" passedButRunAborted="0" notRunnable="0" notExecuted="0" disconnected="0" warning="0" completed="0" inProgress="0" pending="0" />
    <Output>
      <StdOut>[xUnit.net 00:00:00.00] xUnit.net VSTest Adapter v2.5.3.1+6b60a9e56a (64-bit .NET 8.0.30)&#xD;
[xUnit.net 00:00:00.09]   Discovering: Cerneala.Tests.SceneVillage&#xD;
[xUnit.net 00:00:00.14]   Discovered:  Cerneala.Tests.SceneVillage&#xD;
[xUnit.net 00:00:00.14]   Starting:    Cerneala.Tests.SceneVillage&#xD;
[xUnit.net 00:00:28.58]   Finished:    Cerneala.Tests.SceneVillage&#xD;
</StdOut>
    </Output>
  </ResultSummary>
</TestRun>