Test run for C:\Users\lauri\Desktop\Cerneala\tests\Cerneala.Tests.Timbre\bin\Release\net8.0\Cerneala.Tests.Timbre.dll (.NETCoreApp,Version=v8.0)
A total of 1 test files matched the specified pattern.
[xUnit.net 00:00:10.26]     Cerneala.Tests.Timbre.Motion.SoundMotionIntegrationTests.SoundMotionIsSampledByTheRootClockWhileTheControlIsHidden [FAIL]
[xUnit.net 00:00:10.32]     Cerneala.Tests.Timbre.Motion.SoundMotionLifecycleTests.SoundMotionCapturesThePlaybackInstanceNotTheSlot [FAIL]
  Failed Cerneala.Tests.Timbre.Motion.SoundMotionIntegrationTests.SoundMotionIsSampledByTheRootClockWhileTheControlIsHidden [7 s]
  Error Message:
   System.NotImplementedException : The audio Motion binding is not implemented yet.
  Stack Trace:
     at Cerneala.UI.Timbre.SoundPlaybackMotion.Animate(UIRoot root, SoundPlayback playback, SoundParameter`1 parameter, Boolean hasFrom, Single from, Boolean toCurrent, Single to, MotionSpec`1 spec, MotionPropertyStartOptions options) in C:\Users\lauri\Desktop\Cerneala\UI\Timbre\SoundPlaybackMotion.cs:line 24
   at Cerneala.UI.Timbre.SoundMotionAnimationBuilder.With(MotionSpec`1 spec, MotionPropertyStartOptions options) in C:\Users\lauri\Desktop\Cerneala\UI\Timbre\SoundMotionFacade.cs:line 68
   at Cerneala.UI.Timbre.SoundMotionAnimationBuilder.With(MotionSpec`1 spec) in C:\Users\lauri\Desktop\Cerneala\UI\Timbre\SoundMotionFacade.cs:line 61
   at Cerneala.Tests.Timbre.Motion.SoundMotionIntegrationTests.SoundMotionIsSampledByTheRootClockWhileTheControlIsHidden() in C:\Users\lauri\Desktop\Cerneala\tests\Cerneala.Tests.Timbre\Motion\SoundMotionIntegrationTests.cs:line 26
   at System.RuntimeMethodHandle.InvokeMethod(Object target, Void** arguments, Signature sig, Boolean isConstructor)
   at System.Reflection.MethodBaseInvoker.InvokeWithNoArgs(Object obj, BindingFlags invokeAttr)
  Failed Cerneala.Tests.Timbre.Motion.SoundMotionLifecycleTests.SoundMotionCapturesThePlaybackInstanceNotTheSlot [7 s]
  Error Message:
   System.NotImplementedException : The audio Motion binding is not implemented yet.
  Stack Trace:
     at Cerneala.UI.Timbre.SoundPlaybackMotion.Animate(UIRoot root, SoundPlayback playback, SoundParameter`1 parameter, Boolean hasFrom, Single from, Boolean toCurrent, Single to, MotionSpec`1 spec, MotionPropertyStartOptions options) in C:\Users\lauri\Desktop\Cerneala\UI\Timbre\SoundPlaybackMotion.cs:line 24
   at Cerneala.UI.Timbre.SoundMotionAnimationBuilder.With(MotionSpec`1 spec, MotionPropertyStartOptions options) in C:\Users\lauri\Desktop\Cerneala\UI\Timbre\SoundMotionFacade.cs:line 68
   at Cerneala.UI.Timbre.SoundMotionAnimationBuilder.With(MotionSpec`1 spec) in C:\Users\lauri\Desktop\Cerneala\UI\Timbre\SoundMotionFacade.cs:line 61
   at Cerneala.Tests.Timbre.Motion.SoundMotionLifecycleTests.SoundMotionCapturesThePlaybackInstanceNotTheSlot() in C:\Users\lauri\Desktop\Cerneala\tests\Cerneala.Tests.Timbre\Motion\SoundMotionLifecycleTests.cs:line 29
   at System.RuntimeMethodHandle.InvokeMethod(Object target, Void** arguments, Signature sig, Boolean isConstructor)
   at System.Reflection.MethodBaseInvoker.InvokeWithNoArgs(Object obj, BindingFlags invokeAttr)
[xUnit.net 00:00:11.57]     Cerneala.Tests.Timbre.Motion.SoundMotionLifecycleTests.SoundMotionContinuesUnderAHiddenAncestorWhileVisualMotionIsCanceled(visibility: Collapsed) [FAIL]
  Failed Cerneala.Tests.Timbre.Motion.SoundMotionLifecycleTests.SoundMotionContinuesUnderAHiddenAncestorWhileVisualMotionIsCanceled(visibility: Collapsed) [1 s]
  Error Message:
   System.NotImplementedException : The audio Motion binding is not implemented yet.
  Stack Trace:
     at Cerneala.UI.Timbre.SoundPlaybackMotion.Animate(UIRoot root, SoundPlayback playback, SoundParameter`1 parameter, Boolean hasFrom, Single from, Boolean toCurrent, Single to, MotionSpec`1 spec, MotionPropertyStartOptions options) in C:\Users\lauri\Desktop\Cerneala\UI\Timbre\SoundPlaybackMotion.cs:line 24
   at Cerneala.UI.Timbre.SoundMotionAnimationBuilder.With(MotionSpec`1 spec, MotionPropertyStartOptions options) in C:\Users\lauri\Desktop\Cerneala\UI\Timbre\SoundMotionFacade.cs:line 68
   at Cerneala.UI.Timbre.SoundMotionAnimationBuilder.With(MotionSpec`1 spec) in C:\Users\lauri\Desktop\Cerneala\UI\Timbre\SoundMotionFacade.cs:line 61
   at Cerneala.Tests.Timbre.Motion.SoundMotionLifecycleTests.SoundMotionContinuesUnderAHiddenAncestorWhileVisualMotionIsCanceled(Visibility visibility) in C:\Users\lauri\Desktop\Cerneala\tests\Cerneala.Tests.Timbre\Motion\SoundMotionLifecycleTests.cs:line 82
   at System.RuntimeMethodHandle.InvokeMethod(Object target, Void** arguments, Signature sig, Boolean isConstructor)
   at System.Reflection.MethodBaseInvoker.InvokeDirectByRefWithFewArgs(Object obj, Span`1 copyOfArgs, BindingFlags invokeAttr)
[xUnit.net 00:00:13.33]     Cerneala.Tests.Timbre.Motion.SoundMotionLifecycleTests.SoundMotionContinuesUnderAHiddenAncestorWhileVisualMotionIsCanceled(visibility: Hidden) [FAIL]
  Failed Cerneala.Tests.Timbre.Motion.SoundMotionLifecycleTests.SoundMotionContinuesUnderAHiddenAncestorWhileVisualMotionIsCanceled(visibility: Hidden) [1 s]
  Error Message:
   System.NotImplementedException : The audio Motion binding is not implemented yet.
  Stack Trace:
     at Cerneala.UI.Timbre.SoundPlaybackMotion.Animate(UIRoot root, SoundPlayback playback, SoundParameter`1 parameter, Boolean hasFrom, Single from, Boolean toCurrent, Single to, MotionSpec`1 spec, MotionPropertyStartOptions options) in C:\Users\lauri\Desktop\Cerneala\UI\Timbre\SoundPlaybackMotion.cs:line 24
   at Cerneala.UI.Timbre.SoundMotionAnimationBuilder.With(MotionSpec`1 spec, MotionPropertyStartOptions options) in C:\Users\lauri\Desktop\Cerneala\UI\Timbre\SoundMotionFacade.cs:line 68
   at Cerneala.UI.Timbre.SoundMotionAnimationBuilder.With(MotionSpec`1 spec) in C:\Users\lauri\Desktop\Cerneala\UI\Timbre\SoundMotionFacade.cs:line 61
   at Cerneala.Tests.Timbre.Motion.SoundMotionLifecycleTests.SoundMotionContinuesUnderAHiddenAncestorWhileVisualMotionIsCanceled(Visibility visibility) in C:\Users\lauri\Desktop\Cerneala\tests\Cerneala.Tests.Timbre\Motion\SoundMotionLifecycleTests.cs:line 82
   at InvokeStub_SoundMotionLifecycleTests.SoundMotionContinuesUnderAHiddenAncestorWhileVisualMotionIsCanceled(Object, Span`1)
   at System.Reflection.MethodBaseInvoker.InvokeWithOneArg(Object obj, BindingFlags invokeAttr, Binder binder, Object[] parameters, CultureInfo culture)
[xUnit.net 00:00:15.75]     Cerneala.Tests.Timbre.Motion.SoundMotionLifecycleTests.SoundMotionReplacementMidAnimationStartsTheNewOccupantFromItsOwnValues [FAIL]
  Failed Cerneala.Tests.Timbre.Motion.SoundMotionLifecycleTests.SoundMotionReplacementMidAnimationStartsTheNewOccupantFromItsOwnValues [2 s]
  Error Message:
   Cerneala.UI.Servo.ServoTargetNotFoundException : The Servo target did not match any element.
  Stack Trace:
     at Cerneala.UI.Servo.ServoQueryEngine.Resolve(UIRoot root, ServoTarget target) in C:\Users\lauri\Desktop\Cerneala\UI\Servo\ServoQueryEngine.cs:line 21
   at Cerneala.UI.Servo.ServoActionEngine.ResolveActionable(UIRoot root, ServoTarget target) in C:\Users\lauri\Desktop\Cerneala\UI\Servo\ServoActionEngine.cs:line 18
   at Cerneala.UI.Servo.Servo.<>c__DisplayClass20_0.<ClickAsync>b__2(UIRoot root) in C:\Users\lauri\Desktop\Cerneala\UI\Servo\Servo.cs:line 101
   at Cerneala.UI.Servo.RetainedServoInputDriver.ResolveTarget(Func`2 resolveTarget) in C:\Users\lauri\Desktop\Cerneala\UI\Servo\RetainedServoInputDriver.cs:line 352
   at Cerneala.UI.Servo.RetainedServoInputDriver.<>c__DisplayClass8_0.<ClickAsync>b__0() in C:\Users\lauri\Desktop\Cerneala\UI\Servo\RetainedServoInputDriver.cs:line 49
   at Cerneala.UI.Servo.ServoInputSequence.get_Steps() in C:\Users\lauri\Desktop\Cerneala\UI\Servo\ServoInputSequence.cs:line 44
   at Cerneala.UI.Servo.RetainedServoInputDriver.<>c__DisplayClass29_0.<DispatchImmediately>b__0() in C:\Users\lauri\Desktop\Cerneala\UI\Servo\RetainedServoInputDriver.cs:line 315
   at Cerneala.UI.Hosting.UiHost.UpdateCore(InputFrame inputFrame, Nullable`1 viewport, Nullable`1 elapsedTime, Boolean advanceRenderTime, Func`1 resolveInput) in C:\Users\lauri\Desktop\Cerneala\UI\Hosting\UiHost.cs:line 183
   at Cerneala.UI.Hosting.UiHost.Update(Func`1 resolveInput, UiViewport viewport, TimeSpan elapsedTime, Boolean advanceRenderTime) in C:\Users\lauri\Desktop\Cerneala\UI\Hosting\UiHost.cs:line 142
   at Cerneala.UI.Servo.RetainedServoInputDriver.DispatchImmediately(ServoInputSequence sequence, CancellationToken cancellationToken) in C:\Users\lauri\Desktop\Cerneala\UI\Servo\RetainedServoInputDriver.cs:line 311
   at Cerneala.UI.Servo.RetainedServoInputDriver.DispatchAsync(ServoInputSequence sequence, CancellationToken cancellationToken) in C:\Users\lauri\Desktop\Cerneala\UI\Servo\RetainedServoInputDriver.cs:line 290
   at Cerneala.UI.Servo.ServoContext.ExecuteSerializedAsync(Func`4 operation, CancellationToken cancellationToken) in C:\Users\lauri\Desktop\Cerneala\UI\Servo\ServoContext.cs:line 170
   at Cerneala.UI.Servo.ServoContext.ExecuteInputAsync(Func`4 operation, CancellationToken cancellationToken) in C:\Users\lauri\Desktop\Cerneala\UI\Servo\ServoContext.cs:line 154
   at Cerneala.UI.Servo.ServoOperation.<>c__DisplayClass0_0.<<RunAsync>b__0>d.MoveNext() in C:\Users\lauri\Desktop\Cerneala\UI\Servo\ServoOperation.cs:line 14
--- End of stack trace from previous location ---
   at Cerneala.UI.Servo.ServoOperation.RunAsync[T](TimeSpan timeout, Func`2 operation, CancellationToken cancellationToken) in C:\Users\lauri\Desktop\Cerneala\UI\Servo\ServoOperation.cs:line 34
   at Cerneala.UI.Servo.ServoOperation.RunAsync(TimeSpan timeout, Func`2 operation, CancellationToken cancellationToken) in C:\Users\lauri\Desktop\Cerneala\UI\Servo\ServoOperation.cs:line 10
   at Cerneala.Tests.Timbre.Motion.SoundMotionLifecycleTests.Click(MarkupSoundFixture fixture) in C:\Users\lauri\Desktop\Cerneala\tests\Cerneala.Tests.Timbre\Motion\SoundMotionLifecycleTests.cs:line 102
   at Cerneala.Tests.Timbre.Motion.SoundMotionLifecycleTests.SoundMotionReplacementMidAnimationStartsTheNewOccupantFromItsOwnValues() in C:\Users\lauri\Desktop\Cerneala\tests\Cerneala.Tests.Timbre\Motion\SoundMotionLifecycleTests.cs:line 54
   at System.RuntimeMethodHandle.InvokeMethod(Object target, Void** arguments, Signature sig, Boolean isConstructor)
   at System.Reflection.MethodBaseInvoker.InvokeWithNoArgs(Object obj, BindingFlags invokeAttr)

Failed!  - Failed:     5, Passed:     1, Skipped:     0, Total:     6, Duration: 12 s - Cerneala.Tests.Timbre.dll (net8.0)
