  Determining projects to restore...
  Restored C:\Users\lauri\Desktop\Cerneala\Cerneala.SourceGen\Cerneala.SourceGen.csproj (in 681 ms).
  Restored C:\Users\lauri\Desktop\Cerneala\Cerneala.csproj (in 729 ms).
  Restored C:\Users\lauri\Desktop\Cerneala\Cerneala.Backends.SdlGpu\Cerneala.Backends.SdlGpu.csproj (in 840 ms).
  Restored C:\Users\lauri\Desktop\Cerneala\Cerneala.Language\Cerneala.Language.csproj (in 731 ms).
  Restored C:\Users\lauri\Desktop\Cerneala\Cerneala.PreviewHost\Cerneala.PreviewHost.csproj (in 740 ms).
  Restored C:\Users\lauri\Desktop\Cerneala\Cerneala.LanguageServer\Cerneala.LanguageServer.csproj (in 798 ms).
  Restored C:\Users\lauri\Desktop\Cerneala\Cerneala.Platforms.Sdl3\Cerneala.Platforms.Sdl3.csproj (in 909 ms).
  29 of 36 projects are up-to-date for restore.
  Cerneala.Language -> C:\Users\lauri\Desktop\Cerneala\Cerneala.Language\bin\Release\netstandard2.0\Cerneala.Language.dll
  Cerneala.SourceGen -> C:\Users\lauri\Desktop\Cerneala\Cerneala.SourceGen\bin\Release\netstandard2.0\Cerneala.SourceGen.dll
  Cerneala -> C:\Users\lauri\Desktop\Cerneala\bin\Release\net8.0\Cerneala.dll
  Cerneala.Tests.Language -> C:\Users\lauri\Desktop\Cerneala\tests\Cerneala.Tests.Language\bin\Release\net8.0-windows\Cerneala.Tests.Language.dll
Test run for C:\Users\lauri\Desktop\Cerneala\tests\Cerneala.Tests.Language\bin\Release\net8.0-windows\Cerneala.Tests.Language.dll (.NETCoreApp,Version=v8.0)
A total of 1 test files matched the specified pattern.
[xUnit.net 00:01:13.83]     Cerneala.Tests.Language.CompletionTests.WarmCompletionP95StaysBelowBudgetAndIndependentDocumentsDoNotBlock [SKIP]
  Skipped Cerneala.Tests.Language.CompletionTests.WarmCompletionP95StaysBelowBudgetAndIndependentDocumentsDoNotBlock [1 ms]
Results File: C:\Users\lauri\Desktop\Cerneala\docs\plans\evidence\2026-09-23-scene2d-stage3\integration\full-slnx-current\full-slnx-current_net8.0_20260924131719.trx

Passed!  - Failed:     0, Passed:   234, Skipped:     1, Total:   235, Duration: 1 m 13 s - Cerneala.Tests.Language.dll (net8.0)
  Cerneala.LanguageServer -> C:\Users\lauri\Desktop\Cerneala\Cerneala.LanguageServer\bin\Release\net10.0\Cerneala.LanguageServer.dll
  Cerneala.Tests.LanguageServer -> C:\Users\lauri\Desktop\Cerneala\tests\Cerneala.Tests.LanguageServer\bin\Release\net10.0\Cerneala.Tests.LanguageServer.dll
Test run for C:\Users\lauri\Desktop\Cerneala\tests\Cerneala.Tests.LanguageServer\bin\Release\net10.0\Cerneala.Tests.LanguageServer.dll (.NETCoreApp,Version=v10.0)
A total of 1 test files matched the specified pattern.
Results File: C:\Users\lauri\Desktop\Cerneala\docs\plans\evidence\2026-09-23-scene2d-stage3\integration\full-slnx-current\full-slnx-current_net10.0_20260924132027.trx

Passed!  - Failed:     0, Passed:    40, Skipped:     0, Total:    40, Duration: 3 m 4 s - Cerneala.Tests.LanguageServer.dll (net10.0)
  Cerneala.Platforms.Sdl3 -> C:\Users\lauri\Desktop\Cerneala\Cerneala.Platforms.Sdl3\bin\Release\net8.0\Cerneala.Platforms.Sdl3.dll
  Cerneala.Backends.SdlGpu -> C:\Users\lauri\Desktop\Cerneala\Cerneala.Backends.SdlGpu\bin\Release\net8.0\Cerneala.Backends.SdlGpu.dll
  Cerneala.PreviewHost -> C:\Users\lauri\Desktop\Cerneala\Cerneala.PreviewHost\bin\Release\net10.0-windows\Cerneala.PreviewHost.dll
  CernealaPresentation -> C:\Users\lauri\Desktop\Cerneala\CernealaPresentation\bin\Release\net8.0-windows\CernealaPresentation.dll
  Cerneala.SdlGpuSmoke -> C:\Users\lauri\Desktop\Cerneala\tests\Cerneala.SdlGpuSmoke\bin\Release\net8.0\Cerneala.SdlGpuSmoke.dll
  Cerneala.Tests.PreviewHost -> C:\Users\lauri\Desktop\Cerneala\tests\Cerneala.Tests.PreviewHost\bin\Release\net10.0-windows\Cerneala.Tests.PreviewHost.dll
Test run for C:\Users\lauri\Desktop\Cerneala\tests\Cerneala.Tests.PreviewHost\bin\Release\net10.0-windows\Cerneala.Tests.PreviewHost.dll (.NETCoreApp,Version=v10.0)
A total of 1 test files matched the specified pattern.
Results File: C:\Users\lauri\Desktop\Cerneala\docs\plans\evidence\2026-09-23-scene2d-stage3\integration\full-slnx-current\full-slnx-current_net10.0_20260924132204.trx

Passed!  - Failed:     0, Passed:    14, Skipped:     0, Total:    14, Duration: 1 m 33 s - Cerneala.Tests.PreviewHost.dll (net10.0)
  Cerneala.Scene2D.Importers -> C:\Users\lauri\Desktop\Cerneala\Cerneala.Scene2D.Importers\bin\Release\net8.0\Cerneala.Scene2D.Importers.dll
  Cerneala.Tests.Scene2DImporters -> C:\Users\lauri\Desktop\Cerneala\tests\Cerneala.Tests.Scene2DImporters\bin\Release\net8.0\Cerneala.Tests.Scene2DImporters.dll
Test run for C:\Users\lauri\Desktop\Cerneala\tests\Cerneala.Tests.Scene2DImporters\bin\Release\net8.0\Cerneala.Tests.Scene2DImporters.dll (.NETCoreApp,Version=v8.0)
A total of 1 test files matched the specified pattern.
Results File: C:\Users\lauri\Desktop\Cerneala\docs\plans\evidence\2026-09-23-scene2d-stage3\integration\full-slnx-current\full-slnx-current_net8.0_20260924132211.trx

Passed!  - Failed:     0, Passed:   173, Skipped:     0, Total:   173, Duration: 4 s - Cerneala.Tests.Scene2DImporters.dll (net8.0)
  Cerneala.Scene2D.Packages -> C:\Users\lauri\Desktop\Cerneala\Cerneala.Scene2D.Packages\bin\Release\net8.0\Cerneala.Scene2D.Packages.dll
  Cerneala.Scene2D.PackageCompiler -> C:\Users\lauri\Desktop\Cerneala\Tools\Cerneala.Scene2D.PackageCompiler\bin\Release\net8.0\Cerneala.Scene2D.PackageCompiler.dll
  Cerneala.Tests.Scene2DPackages -> C:\Users\lauri\Desktop\Cerneala\tests\Cerneala.Tests.Scene2DPackages\bin\Release\net8.0\Cerneala.Tests.Scene2DPackages.dll
Test run for C:\Users\lauri\Desktop\Cerneala\tests\Cerneala.Tests.Scene2DPackages\bin\Release\net8.0\Cerneala.Tests.Scene2DPackages.dll (.NETCoreApp,Version=v8.0)
A total of 1 test files matched the specified pattern.
Results File: C:\Users\lauri\Desktop\Cerneala\docs\plans\evidence\2026-09-23-scene2d-stage3\integration\full-slnx-current\full-slnx-current_net8.0_20260924132222.trx

Passed!  - Failed:     0, Passed:   104, Skipped:     0, Total:   104, Duration: 7 s - Cerneala.Tests.Scene2DPackages.dll (net8.0)
  Tetris -> C:\Users\lauri\Desktop\Cerneala\Tetrisish\bin\Release\net8.0\Cerneala.Tetris.dll
  Cerneala.Tests.SdlGpu -> C:\Users\lauri\Desktop\Cerneala\tests\Cerneala.Tests.SdlGpu\bin\Release\net8.0\Cerneala.Tests.SdlGpu.dll
Test run for C:\Users\lauri\Desktop\Cerneala\tests\Cerneala.Tests.SdlGpu\bin\Release\net8.0\Cerneala.Tests.SdlGpu.dll (.NETCoreApp,Version=v8.0)
A total of 1 test files matched the specified pattern.
[xUnit.net 00:07:35.96]     Cerneala.Tests.SdlGpu.SdlWindowsNativeContractTests.NativeOwnershipInputAndGraphicsLifetimesRemainIndependent [SKIP]
  Skipped Cerneala.Tests.SdlGpu.SdlWindowsNativeContractTests.NativeOwnershipInputAndGraphicsLifetimesRemainIndependent [1 ms]
[xUnit.net 00:07:45.03]     Cerneala.Tests.Drawing.SdlGpu.AlphaBlendRenderingTests.OpaqueStrokeOccludesEarlierStrokeAroundTranslucentContent(content: 1) [SKIP]
  Skipped Cerneala.Tests.Drawing.SdlGpu.AlphaBlendRenderingTests.OpaqueStrokeOccludesEarlierStrokeAroundTranslucentContent(content: 1) [1 ms]
[xUnit.net 00:07:46.00]     Cerneala.Tests.Drawing.SdlGpu.AlphaBlendRenderingTests.OpaqueStrokeOccludesEarlierStrokeAroundTranslucentContent(content: 7) [SKIP]
  Skipped Cerneala.Tests.Drawing.SdlGpu.AlphaBlendRenderingTests.OpaqueStrokeOccludesEarlierStrokeAroundTranslucentContent(content: 7) [1 ms]
[xUnit.net 00:07:47.81]     Cerneala.Tests.Drawing.SdlGpu.AlphaBlendRenderingTests.OpaqueStrokeOccludesEarlierStrokeAroundTranslucentContent(content: 6) [SKIP]
[xUnit.net 00:07:48.71]     Cerneala.Tests.Drawing.SdlGpu.AlphaBlendRenderingTests.OpaqueStrokeOccludesEarlierStrokeAroundTranslucentContent(content: 3) [SKIP]
  Skipped Cerneala.Tests.Drawing.SdlGpu.AlphaBlendRenderingTests.OpaqueStrokeOccludesEarlierStrokeAroundTranslucentContent(content: 6) [1 ms]
  Skipped Cerneala.Tests.Drawing.SdlGpu.AlphaBlendRenderingTests.OpaqueStrokeOccludesEarlierStrokeAroundTranslucentContent(content: 3) [1 ms]
Results File: C:\Users\lauri\Desktop\Cerneala\docs\plans\evidence\2026-09-23-scene2d-stage3\integration\full-slnx-current\full-slnx-current_net8.0_20260924133500.trx

Passed!  - Failed:     0, Passed:   894, Skipped:     5, Total:   899, Duration: 12 m 31 s - Cerneala.Tests.SdlGpu.dll (net8.0)
  Cerneala.Tests.SourceGen -> C:\Users\lauri\Desktop\Cerneala\tests\Cerneala.Tests.SourceGen\bin\Release\net8.0-windows\Cerneala.Tests.SourceGen.dll
Test run for C:\Users\lauri\Desktop\Cerneala\tests\Cerneala.Tests.SourceGen\bin\Release\net8.0-windows\Cerneala.Tests.SourceGen.dll (.NETCoreApp,Version=v8.0)
A total of 1 test files matched the specified pattern.
Results File: C:\Users\lauri\Desktop\Cerneala\docs\plans\evidence\2026-09-23-scene2d-stage3\integration\full-slnx-current\full-slnx-current_net8.0_20260924133652.trx

Passed!  - Failed:     0, Passed:   610, Skipped:     0, Total:   610, Duration: 1 m 48 s - Cerneala.Tests.SourceGen.dll (net8.0)
  Cerneala.Tests.VisualStudio -> C:\Users\lauri\Desktop\Cerneala\tests\Cerneala.Tests.VisualStudio\bin\Release\net10.0-windows\Cerneala.Tests.VisualStudio.dll
  Cerneala.VisualStudio -> C:\Users\lauri\Desktop\Cerneala\Cerneala.VisualStudio\bin\Release\net472\Cerneala.VisualStudio.dll
  Determining projects to restore...
  Restored C:\Users\lauri\Desktop\Cerneala\Cerneala.Language\Cerneala.Language.csproj (in 137 ms).
  Restored C:\Users\lauri\Desktop\Cerneala\Cerneala.LanguageServer\Cerneala.LanguageServer.csproj (in 177 ms).
C:\Program Files\dotnet\sdk\10.0.400\Sdks\Microsoft.NET.Sdk\targets\Microsoft.PackageDependencyResolution.targets(266,5): error NETSDK1047: Assets file 'C:\Users\lauri\Desktop\Cerneala\Cerneala.LanguageServer\obj\project.assets.json' doesn't have a target for 'net10.0/win-x64'. Ensure that restore has run and that you have included 'net10.0' in the TargetFrameworks for your project. You may also need to include 'win-x64' in your project's RuntimeIdentifiers. [C:\Users\lauri\Desktop\Cerneala\Cerneala.LanguageServer\Cerneala.LanguageServer.csproj]
  VisualStudioIntegrationHost -> C:\Users\lauri\Desktop\Cerneala\tests\Fixtures\VisualStudioIntegrationHost\bin\Release\net472\Cerneala.VisualStudio.IntegrationHost.dll
C:\Users\lauri\Desktop\Cerneala\tests\Cerneala.Tests.VisualStudio\Cerneala.Tests.VisualStudio.csproj(40,5): error MSB4181: The "MSBuild" task returned false but did not log an error.
  Prepared 'C:\Users\lauri\Desktop\Cerneala\Playground\Cerneala.Playground\SceneWorldAssets\village.tmj' -> 'C:\Users\lauri\Desktop\Cerneala\Playground\Cerneala.Playground\obj\SceneWorldPackages\Release\net8.0-windows\tiled' (1 levels, 1 files).
  SCN2D017: Known editor-only fields are not used at runtime. (C:\Users\lauri\Desktop\Cerneala\Playground\Cerneala.Playground\SceneWorldAssets\village.ldtk, $.defs.layers[0].autoRuleGroups)
  Prepared 'C:\Users\lauri\Desktop\Cerneala\Playground\Cerneala.Playground\SceneWorldAssets\village.ldtk' -> 'C:\Users\lauri\Desktop\Cerneala\Playground\Cerneala.Playground\obj\SceneWorldPackages\Release\net8.0-windows\ldtk' (1 levels, 1 files).
  Cerneala.Playground -> C:\Users\lauri\Desktop\Cerneala\Playground\Cerneala.Playground\bin\Release\net8.0-windows\Cerneala.Playground.dll
  Cerneala.Tests -> C:\Users\lauri\Desktop\Cerneala\tests\Cerneala.Tests\bin\Release\net8.0-windows\Cerneala.Tests.dll
Test run for C:\Users\lauri\Desktop\Cerneala\tests\Cerneala.Tests\bin\Release\net8.0-windows\Cerneala.Tests.dll (.NETCoreApp,Version=v8.0)
A total of 1 test files matched the specified pattern.
Results File: C:\Users\lauri\Desktop\Cerneala\docs\plans\evidence\2026-09-23-scene2d-stage3\integration\full-slnx-current\full-slnx-current_net8.0_20260924134158.trx

Passed!  - Failed:     0, Passed:  4156, Skipped:     0, Total:  4156, Duration: 4 m 55 s - Cerneala.Tests.dll (net8.0)
  Tetris.Tests -> C:\Users\lauri\Desktop\Cerneala\Tetrisish\Tests\bin\Release\net8.0\Cerneala.Tetris.Tests.dll
Test run for C:\Users\lauri\Desktop\Cerneala\Tetrisish\Tests\bin\Release\net8.0\Cerneala.Tetris.Tests.dll (.NETCoreApp,Version=v8.0)
A total of 1 test files matched the specified pattern.
Results File: C:\Users\lauri\Desktop\Cerneala\docs\plans\evidence\2026-09-23-scene2d-stage3\integration\full-slnx-current\full-slnx-current_net8.0_20260924134202.trx

Passed!  - Failed:     0, Passed:    31, Skipped:     0, Total:    31, Duration: 1 s - Cerneala.Tetris.Tests.dll (net8.0)
