// Validating benchmarks:
// ***** BenchmarkRunner: Start   *****
// ***** Found 4 benchmark(s) in total *****
// ***** Building 1 exe(s) in Parallel: Start   *****
// ***** Done, took 00:00:00 (0.03 sec)   *****
// Found 4 benchmarks:
//   CerberusPlanningBenchmarks.HomogeneousMergeAndIndexRebasing: InProcess(Toolchain=InProcessEmitToolchain, InvocationCount=1, IterationCount=5, UnrollFactor=1, WarmupCount=3)
//   CerberusPlanningBenchmarks.AlternatingEnqueue: InProcess(Toolchain=InProcessEmitToolchain, InvocationCount=1, IterationCount=5, UnrollFactor=1, WarmupCount=3)
//   CerberusPlanningBenchmarks.GrowthBeyondInitialCapacity: InProcess(Toolchain=InProcessEmitToolchain, InvocationCount=1, IterationCount=5, UnrollFactor=1, WarmupCount=3)
//   CerberusPlanningBenchmarks.AlternatingEnqueueAndDiscard: InProcess(Toolchain=InProcessEmitToolchain, InvocationCount=1, IterationCount=5, UnrollFactor=1, WarmupCount=3)

Setup power plan (GUID: 8c5e7fda-e8bf-4a96-9a85-a6e23a8c635c FriendlyName: High performance)
// **************************
// Benchmark: CerberusPlanningBenchmarks.HomogeneousMergeAndIndexRebasing: InProcess(Toolchain=InProcessEmitToolchain, InvocationCount=1, IterationCount=5, UnrollFactor=1, WarmupCount=3)
// *** Execute ***
// Launch: 1 / 1

// Benchmark Process Environment Information:
// BenchmarkDotNet v0.15.8
// Runtime=.NET 8.0.30 (8.0.30, 8.0.3026.36720), X64 RyuJIT x86-64-v3
// GC=Concurrent Workstation
// HardwareIntrinsics=AVX2+BMI1+BMI2+F16C+FMA+LZCNT+MOVBE,AVX,SSE3+SSSE3+SSE4.1+SSE4.2+POPCNT,X86Base+SSE+SSE2,AES+PCLMUL VectorSize=256
// Job: Job-KKDDCK(Toolchain=InProcessEmitToolchain, InvocationCount=1, IterationCount=5, UnrollFactor=1, WarmupCount=3)

OverheadJitting  1: 1024 op, 159900.00 ns, 156.1523 ns/op
WorkloadJitting  1: 1024 op, 1874000.00 ns, 1.8301 us/op

OverheadWarmup   1: 1024 op, 1000.00 ns, 0.9766 ns/op
OverheadWarmup   2: 1024 op, 300.00 ns, 0.2930 ns/op
OverheadWarmup   3: 1024 op, 100.00 ns, 0.0977 ns/op
OverheadWarmup   4: 1024 op, 400.00 ns, 0.3906 ns/op
OverheadWarmup   5: 1024 op, 200.00 ns, 0.1953 ns/op
OverheadWarmup   6: 1024 op, 300.00 ns, 0.2930 ns/op
OverheadWarmup   7: 1024 op, 200.00 ns, 0.1953 ns/op

OverheadActual   1: 1024 op, 300.00 ns, 0.2930 ns/op
OverheadActual   2: 1024 op, 300.00 ns, 0.2930 ns/op
OverheadActual   3: 1024 op, 200.00 ns, 0.1953 ns/op
OverheadActual   4: 1024 op, 200.00 ns, 0.1953 ns/op
OverheadActual   5: 1024 op, 200.00 ns, 0.1953 ns/op
OverheadActual   6: 1024 op, 200.00 ns, 0.1953 ns/op
OverheadActual   7: 1024 op, 200.00 ns, 0.1953 ns/op
OverheadActual   8: 1024 op, 300.00 ns, 0.2930 ns/op
OverheadActual   9: 1024 op, 200.00 ns, 0.1953 ns/op
OverheadActual  10: 1024 op, 200.00 ns, 0.1953 ns/op
OverheadActual  11: 1024 op, 200.00 ns, 0.1953 ns/op
OverheadActual  12: 1024 op, 100.00 ns, 0.0977 ns/op
OverheadActual  13: 1024 op, 200.00 ns, 0.1953 ns/op
OverheadActual  14: 1024 op, 300.00 ns, 0.2930 ns/op
OverheadActual  15: 1024 op, 200.00 ns, 0.1953 ns/op
OverheadActual  16: 1024 op, 300.00 ns, 0.2930 ns/op
OverheadActual  17: 1024 op, 300.00 ns, 0.2930 ns/op
OverheadActual  18: 1024 op, 200.00 ns, 0.1953 ns/op
OverheadActual  19: 1024 op, 400.00 ns, 0.3906 ns/op
OverheadActual  20: 1024 op, 300.00 ns, 0.2930 ns/op

WorkloadWarmup   1: 1024 op, 189600.00 ns, 185.1563 ns/op
WorkloadWarmup   2: 1024 op, 176800.00 ns, 172.6563 ns/op
WorkloadWarmup   3: 1024 op, 247500.00 ns, 241.6992 ns/op

WorkloadActual   1: 1024 op, 178900.00 ns, 174.7070 ns/op
WorkloadActual   2: 1024 op, 150000.00 ns, 146.4844 ns/op
WorkloadActual   3: 1024 op, 153400.00 ns, 149.8047 ns/op
WorkloadActual   4: 1024 op, 148500.00 ns, 145.0195 ns/op
WorkloadActual   5: 1024 op, 215700.00 ns, 210.6445 ns/op

WorkloadResult   1: 1024 op, 178700.00 ns, 174.5117 ns/op
WorkloadResult   2: 1024 op, 149800.00 ns, 146.2891 ns/op
WorkloadResult   3: 1024 op, 153200.00 ns, 149.6094 ns/op
WorkloadResult   4: 1024 op, 148300.00 ns, 144.8242 ns/op
WorkloadResult   5: 1024 op, 215500.00 ns, 210.4492 ns/op
// GC:  0 0 0 0 1024
// Threading:  0 0 1024


Mean = 165.137 ns, StdErr = 12.550 ns (7.60%), N = 5, StdDev = 28.063 ns
Min = 144.824 ns, Q1 = 146.289 ns, Median = 149.609 ns, Q3 = 174.512 ns, Max = 210.449 ns
IQR = 28.223 ns, LowerFence = 103.955 ns, UpperFence = 216.846 ns
ConfidenceInterval = [57.078 ns; 273.196 ns] (CI 99.9%), Margin = 108.059 ns (65.44% of Mean)
Skewness = 0.68, Kurtosis = 1.48, MValue = 2

// ** Remained 3 (75.0%) benchmark(s) to run. Estimated finish 2026-09-02 3:21 (0h 0m from now) **
Setup power plan (GUID: 8c5e7fda-e8bf-4a96-9a85-a6e23a8c635c FriendlyName: High performance)
// **************************
// Benchmark: CerberusPlanningBenchmarks.AlternatingEnqueue: InProcess(Toolchain=InProcessEmitToolchain, InvocationCount=1, IterationCount=5, UnrollFactor=1, WarmupCount=3)
// *** Execute ***
// Launch: 1 / 1

// Benchmark Process Environment Information:
// BenchmarkDotNet v0.15.8
// Runtime=.NET 8.0.30 (8.0.30, 8.0.3026.36720), X64 RyuJIT x86-64-v3
// GC=Concurrent Workstation
// HardwareIntrinsics=AVX2+BMI1+BMI2+F16C+FMA+LZCNT+MOVBE,AVX,SSE3+SSSE3+SSE4.1+SSE4.2+POPCNT,X86Base+SSE+SSE2,AES+PCLMUL VectorSize=256
// Job: Job-KKDDCK(Toolchain=InProcessEmitToolchain, InvocationCount=1, IterationCount=5, UnrollFactor=1, WarmupCount=3)

OverheadJitting  1: 1024 op, 210100.00 ns, 205.1758 ns/op
WorkloadJitting  1: 1024 op, 658400.00 ns, 642.9688 ns/op

OverheadWarmup   1: 1024 op, 1600.00 ns, 1.5625 ns/op
OverheadWarmup   2: 1024 op, 500.00 ns, 0.4883 ns/op
OverheadWarmup   3: 1024 op, 200.00 ns, 0.1953 ns/op
OverheadWarmup   4: 1024 op, 200.00 ns, 0.1953 ns/op
OverheadWarmup   5: 1024 op, 200.00 ns, 0.1953 ns/op
OverheadWarmup   6: 1024 op, 400.00 ns, 0.3906 ns/op
OverheadWarmup   7: 1024 op, 400.00 ns, 0.3906 ns/op

OverheadActual   1: 1024 op, 400.00 ns, 0.3906 ns/op
OverheadActual   2: 1024 op, 300.00 ns, 0.2930 ns/op
OverheadActual   3: 1024 op, 300.00 ns, 0.2930 ns/op
OverheadActual   4: 1024 op, 300.00 ns, 0.2930 ns/op
OverheadActual   5: 1024 op, 400.00 ns, 0.3906 ns/op
OverheadActual   6: 1024 op, 200.00 ns, 0.1953 ns/op
OverheadActual   7: 1024 op, 200.00 ns, 0.1953 ns/op
OverheadActual   8: 1024 op, 200.00 ns, 0.1953 ns/op
OverheadActual   9: 1024 op, 300.00 ns, 0.2930 ns/op
OverheadActual  10: 1024 op, 500.00 ns, 0.4883 ns/op
OverheadActual  11: 1024 op, 600.00 ns, 0.5859 ns/op
OverheadActual  12: 1024 op, 500.00 ns, 0.4883 ns/op
OverheadActual  13: 1024 op, 400.00 ns, 0.3906 ns/op
OverheadActual  14: 1024 op, 500.00 ns, 0.4883 ns/op
OverheadActual  15: 1024 op, 300.00 ns, 0.2930 ns/op
OverheadActual  16: 1024 op, 500.00 ns, 0.4883 ns/op
OverheadActual  17: 1024 op, 400.00 ns, 0.3906 ns/op
OverheadActual  18: 1024 op, 300.00 ns, 0.2930 ns/op
OverheadActual  19: 1024 op, 500.00 ns, 0.4883 ns/op
OverheadActual  20: 1024 op, 300.00 ns, 0.2930 ns/op

WorkloadWarmup   1: 1024 op, 121700.00 ns, 118.8477 ns/op
WorkloadWarmup   2: 1024 op, 109600.00 ns, 107.0313 ns/op
WorkloadWarmup   3: 1024 op, 176600.00 ns, 172.4609 ns/op

WorkloadActual   1: 1024 op, 174800.00 ns, 170.7031 ns/op
WorkloadActual   2: 1024 op, 110700.00 ns, 108.1055 ns/op
WorkloadActual   3: 1024 op, 130400.00 ns, 127.3438 ns/op
WorkloadActual   4: 1024 op, 187100.00 ns, 182.7148 ns/op
WorkloadActual   5: 1024 op, 129700.00 ns, 126.6602 ns/op

WorkloadResult   1: 1024 op, 174450.00 ns, 170.3613 ns/op
WorkloadResult   2: 1024 op, 110350.00 ns, 107.7637 ns/op
WorkloadResult   3: 1024 op, 130050.00 ns, 127.0020 ns/op
WorkloadResult   4: 1024 op, 186750.00 ns, 182.3730 ns/op
WorkloadResult   5: 1024 op, 129350.00 ns, 126.3184 ns/op
// GC:  0 0 0 960 1024
// Threading:  0 0 1024


Mean = 142.764 ns, StdErr = 14.273 ns (10.00%), N = 5, StdDev = 31.916 ns
Min = 107.764 ns, Q1 = 126.318 ns, Median = 127.002 ns, Q3 = 170.361 ns, Max = 182.373 ns
IQR = 44.043 ns, LowerFence = 60.254 ns, UpperFence = 236.426 ns
ConfidenceInterval = [19.868 ns; 265.659 ns] (CI 99.9%), Margin = 122.895 ns (86.08% of Mean)
Skewness = 0.2, Kurtosis = 0.9, MValue = 2

// ** Remained 2 (50.0%) benchmark(s) to run. Estimated finish 2026-09-02 3:21 (0h 0m from now) **
Setup power plan (GUID: 8c5e7fda-e8bf-4a96-9a85-a6e23a8c635c FriendlyName: High performance)
// **************************
// Benchmark: CerberusPlanningBenchmarks.GrowthBeyondInitialCapacity: InProcess(Toolchain=InProcessEmitToolchain, InvocationCount=1, IterationCount=5, UnrollFactor=1, WarmupCount=3)
// *** Execute ***
// Launch: 1 / 1

// Benchmark Process Environment Information:
// BenchmarkDotNet v0.15.8
// Runtime=.NET 8.0.30 (8.0.30, 8.0.3026.36720), X64 RyuJIT x86-64-v3
// GC=Concurrent Workstation
// HardwareIntrinsics=AVX2+BMI1+BMI2+F16C+FMA+LZCNT+MOVBE,AVX,SSE3+SSSE3+SSE4.1+SSE4.2+POPCNT,X86Base+SSE+SSE2,AES+PCLMUL VectorSize=256
// Job: Job-KKDDCK(Toolchain=InProcessEmitToolchain, InvocationCount=1, IterationCount=5, UnrollFactor=1, WarmupCount=3)

OverheadJitting  1: 512 op, 181500.00 ns, 354.4922 ns/op
WorkloadJitting  1: 512 op, 375400.00 ns, 733.2031 ns/op

OverheadWarmup   1: 512 op, 1800.00 ns, 3.5156 ns/op
OverheadWarmup   2: 512 op, 200.00 ns, 0.3906 ns/op
OverheadWarmup   3: 512 op, 400.00 ns, 0.7813 ns/op
OverheadWarmup   4: 512 op, 300.00 ns, 0.5859 ns/op
OverheadWarmup   5: 512 op, 300.00 ns, 0.5859 ns/op
OverheadWarmup   6: 512 op, 300.00 ns, 0.5859 ns/op

OverheadActual   1: 512 op, 200.00 ns, 0.3906 ns/op
OverheadActual   2: 512 op, 300.00 ns, 0.5859 ns/op
OverheadActual   3: 512 op, 500.00 ns, 0.9766 ns/op
OverheadActual   4: 512 op, 300.00 ns, 0.5859 ns/op
OverheadActual   5: 512 op, 200.00 ns, 0.3906 ns/op
OverheadActual   6: 512 op, 300.00 ns, 0.5859 ns/op
OverheadActual   7: 512 op, 200.00 ns, 0.3906 ns/op
OverheadActual   8: 512 op, 200.00 ns, 0.3906 ns/op
OverheadActual   9: 512 op, 300.00 ns, 0.5859 ns/op
OverheadActual  10: 512 op, 300.00 ns, 0.5859 ns/op
OverheadActual  11: 512 op, 200.00 ns, 0.3906 ns/op
OverheadActual  12: 512 op, 300.00 ns, 0.5859 ns/op
OverheadActual  13: 512 op, 300.00 ns, 0.5859 ns/op
OverheadActual  14: 512 op, 400.00 ns, 0.7813 ns/op
OverheadActual  15: 512 op, 300.00 ns, 0.5859 ns/op
OverheadActual  16: 512 op, 200.00 ns, 0.3906 ns/op
OverheadActual  17: 512 op, 200.00 ns, 0.3906 ns/op
OverheadActual  18: 512 op, 200.00 ns, 0.3906 ns/op
OverheadActual  19: 512 op, 200.00 ns, 0.3906 ns/op
OverheadActual  20: 512 op, 500.00 ns, 0.9766 ns/op

WorkloadWarmup   1: 512 op, 71300.00 ns, 139.2578 ns/op
WorkloadWarmup   2: 512 op, 55400.00 ns, 108.2031 ns/op
WorkloadWarmup   3: 512 op, 54500.00 ns, 106.4453 ns/op

WorkloadActual   1: 512 op, 60200.00 ns, 117.5781 ns/op
WorkloadActual   2: 512 op, 89600.00 ns, 175.0000 ns/op
WorkloadActual   3: 512 op, 55600.00 ns, 108.5938 ns/op
WorkloadActual   4: 512 op, 54600.00 ns, 106.6406 ns/op
WorkloadActual   5: 512 op, 57600.00 ns, 112.5000 ns/op

WorkloadResult   1: 512 op, 59900.00 ns, 116.9922 ns/op
WorkloadResult   2: 512 op, 55300.00 ns, 108.0078 ns/op
WorkloadResult   3: 512 op, 54300.00 ns, 106.0547 ns/op
WorkloadResult   4: 512 op, 57300.00 ns, 111.9141 ns/op
// GC:  0 0 0 960 512
// Threading:  0 0 512


Mean = 110.742 ns, StdErr = 2.413 ns (2.18%), N = 4, StdDev = 4.826 ns
Min = 106.055 ns, Q1 = 107.520 ns, Median = 109.961 ns, Q3 = 113.184 ns, Max = 116.992 ns
IQR = 5.664 ns, LowerFence = 99.023 ns, UpperFence = 121.680 ns
ConfidenceInterval = [79.553 ns; 141.931 ns] (CI 99.9%), Margin = 31.189 ns (28.16% of Mean)
Skewness = 0.27, Kurtosis = 0.95, MValue = 2

// ** Remained 1 (25.0%) benchmark(s) to run. Estimated finish 2026-09-02 3:21 (0h 0m from now) **
Setup power plan (GUID: 8c5e7fda-e8bf-4a96-9a85-a6e23a8c635c FriendlyName: High performance)
// **************************
// Benchmark: CerberusPlanningBenchmarks.AlternatingEnqueueAndDiscard: InProcess(Toolchain=InProcessEmitToolchain, InvocationCount=1, IterationCount=5, UnrollFactor=1, WarmupCount=3)
// *** Execute ***
// Launch: 1 / 1

// Benchmark Process Environment Information:
// BenchmarkDotNet v0.15.8
// Runtime=.NET 8.0.30 (8.0.30, 8.0.3026.36720), X64 RyuJIT x86-64-v3
// GC=Concurrent Workstation
// HardwareIntrinsics=AVX2+BMI1+BMI2+F16C+FMA+LZCNT+MOVBE,AVX,SSE3+SSSE3+SSE4.1+SSE4.2+POPCNT,X86Base+SSE+SSE2,AES+PCLMUL VectorSize=256
// Job: Job-KKDDCK(Toolchain=InProcessEmitToolchain, InvocationCount=1, IterationCount=5, UnrollFactor=1, WarmupCount=3)

OverheadJitting  1: 512 op, 191200.00 ns, 373.4375 ns/op
WorkloadJitting  1: 512 op, 402900.00 ns, 786.9141 ns/op

OverheadWarmup   1: 512 op, 2100.00 ns, 4.1016 ns/op
OverheadWarmup   2: 512 op, 500.00 ns, 0.9766 ns/op
OverheadWarmup   3: 512 op, 300.00 ns, 0.5859 ns/op
OverheadWarmup   4: 512 op, 300.00 ns, 0.5859 ns/op
OverheadWarmup   5: 512 op, 300.00 ns, 0.5859 ns/op
OverheadWarmup   6: 512 op, 400.00 ns, 0.7813 ns/op
OverheadWarmup   7: 512 op, 400.00 ns, 0.7813 ns/op

OverheadActual   1: 512 op, 300.00 ns, 0.5859 ns/op
OverheadActual   2: 512 op, 700.00 ns, 1.3672 ns/op
OverheadActual   3: 512 op, 300.00 ns, 0.5859 ns/op
OverheadActual   4: 512 op, 500.00 ns, 0.9766 ns/op
OverheadActual   5: 512 op, 500.00 ns, 0.9766 ns/op
OverheadActual   6: 512 op, 400.00 ns, 0.7813 ns/op
OverheadActual   7: 512 op, 300.00 ns, 0.5859 ns/op
OverheadActual   8: 512 op, 300.00 ns, 0.5859 ns/op
OverheadActual   9: 512 op, 200.00 ns, 0.3906 ns/op
OverheadActual  10: 512 op, 300.00 ns, 0.5859 ns/op
OverheadActual  11: 512 op, 200.00 ns, 0.3906 ns/op
OverheadActual  12: 512 op, 300.00 ns, 0.5859 ns/op
OverheadActual  13: 512 op, 200.00 ns, 0.3906 ns/op
OverheadActual  14: 512 op, 300.00 ns, 0.5859 ns/op
OverheadActual  15: 512 op, 500.00 ns, 0.9766 ns/op
OverheadActual  16: 512 op, 400.00 ns, 0.7813 ns/op
OverheadActual  17: 512 op, 300.00 ns, 0.5859 ns/op
OverheadActual  18: 512 op, 300.00 ns, 0.5859 ns/op
OverheadActual  19: 512 op, 300.00 ns, 0.5859 ns/op
OverheadActual  20: 512 op, 300.00 ns, 0.5859 ns/op

WorkloadWarmup   1: 512 op, 78700.00 ns, 153.7109 ns/op
WorkloadWarmup   2: 512 op, 53800.00 ns, 105.0781 ns/op
WorkloadWarmup   3: 512 op, 52900.00 ns, 103.3203 ns/op

WorkloadActual   1: 512 op, 67800.00 ns, 132.4219 ns/op
WorkloadActual   2: 512 op, 56800.00 ns, 110.9375 ns/op
WorkloadActual   3: 512 op, 64800.00 ns, 126.5625 ns/op
WorkloadActual   4: 512 op, 53500.00 ns, 104.4922 ns/op
WorkloadActual   5: 512 op, 100800.00 ns, 196.8750 ns/op

WorkloadResult   1: 512 op, 67500.00 ns, 131.8359 ns/op
WorkloadResult   2: 512 op, 56500.00 ns, 110.3516 ns/op
WorkloadResult   3: 512 op, 64500.00 ns, 125.9766 ns/op
WorkloadResult   4: 512 op, 53200.00 ns, 103.9063 ns/op
// GC:  0 0 0 960 512
// Threading:  0 0 512


Mean = 118.018 ns, StdErr = 6.533 ns (5.54%), N = 4, StdDev = 13.066 ns
Min = 103.906 ns, Q1 = 108.740 ns, Median = 118.164 ns, Q3 = 127.441 ns, Max = 131.836 ns
IQR = 18.701 ns, LowerFence = 80.688 ns, UpperFence = 155.493 ns
ConfidenceInterval = [33.583 ns; 202.452 ns] (CI 99.9%), Margin = 84.435 ns (71.54% of Mean)
Skewness = -0.01, Kurtosis = 0.72, MValue = 2

// ** Remained 0 (0.0%) benchmark(s) to run. Estimated finish 2026-09-02 3:21 (0h 0m from now) **
Successfully reverted power plan (GUID: 8c5e7fda-e8bf-4a96-9a85-a6e23a8c635c FriendlyName: High performance)
// ***** BenchmarkRunner: Finish  *****

// * Export *
  benchmarks\results\2026-09-02-cerberus\final\results\Cerneala.Benchmarks.CerberusPlanningBenchmarks-report.csv
  benchmarks\results\2026-09-02-cerberus\final\results\Cerneala.Benchmarks.CerberusPlanningBenchmarks-report-github.md
  benchmarks\results\2026-09-02-cerberus\final\results\Cerneala.Benchmarks.CerberusPlanningBenchmarks-report.html
  benchmarks\results\2026-09-02-cerberus\final\results\Cerneala.Benchmarks.CerberusPlanningBenchmarks-report-full-compressed.json

// * Detailed results *
CerberusPlanningBenchmarks.HomogeneousMergeAndIndexRebasing: InProcess(Toolchain=InProcessEmitToolchain, InvocationCount=1, IterationCount=5, UnrollFactor=1, WarmupCount=3)
Runtime = ; GC =
Mean = 165.137 ns, StdErr = 12.550 ns (7.60%), N = 5, StdDev = 28.063 ns
Min = 144.824 ns, Q1 = 146.289 ns, Median = 149.609 ns, Q3 = 174.512 ns, Max = 210.449 ns
IQR = 28.223 ns, LowerFence = 103.955 ns, UpperFence = 216.846 ns
ConfidenceInterval = [57.078 ns; 273.196 ns] (CI 99.9%), Margin = 108.059 ns (65.44% of Mean)
Skewness = 0.68, Kurtosis = 1.48, MValue = 2
-------------------- Histogram --------------------
[138.128 ns ; 181.208 ns) | @@@@
[181.208 ns ; 231.989 ns) | @
---------------------------------------------------

CerberusPlanningBenchmarks.AlternatingEnqueue: InProcess(Toolchain=InProcessEmitToolchain, InvocationCount=1, IterationCount=5, UnrollFactor=1, WarmupCount=3)
Runtime = ; GC =
Mean = 142.764 ns, StdErr = 14.273 ns (10.00%), N = 5, StdDev = 31.916 ns
Min = 107.764 ns, Q1 = 126.318 ns, Median = 127.002 ns, Q3 = 170.361 ns, Max = 182.373 ns
IQR = 44.043 ns, LowerFence = 60.254 ns, UpperFence = 236.426 ns
ConfidenceInterval = [19.868 ns; 265.659 ns] (CI 99.9%), Margin = 122.895 ns (86.08% of Mean)
Skewness = 0.2, Kurtosis = 0.9, MValue = 2
-------------------- Histogram --------------------
[ 92.886 ns ; 151.870 ns) | @@@
[151.870 ns ; 206.870 ns) | @@
---------------------------------------------------

CerberusPlanningBenchmarks.GrowthBeyondInitialCapacity: InProcess(Toolchain=InProcessEmitToolchain, InvocationCount=1, IterationCount=5, UnrollFactor=1, WarmupCount=3)
Runtime = ; GC =
Mean = 110.742 ns, StdErr = 2.413 ns (2.18%), N = 4, StdDev = 4.826 ns
Min = 106.055 ns, Q1 = 107.520 ns, Median = 109.961 ns, Q3 = 113.184 ns, Max = 116.992 ns
IQR = 5.664 ns, LowerFence = 99.023 ns, UpperFence = 121.680 ns
ConfidenceInterval = [79.553 ns; 141.931 ns] (CI 99.9%), Margin = 31.189 ns (28.16% of Mean)
Skewness = 0.27, Kurtosis = 0.95, MValue = 2
-------------------- Histogram --------------------
[104.994 ns ; 112.975 ns) | @@@
[112.975 ns ; 120.983 ns) | @
---------------------------------------------------

CerberusPlanningBenchmarks.AlternatingEnqueueAndDiscard: InProcess(Toolchain=InProcessEmitToolchain, InvocationCount=1, IterationCount=5, UnrollFactor=1, WarmupCount=3)
Runtime = ; GC =
Mean = 118.018 ns, StdErr = 6.533 ns (5.54%), N = 4, StdDev = 13.066 ns
Min = 103.906 ns, Q1 = 108.740 ns, Median = 118.164 ns, Q3 = 127.441 ns, Max = 131.836 ns
IQR = 18.701 ns, LowerFence = 80.688 ns, UpperFence = 155.493 ns
ConfidenceInterval = [33.583 ns; 202.452 ns] (CI 99.9%), Margin = 84.435 ns (71.54% of Mean)
Skewness = -0.01, Kurtosis = 0.72, MValue = 2
-------------------- Histogram --------------------
[ 93.103 ns ; 110.290 ns) | @
[110.290 ns ; 131.897 ns) | @@@
---------------------------------------------------

// * Summary *

BenchmarkDotNet v0.15.8, Windows 11 (10.0.26200.9168/25H2/2025Update/HudsonValley2)
Intel Core i5-9300H CPU 2.40GHz, 1 CPU, 8 logical and 4 physical cores
.NET SDK 10.0.303
  [Host] : .NET 8.0.30 (8.0.30, 8.0.3026.36720), X64 RyuJIT x86-64-v3

Job=InProcess  Toolchain=InProcessEmitToolchain  InvocationCount=1
IterationCount=5  UnrollFactor=1  WarmupCount=3

| Method                           | Mean     | Error     | StdDev   | Ratio | RatioSD | Allocated | Alloc Ratio |
|--------------------------------- |---------:|----------:|---------:|------:|--------:|----------:|------------:|
| HomogeneousMergeAndIndexRebasing | 165.1 ns | 108.06 ns | 28.06 ns |  1.02 |    0.21 |         - |          NA |
| AlternatingEnqueue               | 142.8 ns | 122.90 ns | 31.92 ns |  0.88 |    0.22 |       1 B |          NA |
| GrowthBeyondInitialCapacity      | 110.7 ns |  31.19 ns |  4.83 ns |  0.68 |    0.10 |       2 B |          NA |
| AlternatingEnqueueAndDiscard     | 118.0 ns |  84.43 ns | 13.07 ns |  0.73 |    0.12 |       2 B |          NA |

// * Warnings *
MinIterationTime
  CerberusPlanningBenchmarks.HomogeneousMergeAndIndexRebasing: InProcess -> The minimum observed iteration time is 148.5μs which is very small. It's recommended to increase it to at least 100ms using more operations.
  CerberusPlanningBenchmarks.AlternatingEnqueue: InProcess               -> The minimum observed iteration time is 110.7μs which is very small. It's recommended to increase it to at least 100ms using more operations.
  CerberusPlanningBenchmarks.GrowthBeyondInitialCapacity: InProcess      -> The minimum observed iteration time is 54.6μs which is very small. It's recommended to increase it to at least 100ms using more operations.
  CerberusPlanningBenchmarks.AlternatingEnqueueAndDiscard: InProcess     -> The minimum observed iteration time is 53.5μs which is very small. It's recommended to increase it to at least 100ms using more operations.

// * Hints *
Outliers
  CerberusPlanningBenchmarks.GrowthBeyondInitialCapacity: InProcess  -> 1 outlier  was  removed (175.00 ns)
  CerberusPlanningBenchmarks.AlternatingEnqueueAndDiscard: InProcess -> 1 outlier  was  removed (196.88 ns)

// * Legends *
  Mean        : Arithmetic mean of all measurements
  Error       : Half of 99.9% confidence interval
  StdDev      : Standard deviation of all measurements
  Ratio       : Mean of the ratio distribution ([Current]/[Baseline])
  RatioSD     : Standard deviation of the ratio distribution ([Current]/[Baseline])
  Allocated   : Allocated memory per single operation (managed only, inclusive, 1KB = 1024B)
  Alloc Ratio : Allocated memory ratio distribution ([Current]/[Baseline])
  1 ns        : 1 Nanosecond (0.000000001 sec)

// * Diagnostic Output - MemoryDiagnoser *


// ***** BenchmarkRunner: End *****
Run time: 00:00:01 (1.11 sec), executed benchmarks: 4

Global total time: 00:00:01 (1.95 sec), executed benchmarks: 4
// * Artifacts cleanup *
Artifacts cleanup is finished
