<?xml version="1.0" encoding="utf-8"?>
<TestRun id="b338663a-a141-4f47-ac2f-096ee1026aeb" name="lauri@DESKTOP-JT43V3D 2026-09-24 18:35:00" runUser="DESKTOP-JT43V3D\lauri" xmlns="http://microsoft.com/schemas/VisualStudio/TeamTest/2010">
  <Times creation="2026-09-24T18:35:00.8336175+03:00" queuing="2026-09-24T18:35:00.8336179+03:00" start="2026-09-24T18:34:55.3491080+03:00" finish="2026-09-24T18:36:34.6141666+03:00" />
  <TestSettings name="default" id="2aaeb9b0-d44d-46f2-a4bf-886a05b662e2">
    <Deployment runDeploymentRoot="lauri_DESKTOP-JT43V3D_2026-09-24_18_35_00" />
  </TestSettings>
  <Results>
    <UnitTestResult executionId="b7144666-9c4f-4cd8-8f73-de5b2f518180" testId="12dec20d-5434-a571-f45c-351388fbf51a" testName="Cerneala.Tests.PreviewHost.PreviewHostTests.CustomControlTextEditUpdatesTheLiveTreeWithoutRecompiling" computerName="DESKTOP-JT43V3D" duration="00:00:04.5883713" startTime="2026-09-24T18:36:15.1346998+03:00" endTime="2026-09-24T18:36:15.1347001+03:00" testType="13cdc9d9-ddb5-4fa4-a97d-d965ccfc6d4b" outcome="Passed" testListId="8c84fa94-04c1-424b-9868-57a2d4851a1d" relativeResultsDirectory="b7144666-9c4f-4cd8-8f73-de5b2f518180" />
    <UnitTestResult executionId="26b2cd28-ea1d-45fa-bc6c-4784d3f11115" testId="ef1dd837-ae67-a11d-3ac0-a6846e33e049" testName="Cerneala.Tests.PreviewHost.PreviewHostTests.LiteralPropertyEditUpdatesTheLiveTreeWithoutRecompiling" computerName="DESKTOP-JT43V3D" duration="00:00:04.4568215" startTime="2026-09-24T18:35:14.6546737+03:00" endTime="2026-09-24T18:35:14.6546740+03:00" testType="13cdc9d9-ddb5-4fa4-a97d-d965ccfc6d4b" outcome="Passed" testListId="8c84fa94-04c1-424b-9868-57a2d4851a1d" relativeResultsDirectory="26b2cd28-ea1d-45fa-bc6c-4784d3f11115" />
    <UnitTestResult executionId="38e31bb6-08c2-426f-8248-ab6dbe7b43fc" testId="67c7b16c-82f4-999a-7956-afa4ba898d99" testName="Cerneala.Tests.PreviewHost.PreviewHostTests.PreviewRenderScaleIsIndependentOfDesktopDpi" computerName="DESKTOP-JT43V3D" duration="00:00:01.5462647" startTime="2026-09-24T18:36:10.5409577+03:00" endTime="2026-09-24T18:36:10.5409580+03:00" testType="13cdc9d9-ddb5-4fa4-a97d-d965ccfc6d4b" outcome="Passed" testListId="8c84fa94-04c1-424b-9868-57a2d4851a1d" relativeResultsDirectory="38e31bb6-08c2-426f-8248-ab6dbe7b43fc" />
    <UnitTestResult executionId="a24eceb5-fb11-4bb2-a8b1-a9f9f594d6ce" testId="4e30bae5-3742-2467-d20f-daebb4b1ac35" testName="Cerneala.Tests.PreviewHost.PreviewHostTests.OpeningViewCapturesThePresentedBgraFrameWithoutPngEncoding" computerName="DESKTOP-JT43V3D" duration="00:00:03.4022229" startTime="2026-09-24T18:35:09.9304481+03:00" endTime="2026-09-24T18:35:09.9304486+03:00" testType="13cdc9d9-ddb5-4fa4-a97d-d965ccfc6d4b" outcome="Passed" testListId="8c84fa94-04c1-424b-9868-57a2d4851a1d" relativeResultsDirectory="a24eceb5-fb11-4bb2-a8b1-a9f9f594d6ce" />
    <UnitTestResult executionId="ce413f06-994d-4d4d-a52b-ffacc6775729" testId="1bd47a0b-3398-b306-f5d8-8a5e2c7749ee" testName="Cerneala.Tests.PreviewHost.PreviewHostTests.PreviewRuntimeCanBeRecreatedAfterARecompile" computerName="DESKTOP-JT43V3D" duration="00:00:02.8733538" startTime="2026-09-24T18:35:46.9058334+03:00" endTime="2026-09-24T18:35:46.9058337+03:00" testType="13cdc9d9-ddb5-4fa4-a97d-d965ccfc6d4b" outcome="Passed" testListId="8c84fa94-04c1-424b-9868-57a2d4851a1d" relativeResultsDirectory="ce413f06-994d-4d4d-a52b-ffacc6775729" />
    <UnitTestResult executionId="27be166f-03b3-4378-8597-317d753cdc0a" testId="33107818-4276-c3de-28c6-25ca8e3b560d" testName="Cerneala.Tests.PreviewHost.PreviewHostTests.UnsavedValidMarkupCompilesThroughTheDynamicProject" computerName="DESKTOP-JT43V3D" duration="00:00:22.0883629" startTime="2026-09-24T18:36:08.9944867+03:00" endTime="2026-09-24T18:36:08.9944871+03:00" testType="13cdc9d9-ddb5-4fa4-a97d-d965ccfc6d4b" outcome="Passed" testListId="8c84fa94-04c1-424b-9868-57a2d4851a1d" relativeResultsDirectory="27be166f-03b3-4378-8597-317d753cdc0a" />
    <UnitTestResult executionId="235d3fb4-0605-4c3a-81c2-a3be0c782c67" testId="53f31151-a2da-47d5-79ad-5ec641f6970d" testName="Cerneala.Tests.PreviewHost.PreviewHostTests.FrameResponsesReuseTheCallersImageBuffer" computerName="DESKTOP-JT43V3D" duration="00:00:00.0049747" startTime="2026-09-24T18:36:10.5461242+03:00" endTime="2026-09-24T18:36:10.5461246+03:00" testType="13cdc9d9-ddb5-4fa4-a97d-d965ccfc6d4b" outcome="Passed" testListId="8c84fa94-04c1-424b-9868-57a2d4851a1d" relativeResultsDirectory="235d3fb4-0605-4c3a-81c2-a3be0c782c67" />
    <UnitTestResult executionId="12ea54fc-30d6-477d-82bf-0a74a869b4c3" testId="94795f4b-46fa-daa7-17e2-bfdc7f71f190" testName="Cerneala.Tests.PreviewHost.PreviewHostTests.IncompleteLiteralIsDeferredWithoutMutatingTheLiveTree" computerName="DESKTOP-JT43V3D" duration="00:00:00.1034474" startTime="2026-09-24T18:35:06.5280549+03:00" endTime="2026-09-24T18:35:06.5280552+03:00" testType="13cdc9d9-ddb5-4fa4-a97d-d965ccfc6d4b" outcome="Passed" testListId="8c84fa94-04c1-424b-9868-57a2d4851a1d" relativeResultsDirectory="12ea54fc-30d6-477d-82bf-0a74a869b4c3" />
    <UnitTestResult executionId="71669240-9c33-4905-9d0d-e54e6c11aaf3" testId="38d31ece-25ab-46f8-3a8e-1fe96157c03c" testName="Cerneala.Tests.PreviewHost.PreviewHostTests.UnchangedSavedMarkupReusesTheCurrentBuildOutput" computerName="DESKTOP-JT43V3D" duration="00:00:00.2664988" startTime="2026-09-24T18:35:10.1971665+03:00" endTime="2026-09-24T18:35:10.1971669+03:00" testType="13cdc9d9-ddb5-4fa4-a97d-d965ccfc6d4b" outcome="Passed" testListId="8c84fa94-04c1-424b-9868-57a2d4851a1d" relativeResultsDirectory="71669240-9c33-4905-9d0d-e54e6c11aaf3" />
    <UnitTestResult executionId="eacb5a4c-ac2b-48ef-ba05-802642e23b5b" testId="d425a241-3c71-42da-67b3-74ac7b86adff" testName="Cerneala.Tests.PreviewHost.RenderSurface3DPreviewTests.PreviewInstantiatesPairedThreeDimensionalSurfaceWithSampleGeometry" computerName="DESKTOP-JT43V3D" duration="00:00:19.1776781" startTime="2026-09-24T18:36:34.3173558+03:00" endTime="2026-09-24T18:36:34.3173562+03:00" testType="13cdc9d9-ddb5-4fa4-a97d-d965ccfc6d4b" outcome="Passed" testListId="8c84fa94-04c1-424b-9868-57a2d4851a1d" relativeResultsDirectory="eacb5a4c-ac2b-48ef-ba05-802642e23b5b" />
    <UnitTestResult executionId="84c242eb-613f-4779-a48d-d56cf474ccb3" testId="84ac8de5-f885-9e33-9fea-b9c3e4f31aaf" testName="Cerneala.Tests.PreviewHost.PreviewHostTests.StructuralMarkupEditStillRequiresCompilation" computerName="DESKTOP-JT43V3D" duration="00:00:00.0003752" startTime="2026-09-24T18:35:10.1976229+03:00" endTime="2026-09-24T18:35:10.1976235+03:00" testType="13cdc9d9-ddb5-4fa4-a97d-d965ccfc6d4b" outcome="Passed" testListId="8c84fa94-04c1-424b-9868-57a2d4851a1d" relativeResultsDirectory="84c242eb-613f-4779-a48d-d56cf474ccb3" />
    <UnitTestResult executionId="27c4f006-8473-40c8-97d1-5487c0dffb81" testId="12a63a53-ba24-846d-d04a-0c0216c8a8c3" testName="Cerneala.Tests.PreviewHost.PreviewHostTests.UnsavedMarkupOverridesTheAdditionalFileOnDisk" computerName="DESKTOP-JT43V3D" duration="00:00:29.3773308" startTime="2026-09-24T18:35:44.0322926+03:00" endTime="2026-09-24T18:35:44.0322929+03:00" testType="13cdc9d9-ddb5-4fa4-a97d-d965ccfc6d4b" outcome="Passed" testListId="8c84fa94-04c1-424b-9868-57a2d4851a1d" relativeResultsDirectory="27c4f006-8473-40c8-97d1-5487c0dffb81" />
    <UnitTestResult executionId="6df5b674-04e5-4018-a7e1-81d1780d27f4" testId="0477c440-ed90-a873-a7bf-9f6898efa75d" testName="Cerneala.Tests.PreviewHost.PreviewHostTests.InteractiveInputRoundTripsThroughThePreviewProtocol" computerName="DESKTOP-JT43V3D" duration="00:00:00.3302396" startTime="2026-09-24T18:34:59.5889260+03:00" endTime="2026-09-24T18:34:59.5889903+03:00" testType="13cdc9d9-ddb5-4fa4-a97d-d965ccfc6d4b" outcome="Passed" testListId="8c84fa94-04c1-424b-9868-57a2d4851a1d" relativeResultsDirectory="6df5b674-04e5-4018-a7e1-81d1780d27f4" />
    <UnitTestResult executionId="52613c01-dbf0-4d9b-9257-08cb9ce2d057" testId="84678635-32b8-072c-2d9d-e7d04bf10c59" testName="Cerneala.Tests.PreviewHost.PreviewHostTests.HostProcessRendersThroughTheBinaryProtocol" computerName="DESKTOP-JT43V3D" duration="00:00:06.8224641" startTime="2026-09-24T18:35:06.4197406+03:00" endTime="2026-09-24T18:35:06.4197411+03:00" testType="13cdc9d9-ddb5-4fa4-a97d-d965ccfc6d4b" outcome="Passed" testListId="8c84fa94-04c1-424b-9868-57a2d4851a1d" relativeResultsDirectory="52613c01-dbf0-4d9b-9257-08cb9ce2d057" />
  </Results>
  <TestDefinitions>
    <UnitTest name="Cerneala.Tests.PreviewHost.PreviewHostTests.UnsavedValidMarkupCompilesThroughTheDynamicProject" storage="c:\users\lauri\desktop\cerneala\tests\cerneala.tests.previewhost\bin\release\net10.0-windows\cerneala.tests.previewhost.dll" id="33107818-4276-c3de-28c6-25ca8e3b560d">
      <Execution id="27be166f-03b3-4378-8597-317d753cdc0a" />
      <TestMethod codeBase="C:\Users\lauri\Desktop\Cerneala\tests\Cerneala.Tests.PreviewHost\bin\Release\net10.0-windows\Cerneala.Tests.PreviewHost.dll" adapterTypeName="executor://xunit/VsTestRunner2/netcoreapp" className="Cerneala.Tests.PreviewHost.PreviewHostTests" name="UnsavedValidMarkupCompilesThroughTheDynamicProject" />
    </UnitTest>
    <UnitTest name="Cerneala.Tests.PreviewHost.PreviewHostTests.UnsavedMarkupOverridesTheAdditionalFileOnDisk" storage="c:\users\lauri\desktop\cerneala\tests\cerneala.tests.previewhost\bin\release\net10.0-windows\cerneala.tests.previewhost.dll" id="12a63a53-ba24-846d-d04a-0c0216c8a8c3">
      <Execution id="27c4f006-8473-40c8-97d1-5487c0dffb81" />
      <TestMethod codeBase="C:\Users\lauri\Desktop\Cerneala\tests\Cerneala.Tests.PreviewHost\bin\Release\net10.0-windows\Cerneala.Tests.PreviewHost.dll" adapterTypeName="executor://xunit/VsTestRunner2/netcoreapp" className="Cerneala.Tests.PreviewHost.PreviewHostTests" name="UnsavedMarkupOverridesTheAdditionalFileOnDisk" />
    </UnitTest>
    <UnitTest name="Cerneala.Tests.PreviewHost.PreviewHostTests.CustomControlTextEditUpdatesTheLiveTreeWithoutRecompiling" storage="c:\users\lauri\desktop\cerneala\tests\cerneala.tests.previewhost\bin\release\net10.0-windows\cerneala.tests.previewhost.dll" id="12dec20d-5434-a571-f45c-351388fbf51a">
      <Execution id="b7144666-9c4f-4cd8-8f73-de5b2f518180" />
      <TestMethod codeBase="C:\Users\lauri\Desktop\Cerneala\tests\Cerneala.Tests.PreviewHost\bin\Release\net10.0-windows\Cerneala.Tests.PreviewHost.dll" adapterTypeName="executor://xunit/VsTestRunner2/netcoreapp" className="Cerneala.Tests.PreviewHost.PreviewHostTests" name="CustomControlTextEditUpdatesTheLiveTreeWithoutRecompiling" />
    </UnitTest>
    <UnitTest name="Cerneala.Tests.PreviewHost.PreviewHostTests.IncompleteLiteralIsDeferredWithoutMutatingTheLiveTree" storage="c:\users\lauri\desktop\cerneala\tests\cerneala.tests.previewhost\bin\release\net10.0-windows\cerneala.tests.previewhost.dll" id="94795f4b-46fa-daa7-17e2-bfdc7f71f190">
      <Execution id="12ea54fc-30d6-477d-82bf-0a74a869b4c3" />
      <TestMethod codeBase="C:\Users\lauri\Desktop\Cerneala\tests\Cerneala.Tests.PreviewHost\bin\Release\net10.0-windows\Cerneala.Tests.PreviewHost.dll" adapterTypeName="executor://xunit/VsTestRunner2/netcoreapp" className="Cerneala.Tests.PreviewHost.PreviewHostTests" name="IncompleteLiteralIsDeferredWithoutMutatingTheLiveTree" />
    </UnitTest>
    <UnitTest name="Cerneala.Tests.PreviewHost.PreviewHostTests.FrameResponsesReuseTheCallersImageBuffer" storage="c:\users\lauri\desktop\cerneala\tests\cerneala.tests.previewhost\bin\release\net10.0-windows\cerneala.tests.previewhost.dll" id="53f31151-a2da-47d5-79ad-5ec641f6970d">
      <Execution id="235d3fb4-0605-4c3a-81c2-a3be0c782c67" />
      <TestMethod codeBase="C:\Users\lauri\Desktop\Cerneala\tests\Cerneala.Tests.PreviewHost\bin\Release\net10.0-windows\Cerneala.Tests.PreviewHost.dll" adapterTypeName="executor://xunit/VsTestRunner2/netcoreapp" className="Cerneala.Tests.PreviewHost.PreviewHostTests" name="FrameResponsesReuseTheCallersImageBuffer" />
    </UnitTest>
    <UnitTest name="Cerneala.Tests.PreviewHost.PreviewHostTests.StructuralMarkupEditStillRequiresCompilation" storage="c:\users\lauri\desktop\cerneala\tests\cerneala.tests.previewhost\bin\release\net10.0-windows\cerneala.tests.previewhost.dll" id="84ac8de5-f885-9e33-9fea-b9c3e4f31aaf">
      <Execution id="84c242eb-613f-4779-a48d-d56cf474ccb3" />
      <TestMethod codeBase="C:\Users\lauri\Desktop\Cerneala\tests\Cerneala.Tests.PreviewHost\bin\Release\net10.0-windows\Cerneala.Tests.PreviewHost.dll" adapterTypeName="executor://xunit/VsTestRunner2/netcoreapp" className="Cerneala.Tests.PreviewHost.PreviewHostTests" name="StructuralMarkupEditStillRequiresCompilation" />
    </UnitTest>
    <UnitTest name="Cerneala.Tests.PreviewHost.PreviewHostTests.HostProcessRendersThroughTheBinaryProtocol" storage="c:\users\lauri\desktop\cerneala\tests\cerneala.tests.previewhost\bin\release\net10.0-windows\cerneala.tests.previewhost.dll" id="84678635-32b8-072c-2d9d-e7d04bf10c59">
      <Execution id="52613c01-dbf0-4d9b-9257-08cb9ce2d057" />
      <TestMethod codeBase="C:\Users\lauri\Desktop\Cerneala\tests\Cerneala.Tests.PreviewHost\bin\Release\net10.0-windows\Cerneala.Tests.PreviewHost.dll" adapterTypeName="executor://xunit/VsTestRunner2/netcoreapp" className="Cerneala.Tests.PreviewHost.PreviewHostTests" name="HostProcessRendersThroughTheBinaryProtocol" />
    </UnitTest>
    <UnitTest name="Cerneala.Tests.PreviewHost.PreviewHostTests.InteractiveInputRoundTripsThroughThePreviewProtocol" storage="c:\users\lauri\desktop\cerneala\tests\cerneala.tests.previewhost\bin\release\net10.0-windows\cerneala.tests.previewhost.dll" id="0477c440-ed90-a873-a7bf-9f6898efa75d">
      <Execution id="6df5b674-04e5-4018-a7e1-81d1780d27f4" />
      <TestMethod codeBase="C:\Users\lauri\Desktop\Cerneala\tests\Cerneala.Tests.PreviewHost\bin\Release\net10.0-windows\Cerneala.Tests.PreviewHost.dll" adapterTypeName="executor://xunit/VsTestRunner2/netcoreapp" className="Cerneala.Tests.PreviewHost.PreviewHostTests" name="InteractiveInputRoundTripsThroughThePreviewProtocol" />
    </UnitTest>
    <UnitTest name="Cerneala.Tests.PreviewHost.PreviewHostTests.LiteralPropertyEditUpdatesTheLiveTreeWithoutRecompiling" storage="c:\users\lauri\desktop\cerneala\tests\cerneala.tests.previewhost\bin\release\net10.0-windows\cerneala.tests.previewhost.dll" id="ef1dd837-ae67-a11d-3ac0-a6846e33e049">
      <Execution id="26b2cd28-ea1d-45fa-bc6c-4784d3f11115" />
      <TestMethod codeBase="C:\Users\lauri\Desktop\Cerneala\tests\Cerneala.Tests.PreviewHost\bin\Release\net10.0-windows\Cerneala.Tests.PreviewHost.dll" adapterTypeName="executor://xunit/VsTestRunner2/netcoreapp" className="Cerneala.Tests.PreviewHost.PreviewHostTests" name="LiteralPropertyEditUpdatesTheLiveTreeWithoutRecompiling" />
    </UnitTest>
    <UnitTest name="Cerneala.Tests.PreviewHost.PreviewHostTests.OpeningViewCapturesThePresentedBgraFrameWithoutPngEncoding" storage="c:\users\lauri\desktop\cerneala\tests\cerneala.tests.previewhost\bin\release\net10.0-windows\cerneala.tests.previewhost.dll" id="4e30bae5-3742-2467-d20f-daebb4b1ac35">
      <Execution id="a24eceb5-fb11-4bb2-a8b1-a9f9f594d6ce" />
      <TestMethod codeBase="C:\Users\lauri\Desktop\Cerneala\tests\Cerneala.Tests.PreviewHost\bin\Release\net10.0-windows\Cerneala.Tests.PreviewHost.dll" adapterTypeName="executor://xunit/VsTestRunner2/netcoreapp" className="Cerneala.Tests.PreviewHost.PreviewHostTests" name="OpeningViewCapturesThePresentedBgraFrameWithoutPngEncoding" />
    </UnitTest>
    <UnitTest name="Cerneala.Tests.PreviewHost.RenderSurface3DPreviewTests.PreviewInstantiatesPairedThreeDimensionalSurfaceWithSampleGeometry" storage="c:\users\lauri\desktop\cerneala\tests\cerneala.tests.previewhost\bin\release\net10.0-windows\cerneala.tests.previewhost.dll" id="d425a241-3c71-42da-67b3-74ac7b86adff">
      <Execution id="eacb5a4c-ac2b-48ef-ba05-802642e23b5b" />
      <TestMethod codeBase="C:\Users\lauri\Desktop\Cerneala\tests\Cerneala.Tests.PreviewHost\bin\Release\net10.0-windows\Cerneala.Tests.PreviewHost.dll" adapterTypeName="executor://xunit/VsTestRunner2/netcoreapp" className="Cerneala.Tests.PreviewHost.RenderSurface3DPreviewTests" name="PreviewInstantiatesPairedThreeDimensionalSurfaceWithSampleGeometry" />
    </UnitTest>
    <UnitTest name="Cerneala.Tests.PreviewHost.PreviewHostTests.PreviewRenderScaleIsIndependentOfDesktopDpi" storage="c:\users\lauri\desktop\cerneala\tests\cerneala.tests.previewhost\bin\release\net10.0-windows\cerneala.tests.previewhost.dll" id="67c7b16c-82f4-999a-7956-afa4ba898d99">
      <Execution id="38e31bb6-08c2-426f-8248-ab6dbe7b43fc" />
      <TestMethod codeBase="C:\Users\lauri\Desktop\Cerneala\tests\Cerneala.Tests.PreviewHost\bin\Release\net10.0-windows\Cerneala.Tests.PreviewHost.dll" adapterTypeName="executor://xunit/VsTestRunner2/netcoreapp" className="Cerneala.Tests.PreviewHost.PreviewHostTests" name="PreviewRenderScaleIsIndependentOfDesktopDpi" />
    </UnitTest>
    <UnitTest name="Cerneala.Tests.PreviewHost.PreviewHostTests.UnchangedSavedMarkupReusesTheCurrentBuildOutput" storage="c:\users\lauri\desktop\cerneala\tests\cerneala.tests.previewhost\bin\release\net10.0-windows\cerneala.tests.previewhost.dll" id="38d31ece-25ab-46f8-3a8e-1fe96157c03c">
      <Execution id="71669240-9c33-4905-9d0d-e54e6c11aaf3" />
      <TestMethod codeBase="C:\Users\lauri\Desktop\Cerneala\tests\Cerneala.Tests.PreviewHost\bin\Release\net10.0-windows\Cerneala.Tests.PreviewHost.dll" adapterTypeName="executor://xunit/VsTestRunner2/netcoreapp" className="Cerneala.Tests.PreviewHost.PreviewHostTests" name="UnchangedSavedMarkupReusesTheCurrentBuildOutput" />
    </UnitTest>
    <UnitTest name="Cerneala.Tests.PreviewHost.PreviewHostTests.PreviewRuntimeCanBeRecreatedAfterARecompile" storage="c:\users\lauri\desktop\cerneala\tests\cerneala.tests.previewhost\bin\release\net10.0-windows\cerneala.tests.previewhost.dll" id="1bd47a0b-3398-b306-f5d8-8a5e2c7749ee">
      <Execution id="ce413f06-994d-4d4d-a52b-ffacc6775729" />
      <TestMethod codeBase="C:\Users\lauri\Desktop\Cerneala\tests\Cerneala.Tests.PreviewHost\bin\Release\net10.0-windows\Cerneala.Tests.PreviewHost.dll" adapterTypeName="executor://xunit/VsTestRunner2/netcoreapp" className="Cerneala.Tests.PreviewHost.PreviewHostTests" name="PreviewRuntimeCanBeRecreatedAfterARecompile" />
    </UnitTest>
  </TestDefinitions>
  <TestEntries>
    <TestEntry testId="12dec20d-5434-a571-f45c-351388fbf51a" executionId="b7144666-9c4f-4cd8-8f73-de5b2f518180" testListId="8c84fa94-04c1-424b-9868-57a2d4851a1d" />
    <TestEntry testId="ef1dd837-ae67-a11d-3ac0-a6846e33e049" executionId="26b2cd28-ea1d-45fa-bc6c-4784d3f11115" testListId="8c84fa94-04c1-424b-9868-57a2d4851a1d" />
    <TestEntry testId="67c7b16c-82f4-999a-7956-afa4ba898d99" executionId="38e31bb6-08c2-426f-8248-ab6dbe7b43fc" testListId="8c84fa94-04c1-424b-9868-57a2d4851a1d" />
    <TestEntry testId="4e30bae5-3742-2467-d20f-daebb4b1ac35" executionId="a24eceb5-fb11-4bb2-a8b1-a9f9f594d6ce" testListId="8c84fa94-04c1-424b-9868-57a2d4851a1d" />
    <TestEntry testId="1bd47a0b-3398-b306-f5d8-8a5e2c7749ee" executionId="ce413f06-994d-4d4d-a52b-ffacc6775729" testListId="8c84fa94-04c1-424b-9868-57a2d4851a1d" />
    <TestEntry testId="33107818-4276-c3de-28c6-25ca8e3b560d" executionId="27be166f-03b3-4378-8597-317d753cdc0a" testListId="8c84fa94-04c1-424b-9868-57a2d4851a1d" />
    <TestEntry testId="53f31151-a2da-47d5-79ad-5ec641f6970d" executionId="235d3fb4-0605-4c3a-81c2-a3be0c782c67" testListId="8c84fa94-04c1-424b-9868-57a2d4851a1d" />
    <TestEntry testId="94795f4b-46fa-daa7-17e2-bfdc7f71f190" executionId="12ea54fc-30d6-477d-82bf-0a74a869b4c3" testListId="8c84fa94-04c1-424b-9868-57a2d4851a1d" />
    <TestEntry testId="38d31ece-25ab-46f8-3a8e-1fe96157c03c" executionId="71669240-9c33-4905-9d0d-e54e6c11aaf3" testListId="8c84fa94-04c1-424b-9868-57a2d4851a1d" />
    <TestEntry testId="d425a241-3c71-42da-67b3-74ac7b86adff" executionId="eacb5a4c-ac2b-48ef-ba05-802642e23b5b" testListId="8c84fa94-04c1-424b-9868-57a2d4851a1d" />
    <TestEntry testId="84ac8de5-f885-9e33-9fea-b9c3e4f31aaf" executionId="84c242eb-613f-4779-a48d-d56cf474ccb3" testListId="8c84fa94-04c1-424b-9868-57a2d4851a1d" />
    <TestEntry testId="12a63a53-ba24-846d-d04a-0c0216c8a8c3" executionId="27c4f006-8473-40c8-97d1-5487c0dffb81" testListId="8c84fa94-04c1-424b-9868-57a2d4851a1d" />
    <TestEntry testId="0477c440-ed90-a873-a7bf-9f6898efa75d" executionId="6df5b674-04e5-4018-a7e1-81d1780d27f4" testListId="8c84fa94-04c1-424b-9868-57a2d4851a1d" />
    <TestEntry testId="84678635-32b8-072c-2d9d-e7d04bf10c59" executionId="52613c01-dbf0-4d9b-9257-08cb9ce2d057" testListId="8c84fa94-04c1-424b-9868-57a2d4851a1d" />
  </TestEntries>
  <TestLists>
    <TestList name="Results Not in a List" id="8c84fa94-04c1-424b-9868-57a2d4851a1d" />
    <TestList name="All Loaded Results" id="19431567-8539-422a-85d7-44ee4e166bda" />
  </TestLists>
  <ResultSummary outcome="Completed">
    <Counters total="14" executed="14" passed="14" failed="0" error="0" timeout="0" aborted="0" inconclusive="0" passedButRunAborted="0" notRunnable="0" notExecuted="0" disconnected="0" warning="0" completed="0" inProgress="0" pending="0" />
    <Output>
      <StdOut>[xUnit.net 00:00:00.00] xUnit.net VSTest Adapter v2.5.3.1+6b60a9e56a (64-bit .NET 10.0.11)&#xD;
[xUnit.net 00:00:01.29]   Discovering: Cerneala.Tests.PreviewHost&#xD;
[xUnit.net 00:00:01.35]   Discovered:  Cerneala.Tests.PreviewHost&#xD;
[xUnit.net 00:00:01.36]   Starting:    Cerneala.Tests.PreviewHost&#xD;
[xUnit.net 00:01:36.53]   Finished:    Cerneala.Tests.PreviewHost&#xD;
</StdOut>
    </Output>
  </ResultSummary>
</TestRun>