  Determining projects to restore...
  All projects are up-to-date for restore.
  Cerneala.Language -> C:\Users\lauri\Desktop\Cerneala\Cerneala.Language\bin\Release\netstandard2.0\Cerneala.Language.dll
  Cerneala.SourceGen -> C:\Users\lauri\Desktop\Cerneala\Cerneala.SourceGen\bin\Release\netstandard2.0\Cerneala.SourceGen.dll
  Cerneala -> C:\Users\lauri\Desktop\Cerneala\bin\Release\net8.0\Cerneala.dll
  Cerneala.Tests.SourceGen -> C:\Users\lauri\Desktop\Cerneala\tests\Cerneala.Tests.SourceGen\bin\Release\net8.0-windows\Cerneala.Tests.SourceGen.dll
Test run for C:\Users\lauri\Desktop\Cerneala\tests\Cerneala.Tests.SourceGen\bin\Release\net8.0-windows\Cerneala.Tests.SourceGen.dll (.NETCoreApp,Version=v8.0)
A total of 1 test files matched the specified pattern.
[xUnit.net 00:00:39.42]     Cerneala.Tests.SourceGen.UiMarkupGeneratorTests.ImportedCollectionBindingDoesNotRequireAParserInSourceGenerator [FAIL]
  Failed Cerneala.Tests.SourceGen.UiMarkupGeneratorTests.ImportedCollectionBindingDoesNotRequireAParserInSourceGenerator [238 ms]
  Error Message:
   Assert.DoesNotContain() Failure: Filter matched in collection
             ↓ (pos 0)
Collection: [ImportedMapBinding.crn(4,47): error CERNEALAUI007: Markup binding source '$DataContext.Objects:OneWay' is invalid: CLR path owner 'TestInput.ImportedLevel' must implement INotifyPropertyChanged.]
  Stack Trace:
     at Cerneala.Tests.SourceGen.UiMarkupGeneratorTests.ImportedCollectionBindingDoesNotRequireAParserInSourceGenerator() in C:\Users\lauri\Desktop\Cerneala\tests\Cerneala.Tests.SourceGen\UiMarkupGeneratorSceneImportStageZeroTests.cs:line 77
   at System.RuntimeMethodHandle.InvokeMethod(Object target, Void** arguments, Signature sig, Boolean isConstructor)
   at System.Reflection.MethodBaseInvoker.InvokeWithNoArgs(Object obj, BindingFlags invokeAttr)
Results File: C:\Users\lauri\Desktop\Cerneala\docs\plans\evidence\2026-09-23-scene2d-stage2\integration\sourcegen-full-first.trx

Failed!  - Failed:     1, Passed:   609, Skipped:     0, Total:   610, Duration: 2 m 6 s - Cerneala.Tests.SourceGen.dll (net8.0)
