  Determining projects to restore...
  All projects are up-to-date for restore.
  Cerneala.Language -> C:\Users\lauri\Desktop\Cerneala\Cerneala.Language\bin\Release\netstandard2.0\Cerneala.Language.dll
  Cerneala.SourceGen -> C:\Users\lauri\Desktop\Cerneala\Cerneala.SourceGen\bin\Release\netstandard2.0\Cerneala.SourceGen.dll
  Cerneala -> C:\Users\lauri\Desktop\Cerneala\bin\Release\net8.0\Cerneala.dll
  Cerneala.Platforms.Sdl3 -> C:\Users\lauri\Desktop\Cerneala\Cerneala.Platforms.Sdl3\bin\Release\net8.0\Cerneala.Platforms.Sdl3.dll
  Cerneala.Backends.SdlGpu -> C:\Users\lauri\Desktop\Cerneala\Cerneala.Backends.SdlGpu\bin\Release\net8.0\Cerneala.Backends.SdlGpu.dll
  Cerneala.PreviewHost -> C:\Users\lauri\Desktop\Cerneala\Cerneala.PreviewHost\bin\Release\net10.0-windows\Cerneala.PreviewHost.dll
  CernealaPresentation -> C:\Users\lauri\Desktop\Cerneala\CernealaPresentation\bin\Release\net8.0-windows\CernealaPresentation.dll
  Cerneala.SdlGpuSmoke -> C:\Users\lauri\Desktop\Cerneala\tests\Cerneala.SdlGpuSmoke\bin\Release\net8.0\Cerneala.SdlGpuSmoke.dll
  Cerneala.Tests.PreviewHost -> C:\Users\lauri\Desktop\Cerneala\tests\Cerneala.Tests.PreviewHost\bin\Release\net10.0-windows\Cerneala.Tests.PreviewHost.dll
Test run for C:\Users\lauri\Desktop\Cerneala\tests\Cerneala.Tests.PreviewHost\bin\Release\net10.0-windows\Cerneala.Tests.PreviewHost.dll (.NETCoreApp,Version=v10.0)
A total of 1 test files matched the specified pattern.
[xUnit.net 00:00:00.58]     Cerneala.Tests.PreviewHost.PreviewCompilerFastPathTargetTypeTests.ConditionalCompanionFallsBackToProjectSemanticResolution [FAIL]
  Failed Cerneala.Tests.PreviewHost.PreviewCompilerFastPathTargetTypeTests.ConditionalCompanionFallsBackToProjectSemanticResolution [226 ms]
  Error Message:
   Assert.Equal() Failure: Strings differ
           ↓ (pos 0)
Expected: "Cerneala.Tests.PreviewHost.ConditionalTar"···
Actual:   "View"
           ↑ (pos 0)
  Stack Trace:
     at Cerneala.Tests.PreviewHost.PreviewCompilerFastPathTargetTypeTests.ConditionalCompanionFallsBackToProjectSemanticResolution() in C:\Users\lauri\Desktop\Cerneala\tests\Cerneala.Tests.PreviewHost\PreviewCompilerFastPathTargetTypeTests.cs:line 118
--- End of stack trace from previous location ---
[xUnit.net 00:00:07.93]     Cerneala.Tests.PreviewHost.PreviewCompilerFastPathTargetTypeTests.CurrentBuildOutputUsesTheCompanionTypesQualifiedName [FAIL]
  Failed Cerneala.Tests.PreviewHost.PreviewCompilerFastPathTargetTypeTests.CurrentBuildOutputUsesTheCompanionTypesQualifiedName [7 s]
  Error Message:
   Assert.Equal() Failure: Strings differ
           ↓ (pos 0)
Expected: "Cerneala.Tests.PreviewHost.CompetingFixtu"···
Actual:   "View"
           ↑ (pos 0)
  Stack Trace:
     at Cerneala.Tests.PreviewHost.PreviewCompilerFastPathTargetTypeTests.CurrentBuildOutputUsesTheCompanionTypesQualifiedName() in C:\Users\lauri\Desktop\Cerneala\tests\Cerneala.Tests.PreviewHost\PreviewCompilerFastPathTargetTypeTests.cs:line 58
--- End of stack trace from previous location ---
Results File: C:\Users\lauri\Desktop\Cerneala\docs\plans\evidence\2026-09-24-scene-village-seams\integration\preview-repair\red-02\preview-fastpath-red-02.trx

Failed!  - Failed:     2, Passed:     0, Skipped:     0, Total:     2, Duration: 7 s - Cerneala.Tests.PreviewHost.dll (net10.0)
