<?xml version="1.0" encoding="utf-8"?>
<TestRun id="8072c53c-4d4d-4749-a977-6f42646d856e" name="lauri@DESKTOP-JT43V3D 2026-09-25 07:19:19" runUser="DESKTOP-JT43V3D\lauri" xmlns="http://microsoft.com/schemas/VisualStudio/TeamTest/2010">
  <Times creation="2026-09-25T07:19:19.5545886+03:00" queuing="2026-09-25T07:19:19.5545890+03:00" start="2026-09-25T07:19:18.7452238+03:00" finish="2026-09-25T07:19:46.7330173+03:00" />
  <TestSettings name="default" id="b8c530ed-fc64-4f11-b2a8-f61302beb8f0">
    <Deployment runDeploymentRoot="lauri_DESKTOP-JT43V3D_2026-09-25_07_19_19" />
  </TestSettings>
  <Results>
    <UnitTestResult executionId="fbe48202-8e8b-4145-83da-038ef40647f9" testId="c1db55d3-8dd1-8e74-a176-69d42861dd20" testName="Cerneala.Tests.SceneVillage.VillageModelTests.MovementUsesDeltaTimeAndStopsAfterHeldKeysAreCleared" computerName="DESKTOP-JT43V3D" duration="00:00:00.0322541" startTime="2026-09-25T07:19:19.5833732+03:00" endTime="2026-09-25T07:19:19.5833735+03:00" testType="13cdc9d9-ddb5-4fa4-a97d-d965ccfc6d4b" outcome="Passed" testListId="8c84fa94-04c1-424b-9868-57a2d4851a1d" relativeResultsDirectory="fbe48202-8e8b-4145-83da-038ef40647f9" />
    <UnitTestResult executionId="1938f5d7-8d2e-48be-a15e-947cf1e4b7d8" testId="10ecc971-1554-7eab-e77c-b63ca1dc426c" testName="Cerneala.Tests.SceneVillage.VillageModelTests.FollowCameraCentersClampsAtEdgesAndRespondsToResize" computerName="DESKTOP-JT43V3D" duration="00:00:00.0001887" startTime="2026-09-25T07:19:19.5945653+03:00" endTime="2026-09-25T07:19:19.5945654+03:00" testType="13cdc9d9-ddb5-4fa4-a97d-d965ccfc6d4b" outcome="Passed" testListId="8c84fa94-04c1-424b-9868-57a2d4851a1d" relativeResultsDirectory="1938f5d7-8d2e-48be-a15e-947cf1e4b7d8" />
    <UnitTestResult executionId="ef13fe56-fab2-4d09-a096-793c64a4a4da" testId="f5bcfaec-9241-d519-98dd-efdf876b8633" testName="Cerneala.Tests.SceneVillage.VillageModelTests.EveryPresetUsesTheSameDeterministicPositionsAndExactCount(count: 0)" computerName="DESKTOP-JT43V3D" duration="00:00:00.0000112" startTime="2026-09-25T07:19:19.3564467+03:00" endTime="2026-09-25T07:19:19.3564469+03:00" testType="13cdc9d9-ddb5-4fa4-a97d-d965ccfc6d4b" outcome="Passed" testListId="8c84fa94-04c1-424b-9868-57a2d4851a1d" relativeResultsDirectory="ef13fe56-fab2-4d09-a096-793c64a4a4da" />
    <UnitTestResult executionId="2fe0f5a8-719f-459f-b7b9-30b001e87e1b" testId="6cf3ff94-c988-96e5-a356-786a7739cd1b" testName="Cerneala.Tests.SceneVillage.VillageModelTests.EveryPresetUsesTheSameDeterministicPositionsAndExactCount(count: 100)" computerName="DESKTOP-JT43V3D" duration="00:00:00.0000953" startTime="2026-09-25T07:19:19.3565889+03:00" endTime="2026-09-25T07:19:19.3565889+03:00" testType="13cdc9d9-ddb5-4fa4-a97d-d965ccfc6d4b" outcome="Passed" testListId="8c84fa94-04c1-424b-9868-57a2d4851a1d" relativeResultsDirectory="2fe0f5a8-719f-459f-b7b9-30b001e87e1b" />
    <UnitTestResult executionId="a67db0e3-9a91-4290-b110-0ef83d9c79da" testId="2b75e3aa-5a43-ca35-6e0c-c28146966f49" testName="Cerneala.Tests.SceneVillage.VillageModelTests.VillagerWalkClipsUseTheInspectedDirectionalCells" computerName="DESKTOP-JT43V3D" duration="00:00:00.0589171" startTime="2026-09-25T07:19:19.4157711+03:00" endTime="2026-09-25T07:19:19.4157713+03:00" testType="13cdc9d9-ddb5-4fa4-a97d-d965ccfc6d4b" outcome="Passed" testListId="8c84fa94-04c1-424b-9868-57a2d4851a1d" relativeResultsDirectory="a67db0e3-9a91-4290-b110-0ef83d9c79da" />
    <UnitTestResult executionId="9dcdde99-6937-4173-86ce-a18123f1b15e" testId="a164eef5-6574-ea57-02fd-e0cc3879451d" testName="Cerneala.Tests.SceneVillage.VillageModelTests.EveryPresetUsesTheSameDeterministicPositionsAndExactCount(count: 1000)" computerName="DESKTOP-JT43V3D" duration="00:00:00.0107023" startTime="2026-09-25T07:19:19.3393810+03:00" endTime="2026-09-25T07:19:19.3394007+03:00" testType="13cdc9d9-ddb5-4fa4-a97d-d965ccfc6d4b" outcome="Passed" testListId="8c84fa94-04c1-424b-9868-57a2d4851a1d" relativeResultsDirectory="9dcdde99-6937-4173-86ce-a18123f1b15e" />
    <UnitTestResult executionId="c93ecd89-3eed-4082-90c9-9ad6a2299786" testId="861b90fd-4e3e-cc69-42dc-84554f04b275" testName="Cerneala.Tests.SceneVillage.NativeVillageWindowTests.RealSdlWindowSupportsVillageMovementCollisionCameraAndEveryTenThousandItemPreset" computerName="DESKTOP-JT43V3D" duration="00:00:19.6164796" startTime="2026-09-25T07:19:46.6170282+03:00" endTime="2026-09-25T07:19:46.6170285+03:00" testType="13cdc9d9-ddb5-4fa4-a97d-d965ccfc6d4b" outcome="Passed" testListId="8c84fa94-04c1-424b-9868-57a2d4851a1d" relativeResultsDirectory="c93ecd89-3eed-4082-90c9-9ad6a2299786">
      <Output>
        <StdOut>Path-edge crop probe: ViewBox=DrawRect { X = 1850, Y = 1938, Width = 396, Height = 220, Right = 2246, Bottom = 2158 }, gameBounds=LayoutRect { X = 14.4, Y = 102.4, Width = 792, Height = 440, Location = LayoutPoint { X = 14.4, Y = 102.4 }, Size = LayoutSize { Width = 792, Height = 440, IsWidthUnconstrained = False, IsHeightUnconstrained = False } }, screenshot=1025x750, edge phases x=0.000 y=0.000; vertical x=473/476 y=203 edge=#ff84c669 safe=#ff84c669; horizontal x=633 y=442/443/439 edge=#ff84c669 boundary=#ff84c669 safe=#ff84c669.&#xD;
Path-edge crop probe: ViewBox=DrawRect { X = 1856.6272, Y = 1938, Width = 396, Height = 220, Right = 2252.6272, Bottom = 2158 }, gameBounds=LayoutRect { X = 14.4, Y = 102.4, Width = 792, Height = 440, Location = LayoutPoint { X = 14.4, Y = 102.4 }, Size = LayoutSize { Width = 792, Height = 440, IsWidthUnconstrained = False, IsHeightUnconstrained = False } }, screenshot=1025x750, edge phases x=0.432 y=0.000; vertical x=457/460 y=203 edge=#ff84c669 safe=#ff84c669; horizontal x=616 y=442/443/439 edge=#ff84c669 boundary=#ff84c669 safe=#ff84c669.&#xD;
Path-edge crop probe: ViewBox=DrawRect { X = 1850, Y = 1933.6665, Width = 396, Height = 220, Right = 2246, Bottom = 2153.6665 }, gameBounds=LayoutRect { X = 14.4, Y = 102.4, Width = 792, Height = 440, Location = LayoutPoint { X = 14.4, Y = 102.4 }, Size = LayoutSize { Width = 792, Height = 440, IsWidthUnconstrained = False, IsHeightUnconstrained = False } }, screenshot=1025x750, edge phases x=0.000 y=0.834; vertical x=473/476 y=213 edge=#ff84c669 safe=#ff84c669; horizontal x=633 y=452/453/449 edge=#ff84c669 boundary=#ff84c669 safe=#ff84c669.&#xD;
Routed west-house contact after 15 Servo A taps at player x=1984.000.&#xD;
Animated preset changed 2494 sampled game-area pixels relative to static idle.&#xD;
Collidable stress actor contact after 2 routed D taps at x=2640.000.&#xD;
Servo clicked 0 after 10,000 and the app retired all 10,000 realized stress actors.&#xD;
All three ten-thousand-item presets realized 10,000 SceneItems2D children at the same camera ViewBox.&#xD;
App-owned captures: C:\Users\lauri\Desktop\Cerneala\artifacts\ci\scene-village\screenshots\native-20260925-041927001</StdOut>
      </Output>
    </UnitTestResult>
    <UnitTestResult executionId="d2754cd1-5784-4ded-ad3a-320d00281c57" testId="b5a12331-554c-b85c-2435-580f952251d7" testName="Cerneala.Tests.SceneVillage.VillageModelTests.IncludedArtMatchesInspectedCc0Source(fileName: &quot;ch003.png&quot;, expectedHash: &quot;02AC85F7A6DD90A486ED4126CC1CE80D482F6D9D17C02AD42D&quot;···)" computerName="DESKTOP-JT43V3D" duration="00:00:00.0005393" startTime="2026-09-25T07:19:19.4177140+03:00" endTime="2026-09-25T07:19:19.4177143+03:00" testType="13cdc9d9-ddb5-4fa4-a97d-d965ccfc6d4b" outcome="Passed" testListId="8c84fa94-04c1-424b-9868-57a2d4851a1d" relativeResultsDirectory="d2754cd1-5784-4ded-ad3a-320d00281c57" />
    <UnitTestResult executionId="8edba090-5e2a-47cb-a911-9c26dc9882e3" testId="5a7c7fcc-0c2b-871e-be4f-7b0a89404b58" testName="Cerneala.Tests.SceneVillage.VillageModelTests.StressPresetsUseTheSameImageAndOnlyTheApprovedBehaviorChanges" computerName="DESKTOP-JT43V3D" duration="00:00:00.0011095" startTime="2026-09-25T07:19:19.4189714+03:00" endTime="2026-09-25T07:19:19.4189716+03:00" testType="13cdc9d9-ddb5-4fa4-a97d-d965ccfc6d4b" outcome="Passed" testListId="8c84fa94-04c1-424b-9868-57a2d4851a1d" relativeResultsDirectory="8edba090-5e2a-47cb-a911-9c26dc9882e3" />
    <UnitTestResult executionId="8526cc11-08dd-4954-9281-fb391e25d49d" testId="44fc06aa-78a0-c952-edef-7b198b9c83a5" testName="Cerneala.Tests.SceneVillage.VillageModelTests.EveryPresetUsesTheSameDeterministicPositionsAndExactCount(count: 10000)" computerName="DESKTOP-JT43V3D" duration="00:00:00.0137811" startTime="2026-09-25T07:19:19.3560742+03:00" endTime="2026-09-25T07:19:19.3560745+03:00" testType="13cdc9d9-ddb5-4fa4-a97d-d965ccfc6d4b" outcome="Passed" testListId="8c84fa94-04c1-424b-9868-57a2d4851a1d" relativeResultsDirectory="8526cc11-08dd-4954-9281-fb391e25d49d" />
    <UnitTestResult executionId="1a1bc4d3-67cf-4a80-8cf6-442ca4e49a8c" testId="759f7147-0094-ce5f-20ec-564ebc782e93" testName="Cerneala.Tests.SceneVillage.VillageModelTests.TenThousandStressPositionsAreUniqueInBoundsAndOutsideVillageClearing" computerName="DESKTOP-JT43V3D" duration="00:00:00.0078539" startTime="2026-09-25T07:19:19.5913657+03:00" endTime="2026-09-25T07:19:19.5913660+03:00" testType="13cdc9d9-ddb5-4fa4-a97d-d965ccfc6d4b" outcome="Passed" testListId="8c84fa94-04c1-424b-9868-57a2d4851a1d" relativeResultsDirectory="1a1bc4d3-67cf-4a80-8cf6-442ca4e49a8c" />
    <UnitTestResult executionId="79921685-4909-46e4-929c-aa02938dd3bd" testId="eb2daada-9615-d3b1-3965-146256dd5734" testName="Cerneala.Tests.SceneVillage.VillageModelTests.IncludedArtMatchesInspectedCc0Source(fileName: &quot;tiny-town.png&quot;, expectedHash: &quot;3A54D99ECDE790D4FDEA207A3644CF130FC56FA838F1BEB150&quot;···)" computerName="DESKTOP-JT43V3D" duration="00:00:00.0011129" startTime="2026-09-25T07:19:19.4170373+03:00" endTime="2026-09-25T07:19:19.4170376+03:00" testType="13cdc9d9-ddb5-4fa4-a97d-d965ccfc6d4b" outcome="Passed" testListId="8c84fa94-04c1-424b-9868-57a2d4851a1d" relativeResultsDirectory="79921685-4909-46e4-929c-aa02938dd3bd" />
    <UnitTestResult executionId="85a17b54-bc28-4b2d-bc23-ab37f5054c6f" testId="5045e311-a549-dccf-c4fd-0f00efc14497" testName="Cerneala.Tests.SceneVillage.VillageModelTests.TinyTownAtlasTilesUsePointWhileCharacterSpritesKeepLinearDefault" computerName="DESKTOP-JT43V3D" duration="00:00:00.0022788" startTime="2026-09-25T07:19:19.5943088+03:00" endTime="2026-09-25T07:19:19.5943089+03:00" testType="13cdc9d9-ddb5-4fa4-a97d-d965ccfc6d4b" outcome="Passed" testListId="8c84fa94-04c1-424b-9868-57a2d4851a1d" relativeResultsDirectory="85a17b54-bc28-4b2d-bc23-ab37f5054c6f" />
    <UnitTestResult executionId="114c5479-fa0c-4841-98b0-13820655dc9b" testId="22ec08ca-2425-0e60-45c0-3173641d58e7" testName="Cerneala.Tests.SceneVillage.VillageModelTests.VillageDecorationsUseCompleteInspectedAtlasCellsAndKeepTreeCollision" computerName="DESKTOP-JT43V3D" duration="00:00:00.0332221" startTime="2026-09-25T07:19:19.5508137+03:00" endTime="2026-09-25T07:19:19.5508140+03:00" testType="13cdc9d9-ddb5-4fa4-a97d-d965ccfc6d4b" outcome="Passed" testListId="8c84fa94-04c1-424b-9868-57a2d4851a1d" relativeResultsDirectory="114c5479-fa0c-4841-98b0-13820655dc9b" />
    <UnitTestResult executionId="96621abd-b352-4a18-b7ec-32b7eb394752" testId="a458bda3-8067-7191-2bd5-8aa856b6ce70" testName="Cerneala.Tests.SceneVillage.NativeVillageTileBoundaryTests.OpaquePointSampledAtlasTileJoinsOpaqueGroundAtFractionalCameraPosition" computerName="DESKTOP-JT43V3D" duration="00:00:07.4015413" startTime="2026-09-25T07:19:26.9984597+03:00" endTime="2026-09-25T07:19:26.9984600+03:00" testType="13cdc9d9-ddb5-4fa4-a97d-d965ccfc6d4b" outcome="Passed" testListId="8c84fa94-04c1-424b-9868-57a2d4851a1d" relativeResultsDirectory="96621abd-b352-4a18-b7ec-32b7eb394752">
      <Output>
        <StdOut>Tile boundary calibration: ViewBox=DrawRect { X = -100, Y = -68, Width = 396, Height = 220, Right = 296, Bottom = 152 }, bounds=LayoutRect { X = 14.4, Y = 80, Width = 792, Height = 440, Location = LayoutPoint { X = 14.4, Y = 80 }, Size = LayoutSize { Width = 792, Height = 440, IsWidthUnconstrained = False, IsHeightUnconstrained = False } }, viewportScale=1.25, screenshot=1025x750, physicalPerWorld=2.5000/2.5000, origin=18.000/100.000, phaseX/Y=1.000/0.000, Point bottom/left=#ff84c669/#ff84c669, Linear bottom/left=#ff84c669/#ffadb96a, Uniform bottom/left=#ff84c669/#ff84c669, flippedRight=#ff84c669, rotatedLeft=#ff84c669, alpha reference/edge=#ffc163b4/#ffc163b4, changedLinearInterior=121.&#xD;
Tile boundary raw coordinates: view.X=-100, view.Y=-68, ScreenX(0)=267.999969, ScreenX(32)=348, ScreenY(112)=550.&#xD;
App-owned tile-boundary capture: C:\Users\lauri\Desktop\Cerneala\artifacts\ci\scene-village\screenshots\tile-boundary-20260925-041919599\calibration.png&#xD;
Tile boundary 0.125: ViewBox=DrawRect { X = -99.65, Y = -68.05, Width = 396, Height = 220, Right = 296.35, Bottom = 151.95 }, bounds=LayoutRect { X = 14.4, Y = 80, Width = 792, Height = 440, Location = LayoutPoint { X = 14.4, Y = 80 }, Size = LayoutSize { Width = 792, Height = 440, IsWidthUnconstrained = False, IsHeightUnconstrained = False } }, viewportScale=1.25, screenshot=1025x750, physicalPerWorld=2.5000/2.5000, origin=18.000/100.000, phaseX/Y=0.125/0.125, Point bottom/left=#ff84c669/#ff84c669, Linear bottom/left=#ff7fba65/#ffaaba6a, Uniform bottom/left=#ff84c669/#ff84c669, flippedRight=#ff84c669, rotatedLeft=#ff84c669, alpha reference/edge=#ffc163b4/#ffc163b4, changedLinearInterior=121.&#xD;
Tile boundary raw coordinates: view.X=-99.6500015, view.Y=-68.0500031, ScreenX(0)=267.125, ScreenX(32)=347.124969, ScreenY(112)=550.125.&#xD;
App-owned tile-boundary capture: C:\Users\lauri\Desktop\Cerneala\artifacts\ci\scene-village\screenshots\tile-boundary-20260925-041921168\phase-0.125.png&#xD;
Tile boundary 0.275: ViewBox=DrawRect { X = -99.71, Y = -68.11, Width = 396, Height = 220, Right = 296.29, Bottom = 151.89 }, bounds=LayoutRect { X = 14.4, Y = 80, Width = 792, Height = 440, Location = LayoutPoint { X = 14.4, Y = 80 }, Size = LayoutSize { Width = 792, Height = 440, IsWidthUnconstrained = False, IsHeightUnconstrained = False } }, viewportScale=1.25, screenshot=1025x750, physicalPerWorld=2.5000/2.5000, origin=18.000/100.000, phaseX/Y=0.275/0.275, Point bottom/left=#ff84c669/#ff84c669, Linear bottom/left=#ff7ab061/#ffa6bb6a, Uniform bottom/left=#ff84c669/#ff84c669, flippedRight=#ff84c669, rotatedLeft=#ff84c669, alpha reference/edge=#ffc163b4/#ffc163b4, changedLinearInterior=121.&#xD;
Tile boundary raw coordinates: view.X=-99.7099991, view.Y=-68.1100006, ScreenX(0)=267.275024, ScreenX(32)=347.274963, ScreenY(112)=550.275024.&#xD;
App-owned tile-boundary capture: C:\Users\lauri\Desktop\Cerneala\artifacts\ci\scene-village\screenshots\tile-boundary-20260925-041922151\phase-0.275.png&#xD;
Tile boundary 0.375: ViewBox=DrawRect { X = -99.75, Y = -68.15, Width = 396, Height = 220, Right = 296.25, Bottom = 151.85 }, bounds=LayoutRect { X = 14.4, Y = 80, Width = 792, Height = 440, Location = LayoutPoint { X = 14.4, Y = 80 }, Size = LayoutSize { Width = 792, Height = 440, IsWidthUnconstrained = False, IsHeightUnconstrained = False } }, viewportScale=1.25, screenshot=1025x750, physicalPerWorld=2.5000/2.5000, origin=18.000/100.000, phaseX/Y=0.375/0.375, Point bottom/left=#ff84c669/#ff84c669, Linear bottom/left=#ff76a65e/#ffa3bc6a, Uniform bottom/left=#ff84c669/#ff84c669, flippedRight=#ff84c669, rotatedLeft=#ff84c669, alpha reference/edge=#ffc163b4/#ffc163b4, changedLinearInterior=121.&#xD;
Tile boundary raw coordinates: view.X=-99.75, view.Y=-68.1500015, ScreenX(0)=267.375, ScreenX(32)=347.375, ScreenY(112)=550.375.&#xD;
App-owned tile-boundary capture: C:\Users\lauri\Desktop\Cerneala\artifacts\ci\scene-village\screenshots\tile-boundary-20260925-041923170\phase-0.375.png&#xD;
Tile boundary 0.500: ViewBox=DrawRect { X = -99.8, Y = -68.2, Width = 396, Height = 220, Right = 296.2, Bottom = 151.8 }, bounds=LayoutRect { X = 14.4, Y = 80, Width = 792, Height = 440, Location = LayoutPoint { X = 14.4, Y = 80 }, Size = LayoutSize { Width = 792, Height = 440, IsWidthUnconstrained = False, IsHeightUnconstrained = False } }, viewportScale=1.25, screenshot=1025x750, physicalPerWorld=2.5000/2.5000, origin=18.000/100.000, phaseX/Y=0.500/0.500, Point bottom/left=#ff84c669/#ff84c669, Linear bottom/left=#ff729e5b/#ff9dbd69, Uniform bottom/left=#ff84c669/#ff84c669, flippedRight=#ff84c669, rotatedLeft=#ff84c669, alpha reference/edge=#ffc163b4/#ffc163b4, changedLinearInterior=121.&#xD;
Tile boundary raw coordinates: view.X=-99.8000031, view.Y=-68.1999969, ScreenX(0)=267.5, ScreenX(32)=347.5, ScreenY(112)=550.5.&#xD;
App-owned tile-boundary capture: C:\Users\lauri\Desktop\Cerneala\artifacts\ci\scene-village\screenshots\tile-boundary-20260925-041924119\phase-0.500.png&#xD;
Tile boundary 0.625: ViewBox=DrawRect { X = -99.85, Y = -68.25, Width = 396, Height = 220, Right = 296.15, Bottom = 151.75 }, bounds=LayoutRect { X = 14.4, Y = 80, Width = 792, Height = 440, Location = LayoutPoint { X = 14.4, Y = 80 }, Size = LayoutSize { Width = 792, Height = 440, IsWidthUnconstrained = False, IsHeightUnconstrained = False } }, viewportScale=1.25, screenshot=1025x750, physicalPerWorld=2.5000/2.5000, origin=18.000/100.000, phaseX/Y=0.625/0.625, Point bottom/left=#ff84c669/#ff84c669, Linear bottom/left=#ff6f9658/#ff98c06a, Uniform bottom/left=#ff84c669/#ff84c669, flippedRight=#ff84c669, rotatedLeft=#ff84c669, alpha reference/edge=#ffc163b4/#ffc163b4, changedLinearInterior=121.&#xD;
Tile boundary raw coordinates: view.X=-99.8499985, view.Y=-68.25, ScreenX(0)=267.625, ScreenX(32)=347.625, ScreenY(112)=550.625.&#xD;
App-owned tile-boundary capture: C:\Users\lauri\Desktop\Cerneala\artifacts\ci\scene-village\screenshots\tile-boundary-20260925-041925068\phase-0.625.png&#xD;
Tile boundary 0.875: ViewBox=DrawRect { X = -99.95, Y = -68.35, Width = 396, Height = 220, Right = 296.05, Bottom = 151.65 }, bounds=LayoutRect { X = 14.4, Y = 80, Width = 792, Height = 440, Location = LayoutPoint { X = 14.4, Y = 80 }, Size = LayoutSize { Width = 792, Height = 440, IsWidthUnconstrained = False, IsHeightUnconstrained = False } }, viewportScale=1.25, screenshot=1025x750, physicalPerWorld=2.5000/2.5000, origin=18.000/100.000, phaseX/Y=0.875/0.875, Point bottom/left=#ff84c669/#ff84c669, Linear bottom/left=#ff6b8a54/#ff8bc469, Uniform bottom/left=#ff84c669/#ff84c669, flippedRight=#ff84c669, rotatedLeft=#ff84c669, alpha reference/edge=#ffc163b4/#ffc163b4, changedLinearInterior=121.&#xD;
Tile boundary raw coordinates: view.X=-99.9499969, view.Y=-68.3499985, ScreenX(0)=267.874969, ScreenX(32)=347.875, ScreenY(112)=550.875.&#xD;
App-owned tile-boundary capture: C:\Users\lauri\Desktop\Cerneala\artifacts\ci\scene-village\screenshots\tile-boundary-20260925-041926042\phase-0.875.png</StdOut>
      </Output>
    </UnitTestResult>
    <UnitTestResult executionId="7afa53de-dabb-4d8e-abef-b34d85633e03" testId="212bdf5f-3b8b-bdfd-c89b-19e3b18294f5" testName="Cerneala.Tests.SceneVillage.VillageModelTests.DirectionIsNormalizedAndClearingHeldKeysStopsInput" computerName="DESKTOP-JT43V3D" duration="00:00:00.0004908" startTime="2026-09-25T07:19:19.5919612+03:00" endTime="2026-09-25T07:19:19.5919613+03:00" testType="13cdc9d9-ddb5-4fa4-a97d-d965ccfc6d4b" outcome="Passed" testListId="8c84fa94-04c1-424b-9868-57a2d4851a1d" relativeResultsDirectory="7afa53de-dabb-4d8e-abef-b34d85633e03" />
    <UnitTestResult executionId="81b278af-4dcb-410b-94a0-8e1e349ba4ea" testId="44b1ab68-744c-b036-59a8-702e0575e1b1" testName="Cerneala.Tests.SceneVillage.VillageModelTests.ViewBoxFollowDoesNotShiftWorldCollisionCoordinates" computerName="DESKTOP-JT43V3D" duration="00:00:00.0707190" startTime="2026-09-25T07:19:19.4898447+03:00" endTime="2026-09-25T07:19:19.4898450+03:00" testType="13cdc9d9-ddb5-4fa4-a97d-d965ccfc6d4b" outcome="Passed" testListId="8c84fa94-04c1-424b-9868-57a2d4851a1d" relativeResultsDirectory="81b278af-4dcb-410b-94a0-8e1e349ba4ea" />
  </Results>
  <TestDefinitions>
    <UnitTest name="Cerneala.Tests.SceneVillage.VillageModelTests.EveryPresetUsesTheSameDeterministicPositionsAndExactCount(count: 10000)" storage="c:\users\lauri\desktop\cerneala\tests\cerneala.tests.scenevillage\bin\release\net8.0-windows\cerneala.tests.scenevillage.dll" id="44fc06aa-78a0-c952-edef-7b198b9c83a5">
      <Execution id="8526cc11-08dd-4954-9281-fb391e25d49d" />
      <TestMethod codeBase="C:\Users\lauri\Desktop\Cerneala\tests\Cerneala.Tests.SceneVillage\bin\Release\net8.0-windows\Cerneala.Tests.SceneVillage.dll" adapterTypeName="executor://xunit/VsTestRunner2/netcoreapp" className="Cerneala.Tests.SceneVillage.VillageModelTests" name="EveryPresetUsesTheSameDeterministicPositionsAndExactCount" />
    </UnitTest>
    <UnitTest name="Cerneala.Tests.SceneVillage.VillageModelTests.MovementUsesDeltaTimeAndStopsAfterHeldKeysAreCleared" storage="c:\users\lauri\desktop\cerneala\tests\cerneala.tests.scenevillage\bin\release\net8.0-windows\cerneala.tests.scenevillage.dll" id="c1db55d3-8dd1-8e74-a176-69d42861dd20">
      <Execution id="fbe48202-8e8b-4145-83da-038ef40647f9" />
      <TestMethod codeBase="C:\Users\lauri\Desktop\Cerneala\tests\Cerneala.Tests.SceneVillage\bin\Release\net8.0-windows\Cerneala.Tests.SceneVillage.dll" adapterTypeName="executor://xunit/VsTestRunner2/netcoreapp" className="Cerneala.Tests.SceneVillage.VillageModelTests" name="MovementUsesDeltaTimeAndStopsAfterHeldKeysAreCleared" />
    </UnitTest>
    <UnitTest name="Cerneala.Tests.SceneVillage.VillageModelTests.VillagerWalkClipsUseTheInspectedDirectionalCells" storage="c:\users\lauri\desktop\cerneala\tests\cerneala.tests.scenevillage\bin\release\net8.0-windows\cerneala.tests.scenevillage.dll" id="2b75e3aa-5a43-ca35-6e0c-c28146966f49">
      <Execution id="a67db0e3-9a91-4290-b110-0ef83d9c79da" />
      <TestMethod codeBase="C:\Users\lauri\Desktop\Cerneala\tests\Cerneala.Tests.SceneVillage\bin\Release\net8.0-windows\Cerneala.Tests.SceneVillage.dll" adapterTypeName="executor://xunit/VsTestRunner2/netcoreapp" className="Cerneala.Tests.SceneVillage.VillageModelTests" name="VillagerWalkClipsUseTheInspectedDirectionalCells" />
    </UnitTest>
    <UnitTest name="Cerneala.Tests.SceneVillage.VillageModelTests.StressPresetsUseTheSameImageAndOnlyTheApprovedBehaviorChanges" storage="c:\users\lauri\desktop\cerneala\tests\cerneala.tests.scenevillage\bin\release\net8.0-windows\cerneala.tests.scenevillage.dll" id="5a7c7fcc-0c2b-871e-be4f-7b0a89404b58">
      <Execution id="8edba090-5e2a-47cb-a911-9c26dc9882e3" />
      <TestMethod codeBase="C:\Users\lauri\Desktop\Cerneala\tests\Cerneala.Tests.SceneVillage\bin\Release\net8.0-windows\Cerneala.Tests.SceneVillage.dll" adapterTypeName="executor://xunit/VsTestRunner2/netcoreapp" className="Cerneala.Tests.SceneVillage.VillageModelTests" name="StressPresetsUseTheSameImageAndOnlyTheApprovedBehaviorChanges" />
    </UnitTest>
    <UnitTest name="Cerneala.Tests.SceneVillage.NativeVillageTileBoundaryTests.OpaquePointSampledAtlasTileJoinsOpaqueGroundAtFractionalCameraPosition" storage="c:\users\lauri\desktop\cerneala\tests\cerneala.tests.scenevillage\bin\release\net8.0-windows\cerneala.tests.scenevillage.dll" id="a458bda3-8067-7191-2bd5-8aa856b6ce70">
      <Execution id="96621abd-b352-4a18-b7ec-32b7eb394752" />
      <TestMethod codeBase="C:\Users\lauri\Desktop\Cerneala\tests\Cerneala.Tests.SceneVillage\bin\Release\net8.0-windows\Cerneala.Tests.SceneVillage.dll" adapterTypeName="executor://xunit/VsTestRunner2/netcoreapp" className="Cerneala.Tests.SceneVillage.NativeVillageTileBoundaryTests" name="OpaquePointSampledAtlasTileJoinsOpaqueGroundAtFractionalCameraPosition" />
    </UnitTest>
    <UnitTest name="Cerneala.Tests.SceneVillage.NativeVillageWindowTests.RealSdlWindowSupportsVillageMovementCollisionCameraAndEveryTenThousandItemPreset" storage="c:\users\lauri\desktop\cerneala\tests\cerneala.tests.scenevillage\bin\release\net8.0-windows\cerneala.tests.scenevillage.dll" id="861b90fd-4e3e-cc69-42dc-84554f04b275">
      <Execution id="c93ecd89-3eed-4082-90c9-9ad6a2299786" />
      <TestMethod codeBase="C:\Users\lauri\Desktop\Cerneala\tests\Cerneala.Tests.SceneVillage\bin\Release\net8.0-windows\Cerneala.Tests.SceneVillage.dll" adapterTypeName="executor://xunit/VsTestRunner2/netcoreapp" className="Cerneala.Tests.SceneVillage.NativeVillageWindowTests" name="RealSdlWindowSupportsVillageMovementCollisionCameraAndEveryTenThousandItemPreset" />
    </UnitTest>
    <UnitTest name="Cerneala.Tests.SceneVillage.VillageModelTests.ViewBoxFollowDoesNotShiftWorldCollisionCoordinates" storage="c:\users\lauri\desktop\cerneala\tests\cerneala.tests.scenevillage\bin\release\net8.0-windows\cerneala.tests.scenevillage.dll" id="44b1ab68-744c-b036-59a8-702e0575e1b1">
      <Execution id="81b278af-4dcb-410b-94a0-8e1e349ba4ea" />
      <TestMethod codeBase="C:\Users\lauri\Desktop\Cerneala\tests\Cerneala.Tests.SceneVillage\bin\Release\net8.0-windows\Cerneala.Tests.SceneVillage.dll" adapterTypeName="executor://xunit/VsTestRunner2/netcoreapp" className="Cerneala.Tests.SceneVillage.VillageModelTests" name="ViewBoxFollowDoesNotShiftWorldCollisionCoordinates" />
    </UnitTest>
    <UnitTest name="Cerneala.Tests.SceneVillage.VillageModelTests.EveryPresetUsesTheSameDeterministicPositionsAndExactCount(count: 100)" storage="c:\users\lauri\desktop\cerneala\tests\cerneala.tests.scenevillage\bin\release\net8.0-windows\cerneala.tests.scenevillage.dll" id="6cf3ff94-c988-96e5-a356-786a7739cd1b">
      <Execution id="2fe0f5a8-719f-459f-b7b9-30b001e87e1b" />
      <TestMethod codeBase="C:\Users\lauri\Desktop\Cerneala\tests\Cerneala.Tests.SceneVillage\bin\Release\net8.0-windows\Cerneala.Tests.SceneVillage.dll" adapterTypeName="executor://xunit/VsTestRunner2/netcoreapp" className="Cerneala.Tests.SceneVillage.VillageModelTests" name="EveryPresetUsesTheSameDeterministicPositionsAndExactCount" />
    </UnitTest>
    <UnitTest name="Cerneala.Tests.SceneVillage.VillageModelTests.TinyTownAtlasTilesUsePointWhileCharacterSpritesKeepLinearDefault" storage="c:\users\lauri\desktop\cerneala\tests\cerneala.tests.scenevillage\bin\release\net8.0-windows\cerneala.tests.scenevillage.dll" id="5045e311-a549-dccf-c4fd-0f00efc14497">
      <Execution id="85a17b54-bc28-4b2d-bc23-ab37f5054c6f" />
      <TestMethod codeBase="C:\Users\lauri\Desktop\Cerneala\tests\Cerneala.Tests.SceneVillage\bin\Release\net8.0-windows\Cerneala.Tests.SceneVillage.dll" adapterTypeName="executor://xunit/VsTestRunner2/netcoreapp" className="Cerneala.Tests.SceneVillage.VillageModelTests" name="TinyTownAtlasTilesUsePointWhileCharacterSpritesKeepLinearDefault" />
    </UnitTest>
    <UnitTest name="Cerneala.Tests.SceneVillage.VillageModelTests.VillageDecorationsUseCompleteInspectedAtlasCellsAndKeepTreeCollision" storage="c:\users\lauri\desktop\cerneala\tests\cerneala.tests.scenevillage\bin\release\net8.0-windows\cerneala.tests.scenevillage.dll" id="22ec08ca-2425-0e60-45c0-3173641d58e7">
      <Execution id="114c5479-fa0c-4841-98b0-13820655dc9b" />
      <TestMethod codeBase="C:\Users\lauri\Desktop\Cerneala\tests\Cerneala.Tests.SceneVillage\bin\Release\net8.0-windows\Cerneala.Tests.SceneVillage.dll" adapterTypeName="executor://xunit/VsTestRunner2/netcoreapp" className="Cerneala.Tests.SceneVillage.VillageModelTests" name="VillageDecorationsUseCompleteInspectedAtlasCellsAndKeepTreeCollision" />
    </UnitTest>
    <UnitTest name="Cerneala.Tests.SceneVillage.VillageModelTests.IncludedArtMatchesInspectedCc0Source(fileName: &quot;ch003.png&quot;, expectedHash: &quot;02AC85F7A6DD90A486ED4126CC1CE80D482F6D9D17C02AD42D&quot;···)" storage="c:\users\lauri\desktop\cerneala\tests\cerneala.tests.scenevillage\bin\release\net8.0-windows\cerneala.tests.scenevillage.dll" id="b5a12331-554c-b85c-2435-580f952251d7">
      <Execution id="d2754cd1-5784-4ded-ad3a-320d00281c57" />
      <TestMethod codeBase="C:\Users\lauri\Desktop\Cerneala\tests\Cerneala.Tests.SceneVillage\bin\Release\net8.0-windows\Cerneala.Tests.SceneVillage.dll" adapterTypeName="executor://xunit/VsTestRunner2/netcoreapp" className="Cerneala.Tests.SceneVillage.VillageModelTests" name="IncludedArtMatchesInspectedCc0Source" />
    </UnitTest>
    <UnitTest name="Cerneala.Tests.SceneVillage.VillageModelTests.EveryPresetUsesTheSameDeterministicPositionsAndExactCount(count: 0)" storage="c:\users\lauri\desktop\cerneala\tests\cerneala.tests.scenevillage\bin\release\net8.0-windows\cerneala.tests.scenevillage.dll" id="f5bcfaec-9241-d519-98dd-efdf876b8633">
      <Execution id="ef13fe56-fab2-4d09-a096-793c64a4a4da" />
      <TestMethod codeBase="C:\Users\lauri\Desktop\Cerneala\tests\Cerneala.Tests.SceneVillage\bin\Release\net8.0-windows\Cerneala.Tests.SceneVillage.dll" adapterTypeName="executor://xunit/VsTestRunner2/netcoreapp" className="Cerneala.Tests.SceneVillage.VillageModelTests" name="EveryPresetUsesTheSameDeterministicPositionsAndExactCount" />
    </UnitTest>
    <UnitTest name="Cerneala.Tests.SceneVillage.VillageModelTests.DirectionIsNormalizedAndClearingHeldKeysStopsInput" storage="c:\users\lauri\desktop\cerneala\tests\cerneala.tests.scenevillage\bin\release\net8.0-windows\cerneala.tests.scenevillage.dll" id="212bdf5f-3b8b-bdfd-c89b-19e3b18294f5">
      <Execution id="7afa53de-dabb-4d8e-abef-b34d85633e03" />
      <TestMethod codeBase="C:\Users\lauri\Desktop\Cerneala\tests\Cerneala.Tests.SceneVillage\bin\Release\net8.0-windows\Cerneala.Tests.SceneVillage.dll" adapterTypeName="executor://xunit/VsTestRunner2/netcoreapp" className="Cerneala.Tests.SceneVillage.VillageModelTests" name="DirectionIsNormalizedAndClearingHeldKeysStopsInput" />
    </UnitTest>
    <UnitTest name="Cerneala.Tests.SceneVillage.VillageModelTests.IncludedArtMatchesInspectedCc0Source(fileName: &quot;tiny-town.png&quot;, expectedHash: &quot;3A54D99ECDE790D4FDEA207A3644CF130FC56FA838F1BEB150&quot;···)" storage="c:\users\lauri\desktop\cerneala\tests\cerneala.tests.scenevillage\bin\release\net8.0-windows\cerneala.tests.scenevillage.dll" id="eb2daada-9615-d3b1-3965-146256dd5734">
      <Execution id="79921685-4909-46e4-929c-aa02938dd3bd" />
      <TestMethod codeBase="C:\Users\lauri\Desktop\Cerneala\tests\Cerneala.Tests.SceneVillage\bin\Release\net8.0-windows\Cerneala.Tests.SceneVillage.dll" adapterTypeName="executor://xunit/VsTestRunner2/netcoreapp" className="Cerneala.Tests.SceneVillage.VillageModelTests" name="IncludedArtMatchesInspectedCc0Source" />
    </UnitTest>
    <UnitTest name="Cerneala.Tests.SceneVillage.VillageModelTests.TenThousandStressPositionsAreUniqueInBoundsAndOutsideVillageClearing" storage="c:\users\lauri\desktop\cerneala\tests\cerneala.tests.scenevillage\bin\release\net8.0-windows\cerneala.tests.scenevillage.dll" id="759f7147-0094-ce5f-20ec-564ebc782e93">
      <Execution id="1a1bc4d3-67cf-4a80-8cf6-442ca4e49a8c" />
      <TestMethod codeBase="C:\Users\lauri\Desktop\Cerneala\tests\Cerneala.Tests.SceneVillage\bin\Release\net8.0-windows\Cerneala.Tests.SceneVillage.dll" adapterTypeName="executor://xunit/VsTestRunner2/netcoreapp" className="Cerneala.Tests.SceneVillage.VillageModelTests" name="TenThousandStressPositionsAreUniqueInBoundsAndOutsideVillageClearing" />
    </UnitTest>
    <UnitTest name="Cerneala.Tests.SceneVillage.VillageModelTests.FollowCameraCentersClampsAtEdgesAndRespondsToResize" storage="c:\users\lauri\desktop\cerneala\tests\cerneala.tests.scenevillage\bin\release\net8.0-windows\cerneala.tests.scenevillage.dll" id="10ecc971-1554-7eab-e77c-b63ca1dc426c">
      <Execution id="1938f5d7-8d2e-48be-a15e-947cf1e4b7d8" />
      <TestMethod codeBase="C:\Users\lauri\Desktop\Cerneala\tests\Cerneala.Tests.SceneVillage\bin\Release\net8.0-windows\Cerneala.Tests.SceneVillage.dll" adapterTypeName="executor://xunit/VsTestRunner2/netcoreapp" className="Cerneala.Tests.SceneVillage.VillageModelTests" name="FollowCameraCentersClampsAtEdgesAndRespondsToResize" />
    </UnitTest>
    <UnitTest name="Cerneala.Tests.SceneVillage.VillageModelTests.EveryPresetUsesTheSameDeterministicPositionsAndExactCount(count: 1000)" storage="c:\users\lauri\desktop\cerneala\tests\cerneala.tests.scenevillage\bin\release\net8.0-windows\cerneala.tests.scenevillage.dll" id="a164eef5-6574-ea57-02fd-e0cc3879451d">
      <Execution id="9dcdde99-6937-4173-86ce-a18123f1b15e" />
      <TestMethod codeBase="C:\Users\lauri\Desktop\Cerneala\tests\Cerneala.Tests.SceneVillage\bin\Release\net8.0-windows\Cerneala.Tests.SceneVillage.dll" adapterTypeName="executor://xunit/VsTestRunner2/netcoreapp" className="Cerneala.Tests.SceneVillage.VillageModelTests" name="EveryPresetUsesTheSameDeterministicPositionsAndExactCount" />
    </UnitTest>
  </TestDefinitions>
  <TestEntries>
    <TestEntry testId="c1db55d3-8dd1-8e74-a176-69d42861dd20" executionId="fbe48202-8e8b-4145-83da-038ef40647f9" testListId="8c84fa94-04c1-424b-9868-57a2d4851a1d" />
    <TestEntry testId="10ecc971-1554-7eab-e77c-b63ca1dc426c" executionId="1938f5d7-8d2e-48be-a15e-947cf1e4b7d8" testListId="8c84fa94-04c1-424b-9868-57a2d4851a1d" />
    <TestEntry testId="f5bcfaec-9241-d519-98dd-efdf876b8633" executionId="ef13fe56-fab2-4d09-a096-793c64a4a4da" testListId="8c84fa94-04c1-424b-9868-57a2d4851a1d" />
    <TestEntry testId="6cf3ff94-c988-96e5-a356-786a7739cd1b" executionId="2fe0f5a8-719f-459f-b7b9-30b001e87e1b" testListId="8c84fa94-04c1-424b-9868-57a2d4851a1d" />
    <TestEntry testId="2b75e3aa-5a43-ca35-6e0c-c28146966f49" executionId="a67db0e3-9a91-4290-b110-0ef83d9c79da" testListId="8c84fa94-04c1-424b-9868-57a2d4851a1d" />
    <TestEntry testId="a164eef5-6574-ea57-02fd-e0cc3879451d" executionId="9dcdde99-6937-4173-86ce-a18123f1b15e" testListId="8c84fa94-04c1-424b-9868-57a2d4851a1d" />
    <TestEntry testId="861b90fd-4e3e-cc69-42dc-84554f04b275" executionId="c93ecd89-3eed-4082-90c9-9ad6a2299786" testListId="8c84fa94-04c1-424b-9868-57a2d4851a1d" />
    <TestEntry testId="b5a12331-554c-b85c-2435-580f952251d7" executionId="d2754cd1-5784-4ded-ad3a-320d00281c57" testListId="8c84fa94-04c1-424b-9868-57a2d4851a1d" />
    <TestEntry testId="5a7c7fcc-0c2b-871e-be4f-7b0a89404b58" executionId="8edba090-5e2a-47cb-a911-9c26dc9882e3" testListId="8c84fa94-04c1-424b-9868-57a2d4851a1d" />
    <TestEntry testId="44fc06aa-78a0-c952-edef-7b198b9c83a5" executionId="8526cc11-08dd-4954-9281-fb391e25d49d" testListId="8c84fa94-04c1-424b-9868-57a2d4851a1d" />
    <TestEntry testId="759f7147-0094-ce5f-20ec-564ebc782e93" executionId="1a1bc4d3-67cf-4a80-8cf6-442ca4e49a8c" testListId="8c84fa94-04c1-424b-9868-57a2d4851a1d" />
    <TestEntry testId="eb2daada-9615-d3b1-3965-146256dd5734" executionId="79921685-4909-46e4-929c-aa02938dd3bd" testListId="8c84fa94-04c1-424b-9868-57a2d4851a1d" />
    <TestEntry testId="5045e311-a549-dccf-c4fd-0f00efc14497" executionId="85a17b54-bc28-4b2d-bc23-ab37f5054c6f" testListId="8c84fa94-04c1-424b-9868-57a2d4851a1d" />
    <TestEntry testId="22ec08ca-2425-0e60-45c0-3173641d58e7" executionId="114c5479-fa0c-4841-98b0-13820655dc9b" testListId="8c84fa94-04c1-424b-9868-57a2d4851a1d" />
    <TestEntry testId="a458bda3-8067-7191-2bd5-8aa856b6ce70" executionId="96621abd-b352-4a18-b7ec-32b7eb394752" testListId="8c84fa94-04c1-424b-9868-57a2d4851a1d" />
    <TestEntry testId="212bdf5f-3b8b-bdfd-c89b-19e3b18294f5" executionId="7afa53de-dabb-4d8e-abef-b34d85633e03" testListId="8c84fa94-04c1-424b-9868-57a2d4851a1d" />
    <TestEntry testId="44b1ab68-744c-b036-59a8-702e0575e1b1" executionId="81b278af-4dcb-410b-94a0-8e1e349ba4ea" testListId="8c84fa94-04c1-424b-9868-57a2d4851a1d" />
  </TestEntries>
  <TestLists>
    <TestList name="Results Not in a List" id="8c84fa94-04c1-424b-9868-57a2d4851a1d" />
    <TestList name="All Loaded Results" id="19431567-8539-422a-85d7-44ee4e166bda" />
  </TestLists>
  <ResultSummary outcome="Completed">
    <Counters total="17" executed="17" passed="17" failed="0" error="0" timeout="0" aborted="0" inconclusive="0" passedButRunAborted="0" notRunnable="0" notExecuted="0" disconnected="0" warning="0" completed="0" inProgress="0" pending="0" />
    <Output>
      <StdOut>[xUnit.net 00:00:00.00] xUnit.net VSTest Adapter v2.5.3.1+6b60a9e56a (64-bit .NET 8.0.30)&#xD;
[xUnit.net 00:00:00.07]   Discovering: Cerneala.Tests.SceneVillage&#xD;
[xUnit.net 00:00:00.12]   Discovered:  Cerneala.Tests.SceneVillage&#xD;
[xUnit.net 00:00:00.12]   Starting:    Cerneala.Tests.SceneVillage&#xD;
[xUnit.net 00:00:27.45]   Finished:    Cerneala.Tests.SceneVillage&#xD;
</StdOut>
    </Output>
  </ResultSummary>
</TestRun>