<?xml version="1.0" encoding="utf-8"?>
<TestRun id="57646247-5810-426f-b86f-93c629e5b3ee" name="lauri@DESKTOP-JT43V3D 2026-09-25 07:28:27" runUser="DESKTOP-JT43V3D\lauri" xmlns="http://microsoft.com/schemas/VisualStudio/TeamTest/2010">
  <Times creation="2026-09-25T07:28:27.2411048+03:00" queuing="2026-09-25T07:28:27.2411052+03:00" start="2026-09-25T07:28:26.4762790+03:00" finish="2026-09-25T07:28:28.1196244+03:00" />
  <TestSettings name="default" id="8e80018a-726e-4240-864e-1a728f1e3c57">
    <Deployment runDeploymentRoot="lauri_DESKTOP-JT43V3D_2026-09-25_07_28_27" />
  </TestSettings>
  <Results>
    <UnitTestResult executionId="ac78ce1f-28da-4d81-909f-93ac713fa94e" testId="b40cc3d6-478a-fd98-6656-d0378c5c9068" testName="Cerneala.Tests.VisualStudio.CernealaGrammarTests.ElementTypeNamesUseThePlainTextFallbackClassification" computerName="DESKTOP-JT43V3D" duration="00:00:00.0110553" startTime="2026-09-25T07:28:27.6383735+03:00" endTime="2026-09-25T07:28:27.6383738+03:00" testType="13cdc9d9-ddb5-4fa4-a97d-d965ccfc6d4b" outcome="Passed" testListId="8c84fa94-04c1-424b-9868-57a2d4851a1d" relativeResultsDirectory="ac78ce1f-28da-4d81-909f-93ac713fa94e" />
    <UnitTestResult executionId="ddaeeb56-c5db-4177-b862-c37d18c66eb7" testId="0a7b87b4-29fc-5b75-0412-46d3cfb00af4" testName="Cerneala.Tests.VisualStudio.Stage4IntegrationHarnessTests.CommunityAutomationUsesHiddenVisualStudioAndEditorApisOnly" computerName="DESKTOP-JT43V3D" duration="00:00:00.0040818" startTime="2026-09-25T07:28:27.1993330+03:00" endTime="2026-09-25T07:28:27.1993331+03:00" testType="13cdc9d9-ddb5-4fa4-a97d-d965ccfc6d4b" outcome="Passed" testListId="8c84fa94-04c1-424b-9868-57a2d4851a1d" relativeResultsDirectory="ddaeeb56-c5db-4177-b862-c37d18c66eb7" />
    <UnitTestResult executionId="3a9446ee-ccc1-4928-99ed-256f23b1def9" testId="d92d86ae-59dc-08dd-5c91-750d5e5cb812" testName="Cerneala.Tests.VisualStudio.CernealaServerProcessManagerTests.DisableUpdateAndUninstallForceTerminationOnlyAfterTheTimeout(reasonValue: 2)" computerName="DESKTOP-JT43V3D" duration="00:00:00.0027093" startTime="2026-09-25T07:28:27.2025453+03:00" endTime="2026-09-25T07:28:27.2025455+03:00" testType="13cdc9d9-ddb5-4fa4-a97d-d965ccfc6d4b" outcome="Passed" testListId="8c84fa94-04c1-424b-9868-57a2d4851a1d" relativeResultsDirectory="3a9446ee-ccc1-4928-99ed-256f23b1def9" />
    <UnitTestResult executionId="80862d70-b636-4d22-9a91-06ea065a9286" testId="5f15b43b-b722-4a12-d7fc-15f83cb74409" testName="Cerneala.Tests.VisualStudio.PreviewChromeTests.CompactInputsFitTheToolbarAndCenterTheirText" computerName="DESKTOP-JT43V3D" duration="00:00:00.2379124" startTime="2026-09-25T07:28:27.9578068+03:00" endTime="2026-09-25T07:28:27.9578072+03:00" testType="13cdc9d9-ddb5-4fa4-a97d-d965ccfc6d4b" outcome="Passed" testListId="8c84fa94-04c1-424b-9868-57a2d4851a1d" relativeResultsDirectory="80862d70-b636-4d22-9a91-06ea065a9286" />
    <UnitTestResult executionId="7f1a8c56-2a88-4bcf-a25f-ece5786e1bab" testId="3d6f817f-849b-ad6a-e6c3-08ea8f342613" testName="Cerneala.Tests.VisualStudio.PreviewChromeTests.PreviewButtonsUseReadableDarkHoverChrome" computerName="DESKTOP-JT43V3D" duration="00:00:00.5882840" startTime="2026-09-25T07:28:27.7198098+03:00" endTime="2026-09-25T07:28:27.7198101+03:00" testType="13cdc9d9-ddb5-4fa4-a97d-d965ccfc6d4b" outcome="Passed" testListId="8c84fa94-04c1-424b-9868-57a2d4851a1d" relativeResultsDirectory="7f1a8c56-2a88-4bcf-a25f-ece5786e1bab" />
    <UnitTestResult executionId="d6a80ad3-243d-478d-9b25-3906dc437f30" testId="c95bf9aa-27d4-f8b8-dca5-dbdfb0789207" testName="Cerneala.Tests.VisualStudio.CernealaServerProcessManagerTests.BundledPathIsVersionedUnderTheExtensionInstallRoot" computerName="DESKTOP-JT43V3D" duration="00:00:00.0020369" startTime="2026-09-25T07:28:27.2026718+03:00" endTime="2026-09-25T07:28:27.2026718+03:00" testType="13cdc9d9-ddb5-4fa4-a97d-d965ccfc6d4b" outcome="Passed" testListId="8c84fa94-04c1-424b-9868-57a2d4851a1d" relativeResultsDirectory="d6a80ad3-243d-478d-9b25-3906dc437f30" />
    <UnitTestResult executionId="85bb6181-adfb-4625-892b-9d51ca1a7ef9" testId="4787820d-c265-4462-ac6d-7055790a19d3" testName="Cerneala.Tests.VisualStudio.CernealaGrammarTests.StandardFallbackScopesResolveThroughEditorThemes(themeName: VisualStudioDark)" computerName="DESKTOP-JT43V3D" duration="00:00:00.0172980" startTime="2026-09-25T07:28:27.5823737+03:00" endTime="2026-09-25T07:28:27.5823740+03:00" testType="13cdc9d9-ddb5-4fa4-a97d-d965ccfc6d4b" outcome="Passed" testListId="8c84fa94-04c1-424b-9868-57a2d4851a1d" relativeResultsDirectory="85bb6181-adfb-4625-892b-9d51ca1a7ef9" />
    <UnitTestResult executionId="e12723d2-5e31-487e-913c-2aa045411048" testId="a3ed51f1-b88f-c499-d350-eeeac9e2483a" testName="Cerneala.Tests.VisualStudio.CernealaServerProcessManagerTests.GracefulStopDoesNotDisposeProcessWhileExitCallbackReadsExitCode" computerName="DESKTOP-JT43V3D" duration="00:00:00.0038413" startTime="2026-09-25T07:28:27.2028261+03:00" endTime="2026-09-25T07:28:27.2028262+03:00" testType="13cdc9d9-ddb5-4fa4-a97d-d965ccfc6d4b" outcome="Passed" testListId="8c84fa94-04c1-424b-9868-57a2d4851a1d" relativeResultsDirectory="e12723d2-5e31-487e-913c-2aa045411048" />
    <UnitTestResult executionId="24947116-4705-4f6d-9b52-20906d209a08" testId="1e942b4c-445b-aa3c-b9e8-dabf99b5f8bf" testName="Cerneala.Tests.VisualStudio.CernealaGrammarTests.GoldenCorpusExposesApprovedFallbackScopes" computerName="DESKTOP-JT43V3D" duration="00:00:00.3982620" startTime="2026-09-25T07:28:27.5297918+03:00" endTime="2026-09-25T07:28:27.5297921+03:00" testType="13cdc9d9-ddb5-4fa4-a97d-d965ccfc6d4b" outcome="Passed" testListId="8c84fa94-04c1-424b-9868-57a2d4851a1d" relativeResultsDirectory="24947116-4705-4f6d-9b52-20906d209a08" />
    <UnitTestResult executionId="8d5f37b8-c676-46d8-99fd-8a9e1ecf6472" testId="10a7bb15-74fd-06a2-b7d7-d11ab510c048" testName="Cerneala.Tests.VisualStudio.VisualStudioPackageTests.LivePreviewReusesItsWpfFrameSurface" computerName="DESKTOP-JT43V3D" duration="00:00:00.0005384" startTime="2026-09-25T07:28:27.2596465+03:00" endTime="2026-09-25T07:28:27.2596467+03:00" testType="13cdc9d9-ddb5-4fa4-a97d-d965ccfc6d4b" outcome="Passed" testListId="8c84fa94-04c1-424b-9868-57a2d4851a1d" relativeResultsDirectory="8d5f37b8-c676-46d8-99fd-8a9e1ecf6472" />
    <UnitTestResult executionId="596c280b-4b06-48ca-af17-0bae559d2b0b" testId="9d6c6cc2-a8f6-65ad-4c35-01f538e07cf6" testName="Cerneala.Tests.VisualStudio.VisualStudioPackageTests.PackageRegistrationIsGeneratedWithoutAnAutoLoadRule" computerName="DESKTOP-JT43V3D" duration="00:00:00.1040092" startTime="2026-09-25T07:28:27.2476106+03:00" endTime="2026-09-25T07:28:27.2476108+03:00" testType="13cdc9d9-ddb5-4fa4-a97d-d965ccfc6d4b" outcome="Passed" testListId="8c84fa94-04c1-424b-9868-57a2d4851a1d" relativeResultsDirectory="596c280b-4b06-48ca-af17-0bae559d2b0b" />
    <UnitTestResult executionId="d6be8f50-3d62-48ce-9846-77d39d9424fd" testId="afbac631-07bb-10f2-9b77-e2f70c551509" testName="Cerneala.Tests.VisualStudio.Stage5PerformanceHarnessTests.ResultPublisherRecordsHardwareMetricsAndRawEvidence" computerName="DESKTOP-JT43V3D" duration="00:00:00.0007398" startTime="2026-09-25T07:28:27.1992022+03:00" endTime="2026-09-25T07:28:27.1992023+03:00" testType="13cdc9d9-ddb5-4fa4-a97d-d965ccfc6d4b" outcome="Passed" testListId="8c84fa94-04c1-424b-9868-57a2d4851a1d" relativeResultsDirectory="d6be8f50-3d62-48ce-9846-77d39d9424fd" />
    <UnitTestResult executionId="6aabc69a-294a-41c3-964a-6122d3d18723" testId="76ce84db-01c2-b91b-8422-7bbb40fa1aea" testName="Cerneala.Tests.VisualStudio.CernealaGrammarTests.GrammarDelegatesColorsToClassificationThemes" computerName="DESKTOP-JT43V3D" duration="00:00:00.0022077" startTime="2026-09-25T07:28:27.6027021+03:00" endTime="2026-09-25T07:28:27.6027024+03:00" testType="13cdc9d9-ddb5-4fa4-a97d-d965ccfc6d4b" outcome="Passed" testListId="8c84fa94-04c1-424b-9868-57a2d4851a1d" relativeResultsDirectory="6aabc69a-294a-41c3-964a-6122d3d18723" />
    <UnitTestResult executionId="acd670ac-5814-4749-a86e-9e0bb2ad2633" testId="24aae00f-77f6-bc3a-2eea-bacf6514a358" testName="Cerneala.Tests.VisualStudio.Stage6ReleaseHarnessTests.VisualStudioAutomationIsIsolatedAndContainsNoGlobalInputOrShutdown" computerName="DESKTOP-JT43V3D" duration="00:00:00.0062046" startTime="2026-09-25T07:28:27.1494921+03:00" endTime="2026-09-25T07:28:27.1494922+03:00" testType="13cdc9d9-ddb5-4fa4-a97d-d965ccfc6d4b" outcome="Passed" testListId="8c84fa94-04c1-424b-9868-57a2d4851a1d" relativeResultsDirectory="acd670ac-5814-4749-a86e-9e0bb2ad2633" />
    <UnitTestResult executionId="15cadd25-03fd-42fd-a2ad-9baa659e2972" testId="d0598b7f-1b75-dca2-d481-9cfe4f766840" testName="Cerneala.Tests.VisualStudio.CernealaGrammarTests.MotionHandleDeclarationAndUseHaveTheStandardLabelFallbackScope" computerName="DESKTOP-JT43V3D" duration="00:00:00.0180092" startTime="2026-09-25T07:28:27.6004541+03:00" endTime="2026-09-25T07:28:27.6004544+03:00" testType="13cdc9d9-ddb5-4fa4-a97d-d965ccfc6d4b" outcome="Passed" testListId="8c84fa94-04c1-424b-9868-57a2d4851a1d" relativeResultsDirectory="15cadd25-03fd-42fd-a2ad-9baa659e2972" />
    <UnitTestResult executionId="4a49b3ad-6778-4789-9e7e-7863cf6e9a3b" testId="240bbc67-1480-2a38-9518-3bb131458063" testName="Cerneala.Tests.VisualStudio.VisualStudioPackageTests.ManifestTargetsOnlyCommunity18AndDeclaresStableIdentity" computerName="DESKTOP-JT43V3D" duration="00:00:00.0029633" startTime="2026-09-25T07:28:27.2506434+03:00" endTime="2026-09-25T07:28:27.2506934+03:00" testType="13cdc9d9-ddb5-4fa4-a97d-d965ccfc6d4b" outcome="Passed" testListId="8c84fa94-04c1-424b-9868-57a2d4851a1d" relativeResultsDirectory="4a49b3ad-6778-4789-9e7e-7863cf6e9a3b" />
    <UnitTestResult executionId="e3f387c8-4782-4876-a8e5-5fdd21668544" testId="f0bbdeef-5626-7dd3-1ecd-ecfb83aebaad" testName="Cerneala.Tests.VisualStudio.Stage6ReleaseHarnessTests.ApiDocumentationManifestIsValidAndReferencesExistingFiles" computerName="DESKTOP-JT43V3D" duration="00:00:00.1375116" startTime="2026-09-25T07:28:27.2826683+03:00" endTime="2026-09-25T07:28:27.2826687+03:00" testType="13cdc9d9-ddb5-4fa4-a97d-d965ccfc6d4b" outcome="Passed" testListId="8c84fa94-04c1-424b-9868-57a2d4851a1d" relativeResultsDirectory="e3f387c8-4782-4876-a8e5-5fdd21668544" />
    <UnitTestResult executionId="ad2d2c10-5743-4876-83f8-5288b38aaf3c" testId="fe5dd24f-dc40-c5aa-5a4a-64304e4c55c2" testName="Cerneala.Tests.VisualStudio.Stage4IntegrationHarnessTests.HarnessExercisesPresentationReloadAndPostEditBuild" computerName="DESKTOP-JT43V3D" duration="00:00:00.0060336" startTime="2026-09-25T07:28:27.1441062+03:00" endTime="2026-09-25T07:28:27.1441704+03:00" testType="13cdc9d9-ddb5-4fa4-a97d-d965ccfc6d4b" outcome="Passed" testListId="8c84fa94-04c1-424b-9868-57a2d4851a1d" relativeResultsDirectory="ad2d2c10-5743-4876-83f8-5288b38aaf3c" />
    <UnitTestResult executionId="6fd1fb4d-a472-4004-ad2e-39cc9bb5172e" testId="fbda840f-60ac-e6d5-a84e-476586dc2433" testName="Cerneala.Tests.VisualStudio.CernealaServerProcessManagerTests.DisableUpdateAndUninstallForceTerminationOnlyAfterTheTimeout(reasonValue: 1)" computerName="DESKTOP-JT43V3D" duration="00:00:00.0020133" startTime="2026-09-25T07:28:27.2025835+03:00" endTime="2026-09-25T07:28:27.2025835+03:00" testType="13cdc9d9-ddb5-4fa4-a97d-d965ccfc6d4b" outcome="Passed" testListId="8c84fa94-04c1-424b-9868-57a2d4851a1d" relativeResultsDirectory="6fd1fb4d-a472-4004-ad2e-39cc9bb5172e" />
    <UnitTestResult executionId="03141e98-b362-4a11-889c-d173ac7168d8" testId="01581840-e127-678c-7429-d11cee0cbc26" testName="Cerneala.Tests.VisualStudio.CernealaServerProcessManagerTests.DisableUpdateAndUninstallForceTerminationOnlyAfterTheTimeout(reasonValue: 4)" computerName="DESKTOP-JT43V3D" duration="00:00:00.0017458" startTime="2026-09-25T07:28:27.2026141+03:00" endTime="2026-09-25T07:28:27.2026141+03:00" testType="13cdc9d9-ddb5-4fa4-a97d-d965ccfc6d4b" outcome="Passed" testListId="8c84fa94-04c1-424b-9868-57a2d4851a1d" relativeResultsDirectory="03141e98-b362-4a11-889c-d173ac7168d8" />
    <UnitTestResult executionId="17735cf1-f416-4f87-8c44-72d05ae0ee9c" testId="a93fad51-a1d1-00d8-a7b0-fa4613dce165" testName="Cerneala.Tests.VisualStudio.VisualStudioPackageTests.LivePreviewViewportResizeHandlesUseWpfDesignerChrome" computerName="DESKTOP-JT43V3D" duration="00:00:00.0007339" startTime="2026-09-25T07:28:27.2661743+03:00" endTime="2026-09-25T07:28:27.2661745+03:00" testType="13cdc9d9-ddb5-4fa4-a97d-d965ccfc6d4b" outcome="Passed" testListId="8c84fa94-04c1-424b-9868-57a2d4851a1d" relativeResultsDirectory="17735cf1-f416-4f87-8c44-72d05ae0ee9c" />
    <UnitTestResult executionId="d618927f-77d9-4b4f-92c5-99d5dbed08d0" testId="e6c69b1a-092f-854a-fd6a-9e216f75db8e" testName="Cerneala.Tests.VisualStudio.VisualStudioPackageTests.LivePreviewUsesWpfStyleDesignerSurfaceAroundTheStandardEditor" computerName="DESKTOP-JT43V3D" duration="00:00:00.0029470" startTime="2026-09-25T07:28:27.2635655+03:00" endTime="2026-09-25T07:28:27.2635658+03:00" testType="13cdc9d9-ddb5-4fa4-a97d-d965ccfc6d4b" outcome="Passed" testListId="8c84fa94-04c1-424b-9868-57a2d4851a1d" relativeResultsDirectory="d618927f-77d9-4b4f-92c5-99d5dbed08d0" />
    <UnitTestResult executionId="66ea58c6-514c-4a59-81f6-c5155020ba86" testId="ba705682-d211-25f4-024e-580577cac307" testName="Cerneala.Tests.VisualStudio.CernealaGrammarTests.StandardFallbackScopesResolveThroughEditorThemes(themeName: HighContrastDark)" computerName="DESKTOP-JT43V3D" duration="00:00:00.0185512" startTime="2026-09-25T07:28:27.5649873+03:00" endTime="2026-09-25T07:28:27.5649877+03:00" testType="13cdc9d9-ddb5-4fa4-a97d-d965ccfc6d4b" outcome="Passed" testListId="8c84fa94-04c1-424b-9868-57a2d4851a1d" relativeResultsDirectory="66ea58c6-514c-4a59-81f6-c5155020ba86" />
    <UnitTestResult executionId="ccea6bd6-6774-4afe-a684-95f5c7fc7dad" testId="d05f0bfc-4c98-275b-8fb6-7023bce6af8a" testName="Cerneala.Tests.VisualStudio.CernealaServerProcessManagerTests.ProtocolFailureStopsTheSessionAndBacksOffBeforeRetry" computerName="DESKTOP-JT43V3D" duration="00:00:00.0197765" startTime="2026-09-25T07:28:27.2023237+03:00" endTime="2026-09-25T07:28:27.2023239+03:00" testType="13cdc9d9-ddb5-4fa4-a97d-d965ccfc6d4b" outcome="Passed" testListId="8c84fa94-04c1-424b-9868-57a2d4851a1d" relativeResultsDirectory="ccea6bd6-6774-4afe-a684-95f5c7fc7dad" />
    <UnitTestResult executionId="957b5b5b-ced7-4102-b040-653e4d02b869" testId="5c2e95fe-c637-9083-7d62-29bd41a3c5e7" testName="Cerneala.Tests.VisualStudio.CernealaGrammarTests.StringsAndReferencesUseTheRequestedFallbackClassifications" computerName="DESKTOP-JT43V3D" duration="00:00:00.0108628" startTime="2026-09-25T07:28:27.6272568+03:00" endTime="2026-09-25T07:28:27.6272571+03:00" testType="13cdc9d9-ddb5-4fa4-a97d-d965ccfc6d4b" outcome="Passed" testListId="8c84fa94-04c1-424b-9868-57a2d4851a1d" relativeResultsDirectory="957b5b5b-ced7-4102-b040-653e4d02b869" />
    <UnitTestResult executionId="a5e0e812-3206-484f-8a4a-4d2c75b0b1c0" testId="c442d71f-62da-cd70-3402-9eb45e4bd8ac" testName="Cerneala.Tests.VisualStudio.CernealaServerProcessManagerTests.InitializationFailuresStopRequestingRestartsAtTheThreshold" computerName="DESKTOP-JT43V3D" duration="00:00:00.0029248" startTime="2026-09-25T07:28:27.2027898+03:00" endTime="2026-09-25T07:28:27.2027899+03:00" testType="13cdc9d9-ddb5-4fa4-a97d-d965ccfc6d4b" outcome="Passed" testListId="8c84fa94-04c1-424b-9868-57a2d4851a1d" relativeResultsDirectory="a5e0e812-3206-484f-8a4a-4d2c75b0b1c0" />
    <UnitTestResult executionId="6bf8b071-f3bc-451f-bb6d-6573394c890b" testId="f0d80f71-8509-e3f4-8c68-09823ecbf3aa" testName="Cerneala.Tests.VisualStudio.CernealaServerProcessManagerTests.CancellationDuringRestartBackoffDoesNotStartAnotherProcess" computerName="DESKTOP-JT43V3D" duration="00:00:00.0046637" startTime="2026-09-25T07:28:27.2027492+03:00" endTime="2026-09-25T07:28:27.2027492+03:00" testType="13cdc9d9-ddb5-4fa4-a97d-d965ccfc6d4b" outcome="Passed" testListId="8c84fa94-04c1-424b-9868-57a2d4851a1d" relativeResultsDirectory="6bf8b071-f3bc-451f-bb6d-6573394c890b" />
    <UnitTestResult executionId="4ffdaca4-0e53-48f2-8f3b-fad5c88a5215" testId="bac9d538-1cc1-c139-eda7-8130df01fa9b" testName="Cerneala.Tests.VisualStudio.VisualStudioPackageTests.LivePreviewDropdownsUseThePreviewToolbarChrome" computerName="DESKTOP-JT43V3D" duration="00:00:00.0016499" startTime="2026-09-25T07:28:27.2653074+03:00" endTime="2026-09-25T07:28:27.2653078+03:00" testType="13cdc9d9-ddb5-4fa4-a97d-d965ccfc6d4b" outcome="Passed" testListId="8c84fa94-04c1-424b-9868-57a2d4851a1d" relativeResultsDirectory="4ffdaca4-0e53-48f2-8f3b-fad5c88a5215" />
    <UnitTestResult executionId="fc870da0-cc6a-4911-a15d-f2f7b6969f89" testId="fb2eaa82-b5c2-d74a-ea3c-5434bcd5771f" testName="Cerneala.Tests.VisualStudio.VisualStudioPackageTests.LivePreviewPacesTheNextFrameFromCaptureCompletion" computerName="DESKTOP-JT43V3D" duration="00:00:00.0062173" startTime="2026-09-25T07:28:27.1488789+03:00" endTime="2026-09-25T07:28:27.1488791+03:00" testType="13cdc9d9-ddb5-4fa4-a97d-d965ccfc6d4b" outcome="Passed" testListId="8c84fa94-04c1-424b-9868-57a2d4851a1d" relativeResultsDirectory="fc870da0-cc6a-4911-a15d-f2f7b6969f89" />
    <UnitTestResult executionId="23dea439-76e8-443d-a834-03da329d2d1f" testId="384f5f6e-1325-1c22-d5e3-22aa9c2e5eda" testName="Cerneala.Tests.VisualStudio.PreviewInputQueueTests.ConsecutivePointerMovesCoalesceWithoutCrossingButtonTransitions" computerName="DESKTOP-JT43V3D" duration="00:00:00.0127867" startTime="2026-09-25T07:28:27.1989875+03:00" endTime="2026-09-25T07:28:27.1989875+03:00" testType="13cdc9d9-ddb5-4fa4-a97d-d965ccfc6d4b" outcome="Passed" testListId="8c84fa94-04c1-424b-9868-57a2d4851a1d" relativeResultsDirectory="23dea439-76e8-443d-a834-03da329d2d1f" />
    <UnitTestResult executionId="2df08149-88db-4321-a2de-6c5b67d229ff" testId="45b4ae95-45be-a3d0-6d77-76ba95213df0" testName="Cerneala.Tests.VisualStudio.CernealaGrammarTests.IncompleteDirectiveEditDoesNotLeakIntoTheFollowingTag" computerName="DESKTOP-JT43V3D" duration="00:00:00.0089745" startTime="2026-09-25T07:28:27.6117387+03:00" endTime="2026-09-25T07:28:27.6117390+03:00" testType="13cdc9d9-ddb5-4fa4-a97d-d965ccfc6d4b" outcome="Passed" testListId="8c84fa94-04c1-424b-9868-57a2d4851a1d" relativeResultsDirectory="2df08149-88db-4321-a2de-6c5b67d229ff" />
    <UnitTestResult executionId="412d770d-d1c4-458d-ac7a-81335cb9ec09" testId="69d56c53-e35e-edba-a49f-edeac766a98b" testName="Cerneala.Tests.VisualStudio.Stage6ReleaseHarnessTests.ReleaseHarnessCoversInstallUpgradeDowngradeAndCleanUninstall" computerName="DESKTOP-JT43V3D" duration="00:00:00.0008408" startTime="2026-09-25T07:28:27.2835819+03:00" endTime="2026-09-25T07:28:27.2835821+03:00" testType="13cdc9d9-ddb5-4fa4-a97d-d965ccfc6d4b" outcome="Passed" testListId="8c84fa94-04c1-424b-9868-57a2d4851a1d" relativeResultsDirectory="412d770d-d1c4-458d-ac7a-81335cb9ec09" />
    <UnitTestResult executionId="35ca9478-cd56-4cd5-ab7a-1947637aa0d9" testId="0b2046d2-21d7-0208-176a-2642f59f7169" testName="Cerneala.Tests.VisualStudio.VisualStudioPackageTests.LivePreviewShowsACompilationLoadingOverlay" computerName="DESKTOP-JT43V3D" duration="00:00:00.0015862" startTime="2026-09-25T07:28:27.2571500+03:00" endTime="2026-09-25T07:28:27.2571504+03:00" testType="13cdc9d9-ddb5-4fa4-a97d-d965ccfc6d4b" outcome="Passed" testListId="8c84fa94-04c1-424b-9868-57a2d4851a1d" relativeResultsDirectory="35ca9478-cd56-4cd5-ab7a-1947637aa0d9" />
    <UnitTestResult executionId="7cf02aad-bf7c-427e-8162-918865a8cfa1" testId="54c3cd46-454e-d81c-de43-d9c94d3866fa" testName="Cerneala.Tests.VisualStudio.CernealaGrammarTests.StandardFallbackScopesResolveThroughEditorThemes(themeName: VisualStudioLight)" computerName="DESKTOP-JT43V3D" duration="00:00:00.0165018" startTime="2026-09-25T07:28:27.5463532+03:00" endTime="2026-09-25T07:28:27.5463535+03:00" testType="13cdc9d9-ddb5-4fa4-a97d-d965ccfc6d4b" outcome="Passed" testListId="8c84fa94-04c1-424b-9868-57a2d4851a1d" relativeResultsDirectory="7cf02aad-bf7c-427e-8162-918865a8cfa1" />
    <UnitTestResult executionId="bdf29cd0-5aed-4790-ae55-d29226e4b4f2" testId="07d29292-ef57-00c4-7eb4-485b53a6c98c" testName="Cerneala.Tests.VisualStudio.VisualStudioPackageTests.CrnRegistrationDoesNotClaimXmlOrCompoundExtensions" computerName="DESKTOP-JT43V3D" duration="00:00:00.0010833" startTime="2026-09-25T07:28:27.2583123+03:00" endTime="2026-09-25T07:28:27.2583126+03:00" testType="13cdc9d9-ddb5-4fa4-a97d-d965ccfc6d4b" outcome="Passed" testListId="8c84fa94-04c1-424b-9868-57a2d4851a1d" relativeResultsDirectory="bdf29cd0-5aed-4790-ae55-d29226e4b4f2" />
    <UnitTestResult executionId="421b6ddd-7eda-4fb6-bc36-a4dfd12b2981" testId="c7c8b65c-ecb8-2a77-6a89-b792710b9b5b" testName="Cerneala.Tests.VisualStudio.Stage4IntegrationHarnessTests.ExternalConsumerCoversTheRequiredMarkupAndBuildContracts" computerName="DESKTOP-JT43V3D" duration="00:00:00.0014427" startTime="2026-09-25T07:28:27.1994180+03:00" endTime="2026-09-25T07:28:27.1994181+03:00" testType="13cdc9d9-ddb5-4fa4-a97d-d965ccfc6d4b" outcome="Passed" testListId="8c84fa94-04c1-424b-9868-57a2d4851a1d" relativeResultsDirectory="421b6ddd-7eda-4fb6-bc36-a4dfd12b2981" />
    <UnitTestResult executionId="4a62be34-3a57-4844-b544-489e83b5fa54" testId="b464d595-81e8-dc1a-30c9-a8f1b1d8bcd4" testName="Cerneala.Tests.VisualStudio.Stage5PerformanceHarnessTests.StartupAndResilienceScenariosRemainHiddenAndApiOnly" computerName="DESKTOP-JT43V3D" duration="00:00:00.0041120" startTime="2026-09-25T07:28:27.1994436+03:00" endTime="2026-09-25T07:28:27.1994437+03:00" testType="13cdc9d9-ddb5-4fa4-a97d-d965ccfc6d4b" outcome="Passed" testListId="8c84fa94-04c1-424b-9868-57a2d4851a1d" relativeResultsDirectory="4a62be34-3a57-4844-b544-489e83b5fa54" />
    <UnitTestResult executionId="8641967b-9512-48b1-a2aa-26b3108984a4" testId="84986281-0749-aa25-455c-8f67264cacc4" testName="Cerneala.Tests.VisualStudio.CernealaGrammarTests.LanguageConfigurationProvidesLocalEditingWithoutAServer" computerName="DESKTOP-JT43V3D" duration="00:00:00.0044955" startTime="2026-09-25T07:28:27.6163065+03:00" endTime="2026-09-25T07:28:27.6163068+03:00" testType="13cdc9d9-ddb5-4fa4-a97d-d965ccfc6d4b" outcome="Passed" testListId="8c84fa94-04c1-424b-9868-57a2d4851a1d" relativeResultsDirectory="8641967b-9512-48b1-a2aa-26b3108984a4" />
    <UnitTestResult executionId="98150936-3a86-4518-ac8f-0dd72545854e" testId="7e2ddb20-f1ca-9368-3ca5-08f36d562bbb" testName="Cerneala.Tests.VisualStudio.VisualStudioPackageTests.LivePreviewZoomSelectionCommitsTheSelectedValueImmediately" computerName="DESKTOP-JT43V3D" duration="00:00:00.0006480" startTime="2026-09-25T07:28:27.2590462+03:00" endTime="2026-09-25T07:28:27.2590464+03:00" testType="13cdc9d9-ddb5-4fa4-a97d-d965ccfc6d4b" outcome="Passed" testListId="8c84fa94-04c1-424b-9868-57a2d4851a1d" relativeResultsDirectory="98150936-3a86-4518-ac8f-0dd72545854e" />
    <UnitTestResult executionId="3642c5d9-6a37-4a9e-80e4-43da72cd3d81" testId="26ae89b8-6046-4487-685a-1c1f3b2bccff" testName="Cerneala.Tests.VisualStudio.Stage5PerformanceHarnessTests.ProviderAndCommandsContainNoSynchronousUiThreadWaits" computerName="DESKTOP-JT43V3D" duration="00:00:00.0013687" startTime="2026-09-25T07:28:27.1992835+03:00" endTime="2026-09-25T07:28:27.1992836+03:00" testType="13cdc9d9-ddb5-4fa4-a97d-d965ccfc6d4b" outcome="Passed" testListId="8c84fa94-04c1-424b-9868-57a2d4851a1d" relativeResultsDirectory="3642c5d9-6a37-4a9e-80e4-43da72cd3d81" />
    <UnitTestResult executionId="3c4beb21-386d-48c9-8f8c-570d9714bda1" testId="1a6f992b-a4e3-16ba-b588-b053d561defc" testName="Cerneala.Tests.VisualStudio.VisualStudioPackageTests.LivePreviewRefreshCapIsEditablePerSession" computerName="DESKTOP-JT43V3D" duration="00:00:00.0008408" startTime="2026-09-25T07:28:27.2605475+03:00" endTime="2026-09-25T07:28:27.2605476+03:00" testType="13cdc9d9-ddb5-4fa4-a97d-d965ccfc6d4b" outcome="Passed" testListId="8c84fa94-04c1-424b-9868-57a2d4851a1d" relativeResultsDirectory="3c4beb21-386d-48c9-8f8c-570d9714bda1" />
    <UnitTestResult executionId="ddb37485-1565-4b74-8eda-a5852c7e633e" testId="67ffc602-8e28-b364-e4f8-872575ff0a34" testName="Cerneala.Tests.VisualStudio.CernealaServerProcessManagerTests.StartupFailureIsLoggedAndDoesNotCreateASession" computerName="DESKTOP-JT43V3D" duration="00:00:00.0237535" startTime="2026-09-25T07:28:27.1995194+03:00" endTime="2026-09-25T07:28:27.1995194+03:00" testType="13cdc9d9-ddb5-4fa4-a97d-d965ccfc6d4b" outcome="Passed" testListId="8c84fa94-04c1-424b-9868-57a2d4851a1d" relativeResultsDirectory="ddb37485-1565-4b74-8eda-a5852c7e633e" />
    <UnitTestResult executionId="bcf6532f-febe-4e24-ae5c-c95df579dff8" testId="3d5f607b-7961-44cf-b5b7-111c977f5f76" testName="Cerneala.Tests.VisualStudio.CernealaServerProcessManagerTests.MissingBundledBinaryFailsWithTheInstallRelativePath" computerName="DESKTOP-JT43V3D" duration="00:00:00.0031264" startTime="2026-09-25T07:28:27.2027108+03:00" endTime="2026-09-25T07:28:27.2027109+03:00" testType="13cdc9d9-ddb5-4fa4-a97d-d965ccfc6d4b" outcome="Passed" testListId="8c84fa94-04c1-424b-9868-57a2d4851a1d" relativeResultsDirectory="bcf6532f-febe-4e24-ae5c-c95df579dff8" />
    <UnitTestResult executionId="c1aaca88-70e5-4949-b156-4e178ecabcd1" testId="06ddc766-3d26-5d72-cb71-b627a65946d0" testName="Cerneala.Tests.VisualStudio.Stage5PerformanceHarnessTests.HarnessMeasuresBudgetsReloadAndRequiredSoak" computerName="DESKTOP-JT43V3D" duration="00:00:00.0079005" startTime="2026-09-25T07:28:27.1495077+03:00" endTime="2026-09-25T07:28:27.1495077+03:00" testType="13cdc9d9-ddb5-4fa4-a97d-d965ccfc6d4b" outcome="Passed" testListId="8c84fa94-04c1-424b-9868-57a2d4851a1d" relativeResultsDirectory="c1aaca88-70e5-4949-b156-4e178ecabcd1" />
    <UnitTestResult executionId="52690cdb-3322-40d9-ba75-84c1956008cb" testId="90773390-dcbd-dbaa-9481-9598c1e7ad17" testName="Cerneala.Tests.VisualStudio.VisualStudioPackageTests.VsixContainsHostServerGrammarConfigurationAndAssets" computerName="DESKTOP-JT43V3D" duration="00:00:00.0047555" startTime="2026-09-25T07:28:27.2554917+03:00" endTime="2026-09-25T07:28:27.2554920+03:00" testType="13cdc9d9-ddb5-4fa4-a97d-d965ccfc6d4b" outcome="Passed" testListId="8c84fa94-04c1-424b-9868-57a2d4851a1d" relativeResultsDirectory="52690cdb-3322-40d9-ba75-84c1956008cb" />
    <UnitTestResult executionId="0a6e7827-e617-475e-a583-f2bb7033e502" testId="f51e8ed3-04e8-6272-dd8e-c8baa4a6a549" testName="Cerneala.Tests.VisualStudio.CernealaServerProcessManagerTests.CrashesUseBoundedBackoffAndDisableTheRestartLoopAtTheThreshold" computerName="DESKTOP-JT43V3D" duration="00:00:00.0046143" startTime="2026-09-25T07:28:27.2036215+03:00" endTime="2026-09-25T07:28:27.2036216+03:00" testType="13cdc9d9-ddb5-4fa4-a97d-d965ccfc6d4b" outcome="Passed" testListId="8c84fa94-04c1-424b-9868-57a2d4851a1d" relativeResultsDirectory="0a6e7827-e617-475e-a583-f2bb7033e502" />
    <UnitTestResult executionId="e3cff83c-9890-4163-a036-aaea9d0d5891" testId="fc285e82-728f-ee1c-f5ec-f466011aca95" testName="Cerneala.Tests.VisualStudio.Stage6ReleaseHarnessTests.ReleaseBuildDefinesDeterministicSigningAndChecksumContract" computerName="DESKTOP-JT43V3D" duration="00:00:00.0015354" startTime="2026-09-25T07:28:27.1992507+03:00" endTime="2026-09-25T07:28:27.1992507+03:00" testType="13cdc9d9-ddb5-4fa4-a97d-d965ccfc6d4b" outcome="Passed" testListId="8c84fa94-04c1-424b-9868-57a2d4851a1d" relativeResultsDirectory="e3cff83c-9890-4163-a036-aaea9d0d5891" />
  </Results>
  <TestDefinitions>
    <UnitTest name="Cerneala.Tests.VisualStudio.Stage5PerformanceHarnessTests.StartupAndResilienceScenariosRemainHiddenAndApiOnly" storage="c:\users\lauri\desktop\cerneala\tests\cerneala.tests.visualstudio\bin\release\net10.0-windows\cerneala.tests.visualstudio.dll" id="b464d595-81e8-dc1a-30c9-a8f1b1d8bcd4">
      <Execution id="4a62be34-3a57-4844-b544-489e83b5fa54" />
      <TestMethod codeBase="C:\Users\lauri\Desktop\Cerneala\tests\Cerneala.Tests.VisualStudio\bin\Release\net10.0-windows\Cerneala.Tests.VisualStudio.dll" adapterTypeName="executor://xunit/VsTestRunner2/netcoreapp" className="Cerneala.Tests.VisualStudio.Stage5PerformanceHarnessTests" name="StartupAndResilienceScenariosRemainHiddenAndApiOnly" />
    </UnitTest>
    <UnitTest name="Cerneala.Tests.VisualStudio.CernealaServerProcessManagerTests.GracefulStopDoesNotDisposeProcessWhileExitCallbackReadsExitCode" storage="c:\users\lauri\desktop\cerneala\tests\cerneala.tests.visualstudio\bin\release\net10.0-windows\cerneala.tests.visualstudio.dll" id="a3ed51f1-b88f-c499-d350-eeeac9e2483a">
      <Execution id="e12723d2-5e31-487e-913c-2aa045411048" />
      <TestMethod codeBase="C:\Users\lauri\Desktop\Cerneala\tests\Cerneala.Tests.VisualStudio\bin\Release\net10.0-windows\Cerneala.Tests.VisualStudio.dll" adapterTypeName="executor://xunit/VsTestRunner2/netcoreapp" className="Cerneala.Tests.VisualStudio.CernealaServerProcessManagerTests" name="GracefulStopDoesNotDisposeProcessWhileExitCallbackReadsExitCode" />
    </UnitTest>
    <UnitTest name="Cerneala.Tests.VisualStudio.Stage6ReleaseHarnessTests.ApiDocumentationManifestIsValidAndReferencesExistingFiles" storage="c:\users\lauri\desktop\cerneala\tests\cerneala.tests.visualstudio\bin\release\net10.0-windows\cerneala.tests.visualstudio.dll" id="f0bbdeef-5626-7dd3-1ecd-ecfb83aebaad">
      <Execution id="e3f387c8-4782-4876-a8e5-5fdd21668544" />
      <TestMethod codeBase="C:\Users\lauri\Desktop\Cerneala\tests\Cerneala.Tests.VisualStudio\bin\Release\net10.0-windows\Cerneala.Tests.VisualStudio.dll" adapterTypeName="executor://xunit/VsTestRunner2/netcoreapp" className="Cerneala.Tests.VisualStudio.Stage6ReleaseHarnessTests" name="ApiDocumentationManifestIsValidAndReferencesExistingFiles" />
    </UnitTest>
    <UnitTest name="Cerneala.Tests.VisualStudio.CernealaServerProcessManagerTests.BundledPathIsVersionedUnderTheExtensionInstallRoot" storage="c:\users\lauri\desktop\cerneala\tests\cerneala.tests.visualstudio\bin\release\net10.0-windows\cerneala.tests.visualstudio.dll" id="c95bf9aa-27d4-f8b8-dca5-dbdfb0789207">
      <Execution id="d6a80ad3-243d-478d-9b25-3906dc437f30" />
      <TestMethod codeBase="C:\Users\lauri\Desktop\Cerneala\tests\Cerneala.Tests.VisualStudio\bin\Release\net10.0-windows\Cerneala.Tests.VisualStudio.dll" adapterTypeName="executor://xunit/VsTestRunner2/netcoreapp" className="Cerneala.Tests.VisualStudio.CernealaServerProcessManagerTests" name="BundledPathIsVersionedUnderTheExtensionInstallRoot" />
    </UnitTest>
    <UnitTest name="Cerneala.Tests.VisualStudio.VisualStudioPackageTests.LivePreviewPacesTheNextFrameFromCaptureCompletion" storage="c:\users\lauri\desktop\cerneala\tests\cerneala.tests.visualstudio\bin\release\net10.0-windows\cerneala.tests.visualstudio.dll" id="fb2eaa82-b5c2-d74a-ea3c-5434bcd5771f">
      <Execution id="fc870da0-cc6a-4911-a15d-f2f7b6969f89" />
      <TestMethod codeBase="C:\Users\lauri\Desktop\Cerneala\tests\Cerneala.Tests.VisualStudio\bin\Release\net10.0-windows\Cerneala.Tests.VisualStudio.dll" adapterTypeName="executor://xunit/VsTestRunner2/netcoreapp" className="Cerneala.Tests.VisualStudio.VisualStudioPackageTests" name="LivePreviewPacesTheNextFrameFromCaptureCompletion" />
    </UnitTest>
    <UnitTest name="Cerneala.Tests.VisualStudio.VisualStudioPackageTests.ManifestTargetsOnlyCommunity18AndDeclaresStableIdentity" storage="c:\users\lauri\desktop\cerneala\tests\cerneala.tests.visualstudio\bin\release\net10.0-windows\cerneala.tests.visualstudio.dll" id="240bbc67-1480-2a38-9518-3bb131458063">
      <Execution id="4a49b3ad-6778-4789-9e7e-7863cf6e9a3b" />
      <TestMethod codeBase="C:\Users\lauri\Desktop\Cerneala\tests\Cerneala.Tests.VisualStudio\bin\Release\net10.0-windows\Cerneala.Tests.VisualStudio.dll" adapterTypeName="executor://xunit/VsTestRunner2/netcoreapp" className="Cerneala.Tests.VisualStudio.VisualStudioPackageTests" name="ManifestTargetsOnlyCommunity18AndDeclaresStableIdentity" />
    </UnitTest>
    <UnitTest name="Cerneala.Tests.VisualStudio.VisualStudioPackageTests.LivePreviewShowsACompilationLoadingOverlay" storage="c:\users\lauri\desktop\cerneala\tests\cerneala.tests.visualstudio\bin\release\net10.0-windows\cerneala.tests.visualstudio.dll" id="0b2046d2-21d7-0208-176a-2642f59f7169">
      <Execution id="35ca9478-cd56-4cd5-ab7a-1947637aa0d9" />
      <TestMethod codeBase="C:\Users\lauri\Desktop\Cerneala\tests\Cerneala.Tests.VisualStudio\bin\Release\net10.0-windows\Cerneala.Tests.VisualStudio.dll" adapterTypeName="executor://xunit/VsTestRunner2/netcoreapp" className="Cerneala.Tests.VisualStudio.VisualStudioPackageTests" name="LivePreviewShowsACompilationLoadingOverlay" />
    </UnitTest>
    <UnitTest name="Cerneala.Tests.VisualStudio.Stage6ReleaseHarnessTests.VisualStudioAutomationIsIsolatedAndContainsNoGlobalInputOrShutdown" storage="c:\users\lauri\desktop\cerneala\tests\cerneala.tests.visualstudio\bin\release\net10.0-windows\cerneala.tests.visualstudio.dll" id="24aae00f-77f6-bc3a-2eea-bacf6514a358">
      <Execution id="acd670ac-5814-4749-a86e-9e0bb2ad2633" />
      <TestMethod codeBase="C:\Users\lauri\Desktop\Cerneala\tests\Cerneala.Tests.VisualStudio\bin\Release\net10.0-windows\Cerneala.Tests.VisualStudio.dll" adapterTypeName="executor://xunit/VsTestRunner2/netcoreapp" className="Cerneala.Tests.VisualStudio.Stage6ReleaseHarnessTests" name="VisualStudioAutomationIsIsolatedAndContainsNoGlobalInputOrShutdown" />
    </UnitTest>
    <UnitTest name="Cerneala.Tests.VisualStudio.CernealaServerProcessManagerTests.CancellationDuringRestartBackoffDoesNotStartAnotherProcess" storage="c:\users\lauri\desktop\cerneala\tests\cerneala.tests.visualstudio\bin\release\net10.0-windows\cerneala.tests.visualstudio.dll" id="f0d80f71-8509-e3f4-8c68-09823ecbf3aa">
      <Execution id="6bf8b071-f3bc-451f-bb6d-6573394c890b" />
      <TestMethod codeBase="C:\Users\lauri\Desktop\Cerneala\tests\Cerneala.Tests.VisualStudio\bin\Release\net10.0-windows\Cerneala.Tests.VisualStudio.dll" adapterTypeName="executor://xunit/VsTestRunner2/netcoreapp" className="Cerneala.Tests.VisualStudio.CernealaServerProcessManagerTests" name="CancellationDuringRestartBackoffDoesNotStartAnotherProcess" />
    </UnitTest>
    <UnitTest name="Cerneala.Tests.VisualStudio.CernealaServerProcessManagerTests.InitializationFailuresStopRequestingRestartsAtTheThreshold" storage="c:\users\lauri\desktop\cerneala\tests\cerneala.tests.visualstudio\bin\release\net10.0-windows\cerneala.tests.visualstudio.dll" id="c442d71f-62da-cd70-3402-9eb45e4bd8ac">
      <Execution id="a5e0e812-3206-484f-8a4a-4d2c75b0b1c0" />
      <TestMethod codeBase="C:\Users\lauri\Desktop\Cerneala\tests\Cerneala.Tests.VisualStudio\bin\Release\net10.0-windows\Cerneala.Tests.VisualStudio.dll" adapterTypeName="executor://xunit/VsTestRunner2/netcoreapp" className="Cerneala.Tests.VisualStudio.CernealaServerProcessManagerTests" name="InitializationFailuresStopRequestingRestartsAtTheThreshold" />
    </UnitTest>
    <UnitTest name="Cerneala.Tests.VisualStudio.VisualStudioPackageTests.PackageRegistrationIsGeneratedWithoutAnAutoLoadRule" storage="c:\users\lauri\desktop\cerneala\tests\cerneala.tests.visualstudio\bin\release\net10.0-windows\cerneala.tests.visualstudio.dll" id="9d6c6cc2-a8f6-65ad-4c35-01f538e07cf6">
      <Execution id="596c280b-4b06-48ca-af17-0bae559d2b0b" />
      <TestMethod codeBase="C:\Users\lauri\Desktop\Cerneala\tests\Cerneala.Tests.VisualStudio\bin\Release\net10.0-windows\Cerneala.Tests.VisualStudio.dll" adapterTypeName="executor://xunit/VsTestRunner2/netcoreapp" className="Cerneala.Tests.VisualStudio.VisualStudioPackageTests" name="PackageRegistrationIsGeneratedWithoutAnAutoLoadRule" />
    </UnitTest>
    <UnitTest name="Cerneala.Tests.VisualStudio.CernealaServerProcessManagerTests.DisableUpdateAndUninstallForceTerminationOnlyAfterTheTimeout(reasonValue: 4)" storage="c:\users\lauri\desktop\cerneala\tests\cerneala.tests.visualstudio\bin\release\net10.0-windows\cerneala.tests.visualstudio.dll" id="01581840-e127-678c-7429-d11cee0cbc26">
      <Execution id="03141e98-b362-4a11-889c-d173ac7168d8" />
      <TestMethod codeBase="C:\Users\lauri\Desktop\Cerneala\tests\Cerneala.Tests.VisualStudio\bin\Release\net10.0-windows\Cerneala.Tests.VisualStudio.dll" adapterTypeName="executor://xunit/VsTestRunner2/netcoreapp" className="Cerneala.Tests.VisualStudio.CernealaServerProcessManagerTests" name="DisableUpdateAndUninstallForceTerminationOnlyAfterTheTimeout" />
    </UnitTest>
    <UnitTest name="Cerneala.Tests.VisualStudio.CernealaServerProcessManagerTests.ProtocolFailureStopsTheSessionAndBacksOffBeforeRetry" storage="c:\users\lauri\desktop\cerneala\tests\cerneala.tests.visualstudio\bin\release\net10.0-windows\cerneala.tests.visualstudio.dll" id="d05f0bfc-4c98-275b-8fb6-7023bce6af8a">
      <Execution id="ccea6bd6-6774-4afe-a684-95f5c7fc7dad" />
      <TestMethod codeBase="C:\Users\lauri\Desktop\Cerneala\tests\Cerneala.Tests.VisualStudio\bin\Release\net10.0-windows\Cerneala.Tests.VisualStudio.dll" adapterTypeName="executor://xunit/VsTestRunner2/netcoreapp" className="Cerneala.Tests.VisualStudio.CernealaServerProcessManagerTests" name="ProtocolFailureStopsTheSessionAndBacksOffBeforeRetry" />
    </UnitTest>
    <UnitTest name="Cerneala.Tests.VisualStudio.Stage6ReleaseHarnessTests.ReleaseBuildDefinesDeterministicSigningAndChecksumContract" storage="c:\users\lauri\desktop\cerneala\tests\cerneala.tests.visualstudio\bin\release\net10.0-windows\cerneala.tests.visualstudio.dll" id="fc285e82-728f-ee1c-f5ec-f466011aca95">
      <Execution id="e3cff83c-9890-4163-a036-aaea9d0d5891" />
      <TestMethod codeBase="C:\Users\lauri\Desktop\Cerneala\tests\Cerneala.Tests.VisualStudio\bin\Release\net10.0-windows\Cerneala.Tests.VisualStudio.dll" adapterTypeName="executor://xunit/VsTestRunner2/netcoreapp" className="Cerneala.Tests.VisualStudio.Stage6ReleaseHarnessTests" name="ReleaseBuildDefinesDeterministicSigningAndChecksumContract" />
    </UnitTest>
    <UnitTest name="Cerneala.Tests.VisualStudio.CernealaGrammarTests.ElementTypeNamesUseThePlainTextFallbackClassification" storage="c:\users\lauri\desktop\cerneala\tests\cerneala.tests.visualstudio\bin\release\net10.0-windows\cerneala.tests.visualstudio.dll" id="b40cc3d6-478a-fd98-6656-d0378c5c9068">
      <Execution id="ac78ce1f-28da-4d81-909f-93ac713fa94e" />
      <TestMethod codeBase="C:\Users\lauri\Desktop\Cerneala\tests\Cerneala.Tests.VisualStudio\bin\Release\net10.0-windows\Cerneala.Tests.VisualStudio.dll" adapterTypeName="executor://xunit/VsTestRunner2/netcoreapp" className="Cerneala.Tests.VisualStudio.CernealaGrammarTests" name="ElementTypeNamesUseThePlainTextFallbackClassification" />
    </UnitTest>
    <UnitTest name="Cerneala.Tests.VisualStudio.VisualStudioPackageTests.LivePreviewReusesItsWpfFrameSurface" storage="c:\users\lauri\desktop\cerneala\tests\cerneala.tests.visualstudio\bin\release\net10.0-windows\cerneala.tests.visualstudio.dll" id="10a7bb15-74fd-06a2-b7d7-d11ab510c048">
      <Execution id="8d5f37b8-c676-46d8-99fd-8a9e1ecf6472" />
      <TestMethod codeBase="C:\Users\lauri\Desktop\Cerneala\tests\Cerneala.Tests.VisualStudio\bin\Release\net10.0-windows\Cerneala.Tests.VisualStudio.dll" adapterTypeName="executor://xunit/VsTestRunner2/netcoreapp" className="Cerneala.Tests.VisualStudio.VisualStudioPackageTests" name="LivePreviewReusesItsWpfFrameSurface" />
    </UnitTest>
    <UnitTest name="Cerneala.Tests.VisualStudio.VisualStudioPackageTests.LivePreviewZoomSelectionCommitsTheSelectedValueImmediately" storage="c:\users\lauri\desktop\cerneala\tests\cerneala.tests.visualstudio\bin\release\net10.0-windows\cerneala.tests.visualstudio.dll" id="7e2ddb20-f1ca-9368-3ca5-08f36d562bbb">
      <Execution id="98150936-3a86-4518-ac8f-0dd72545854e" />
      <TestMethod codeBase="C:\Users\lauri\Desktop\Cerneala\tests\Cerneala.Tests.VisualStudio\bin\Release\net10.0-windows\Cerneala.Tests.VisualStudio.dll" adapterTypeName="executor://xunit/VsTestRunner2/netcoreapp" className="Cerneala.Tests.VisualStudio.VisualStudioPackageTests" name="LivePreviewZoomSelectionCommitsTheSelectedValueImmediately" />
    </UnitTest>
    <UnitTest name="Cerneala.Tests.VisualStudio.VisualStudioPackageTests.LivePreviewDropdownsUseThePreviewToolbarChrome" storage="c:\users\lauri\desktop\cerneala\tests\cerneala.tests.visualstudio\bin\release\net10.0-windows\cerneala.tests.visualstudio.dll" id="bac9d538-1cc1-c139-eda7-8130df01fa9b">
      <Execution id="4ffdaca4-0e53-48f2-8f3b-fad5c88a5215" />
      <TestMethod codeBase="C:\Users\lauri\Desktop\Cerneala\tests\Cerneala.Tests.VisualStudio\bin\Release\net10.0-windows\Cerneala.Tests.VisualStudio.dll" adapterTypeName="executor://xunit/VsTestRunner2/netcoreapp" className="Cerneala.Tests.VisualStudio.VisualStudioPackageTests" name="LivePreviewDropdownsUseThePreviewToolbarChrome" />
    </UnitTest>
    <UnitTest name="Cerneala.Tests.VisualStudio.CernealaGrammarTests.StandardFallbackScopesResolveThroughEditorThemes(themeName: VisualStudioDark)" storage="c:\users\lauri\desktop\cerneala\tests\cerneala.tests.visualstudio\bin\release\net10.0-windows\cerneala.tests.visualstudio.dll" id="4787820d-c265-4462-ac6d-7055790a19d3">
      <Execution id="85bb6181-adfb-4625-892b-9d51ca1a7ef9" />
      <TestMethod codeBase="C:\Users\lauri\Desktop\Cerneala\tests\Cerneala.Tests.VisualStudio\bin\Release\net10.0-windows\Cerneala.Tests.VisualStudio.dll" adapterTypeName="executor://xunit/VsTestRunner2/netcoreapp" className="Cerneala.Tests.VisualStudio.CernealaGrammarTests" name="StandardFallbackScopesResolveThroughEditorThemes" />
    </UnitTest>
    <UnitTest name="Cerneala.Tests.VisualStudio.Stage4IntegrationHarnessTests.HarnessExercisesPresentationReloadAndPostEditBuild" storage="c:\users\lauri\desktop\cerneala\tests\cerneala.tests.visualstudio\bin\release\net10.0-windows\cerneala.tests.visualstudio.dll" id="fe5dd24f-dc40-c5aa-5a4a-64304e4c55c2">
      <Execution id="ad2d2c10-5743-4876-83f8-5288b38aaf3c" />
      <TestMethod codeBase="C:\Users\lauri\Desktop\Cerneala\tests\Cerneala.Tests.VisualStudio\bin\Release\net10.0-windows\Cerneala.Tests.VisualStudio.dll" adapterTypeName="executor://xunit/VsTestRunner2/netcoreapp" className="Cerneala.Tests.VisualStudio.Stage4IntegrationHarnessTests" name="HarnessExercisesPresentationReloadAndPostEditBuild" />
    </UnitTest>
    <UnitTest name="Cerneala.Tests.VisualStudio.CernealaServerProcessManagerTests.StartupFailureIsLoggedAndDoesNotCreateASession" storage="c:\users\lauri\desktop\cerneala\tests\cerneala.tests.visualstudio\bin\release\net10.0-windows\cerneala.tests.visualstudio.dll" id="67ffc602-8e28-b364-e4f8-872575ff0a34">
      <Execution id="ddb37485-1565-4b74-8eda-a5852c7e633e" />
      <TestMethod codeBase="C:\Users\lauri\Desktop\Cerneala\tests\Cerneala.Tests.VisualStudio\bin\Release\net10.0-windows\Cerneala.Tests.VisualStudio.dll" adapterTypeName="executor://xunit/VsTestRunner2/netcoreapp" className="Cerneala.Tests.VisualStudio.CernealaServerProcessManagerTests" name="StartupFailureIsLoggedAndDoesNotCreateASession" />
    </UnitTest>
    <UnitTest name="Cerneala.Tests.VisualStudio.Stage4IntegrationHarnessTests.CommunityAutomationUsesHiddenVisualStudioAndEditorApisOnly" storage="c:\users\lauri\desktop\cerneala\tests\cerneala.tests.visualstudio\bin\release\net10.0-windows\cerneala.tests.visualstudio.dll" id="0a7b87b4-29fc-5b75-0412-46d3cfb00af4">
      <Execution id="ddaeeb56-c5db-4177-b862-c37d18c66eb7" />
      <TestMethod codeBase="C:\Users\lauri\Desktop\Cerneala\tests\Cerneala.Tests.VisualStudio\bin\Release\net10.0-windows\Cerneala.Tests.VisualStudio.dll" adapterTypeName="executor://xunit/VsTestRunner2/netcoreapp" className="Cerneala.Tests.VisualStudio.Stage4IntegrationHarnessTests" name="CommunityAutomationUsesHiddenVisualStudioAndEditorApisOnly" />
    </UnitTest>
    <UnitTest name="Cerneala.Tests.VisualStudio.CernealaServerProcessManagerTests.DisableUpdateAndUninstallForceTerminationOnlyAfterTheTimeout(reasonValue: 1)" storage="c:\users\lauri\desktop\cerneala\tests\cerneala.tests.visualstudio\bin\release\net10.0-windows\cerneala.tests.visualstudio.dll" id="fbda840f-60ac-e6d5-a84e-476586dc2433">
      <Execution id="6fd1fb4d-a472-4004-ad2e-39cc9bb5172e" />
      <TestMethod codeBase="C:\Users\lauri\Desktop\Cerneala\tests\Cerneala.Tests.VisualStudio\bin\Release\net10.0-windows\Cerneala.Tests.VisualStudio.dll" adapterTypeName="executor://xunit/VsTestRunner2/netcoreapp" className="Cerneala.Tests.VisualStudio.CernealaServerProcessManagerTests" name="DisableUpdateAndUninstallForceTerminationOnlyAfterTheTimeout" />
    </UnitTest>
    <UnitTest name="Cerneala.Tests.VisualStudio.VisualStudioPackageTests.LivePreviewViewportResizeHandlesUseWpfDesignerChrome" storage="c:\users\lauri\desktop\cerneala\tests\cerneala.tests.visualstudio\bin\release\net10.0-windows\cerneala.tests.visualstudio.dll" id="a93fad51-a1d1-00d8-a7b0-fa4613dce165">
      <Execution id="17735cf1-f416-4f87-8c44-72d05ae0ee9c" />
      <TestMethod codeBase="C:\Users\lauri\Desktop\Cerneala\tests\Cerneala.Tests.VisualStudio\bin\Release\net10.0-windows\Cerneala.Tests.VisualStudio.dll" adapterTypeName="executor://xunit/VsTestRunner2/netcoreapp" className="Cerneala.Tests.VisualStudio.VisualStudioPackageTests" name="LivePreviewViewportResizeHandlesUseWpfDesignerChrome" />
    </UnitTest>
    <UnitTest name="Cerneala.Tests.VisualStudio.Stage5PerformanceHarnessTests.HarnessMeasuresBudgetsReloadAndRequiredSoak" storage="c:\users\lauri\desktop\cerneala\tests\cerneala.tests.visualstudio\bin\release\net10.0-windows\cerneala.tests.visualstudio.dll" id="06ddc766-3d26-5d72-cb71-b627a65946d0">
      <Execution id="c1aaca88-70e5-4949-b156-4e178ecabcd1" />
      <TestMethod codeBase="C:\Users\lauri\Desktop\Cerneala\tests\Cerneala.Tests.VisualStudio\bin\Release\net10.0-windows\Cerneala.Tests.VisualStudio.dll" adapterTypeName="executor://xunit/VsTestRunner2/netcoreapp" className="Cerneala.Tests.VisualStudio.Stage5PerformanceHarnessTests" name="HarnessMeasuresBudgetsReloadAndRequiredSoak" />
    </UnitTest>
    <UnitTest name="Cerneala.Tests.VisualStudio.VisualStudioPackageTests.CrnRegistrationDoesNotClaimXmlOrCompoundExtensions" storage="c:\users\lauri\desktop\cerneala\tests\cerneala.tests.visualstudio\bin\release\net10.0-windows\cerneala.tests.visualstudio.dll" id="07d29292-ef57-00c4-7eb4-485b53a6c98c">
      <Execution id="bdf29cd0-5aed-4790-ae55-d29226e4b4f2" />
      <TestMethod codeBase="C:\Users\lauri\Desktop\Cerneala\tests\Cerneala.Tests.VisualStudio\bin\Release\net10.0-windows\Cerneala.Tests.VisualStudio.dll" adapterTypeName="executor://xunit/VsTestRunner2/netcoreapp" className="Cerneala.Tests.VisualStudio.VisualStudioPackageTests" name="CrnRegistrationDoesNotClaimXmlOrCompoundExtensions" />
    </UnitTest>
    <UnitTest name="Cerneala.Tests.VisualStudio.CernealaGrammarTests.StringsAndReferencesUseTheRequestedFallbackClassifications" storage="c:\users\lauri\desktop\cerneala\tests\cerneala.tests.visualstudio\bin\release\net10.0-windows\cerneala.tests.visualstudio.dll" id="5c2e95fe-c637-9083-7d62-29bd41a3c5e7">
      <Execution id="957b5b5b-ced7-4102-b040-653e4d02b869" />
      <TestMethod codeBase="C:\Users\lauri\Desktop\Cerneala\tests\Cerneala.Tests.VisualStudio\bin\Release\net10.0-windows\Cerneala.Tests.VisualStudio.dll" adapterTypeName="executor://xunit/VsTestRunner2/netcoreapp" className="Cerneala.Tests.VisualStudio.CernealaGrammarTests" name="StringsAndReferencesUseTheRequestedFallbackClassifications" />
    </UnitTest>
    <UnitTest name="Cerneala.Tests.VisualStudio.VisualStudioPackageTests.LivePreviewUsesWpfStyleDesignerSurfaceAroundTheStandardEditor" storage="c:\users\lauri\desktop\cerneala\tests\cerneala.tests.visualstudio\bin\release\net10.0-windows\cerneala.tests.visualstudio.dll" id="e6c69b1a-092f-854a-fd6a-9e216f75db8e">
      <Execution id="d618927f-77d9-4b4f-92c5-99d5dbed08d0" />
      <TestMethod codeBase="C:\Users\lauri\Desktop\Cerneala\tests\Cerneala.Tests.VisualStudio\bin\Release\net10.0-windows\Cerneala.Tests.VisualStudio.dll" adapterTypeName="executor://xunit/VsTestRunner2/netcoreapp" className="Cerneala.Tests.VisualStudio.VisualStudioPackageTests" name="LivePreviewUsesWpfStyleDesignerSurfaceAroundTheStandardEditor" />
    </UnitTest>
    <UnitTest name="Cerneala.Tests.VisualStudio.CernealaGrammarTests.MotionHandleDeclarationAndUseHaveTheStandardLabelFallbackScope" storage="c:\users\lauri\desktop\cerneala\tests\cerneala.tests.visualstudio\bin\release\net10.0-windows\cerneala.tests.visualstudio.dll" id="d0598b7f-1b75-dca2-d481-9cfe4f766840">
      <Execution id="15cadd25-03fd-42fd-a2ad-9baa659e2972" />
      <TestMethod codeBase="C:\Users\lauri\Desktop\Cerneala\tests\Cerneala.Tests.VisualStudio\bin\Release\net10.0-windows\Cerneala.Tests.VisualStudio.dll" adapterTypeName="executor://xunit/VsTestRunner2/netcoreapp" className="Cerneala.Tests.VisualStudio.CernealaGrammarTests" name="MotionHandleDeclarationAndUseHaveTheStandardLabelFallbackScope" />
    </UnitTest>
    <UnitTest name="Cerneala.Tests.VisualStudio.VisualStudioPackageTests.LivePreviewRefreshCapIsEditablePerSession" storage="c:\users\lauri\desktop\cerneala\tests\cerneala.tests.visualstudio\bin\release\net10.0-windows\cerneala.tests.visualstudio.dll" id="1a6f992b-a4e3-16ba-b588-b053d561defc">
      <Execution id="3c4beb21-386d-48c9-8f8c-570d9714bda1" />
      <TestMethod codeBase="C:\Users\lauri\Desktop\Cerneala\tests\Cerneala.Tests.VisualStudio\bin\Release\net10.0-windows\Cerneala.Tests.VisualStudio.dll" adapterTypeName="executor://xunit/VsTestRunner2/netcoreapp" className="Cerneala.Tests.VisualStudio.VisualStudioPackageTests" name="LivePreviewRefreshCapIsEditablePerSession" />
    </UnitTest>
    <UnitTest name="Cerneala.Tests.VisualStudio.Stage5PerformanceHarnessTests.ProviderAndCommandsContainNoSynchronousUiThreadWaits" storage="c:\users\lauri\desktop\cerneala\tests\cerneala.tests.visualstudio\bin\release\net10.0-windows\cerneala.tests.visualstudio.dll" id="26ae89b8-6046-4487-685a-1c1f3b2bccff">
      <Execution id="3642c5d9-6a37-4a9e-80e4-43da72cd3d81" />
      <TestMethod codeBase="C:\Users\lauri\Desktop\Cerneala\tests\Cerneala.Tests.VisualStudio\bin\Release\net10.0-windows\Cerneala.Tests.VisualStudio.dll" adapterTypeName="executor://xunit/VsTestRunner2/netcoreapp" className="Cerneala.Tests.VisualStudio.Stage5PerformanceHarnessTests" name="ProviderAndCommandsContainNoSynchronousUiThreadWaits" />
    </UnitTest>
    <UnitTest name="Cerneala.Tests.VisualStudio.VisualStudioPackageTests.VsixContainsHostServerGrammarConfigurationAndAssets" storage="c:\users\lauri\desktop\cerneala\tests\cerneala.tests.visualstudio\bin\release\net10.0-windows\cerneala.tests.visualstudio.dll" id="90773390-dcbd-dbaa-9481-9598c1e7ad17">
      <Execution id="52690cdb-3322-40d9-ba75-84c1956008cb" />
      <TestMethod codeBase="C:\Users\lauri\Desktop\Cerneala\tests\Cerneala.Tests.VisualStudio\bin\Release\net10.0-windows\Cerneala.Tests.VisualStudio.dll" adapterTypeName="executor://xunit/VsTestRunner2/netcoreapp" className="Cerneala.Tests.VisualStudio.VisualStudioPackageTests" name="VsixContainsHostServerGrammarConfigurationAndAssets" />
    </UnitTest>
    <UnitTest name="Cerneala.Tests.VisualStudio.CernealaGrammarTests.StandardFallbackScopesResolveThroughEditorThemes(themeName: HighContrastDark)" storage="c:\users\lauri\desktop\cerneala\tests\cerneala.tests.visualstudio\bin\release\net10.0-windows\cerneala.tests.visualstudio.dll" id="ba705682-d211-25f4-024e-580577cac307">
      <Execution id="66ea58c6-514c-4a59-81f6-c5155020ba86" />
      <TestMethod codeBase="C:\Users\lauri\Desktop\Cerneala\tests\Cerneala.Tests.VisualStudio\bin\Release\net10.0-windows\Cerneala.Tests.VisualStudio.dll" adapterTypeName="executor://xunit/VsTestRunner2/netcoreapp" className="Cerneala.Tests.VisualStudio.CernealaGrammarTests" name="StandardFallbackScopesResolveThroughEditorThemes" />
    </UnitTest>
    <UnitTest name="Cerneala.Tests.VisualStudio.CernealaServerProcessManagerTests.DisableUpdateAndUninstallForceTerminationOnlyAfterTheTimeout(reasonValue: 2)" storage="c:\users\lauri\desktop\cerneala\tests\cerneala.tests.visualstudio\bin\release\net10.0-windows\cerneala.tests.visualstudio.dll" id="d92d86ae-59dc-08dd-5c91-750d5e5cb812">
      <Execution id="3a9446ee-ccc1-4928-99ed-256f23b1def9" />
      <TestMethod codeBase="C:\Users\lauri\Desktop\Cerneala\tests\Cerneala.Tests.VisualStudio\bin\Release\net10.0-windows\Cerneala.Tests.VisualStudio.dll" adapterTypeName="executor://xunit/VsTestRunner2/netcoreapp" className="Cerneala.Tests.VisualStudio.CernealaServerProcessManagerTests" name="DisableUpdateAndUninstallForceTerminationOnlyAfterTheTimeout" />
    </UnitTest>
    <UnitTest name="Cerneala.Tests.VisualStudio.CernealaGrammarTests.GoldenCorpusExposesApprovedFallbackScopes" storage="c:\users\lauri\desktop\cerneala\tests\cerneala.tests.visualstudio\bin\release\net10.0-windows\cerneala.tests.visualstudio.dll" id="1e942b4c-445b-aa3c-b9e8-dabf99b5f8bf">
      <Execution id="24947116-4705-4f6d-9b52-20906d209a08" />
      <TestMethod codeBase="C:\Users\lauri\Desktop\Cerneala\tests\Cerneala.Tests.VisualStudio\bin\Release\net10.0-windows\Cerneala.Tests.VisualStudio.dll" adapterTypeName="executor://xunit/VsTestRunner2/netcoreapp" className="Cerneala.Tests.VisualStudio.CernealaGrammarTests" name="GoldenCorpusExposesApprovedFallbackScopes" />
    </UnitTest>
    <UnitTest name="Cerneala.Tests.VisualStudio.Stage4IntegrationHarnessTests.ExternalConsumerCoversTheRequiredMarkupAndBuildContracts" storage="c:\users\lauri\desktop\cerneala\tests\cerneala.tests.visualstudio\bin\release\net10.0-windows\cerneala.tests.visualstudio.dll" id="c7c8b65c-ecb8-2a77-6a89-b792710b9b5b">
      <Execution id="421b6ddd-7eda-4fb6-bc36-a4dfd12b2981" />
      <TestMethod codeBase="C:\Users\lauri\Desktop\Cerneala\tests\Cerneala.Tests.VisualStudio\bin\Release\net10.0-windows\Cerneala.Tests.VisualStudio.dll" adapterTypeName="executor://xunit/VsTestRunner2/netcoreapp" className="Cerneala.Tests.VisualStudio.Stage4IntegrationHarnessTests" name="ExternalConsumerCoversTheRequiredMarkupAndBuildContracts" />
    </UnitTest>
    <UnitTest name="Cerneala.Tests.VisualStudio.CernealaGrammarTests.StandardFallbackScopesResolveThroughEditorThemes(themeName: VisualStudioLight)" storage="c:\users\lauri\desktop\cerneala\tests\cerneala.tests.visualstudio\bin\release\net10.0-windows\cerneala.tests.visualstudio.dll" id="54c3cd46-454e-d81c-de43-d9c94d3866fa">
      <Execution id="7cf02aad-bf7c-427e-8162-918865a8cfa1" />
      <TestMethod codeBase="C:\Users\lauri\Desktop\Cerneala\tests\Cerneala.Tests.VisualStudio\bin\Release\net10.0-windows\Cerneala.Tests.VisualStudio.dll" adapterTypeName="executor://xunit/VsTestRunner2/netcoreapp" className="Cerneala.Tests.VisualStudio.CernealaGrammarTests" name="StandardFallbackScopesResolveThroughEditorThemes" />
    </UnitTest>
    <UnitTest name="Cerneala.Tests.VisualStudio.Stage5PerformanceHarnessTests.ResultPublisherRecordsHardwareMetricsAndRawEvidence" storage="c:\users\lauri\desktop\cerneala\tests\cerneala.tests.visualstudio\bin\release\net10.0-windows\cerneala.tests.visualstudio.dll" id="afbac631-07bb-10f2-9b77-e2f70c551509">
      <Execution id="d6be8f50-3d62-48ce-9846-77d39d9424fd" />
      <TestMethod codeBase="C:\Users\lauri\Desktop\Cerneala\tests\Cerneala.Tests.VisualStudio\bin\Release\net10.0-windows\Cerneala.Tests.VisualStudio.dll" adapterTypeName="executor://xunit/VsTestRunner2/netcoreapp" className="Cerneala.Tests.VisualStudio.Stage5PerformanceHarnessTests" name="ResultPublisherRecordsHardwareMetricsAndRawEvidence" />
    </UnitTest>
    <UnitTest name="Cerneala.Tests.VisualStudio.CernealaServerProcessManagerTests.MissingBundledBinaryFailsWithTheInstallRelativePath" storage="c:\users\lauri\desktop\cerneala\tests\cerneala.tests.visualstudio\bin\release\net10.0-windows\cerneala.tests.visualstudio.dll" id="3d5f607b-7961-44cf-b5b7-111c977f5f76">
      <Execution id="bcf6532f-febe-4e24-ae5c-c95df579dff8" />
      <TestMethod codeBase="C:\Users\lauri\Desktop\Cerneala\tests\Cerneala.Tests.VisualStudio\bin\Release\net10.0-windows\Cerneala.Tests.VisualStudio.dll" adapterTypeName="executor://xunit/VsTestRunner2/netcoreapp" className="Cerneala.Tests.VisualStudio.CernealaServerProcessManagerTests" name="MissingBundledBinaryFailsWithTheInstallRelativePath" />
    </UnitTest>
    <UnitTest name="Cerneala.Tests.VisualStudio.Stage6ReleaseHarnessTests.ReleaseHarnessCoversInstallUpgradeDowngradeAndCleanUninstall" storage="c:\users\lauri\desktop\cerneala\tests\cerneala.tests.visualstudio\bin\release\net10.0-windows\cerneala.tests.visualstudio.dll" id="69d56c53-e35e-edba-a49f-edeac766a98b">
      <Execution id="412d770d-d1c4-458d-ac7a-81335cb9ec09" />
      <TestMethod codeBase="C:\Users\lauri\Desktop\Cerneala\tests\Cerneala.Tests.VisualStudio\bin\Release\net10.0-windows\Cerneala.Tests.VisualStudio.dll" adapterTypeName="executor://xunit/VsTestRunner2/netcoreapp" className="Cerneala.Tests.VisualStudio.Stage6ReleaseHarnessTests" name="ReleaseHarnessCoversInstallUpgradeDowngradeAndCleanUninstall" />
    </UnitTest>
    <UnitTest name="Cerneala.Tests.VisualStudio.CernealaGrammarTests.GrammarDelegatesColorsToClassificationThemes" storage="c:\users\lauri\desktop\cerneala\tests\cerneala.tests.visualstudio\bin\release\net10.0-windows\cerneala.tests.visualstudio.dll" id="76ce84db-01c2-b91b-8422-7bbb40fa1aea">
      <Execution id="6aabc69a-294a-41c3-964a-6122d3d18723" />
      <TestMethod codeBase="C:\Users\lauri\Desktop\Cerneala\tests\Cerneala.Tests.VisualStudio\bin\Release\net10.0-windows\Cerneala.Tests.VisualStudio.dll" adapterTypeName="executor://xunit/VsTestRunner2/netcoreapp" className="Cerneala.Tests.VisualStudio.CernealaGrammarTests" name="GrammarDelegatesColorsToClassificationThemes" />
    </UnitTest>
    <UnitTest name="Cerneala.Tests.VisualStudio.PreviewInputQueueTests.ConsecutivePointerMovesCoalesceWithoutCrossingButtonTransitions" storage="c:\users\lauri\desktop\cerneala\tests\cerneala.tests.visualstudio\bin\release\net10.0-windows\cerneala.tests.visualstudio.dll" id="384f5f6e-1325-1c22-d5e3-22aa9c2e5eda">
      <Execution id="23dea439-76e8-443d-a834-03da329d2d1f" />
      <TestMethod codeBase="C:\Users\lauri\Desktop\Cerneala\tests\Cerneala.Tests.VisualStudio\bin\Release\net10.0-windows\Cerneala.Tests.VisualStudio.dll" adapterTypeName="executor://xunit/VsTestRunner2/netcoreapp" className="Cerneala.Tests.VisualStudio.PreviewInputQueueTests" name="ConsecutivePointerMovesCoalesceWithoutCrossingButtonTransitions" />
    </UnitTest>
    <UnitTest name="Cerneala.Tests.VisualStudio.CernealaServerProcessManagerTests.CrashesUseBoundedBackoffAndDisableTheRestartLoopAtTheThreshold" storage="c:\users\lauri\desktop\cerneala\tests\cerneala.tests.visualstudio\bin\release\net10.0-windows\cerneala.tests.visualstudio.dll" id="f51e8ed3-04e8-6272-dd8e-c8baa4a6a549">
      <Execution id="0a6e7827-e617-475e-a583-f2bb7033e502" />
      <TestMethod codeBase="C:\Users\lauri\Desktop\Cerneala\tests\Cerneala.Tests.VisualStudio\bin\Release\net10.0-windows\Cerneala.Tests.VisualStudio.dll" adapterTypeName="executor://xunit/VsTestRunner2/netcoreapp" className="Cerneala.Tests.VisualStudio.CernealaServerProcessManagerTests" name="CrashesUseBoundedBackoffAndDisableTheRestartLoopAtTheThreshold" />
    </UnitTest>
    <UnitTest name="Cerneala.Tests.VisualStudio.CernealaGrammarTests.IncompleteDirectiveEditDoesNotLeakIntoTheFollowingTag" storage="c:\users\lauri\desktop\cerneala\tests\cerneala.tests.visualstudio\bin\release\net10.0-windows\cerneala.tests.visualstudio.dll" id="45b4ae95-45be-a3d0-6d77-76ba95213df0">
      <Execution id="2df08149-88db-4321-a2de-6c5b67d229ff" />
      <TestMethod codeBase="C:\Users\lauri\Desktop\Cerneala\tests\Cerneala.Tests.VisualStudio\bin\Release\net10.0-windows\Cerneala.Tests.VisualStudio.dll" adapterTypeName="executor://xunit/VsTestRunner2/netcoreapp" className="Cerneala.Tests.VisualStudio.CernealaGrammarTests" name="IncompleteDirectiveEditDoesNotLeakIntoTheFollowingTag" />
    </UnitTest>
    <UnitTest name="Cerneala.Tests.VisualStudio.CernealaGrammarTests.LanguageConfigurationProvidesLocalEditingWithoutAServer" storage="c:\users\lauri\desktop\cerneala\tests\cerneala.tests.visualstudio\bin\release\net10.0-windows\cerneala.tests.visualstudio.dll" id="84986281-0749-aa25-455c-8f67264cacc4">
      <Execution id="8641967b-9512-48b1-a2aa-26b3108984a4" />
      <TestMethod codeBase="C:\Users\lauri\Desktop\Cerneala\tests\Cerneala.Tests.VisualStudio\bin\Release\net10.0-windows\Cerneala.Tests.VisualStudio.dll" adapterTypeName="executor://xunit/VsTestRunner2/netcoreapp" className="Cerneala.Tests.VisualStudio.CernealaGrammarTests" name="LanguageConfigurationProvidesLocalEditingWithoutAServer" />
    </UnitTest>
    <UnitTest name="Cerneala.Tests.VisualStudio.PreviewChromeTests.CompactInputsFitTheToolbarAndCenterTheirText" storage="c:\users\lauri\desktop\cerneala\tests\cerneala.tests.visualstudio\bin\release\net10.0-windows\cerneala.tests.visualstudio.dll" id="5f15b43b-b722-4a12-d7fc-15f83cb74409">
      <Execution id="80862d70-b636-4d22-9a91-06ea065a9286" />
      <TestMethod codeBase="C:\Users\lauri\Desktop\Cerneala\tests\Cerneala.Tests.VisualStudio\bin\Release\net10.0-windows\Cerneala.Tests.VisualStudio.dll" adapterTypeName="executor://xunit/VsTestRunner2/netcoreapp" className="Cerneala.Tests.VisualStudio.PreviewChromeTests" name="CompactInputsFitTheToolbarAndCenterTheirText" />
    </UnitTest>
    <UnitTest name="Cerneala.Tests.VisualStudio.PreviewChromeTests.PreviewButtonsUseReadableDarkHoverChrome" storage="c:\users\lauri\desktop\cerneala\tests\cerneala.tests.visualstudio\bin\release\net10.0-windows\cerneala.tests.visualstudio.dll" id="3d6f817f-849b-ad6a-e6c3-08ea8f342613">
      <Execution id="7f1a8c56-2a88-4bcf-a25f-ece5786e1bab" />
      <TestMethod codeBase="C:\Users\lauri\Desktop\Cerneala\tests\Cerneala.Tests.VisualStudio\bin\Release\net10.0-windows\Cerneala.Tests.VisualStudio.dll" adapterTypeName="executor://xunit/VsTestRunner2/netcoreapp" className="Cerneala.Tests.VisualStudio.PreviewChromeTests" name="PreviewButtonsUseReadableDarkHoverChrome" />
    </UnitTest>
  </TestDefinitions>
  <TestEntries>
    <TestEntry testId="b40cc3d6-478a-fd98-6656-d0378c5c9068" executionId="ac78ce1f-28da-4d81-909f-93ac713fa94e" testListId="8c84fa94-04c1-424b-9868-57a2d4851a1d" />
    <TestEntry testId="0a7b87b4-29fc-5b75-0412-46d3cfb00af4" executionId="ddaeeb56-c5db-4177-b862-c37d18c66eb7" testListId="8c84fa94-04c1-424b-9868-57a2d4851a1d" />
    <TestEntry testId="d92d86ae-59dc-08dd-5c91-750d5e5cb812" executionId="3a9446ee-ccc1-4928-99ed-256f23b1def9" testListId="8c84fa94-04c1-424b-9868-57a2d4851a1d" />
    <TestEntry testId="5f15b43b-b722-4a12-d7fc-15f83cb74409" executionId="80862d70-b636-4d22-9a91-06ea065a9286" testListId="8c84fa94-04c1-424b-9868-57a2d4851a1d" />
    <TestEntry testId="3d6f817f-849b-ad6a-e6c3-08ea8f342613" executionId="7f1a8c56-2a88-4bcf-a25f-ece5786e1bab" testListId="8c84fa94-04c1-424b-9868-57a2d4851a1d" />
    <TestEntry testId="c95bf9aa-27d4-f8b8-dca5-dbdfb0789207" executionId="d6a80ad3-243d-478d-9b25-3906dc437f30" testListId="8c84fa94-04c1-424b-9868-57a2d4851a1d" />
    <TestEntry testId="4787820d-c265-4462-ac6d-7055790a19d3" executionId="85bb6181-adfb-4625-892b-9d51ca1a7ef9" testListId="8c84fa94-04c1-424b-9868-57a2d4851a1d" />
    <TestEntry testId="a3ed51f1-b88f-c499-d350-eeeac9e2483a" executionId="e12723d2-5e31-487e-913c-2aa045411048" testListId="8c84fa94-04c1-424b-9868-57a2d4851a1d" />
    <TestEntry testId="1e942b4c-445b-aa3c-b9e8-dabf99b5f8bf" executionId="24947116-4705-4f6d-9b52-20906d209a08" testListId="8c84fa94-04c1-424b-9868-57a2d4851a1d" />
    <TestEntry testId="10a7bb15-74fd-06a2-b7d7-d11ab510c048" executionId="8d5f37b8-c676-46d8-99fd-8a9e1ecf6472" testListId="8c84fa94-04c1-424b-9868-57a2d4851a1d" />
    <TestEntry testId="9d6c6cc2-a8f6-65ad-4c35-01f538e07cf6" executionId="596c280b-4b06-48ca-af17-0bae559d2b0b" testListId="8c84fa94-04c1-424b-9868-57a2d4851a1d" />
    <TestEntry testId="afbac631-07bb-10f2-9b77-e2f70c551509" executionId="d6be8f50-3d62-48ce-9846-77d39d9424fd" testListId="8c84fa94-04c1-424b-9868-57a2d4851a1d" />
    <TestEntry testId="76ce84db-01c2-b91b-8422-7bbb40fa1aea" executionId="6aabc69a-294a-41c3-964a-6122d3d18723" testListId="8c84fa94-04c1-424b-9868-57a2d4851a1d" />
    <TestEntry testId="24aae00f-77f6-bc3a-2eea-bacf6514a358" executionId="acd670ac-5814-4749-a86e-9e0bb2ad2633" testListId="8c84fa94-04c1-424b-9868-57a2d4851a1d" />
    <TestEntry testId="d0598b7f-1b75-dca2-d481-9cfe4f766840" executionId="15cadd25-03fd-42fd-a2ad-9baa659e2972" testListId="8c84fa94-04c1-424b-9868-57a2d4851a1d" />
    <TestEntry testId="240bbc67-1480-2a38-9518-3bb131458063" executionId="4a49b3ad-6778-4789-9e7e-7863cf6e9a3b" testListId="8c84fa94-04c1-424b-9868-57a2d4851a1d" />
    <TestEntry testId="f0bbdeef-5626-7dd3-1ecd-ecfb83aebaad" executionId="e3f387c8-4782-4876-a8e5-5fdd21668544" testListId="8c84fa94-04c1-424b-9868-57a2d4851a1d" />
    <TestEntry testId="fe5dd24f-dc40-c5aa-5a4a-64304e4c55c2" executionId="ad2d2c10-5743-4876-83f8-5288b38aaf3c" testListId="8c84fa94-04c1-424b-9868-57a2d4851a1d" />
    <TestEntry testId="fbda840f-60ac-e6d5-a84e-476586dc2433" executionId="6fd1fb4d-a472-4004-ad2e-39cc9bb5172e" testListId="8c84fa94-04c1-424b-9868-57a2d4851a1d" />
    <TestEntry testId="01581840-e127-678c-7429-d11cee0cbc26" executionId="03141e98-b362-4a11-889c-d173ac7168d8" testListId="8c84fa94-04c1-424b-9868-57a2d4851a1d" />
    <TestEntry testId="a93fad51-a1d1-00d8-a7b0-fa4613dce165" executionId="17735cf1-f416-4f87-8c44-72d05ae0ee9c" testListId="8c84fa94-04c1-424b-9868-57a2d4851a1d" />
    <TestEntry testId="e6c69b1a-092f-854a-fd6a-9e216f75db8e" executionId="d618927f-77d9-4b4f-92c5-99d5dbed08d0" testListId="8c84fa94-04c1-424b-9868-57a2d4851a1d" />
    <TestEntry testId="ba705682-d211-25f4-024e-580577cac307" executionId="66ea58c6-514c-4a59-81f6-c5155020ba86" testListId="8c84fa94-04c1-424b-9868-57a2d4851a1d" />
    <TestEntry testId="d05f0bfc-4c98-275b-8fb6-7023bce6af8a" executionId="ccea6bd6-6774-4afe-a684-95f5c7fc7dad" testListId="8c84fa94-04c1-424b-9868-57a2d4851a1d" />
    <TestEntry testId="5c2e95fe-c637-9083-7d62-29bd41a3c5e7" executionId="957b5b5b-ced7-4102-b040-653e4d02b869" testListId="8c84fa94-04c1-424b-9868-57a2d4851a1d" />
    <TestEntry testId="c442d71f-62da-cd70-3402-9eb45e4bd8ac" executionId="a5e0e812-3206-484f-8a4a-4d2c75b0b1c0" testListId="8c84fa94-04c1-424b-9868-57a2d4851a1d" />
    <TestEntry testId="f0d80f71-8509-e3f4-8c68-09823ecbf3aa" executionId="6bf8b071-f3bc-451f-bb6d-6573394c890b" testListId="8c84fa94-04c1-424b-9868-57a2d4851a1d" />
    <TestEntry testId="bac9d538-1cc1-c139-eda7-8130df01fa9b" executionId="4ffdaca4-0e53-48f2-8f3b-fad5c88a5215" testListId="8c84fa94-04c1-424b-9868-57a2d4851a1d" />
    <TestEntry testId="fb2eaa82-b5c2-d74a-ea3c-5434bcd5771f" executionId="fc870da0-cc6a-4911-a15d-f2f7b6969f89" testListId="8c84fa94-04c1-424b-9868-57a2d4851a1d" />
    <TestEntry testId="384f5f6e-1325-1c22-d5e3-22aa9c2e5eda" executionId="23dea439-76e8-443d-a834-03da329d2d1f" testListId="8c84fa94-04c1-424b-9868-57a2d4851a1d" />
    <TestEntry testId="45b4ae95-45be-a3d0-6d77-76ba95213df0" executionId="2df08149-88db-4321-a2de-6c5b67d229ff" testListId="8c84fa94-04c1-424b-9868-57a2d4851a1d" />
    <TestEntry testId="69d56c53-e35e-edba-a49f-edeac766a98b" executionId="412d770d-d1c4-458d-ac7a-81335cb9ec09" testListId="8c84fa94-04c1-424b-9868-57a2d4851a1d" />
    <TestEntry testId="0b2046d2-21d7-0208-176a-2642f59f7169" executionId="35ca9478-cd56-4cd5-ab7a-1947637aa0d9" testListId="8c84fa94-04c1-424b-9868-57a2d4851a1d" />
    <TestEntry testId="54c3cd46-454e-d81c-de43-d9c94d3866fa" executionId="7cf02aad-bf7c-427e-8162-918865a8cfa1" testListId="8c84fa94-04c1-424b-9868-57a2d4851a1d" />
    <TestEntry testId="07d29292-ef57-00c4-7eb4-485b53a6c98c" executionId="bdf29cd0-5aed-4790-ae55-d29226e4b4f2" testListId="8c84fa94-04c1-424b-9868-57a2d4851a1d" />
    <TestEntry testId="c7c8b65c-ecb8-2a77-6a89-b792710b9b5b" executionId="421b6ddd-7eda-4fb6-bc36-a4dfd12b2981" testListId="8c84fa94-04c1-424b-9868-57a2d4851a1d" />
    <TestEntry testId="b464d595-81e8-dc1a-30c9-a8f1b1d8bcd4" executionId="4a62be34-3a57-4844-b544-489e83b5fa54" testListId="8c84fa94-04c1-424b-9868-57a2d4851a1d" />
    <TestEntry testId="84986281-0749-aa25-455c-8f67264cacc4" executionId="8641967b-9512-48b1-a2aa-26b3108984a4" testListId="8c84fa94-04c1-424b-9868-57a2d4851a1d" />
    <TestEntry testId="7e2ddb20-f1ca-9368-3ca5-08f36d562bbb" executionId="98150936-3a86-4518-ac8f-0dd72545854e" testListId="8c84fa94-04c1-424b-9868-57a2d4851a1d" />
    <TestEntry testId="26ae89b8-6046-4487-685a-1c1f3b2bccff" executionId="3642c5d9-6a37-4a9e-80e4-43da72cd3d81" testListId="8c84fa94-04c1-424b-9868-57a2d4851a1d" />
    <TestEntry testId="1a6f992b-a4e3-16ba-b588-b053d561defc" executionId="3c4beb21-386d-48c9-8f8c-570d9714bda1" testListId="8c84fa94-04c1-424b-9868-57a2d4851a1d" />
    <TestEntry testId="67ffc602-8e28-b364-e4f8-872575ff0a34" executionId="ddb37485-1565-4b74-8eda-a5852c7e633e" testListId="8c84fa94-04c1-424b-9868-57a2d4851a1d" />
    <TestEntry testId="3d5f607b-7961-44cf-b5b7-111c977f5f76" executionId="bcf6532f-febe-4e24-ae5c-c95df579dff8" testListId="8c84fa94-04c1-424b-9868-57a2d4851a1d" />
    <TestEntry testId="06ddc766-3d26-5d72-cb71-b627a65946d0" executionId="c1aaca88-70e5-4949-b156-4e178ecabcd1" testListId="8c84fa94-04c1-424b-9868-57a2d4851a1d" />
    <TestEntry testId="90773390-dcbd-dbaa-9481-9598c1e7ad17" executionId="52690cdb-3322-40d9-ba75-84c1956008cb" testListId="8c84fa94-04c1-424b-9868-57a2d4851a1d" />
    <TestEntry testId="f51e8ed3-04e8-6272-dd8e-c8baa4a6a549" executionId="0a6e7827-e617-475e-a583-f2bb7033e502" testListId="8c84fa94-04c1-424b-9868-57a2d4851a1d" />
    <TestEntry testId="fc285e82-728f-ee1c-f5ec-f466011aca95" executionId="e3cff83c-9890-4163-a036-aaea9d0d5891" testListId="8c84fa94-04c1-424b-9868-57a2d4851a1d" />
  </TestEntries>
  <TestLists>
    <TestList name="Results Not in a List" id="8c84fa94-04c1-424b-9868-57a2d4851a1d" />
    <TestList name="All Loaded Results" id="19431567-8539-422a-85d7-44ee4e166bda" />
  </TestLists>
  <ResultSummary outcome="Completed">
    <Counters total="47" executed="47" passed="47" failed="0" error="0" timeout="0" aborted="0" inconclusive="0" passedButRunAborted="0" notRunnable="0" notExecuted="0" disconnected="0" warning="0" completed="0" inProgress="0" pending="0" />
    <Output>
      <StdOut>[xUnit.net 00:00:00.00] xUnit.net VSTest Adapter v2.5.3.1+6b60a9e56a (64-bit .NET 10.0.11)&#xD;
[xUnit.net 00:00:00.08]   Discovering: Cerneala.Tests.VisualStudio&#xD;
[xUnit.net 00:00:00.13]   Discovered:  Cerneala.Tests.VisualStudio&#xD;
[xUnit.net 00:00:00.14]   Starting:    Cerneala.Tests.VisualStudio&#xD;
[xUnit.net 00:00:01.02]   Finished:    Cerneala.Tests.VisualStudio&#xD;
</StdOut>
    </Output>
  </ResultSummary>
</TestRun>