  Determining projects to restore...
  Restored C:\Users\lauri\Desktop\Cerneala\Cerneala.Backends.SdlGpu\Cerneala.Backends.SdlGpu.csproj (in 734 ms).
  Restored C:\Users\lauri\Desktop\Cerneala\Cerneala.csproj (in 734 ms).
  Restored C:\Users\lauri\Desktop\Cerneala\Cerneala.Language\Cerneala.Language.csproj (in 734 ms).
  Restored C:\Users\lauri\Desktop\Cerneala\Cerneala.SourceGen\Cerneala.SourceGen.csproj (in 734 ms).
  Restored C:\Users\lauri\Desktop\Cerneala\Playground\Cerneala.SceneVillage\Cerneala.SceneVillage.csproj (in 734 ms).
  Restored C:\Users\lauri\Desktop\Cerneala\Cerneala.Platforms.Sdl3\Cerneala.Platforms.Sdl3.csproj (in 873 ms).
  Cerneala.Language -> C:\Users\lauri\Desktop\Cerneala\Cerneala.Language\bin\Release\netstandard2.0\Cerneala.Language.dll
  Cerneala.SourceGen -> C:\Users\lauri\Desktop\Cerneala\Cerneala.SourceGen\bin\Release\netstandard2.0\Cerneala.SourceGen.dll
C:\Users\lauri\Desktop\Cerneala\artifacts\rendersurface3d\control-stage4\baseline\obj\Debug\net8.0\.NETCoreApp,Version=v8.0.AssemblyAttributes.cs(4,12): error CS0579: Duplicate 'global::System.Runtime.Versioning.TargetFrameworkAttribute' attribute [C:\Users\lauri\Desktop\Cerneala\Cerneala.csproj]
C:\Users\lauri\Desktop\Cerneala\artifacts\rendersurface3d\control-stage4\baseline\obj\Debug\net8.0\tests__Cerneala.SdlGpuSmoke__Cerneala.SdlGpuSmoke.AssemblyInfo.cs(13,12): error CS0579: Duplicate 'System.Reflection.AssemblyCompanyAttribute' attribute [C:\Users\lauri\Desktop\Cerneala\Cerneala.csproj]
C:\Users\lauri\Desktop\Cerneala\artifacts\rendersurface3d\control-stage4\baseline\obj\Debug\net8.0\tests__Cerneala.SdlGpuSmoke__Cerneala.SdlGpuSmoke.AssemblyInfo.cs(14,12): error CS0579: Duplicate 'System.Reflection.AssemblyConfigurationAttribute' attribute [C:\Users\lauri\Desktop\Cerneala\Cerneala.csproj]
C:\Users\lauri\Desktop\Cerneala\artifacts\rendersurface3d\control-stage4\baseline\obj\Debug\net8.0\tests__Cerneala.SdlGpuSmoke__Cerneala.SdlGpuSmoke.AssemblyInfo.cs(15,12): error CS0579: Duplicate 'System.Reflection.AssemblyFileVersionAttribute' attribute [C:\Users\lauri\Desktop\Cerneala\Cerneala.csproj]
C:\Users\lauri\Desktop\Cerneala\artifacts\rendersurface3d\control-stage4\baseline\obj\Debug\net8.0\tests__Cerneala.SdlGpuSmoke__Cerneala.SdlGpuSmoke.AssemblyInfo.cs(16,12): error CS0579: Duplicate 'System.Reflection.AssemblyInformationalVersionAttribute' attribute [C:\Users\lauri\Desktop\Cerneala\Cerneala.csproj]
C:\Users\lauri\Desktop\Cerneala\artifacts\rendersurface3d\control-stage4\baseline\obj\Debug\net8.0\tests__Cerneala.SdlGpuSmoke__Cerneala.SdlGpuSmoke.AssemblyInfo.cs(17,12): error CS0579: Duplicate 'System.Reflection.AssemblyProductAttribute' attribute [C:\Users\lauri\Desktop\Cerneala\Cerneala.csproj]
C:\Users\lauri\Desktop\Cerneala\artifacts\rendersurface3d\control-stage4\baseline\obj\Debug\net8.0\tests__Cerneala.SdlGpuSmoke__Cerneala.SdlGpuSmoke.AssemblyInfo.cs(18,12): error CS0579: Duplicate 'System.Reflection.AssemblyTitleAttribute' attribute [C:\Users\lauri\Desktop\Cerneala\Cerneala.csproj]
C:\Users\lauri\Desktop\Cerneala\artifacts\rendersurface3d\control-stage4\baseline\obj\Debug\net8.0\tests__Cerneala.SdlGpuSmoke__Cerneala.SdlGpuSmoke.AssemblyInfo.cs(19,12): error CS0579: Duplicate 'System.Reflection.AssemblyVersionAttribute' attribute [C:\Users\lauri\Desktop\Cerneala\Cerneala.csproj]
C:\Users\lauri\Desktop\Cerneala\artifacts\rendersurface3d\control-stage4\final\sources\obj\Debug\net10.0-windows\.NETCoreApp,Version=v10.0.AssemblyAttributes.cs(4,12): error CS0579: Duplicate 'global::System.Runtime.Versioning.TargetFrameworkAttribute' attribute [C:\Users\lauri\Desktop\Cerneala\Cerneala.csproj]
C:\Users\lauri\Desktop\Cerneala\artifacts\rendersurface3d\control-stage4\final\sources\obj\Debug\net10.0-windows\tests__Cerneala.Tests.PreviewHost__Cerneala.Tests.PreviewHost.AssemblyInfo.cs(13,12): error CS0579: Duplicate 'System.Reflection.AssemblyCompanyAttribute' attribute [C:\Users\lauri\Desktop\Cerneala\Cerneala.csproj]
C:\Users\lauri\Desktop\Cerneala\artifacts\rendersurface3d\control-stage4\final\sources\obj\Debug\net10.0-windows\tests__Cerneala.Tests.PreviewHost__Cerneala.Tests.PreviewHost.AssemblyInfo.cs(14,12): error CS0579: Duplicate 'System.Reflection.AssemblyConfigurationAttribute' attribute [C:\Users\lauri\Desktop\Cerneala\Cerneala.csproj]
C:\Users\lauri\Desktop\Cerneala\artifacts\rendersurface3d\control-stage4\final\sources\obj\Debug\net10.0-windows\tests__Cerneala.Tests.PreviewHost__Cerneala.Tests.PreviewHost.AssemblyInfo.cs(15,12): error CS0579: Duplicate 'System.Reflection.AssemblyFileVersionAttribute' attribute [C:\Users\lauri\Desktop\Cerneala\Cerneala.csproj]
C:\Users\lauri\Desktop\Cerneala\artifacts\rendersurface3d\control-stage4\final\sources\obj\Debug\net10.0-windows\tests__Cerneala.Tests.PreviewHost__Cerneala.Tests.PreviewHost.AssemblyInfo.cs(16,12): error CS0579: Duplicate 'System.Reflection.AssemblyInformationalVersionAttribute' attribute [C:\Users\lauri\Desktop\Cerneala\Cerneala.csproj]
C:\Users\lauri\Desktop\Cerneala\artifacts\rendersurface3d\control-stage4\final\sources\obj\Debug\net10.0-windows\tests__Cerneala.Tests.PreviewHost__Cerneala.Tests.PreviewHost.AssemblyInfo.cs(17,12): error CS0579: Duplicate 'System.Reflection.AssemblyProductAttribute' attribute [C:\Users\lauri\Desktop\Cerneala\Cerneala.csproj]
C:\Users\lauri\Desktop\Cerneala\artifacts\rendersurface3d\control-stage4\final\sources\obj\Debug\net10.0-windows\tests__Cerneala.Tests.PreviewHost__Cerneala.Tests.PreviewHost.AssemblyInfo.cs(18,12): error CS0579: Duplicate 'System.Reflection.AssemblyTitleAttribute' attribute [C:\Users\lauri\Desktop\Cerneala\Cerneala.csproj]
C:\Users\lauri\Desktop\Cerneala\artifacts\rendersurface3d\control-stage4\final\sources\obj\Debug\net10.0-windows\tests__Cerneala.Tests.PreviewHost__Cerneala.Tests.PreviewHost.AssemblyInfo.cs(19,12): error CS0579: Duplicate 'System.Reflection.AssemblyVersionAttribute' attribute [C:\Users\lauri\Desktop\Cerneala\Cerneala.csproj]
C:\Users\lauri\Desktop\Cerneala\artifacts\rendersurface3d\control-stage4\final\sources\obj\Debug\net10.0-windows\tests__Cerneala.Tests.PreviewHost__Cerneala.Tests.PreviewHost.AssemblyInfo.cs(20,12): error CS0579: Duplicate 'System.Runtime.Versioning.TargetPlatformAttribute' attribute [C:\Users\lauri\Desktop\Cerneala\Cerneala.csproj]
C:\Users\lauri\Desktop\Cerneala\artifacts\rendersurface3d\control-stage4\final\sources\obj\Debug\net8.0-windows\.NETCoreApp,Version=v8.0.AssemblyAttributes.cs(4,12): error CS0579: Duplicate 'global::System.Runtime.Versioning.TargetFrameworkAttribute' attribute [C:\Users\lauri\Desktop\Cerneala\Cerneala.csproj]
C:\Users\lauri\Desktop\Cerneala\artifacts\rendersurface3d\control-stage4\final\sources\obj\Debug\net8.0-windows\benchmarks__Cerneala.Benchmarks__Cerneala.Benchmarks.AssemblyInfo.cs(13,12): error CS0579: Duplicate 'System.Reflection.AssemblyCompanyAttribute' attribute [C:\Users\lauri\Desktop\Cerneala\Cerneala.csproj]
C:\Users\lauri\Desktop\Cerneala\artifacts\rendersurface3d\control-stage4\final\sources\obj\Debug\net8.0-windows\benchmarks__Cerneala.Benchmarks__Cerneala.Benchmarks.AssemblyInfo.cs(14,12): error CS0579: Duplicate 'System.Reflection.AssemblyConfigurationAttribute' attribute [C:\Users\lauri\Desktop\Cerneala\Cerneala.csproj]
C:\Users\lauri\Desktop\Cerneala\artifacts\rendersurface3d\control-stage4\final\sources\obj\Debug\net8.0-windows\benchmarks__Cerneala.Benchmarks__Cerneala.Benchmarks.AssemblyInfo.cs(15,12): error CS0579: Duplicate 'System.Reflection.AssemblyFileVersionAttribute' attribute [C:\Users\lauri\Desktop\Cerneala\Cerneala.csproj]
C:\Users\lauri\Desktop\Cerneala\artifacts\rendersurface3d\control-stage4\final\sources\obj\Debug\net8.0-windows\benchmarks__Cerneala.Benchmarks__Cerneala.Benchmarks.AssemblyInfo.cs(16,12): error CS0579: Duplicate 'System.Reflection.AssemblyInformationalVersionAttribute' attribute [C:\Users\lauri\Desktop\Cerneala\Cerneala.csproj]
C:\Users\lauri\Desktop\Cerneala\artifacts\rendersurface3d\control-stage4\final\sources\obj\Debug\net8.0-windows\benchmarks__Cerneala.Benchmarks__Cerneala.Benchmarks.AssemblyInfo.cs(17,12): error CS0579: Duplicate 'System.Reflection.AssemblyProductAttribute' attribute [C:\Users\lauri\Desktop\Cerneala\Cerneala.csproj]
C:\Users\lauri\Desktop\Cerneala\artifacts\rendersurface3d\control-stage4\final\sources\obj\Debug\net8.0-windows\benchmarks__Cerneala.Benchmarks__Cerneala.Benchmarks.AssemblyInfo.cs(18,12): error CS0579: Duplicate 'System.Reflection.AssemblyTitleAttribute' attribute [C:\Users\lauri\Desktop\Cerneala\Cerneala.csproj]
C:\Users\lauri\Desktop\Cerneala\artifacts\rendersurface3d\control-stage4\final\sources\obj\Debug\net8.0-windows\benchmarks__Cerneala.Benchmarks__Cerneala.Benchmarks.AssemblyInfo.cs(19,12): error CS0579: Duplicate 'System.Reflection.AssemblyVersionAttribute' attribute [C:\Users\lauri\Desktop\Cerneala\Cerneala.csproj]
C:\Users\lauri\Desktop\Cerneala\artifacts\rendersurface3d\control-stage4\final\sources\obj\Debug\net8.0-windows\benchmarks__Cerneala.Benchmarks__Cerneala.Benchmarks.AssemblyInfo.cs(20,12): error CS0579: Duplicate 'System.Runtime.Versioning.TargetPlatformAttribute' attribute [C:\Users\lauri\Desktop\Cerneala\Cerneala.csproj]
C:\Users\lauri\Desktop\Cerneala\artifacts\rendersurface3d\control-stage4\final\sources\obj\Debug\net8.0-windows\tests__Cerneala.Tests__Cerneala.Tests.AssemblyInfo.cs(13,12): error CS0579: Duplicate 'System.Reflection.AssemblyCompanyAttribute' attribute [C:\Users\lauri\Desktop\Cerneala\Cerneala.csproj]
C:\Users\lauri\Desktop\Cerneala\artifacts\rendersurface3d\control-stage4\final\sources\obj\Debug\net8.0-windows\tests__Cerneala.Tests__Cerneala.Tests.AssemblyInfo.cs(14,12): error CS0579: Duplicate 'System.Reflection.AssemblyConfigurationAttribute' attribute [C:\Users\lauri\Desktop\Cerneala\Cerneala.csproj]
C:\Users\lauri\Desktop\Cerneala\artifacts\rendersurface3d\control-stage4\final\sources\obj\Debug\net8.0-windows\tests__Cerneala.Tests__Cerneala.Tests.AssemblyInfo.cs(15,12): error CS0579: Duplicate 'System.Reflection.AssemblyFileVersionAttribute' attribute [C:\Users\lauri\Desktop\Cerneala\Cerneala.csproj]
C:\Users\lauri\Desktop\Cerneala\artifacts\rendersurface3d\control-stage4\final\sources\obj\Debug\net8.0-windows\tests__Cerneala.Tests__Cerneala.Tests.AssemblyInfo.cs(16,12): error CS0579: Duplicate 'System.Reflection.AssemblyInformationalVersionAttribute' attribute [C:\Users\lauri\Desktop\Cerneala\Cerneala.csproj]
C:\Users\lauri\Desktop\Cerneala\artifacts\rendersurface3d\control-stage4\final\sources\obj\Debug\net8.0-windows\tests__Cerneala.Tests__Cerneala.Tests.AssemblyInfo.cs(17,12): error CS0579: Duplicate 'System.Reflection.AssemblyProductAttribute' attribute [C:\Users\lauri\Desktop\Cerneala\Cerneala.csproj]
C:\Users\lauri\Desktop\Cerneala\artifacts\rendersurface3d\control-stage4\final\sources\obj\Debug\net8.0-windows\tests__Cerneala.Tests__Cerneala.Tests.AssemblyInfo.cs(18,12): error CS0579: Duplicate 'System.Reflection.AssemblyTitleAttribute' attribute [C:\Users\lauri\Desktop\Cerneala\Cerneala.csproj]
C:\Users\lauri\Desktop\Cerneala\artifacts\rendersurface3d\control-stage4\final\sources\obj\Debug\net8.0-windows\tests__Cerneala.Tests__Cerneala.Tests.AssemblyInfo.cs(19,12): error CS0579: Duplicate 'System.Reflection.AssemblyVersionAttribute' attribute [C:\Users\lauri\Desktop\Cerneala\Cerneala.csproj]
C:\Users\lauri\Desktop\Cerneala\artifacts\rendersurface3d\control-stage4\final\sources\obj\Debug\net8.0-windows\tests__Cerneala.Tests__Cerneala.Tests.AssemblyInfo.cs(20,12): error CS0579: Duplicate 'System.Runtime.Versioning.TargetPlatformAttribute' attribute [C:\Users\lauri\Desktop\Cerneala\Cerneala.csproj]
C:\Users\lauri\Desktop\Cerneala\artifacts\rendersurface3d\control-stage4\final\sources\obj\Debug\net8.0\.NETCoreApp,Version=v8.0.AssemblyAttributes.cs(4,12): error CS0579: Duplicate 'global::System.Runtime.Versioning.TargetFrameworkAttribute' attribute [C:\Users\lauri\Desktop\Cerneala\Cerneala.csproj]
C:\Users\lauri\Desktop\Cerneala\artifacts\rendersurface3d\control-stage4\final\sources\obj\Debug\net8.0\tests__Cerneala.SdlGpuSmoke__Cerneala.SdlGpuSmoke.AssemblyInfo.cs(13,12): error CS0579: Duplicate 'System.Reflection.AssemblyCompanyAttribute' attribute [C:\Users\lauri\Desktop\Cerneala\Cerneala.csproj]
C:\Users\lauri\Desktop\Cerneala\artifacts\rendersurface3d\control-stage4\final\sources\obj\Debug\net8.0\tests__Cerneala.SdlGpuSmoke__Cerneala.SdlGpuSmoke.AssemblyInfo.cs(14,12): error CS0579: Duplicate 'System.Reflection.AssemblyConfigurationAttribute' attribute [C:\Users\lauri\Desktop\Cerneala\Cerneala.csproj]
C:\Users\lauri\Desktop\Cerneala\artifacts\rendersurface3d\control-stage4\final\sources\obj\Debug\net8.0\tests__Cerneala.SdlGpuSmoke__Cerneala.SdlGpuSmoke.AssemblyInfo.cs(15,12): error CS0579: Duplicate 'System.Reflection.AssemblyFileVersionAttribute' attribute [C:\Users\lauri\Desktop\Cerneala\Cerneala.csproj]
C:\Users\lauri\Desktop\Cerneala\artifacts\rendersurface3d\control-stage4\final\sources\obj\Debug\net8.0\tests__Cerneala.SdlGpuSmoke__Cerneala.SdlGpuSmoke.AssemblyInfo.cs(16,12): error CS0579: Duplicate 'System.Reflection.AssemblyInformationalVersionAttribute' attribute [C:\Users\lauri\Desktop\Cerneala\Cerneala.csproj]
C:\Users\lauri\Desktop\Cerneala\artifacts\rendersurface3d\control-stage4\final\sources\obj\Debug\net8.0\tests__Cerneala.SdlGpuSmoke__Cerneala.SdlGpuSmoke.AssemblyInfo.cs(17,12): error CS0579: Duplicate 'System.Reflection.AssemblyProductAttribute' attribute [C:\Users\lauri\Desktop\Cerneala\Cerneala.csproj]
C:\Users\lauri\Desktop\Cerneala\artifacts\rendersurface3d\control-stage4\final\sources\obj\Debug\net8.0\tests__Cerneala.SdlGpuSmoke__Cerneala.SdlGpuSmoke.AssemblyInfo.cs(18,12): error CS0579: Duplicate 'System.Reflection.AssemblyTitleAttribute' attribute [C:\Users\lauri\Desktop\Cerneala\Cerneala.csproj]
C:\Users\lauri\Desktop\Cerneala\artifacts\rendersurface3d\control-stage4\final\sources\obj\Debug\net8.0\tests__Cerneala.SdlGpuSmoke__Cerneala.SdlGpuSmoke.AssemblyInfo.cs(19,12): error CS0579: Duplicate 'System.Reflection.AssemblyVersionAttribute' attribute [C:\Users\lauri\Desktop\Cerneala\Cerneala.csproj]
C:\Users\lauri\Desktop\Cerneala\obj\Release\net8.0\.NETCoreApp,Version=v8.0.AssemblyAttributes.cs(4,12): error CS0579: Duplicate 'global::System.Runtime.Versioning.TargetFrameworkAttribute' attribute [C:\Users\lauri\Desktop\Cerneala\Cerneala.csproj]
C:\Users\lauri\Desktop\Cerneala\obj\Release\net8.0\Cerneala.AssemblyInfo.cs(13,12): error CS0579: Duplicate 'System.Reflection.AssemblyCompanyAttribute' attribute [C:\Users\lauri\Desktop\Cerneala\Cerneala.csproj]
C:\Users\lauri\Desktop\Cerneala\obj\Release\net8.0\Cerneala.AssemblyInfo.cs(14,12): error CS0579: Duplicate 'System.Reflection.AssemblyConfigurationAttribute' attribute [C:\Users\lauri\Desktop\Cerneala\Cerneala.csproj]
C:\Users\lauri\Desktop\Cerneala\obj\Release\net8.0\Cerneala.AssemblyInfo.cs(15,12): error CS0579: Duplicate 'System.Reflection.AssemblyFileVersionAttribute' attribute [C:\Users\lauri\Desktop\Cerneala\Cerneala.csproj]
C:\Users\lauri\Desktop\Cerneala\obj\Release\net8.0\Cerneala.AssemblyInfo.cs(16,12): error CS0579: Duplicate 'System.Reflection.AssemblyInformationalVersionAttribute' attribute [C:\Users\lauri\Desktop\Cerneala\Cerneala.csproj]
C:\Users\lauri\Desktop\Cerneala\obj\Release\net8.0\Cerneala.AssemblyInfo.cs(17,12): error CS0579: Duplicate 'System.Reflection.AssemblyProductAttribute' attribute [C:\Users\lauri\Desktop\Cerneala\Cerneala.csproj]
C:\Users\lauri\Desktop\Cerneala\obj\Release\net8.0\Cerneala.AssemblyInfo.cs(18,12): error CS0579: Duplicate 'System.Reflection.AssemblyTitleAttribute' attribute [C:\Users\lauri\Desktop\Cerneala\Cerneala.csproj]
C:\Users\lauri\Desktop\Cerneala\obj\Release\net8.0\Cerneala.AssemblyInfo.cs(19,12): error CS0579: Duplicate 'System.Reflection.AssemblyVersionAttribute' attribute [C:\Users\lauri\Desktop\Cerneala\Cerneala.csproj]
C:\Users\lauri\Desktop\Cerneala\artifacts\rendersurface3d\control-stage4\final\sources\obj\Debug\net10.0-windows\tests__Cerneala.Tests.PreviewHost__Cerneala.Tests.PreviewHost.GlobalUsings.g.cs(9,14): error CS0246: The type or namespace name 'Xunit' could not be found (are you missing a using directive or an assembly reference?) [C:\Users\lauri\Desktop\Cerneala\Cerneala.csproj]
C:\Users\lauri\Desktop\Cerneala\artifacts\rendersurface3d\control-stage4\final\sources\obj\Debug\net8.0-windows\tests__Cerneala.Tests__Cerneala.Tests.GlobalUsings.g.cs(14,14): error CS0246: The type or namespace name 'Xunit' could not be found (are you missing a using directive or an assembly reference?) [C:\Users\lauri\Desktop\Cerneala\Cerneala.csproj]

Build FAILED.

C:\Users\lauri\Desktop\Cerneala\artifacts\rendersurface3d\control-stage4\baseline\obj\Debug\net8.0\.NETCoreApp,Version=v8.0.AssemblyAttributes.cs(4,12): error CS0579: Duplicate 'global::System.Runtime.Versioning.TargetFrameworkAttribute' attribute [C:\Users\lauri\Desktop\Cerneala\Cerneala.csproj]
C:\Users\lauri\Desktop\Cerneala\artifacts\rendersurface3d\control-stage4\baseline\obj\Debug\net8.0\tests__Cerneala.SdlGpuSmoke__Cerneala.SdlGpuSmoke.AssemblyInfo.cs(13,12): error CS0579: Duplicate 'System.Reflection.AssemblyCompanyAttribute' attribute [C:\Users\lauri\Desktop\Cerneala\Cerneala.csproj]
C:\Users\lauri\Desktop\Cerneala\artifacts\rendersurface3d\control-stage4\baseline\obj\Debug\net8.0\tests__Cerneala.SdlGpuSmoke__Cerneala.SdlGpuSmoke.AssemblyInfo.cs(14,12): error CS0579: Duplicate 'System.Reflection.AssemblyConfigurationAttribute' attribute [C:\Users\lauri\Desktop\Cerneala\Cerneala.csproj]
C:\Users\lauri\Desktop\Cerneala\artifacts\rendersurface3d\control-stage4\baseline\obj\Debug\net8.0\tests__Cerneala.SdlGpuSmoke__Cerneala.SdlGpuSmoke.AssemblyInfo.cs(15,12): error CS0579: Duplicate 'System.Reflection.AssemblyFileVersionAttribute' attribute [C:\Users\lauri\Desktop\Cerneala\Cerneala.csproj]
C:\Users\lauri\Desktop\Cerneala\artifacts\rendersurface3d\control-stage4\baseline\obj\Debug\net8.0\tests__Cerneala.SdlGpuSmoke__Cerneala.SdlGpuSmoke.AssemblyInfo.cs(16,12): error CS0579: Duplicate 'System.Reflection.AssemblyInformationalVersionAttribute' attribute [C:\Users\lauri\Desktop\Cerneala\Cerneala.csproj]
C:\Users\lauri\Desktop\Cerneala\artifacts\rendersurface3d\control-stage4\baseline\obj\Debug\net8.0\tests__Cerneala.SdlGpuSmoke__Cerneala.SdlGpuSmoke.AssemblyInfo.cs(17,12): error CS0579: Duplicate 'System.Reflection.AssemblyProductAttribute' attribute [C:\Users\lauri\Desktop\Cerneala\Cerneala.csproj]
C:\Users\lauri\Desktop\Cerneala\artifacts\rendersurface3d\control-stage4\baseline\obj\Debug\net8.0\tests__Cerneala.SdlGpuSmoke__Cerneala.SdlGpuSmoke.AssemblyInfo.cs(18,12): error CS0579: Duplicate 'System.Reflection.AssemblyTitleAttribute' attribute [C:\Users\lauri\Desktop\Cerneala\Cerneala.csproj]
C:\Users\lauri\Desktop\Cerneala\artifacts\rendersurface3d\control-stage4\baseline\obj\Debug\net8.0\tests__Cerneala.SdlGpuSmoke__Cerneala.SdlGpuSmoke.AssemblyInfo.cs(19,12): error CS0579: Duplicate 'System.Reflection.AssemblyVersionAttribute' attribute [C:\Users\lauri\Desktop\Cerneala\Cerneala.csproj]
C:\Users\lauri\Desktop\Cerneala\artifacts\rendersurface3d\control-stage4\final\sources\obj\Debug\net10.0-windows\.NETCoreApp,Version=v10.0.AssemblyAttributes.cs(4,12): error CS0579: Duplicate 'global::System.Runtime.Versioning.TargetFrameworkAttribute' attribute [C:\Users\lauri\Desktop\Cerneala\Cerneala.csproj]
C:\Users\lauri\Desktop\Cerneala\artifacts\rendersurface3d\control-stage4\final\sources\obj\Debug\net10.0-windows\tests__Cerneala.Tests.PreviewHost__Cerneala.Tests.PreviewHost.AssemblyInfo.cs(13,12): error CS0579: Duplicate 'System.Reflection.AssemblyCompanyAttribute' attribute [C:\Users\lauri\Desktop\Cerneala\Cerneala.csproj]
C:\Users\lauri\Desktop\Cerneala\artifacts\rendersurface3d\control-stage4\final\sources\obj\Debug\net10.0-windows\tests__Cerneala.Tests.PreviewHost__Cerneala.Tests.PreviewHost.AssemblyInfo.cs(14,12): error CS0579: Duplicate 'System.Reflection.AssemblyConfigurationAttribute' attribute [C:\Users\lauri\Desktop\Cerneala\Cerneala.csproj]
C:\Users\lauri\Desktop\Cerneala\artifacts\rendersurface3d\control-stage4\final\sources\obj\Debug\net10.0-windows\tests__Cerneala.Tests.PreviewHost__Cerneala.Tests.PreviewHost.AssemblyInfo.cs(15,12): error CS0579: Duplicate 'System.Reflection.AssemblyFileVersionAttribute' attribute [C:\Users\lauri\Desktop\Cerneala\Cerneala.csproj]
C:\Users\lauri\Desktop\Cerneala\artifacts\rendersurface3d\control-stage4\final\sources\obj\Debug\net10.0-windows\tests__Cerneala.Tests.PreviewHost__Cerneala.Tests.PreviewHost.AssemblyInfo.cs(16,12): error CS0579: Duplicate 'System.Reflection.AssemblyInformationalVersionAttribute' attribute [C:\Users\lauri\Desktop\Cerneala\Cerneala.csproj]
C:\Users\lauri\Desktop\Cerneala\artifacts\rendersurface3d\control-stage4\final\sources\obj\Debug\net10.0-windows\tests__Cerneala.Tests.PreviewHost__Cerneala.Tests.PreviewHost.AssemblyInfo.cs(17,12): error CS0579: Duplicate 'System.Reflection.AssemblyProductAttribute' attribute [C:\Users\lauri\Desktop\Cerneala\Cerneala.csproj]
C:\Users\lauri\Desktop\Cerneala\artifacts\rendersurface3d\control-stage4\final\sources\obj\Debug\net10.0-windows\tests__Cerneala.Tests.PreviewHost__Cerneala.Tests.PreviewHost.AssemblyInfo.cs(18,12): error CS0579: Duplicate 'System.Reflection.AssemblyTitleAttribute' attribute [C:\Users\lauri\Desktop\Cerneala\Cerneala.csproj]
C:\Users\lauri\Desktop\Cerneala\artifacts\rendersurface3d\control-stage4\final\sources\obj\Debug\net10.0-windows\tests__Cerneala.Tests.PreviewHost__Cerneala.Tests.PreviewHost.AssemblyInfo.cs(19,12): error CS0579: Duplicate 'System.Reflection.AssemblyVersionAttribute' attribute [C:\Users\lauri\Desktop\Cerneala\Cerneala.csproj]
C:\Users\lauri\Desktop\Cerneala\artifacts\rendersurface3d\control-stage4\final\sources\obj\Debug\net10.0-windows\tests__Cerneala.Tests.PreviewHost__Cerneala.Tests.PreviewHost.AssemblyInfo.cs(20,12): error CS0579: Duplicate 'System.Runtime.Versioning.TargetPlatformAttribute' attribute [C:\Users\lauri\Desktop\Cerneala\Cerneala.csproj]
C:\Users\lauri\Desktop\Cerneala\artifacts\rendersurface3d\control-stage4\final\sources\obj\Debug\net8.0-windows\.NETCoreApp,Version=v8.0.AssemblyAttributes.cs(4,12): error CS0579: Duplicate 'global::System.Runtime.Versioning.TargetFrameworkAttribute' attribute [C:\Users\lauri\Desktop\Cerneala\Cerneala.csproj]
C:\Users\lauri\Desktop\Cerneala\artifacts\rendersurface3d\control-stage4\final\sources\obj\Debug\net8.0-windows\benchmarks__Cerneala.Benchmarks__Cerneala.Benchmarks.AssemblyInfo.cs(13,12): error CS0579: Duplicate 'System.Reflection.AssemblyCompanyAttribute' attribute [C:\Users\lauri\Desktop\Cerneala\Cerneala.csproj]
C:\Users\lauri\Desktop\Cerneala\artifacts\rendersurface3d\control-stage4\final\sources\obj\Debug\net8.0-windows\benchmarks__Cerneala.Benchmarks__Cerneala.Benchmarks.AssemblyInfo.cs(14,12): error CS0579: Duplicate 'System.Reflection.AssemblyConfigurationAttribute' attribute [C:\Users\lauri\Desktop\Cerneala\Cerneala.csproj]
C:\Users\lauri\Desktop\Cerneala\artifacts\rendersurface3d\control-stage4\final\sources\obj\Debug\net8.0-windows\benchmarks__Cerneala.Benchmarks__Cerneala.Benchmarks.AssemblyInfo.cs(15,12): error CS0579: Duplicate 'System.Reflection.AssemblyFileVersionAttribute' attribute [C:\Users\lauri\Desktop\Cerneala\Cerneala.csproj]
C:\Users\lauri\Desktop\Cerneala\artifacts\rendersurface3d\control-stage4\final\sources\obj\Debug\net8.0-windows\benchmarks__Cerneala.Benchmarks__Cerneala.Benchmarks.AssemblyInfo.cs(16,12): error CS0579: Duplicate 'System.Reflection.AssemblyInformationalVersionAttribute' attribute [C:\Users\lauri\Desktop\Cerneala\Cerneala.csproj]
C:\Users\lauri\Desktop\Cerneala\artifacts\rendersurface3d\control-stage4\final\sources\obj\Debug\net8.0-windows\benchmarks__Cerneala.Benchmarks__Cerneala.Benchmarks.AssemblyInfo.cs(17,12): error CS0579: Duplicate 'System.Reflection.AssemblyProductAttribute' attribute [C:\Users\lauri\Desktop\Cerneala\Cerneala.csproj]
C:\Users\lauri\Desktop\Cerneala\artifacts\rendersurface3d\control-stage4\final\sources\obj\Debug\net8.0-windows\benchmarks__Cerneala.Benchmarks__Cerneala.Benchmarks.AssemblyInfo.cs(18,12): error CS0579: Duplicate 'System.Reflection.AssemblyTitleAttribute' attribute [C:\Users\lauri\Desktop\Cerneala\Cerneala.csproj]
C:\Users\lauri\Desktop\Cerneala\artifacts\rendersurface3d\control-stage4\final\sources\obj\Debug\net8.0-windows\benchmarks__Cerneala.Benchmarks__Cerneala.Benchmarks.AssemblyInfo.cs(19,12): error CS0579: Duplicate 'System.Reflection.AssemblyVersionAttribute' attribute [C:\Users\lauri\Desktop\Cerneala\Cerneala.csproj]
C:\Users\lauri\Desktop\Cerneala\artifacts\rendersurface3d\control-stage4\final\sources\obj\Debug\net8.0-windows\benchmarks__Cerneala.Benchmarks__Cerneala.Benchmarks.AssemblyInfo.cs(20,12): error CS0579: Duplicate 'System.Runtime.Versioning.TargetPlatformAttribute' attribute [C:\Users\lauri\Desktop\Cerneala\Cerneala.csproj]
C:\Users\lauri\Desktop\Cerneala\artifacts\rendersurface3d\control-stage4\final\sources\obj\Debug\net8.0-windows\tests__Cerneala.Tests__Cerneala.Tests.AssemblyInfo.cs(13,12): error CS0579: Duplicate 'System.Reflection.AssemblyCompanyAttribute' attribute [C:\Users\lauri\Desktop\Cerneala\Cerneala.csproj]
C:\Users\lauri\Desktop\Cerneala\artifacts\rendersurface3d\control-stage4\final\sources\obj\Debug\net8.0-windows\tests__Cerneala.Tests__Cerneala.Tests.AssemblyInfo.cs(14,12): error CS0579: Duplicate 'System.Reflection.AssemblyConfigurationAttribute' attribute [C:\Users\lauri\Desktop\Cerneala\Cerneala.csproj]
C:\Users\lauri\Desktop\Cerneala\artifacts\rendersurface3d\control-stage4\final\sources\obj\Debug\net8.0-windows\tests__Cerneala.Tests__Cerneala.Tests.AssemblyInfo.cs(15,12): error CS0579: Duplicate 'System.Reflection.AssemblyFileVersionAttribute' attribute [C:\Users\lauri\Desktop\Cerneala\Cerneala.csproj]
C:\Users\lauri\Desktop\Cerneala\artifacts\rendersurface3d\control-stage4\final\sources\obj\Debug\net8.0-windows\tests__Cerneala.Tests__Cerneala.Tests.AssemblyInfo.cs(16,12): error CS0579: Duplicate 'System.Reflection.AssemblyInformationalVersionAttribute' attribute [C:\Users\lauri\Desktop\Cerneala\Cerneala.csproj]
C:\Users\lauri\Desktop\Cerneala\artifacts\rendersurface3d\control-stage4\final\sources\obj\Debug\net8.0-windows\tests__Cerneala.Tests__Cerneala.Tests.AssemblyInfo.cs(17,12): error CS0579: Duplicate 'System.Reflection.AssemblyProductAttribute' attribute [C:\Users\lauri\Desktop\Cerneala\Cerneala.csproj]
C:\Users\lauri\Desktop\Cerneala\artifacts\rendersurface3d\control-stage4\final\sources\obj\Debug\net8.0-windows\tests__Cerneala.Tests__Cerneala.Tests.AssemblyInfo.cs(18,12): error CS0579: Duplicate 'System.Reflection.AssemblyTitleAttribute' attribute [C:\Users\lauri\Desktop\Cerneala\Cerneala.csproj]
C:\Users\lauri\Desktop\Cerneala\artifacts\rendersurface3d\control-stage4\final\sources\obj\Debug\net8.0-windows\tests__Cerneala.Tests__Cerneala.Tests.AssemblyInfo.cs(19,12): error CS0579: Duplicate 'System.Reflection.AssemblyVersionAttribute' attribute [C:\Users\lauri\Desktop\Cerneala\Cerneala.csproj]
C:\Users\lauri\Desktop\Cerneala\artifacts\rendersurface3d\control-stage4\final\sources\obj\Debug\net8.0-windows\tests__Cerneala.Tests__Cerneala.Tests.AssemblyInfo.cs(20,12): error CS0579: Duplicate 'System.Runtime.Versioning.TargetPlatformAttribute' attribute [C:\Users\lauri\Desktop\Cerneala\Cerneala.csproj]
C:\Users\lauri\Desktop\Cerneala\artifacts\rendersurface3d\control-stage4\final\sources\obj\Debug\net8.0\.NETCoreApp,Version=v8.0.AssemblyAttributes.cs(4,12): error CS0579: Duplicate 'global::System.Runtime.Versioning.TargetFrameworkAttribute' attribute [C:\Users\lauri\Desktop\Cerneala\Cerneala.csproj]
C:\Users\lauri\Desktop\Cerneala\artifacts\rendersurface3d\control-stage4\final\sources\obj\Debug\net8.0\tests__Cerneala.SdlGpuSmoke__Cerneala.SdlGpuSmoke.AssemblyInfo.cs(13,12): error CS0579: Duplicate 'System.Reflection.AssemblyCompanyAttribute' attribute [C:\Users\lauri\Desktop\Cerneala\Cerneala.csproj]
C:\Users\lauri\Desktop\Cerneala\artifacts\rendersurface3d\control-stage4\final\sources\obj\Debug\net8.0\tests__Cerneala.SdlGpuSmoke__Cerneala.SdlGpuSmoke.AssemblyInfo.cs(14,12): error CS0579: Duplicate 'System.Reflection.AssemblyConfigurationAttribute' attribute [C:\Users\lauri\Desktop\Cerneala\Cerneala.csproj]
C:\Users\lauri\Desktop\Cerneala\artifacts\rendersurface3d\control-stage4\final\sources\obj\Debug\net8.0\tests__Cerneala.SdlGpuSmoke__Cerneala.SdlGpuSmoke.AssemblyInfo.cs(15,12): error CS0579: Duplicate 'System.Reflection.AssemblyFileVersionAttribute' attribute [C:\Users\lauri\Desktop\Cerneala\Cerneala.csproj]
C:\Users\lauri\Desktop\Cerneala\artifacts\rendersurface3d\control-stage4\final\sources\obj\Debug\net8.0\tests__Cerneala.SdlGpuSmoke__Cerneala.SdlGpuSmoke.AssemblyInfo.cs(16,12): error CS0579: Duplicate 'System.Reflection.AssemblyInformationalVersionAttribute' attribute [C:\Users\lauri\Desktop\Cerneala\Cerneala.csproj]
C:\Users\lauri\Desktop\Cerneala\artifacts\rendersurface3d\control-stage4\final\sources\obj\Debug\net8.0\tests__Cerneala.SdlGpuSmoke__Cerneala.SdlGpuSmoke.AssemblyInfo.cs(17,12): error CS0579: Duplicate 'System.Reflection.AssemblyProductAttribute' attribute [C:\Users\lauri\Desktop\Cerneala\Cerneala.csproj]
C:\Users\lauri\Desktop\Cerneala\artifacts\rendersurface3d\control-stage4\final\sources\obj\Debug\net8.0\tests__Cerneala.SdlGpuSmoke__Cerneala.SdlGpuSmoke.AssemblyInfo.cs(18,12): error CS0579: Duplicate 'System.Reflection.AssemblyTitleAttribute' attribute [C:\Users\lauri\Desktop\Cerneala\Cerneala.csproj]
C:\Users\lauri\Desktop\Cerneala\artifacts\rendersurface3d\control-stage4\final\sources\obj\Debug\net8.0\tests__Cerneala.SdlGpuSmoke__Cerneala.SdlGpuSmoke.AssemblyInfo.cs(19,12): error CS0579: Duplicate 'System.Reflection.AssemblyVersionAttribute' attribute [C:\Users\lauri\Desktop\Cerneala\Cerneala.csproj]
C:\Users\lauri\Desktop\Cerneala\obj\Release\net8.0\.NETCoreApp,Version=v8.0.AssemblyAttributes.cs(4,12): error CS0579: Duplicate 'global::System.Runtime.Versioning.TargetFrameworkAttribute' attribute [C:\Users\lauri\Desktop\Cerneala\Cerneala.csproj]
C:\Users\lauri\Desktop\Cerneala\obj\Release\net8.0\Cerneala.AssemblyInfo.cs(13,12): error CS0579: Duplicate 'System.Reflection.AssemblyCompanyAttribute' attribute [C:\Users\lauri\Desktop\Cerneala\Cerneala.csproj]
C:\Users\lauri\Desktop\Cerneala\obj\Release\net8.0\Cerneala.AssemblyInfo.cs(14,12): error CS0579: Duplicate 'System.Reflection.AssemblyConfigurationAttribute' attribute [C:\Users\lauri\Desktop\Cerneala\Cerneala.csproj]
C:\Users\lauri\Desktop\Cerneala\obj\Release\net8.0\Cerneala.AssemblyInfo.cs(15,12): error CS0579: Duplicate 'System.Reflection.AssemblyFileVersionAttribute' attribute [C:\Users\lauri\Desktop\Cerneala\Cerneala.csproj]
C:\Users\lauri\Desktop\Cerneala\obj\Release\net8.0\Cerneala.AssemblyInfo.cs(16,12): error CS0579: Duplicate 'System.Reflection.AssemblyInformationalVersionAttribute' attribute [C:\Users\lauri\Desktop\Cerneala\Cerneala.csproj]
C:\Users\lauri\Desktop\Cerneala\obj\Release\net8.0\Cerneala.AssemblyInfo.cs(17,12): error CS0579: Duplicate 'System.Reflection.AssemblyProductAttribute' attribute [C:\Users\lauri\Desktop\Cerneala\Cerneala.csproj]
C:\Users\lauri\Desktop\Cerneala\obj\Release\net8.0\Cerneala.AssemblyInfo.cs(18,12): error CS0579: Duplicate 'System.Reflection.AssemblyTitleAttribute' attribute [C:\Users\lauri\Desktop\Cerneala\Cerneala.csproj]
C:\Users\lauri\Desktop\Cerneala\obj\Release\net8.0\Cerneala.AssemblyInfo.cs(19,12): error CS0579: Duplicate 'System.Reflection.AssemblyVersionAttribute' attribute [C:\Users\lauri\Desktop\Cerneala\Cerneala.csproj]
C:\Users\lauri\Desktop\Cerneala\artifacts\rendersurface3d\control-stage4\final\sources\obj\Debug\net10.0-windows\tests__Cerneala.Tests.PreviewHost__Cerneala.Tests.PreviewHost.GlobalUsings.g.cs(9,14): error CS0246: The type or namespace name 'Xunit' could not be found (are you missing a using directive or an assembly reference?) [C:\Users\lauri\Desktop\Cerneala\Cerneala.csproj]
C:\Users\lauri\Desktop\Cerneala\artifacts\rendersurface3d\control-stage4\final\sources\obj\Debug\net8.0-windows\tests__Cerneala.Tests__Cerneala.Tests.GlobalUsings.g.cs(14,14): error CS0246: The type or namespace name 'Xunit' could not be found (are you missing a using directive or an assembly reference?) [C:\Users\lauri\Desktop\Cerneala\Cerneala.csproj]
    0 Warning(s)
    52 Error(s)

Time Elapsed 00:00:43.51
