  Determining projects to restore...
  All projects are up-to-date for restore.
  Cerneala.Language -> C:\Users\lauri\Desktop\Cerneala\Cerneala.Language\bin\Release\netstandard2.0\Cerneala.Language.dll
  Cerneala.SourceGen -> C:\Users\lauri\Desktop\Cerneala\Cerneala.SourceGen\bin\Release\netstandard2.0\Cerneala.SourceGen.dll
  Cerneala -> C:\Users\lauri\Desktop\Cerneala\bin\Release\net8.0\Cerneala.dll
  Cerneala.Platforms.Sdl3 -> C:\Users\lauri\Desktop\Cerneala\Cerneala.Platforms.Sdl3\bin\Release\net8.0\Cerneala.Platforms.Sdl3.dll
  Cerneala.Backends.SdlGpu -> C:\Users\lauri\Desktop\Cerneala\Cerneala.Backends.SdlGpu\bin\Release\net8.0\Cerneala.Backends.SdlGpu.dll
  Cerneala.SceneVillage -> C:\Users\lauri\Desktop\Cerneala\Playground\Cerneala.SceneVillage\bin\Release\net8.0-windows\Cerneala.SceneVillage.dll
  Cerneala.Tests.SceneVillage -> C:\Users\lauri\Desktop\Cerneala\tests\Cerneala.Tests.SceneVillage\bin\Release\net8.0-windows\Cerneala.Tests.SceneVillage.dll
Test run for C:\Users\lauri\Desktop\Cerneala\tests\Cerneala.Tests.SceneVillage\bin\Release\net8.0-windows\Cerneala.Tests.SceneVillage.dll (.NETCoreApp,Version=v8.0)
A total of 1 test files matched the specified pattern.
[xUnit.net 00:00:00.65]     Cerneala.Tests.SceneVillage.VillageModelTests.VillagerWalkClipsUseTheInspectedDirectionalCells [FAIL]
  Failed Cerneala.Tests.SceneVillage.VillageModelTests.VillagerWalkClipsUseTheInspectedDirectionalCells [81 ms]
  Error Message:
   Assert.Equal() Failure: Values differ
Expected: DrawRect { X = 32, Y = 96, Width = 32, Height = 32, Right = 64, Bottom = 128 }
Actual:   DrawRect { X = 32, Y = 64, Width = 32, Height = 32, Right = 64, Bottom = 96 }
  Stack Trace:
     at Cerneala.Tests.SceneVillage.VillageModelTests.VillagerWalkClipsUseTheInspectedDirectionalCells() in C:\Users\lauri\Desktop\Cerneala\tests\Cerneala.Tests.SceneVillage\VillageModelTests.cs:line 163
   at System.RuntimeMethodHandle.InvokeMethod(Object target, Void** arguments, Signature sig, Boolean isConstructor)
   at System.Reflection.MethodBaseInvoker.InvokeWithNoArgs(Object obj, BindingFlags invokeAttr)
Results File: C:\Users\lauri\Desktop\Cerneala\tests\Cerneala.Tests.SceneVillage\TestResults\mirror-red-01.trx

Failed!  - Failed:     1, Passed:     0, Skipped:     0, Total:     1, Duration: 81 ms - Cerneala.Tests.SceneVillage.dll (net8.0)
