  Determining projects to restore...
  Restored C:\Users\lauri\Desktop\Cerneala\Cerneala.Backends.SdlGpu\Cerneala.Backends.SdlGpu.csproj (in 790 ms).
  Restored C:\Users\lauri\Desktop\Cerneala\Cerneala.Platforms.Sdl3\Cerneala.Platforms.Sdl3.csproj (in 879 ms).
  10 of 12 projects are up-to-date for restore.
  Cerneala.Language -> C:\Users\lauri\Desktop\Cerneala\Cerneala.Language\bin\Release\netstandard2.0\Cerneala.Language.dll
  Cerneala.SourceGen -> C:\Users\lauri\Desktop\Cerneala\Cerneala.SourceGen\bin\Release\netstandard2.0\Cerneala.SourceGen.dll
  Cerneala -> C:\Users\lauri\Desktop\Cerneala\bin\Release\net8.0\Cerneala.dll
  Cerneala.Platforms.Sdl3 -> C:\Users\lauri\Desktop\Cerneala\Cerneala.Platforms.Sdl3\bin\Release\net8.0\Cerneala.Platforms.Sdl3.dll
  Cerneala.Backends.SdlGpu -> C:\Users\lauri\Desktop\Cerneala\Cerneala.Backends.SdlGpu\bin\Release\net8.0\Cerneala.Backends.SdlGpu.dll
  CernealaPresentation -> C:\Users\lauri\Desktop\Cerneala\CernealaPresentation\bin\Release\net8.0-windows\CernealaPresentation.dll
  Cerneala.Scene2D.Packages -> C:\Users\lauri\Desktop\Cerneala\Cerneala.Scene2D.Packages\bin\Release\net8.0\Cerneala.Scene2D.Packages.dll
  Cerneala.Scene2D.Importers -> C:\Users\lauri\Desktop\Cerneala\Cerneala.Scene2D.Importers\bin\Release\net8.0\Cerneala.Scene2D.Importers.dll
  Cerneala.Scene2D.PackageCompiler -> C:\Users\lauri\Desktop\Cerneala\Tools\Cerneala.Scene2D.PackageCompiler\bin\Release\net8.0\Cerneala.Scene2D.PackageCompiler.dll
  Prepared 'C:\Users\lauri\Desktop\Cerneala\Playground\Cerneala.Playground\SceneWorldAssets\village.tmj' -> 'C:\Users\lauri\Desktop\Cerneala\Playground\Cerneala.Playground\obj\SceneWorldPackages\Release\net8.0-windows\tiled' (1 levels, 1 files).
  SCN2D017: Known editor-only fields are not used at runtime. (C:\Users\lauri\Desktop\Cerneala\Playground\Cerneala.Playground\SceneWorldAssets\village.ldtk, $.defs.layers[0].autoRuleGroups)
  Prepared 'C:\Users\lauri\Desktop\Cerneala\Playground\Cerneala.Playground\SceneWorldAssets\village.ldtk' -> 'C:\Users\lauri\Desktop\Cerneala\Playground\Cerneala.Playground\obj\SceneWorldPackages\Release\net8.0-windows\ldtk' (1 levels, 1 files).
  Cerneala.Playground -> C:\Users\lauri\Desktop\Cerneala\Playground\Cerneala.Playground\bin\Release\net8.0-windows\Cerneala.Playground.dll
  Cerneala.SdlGpuSmoke -> C:\Users\lauri\Desktop\Cerneala\tests\Cerneala.SdlGpuSmoke\bin\Release\net8.0\Cerneala.SdlGpuSmoke.dll
  Cerneala.Tests -> C:\Users\lauri\Desktop\Cerneala\tests\Cerneala.Tests\bin\Release\net8.0-windows\Cerneala.Tests.dll
Test run for C:\Users\lauri\Desktop\Cerneala\tests\Cerneala.Tests\bin\Release\net8.0-windows\Cerneala.Tests.dll (.NETCoreApp,Version=v8.0)
A total of 1 test files matched the specified pattern.
Results File: C:\Users\lauri\Desktop\Cerneala\docs\plans\evidence\2026-09-23-scene2d-stage1\test-results\core-characterization.trx

Passed!  - Failed:     0, Passed:   410, Skipped:     0, Total:   410, Duration: 27 s - Cerneala.Tests.dll (net8.0)
EXIT_CODE=0
