  Determining projects to restore...
  All projects are up-to-date for restore.
  Cerneala.Language -> C:\Users\lauri\Desktop\Cerneala\Cerneala.Language\bin\Release\netstandard2.0\Cerneala.Language.dll
  Cerneala.SourceGen -> C:\Users\lauri\Desktop\Cerneala\Cerneala.SourceGen\bin\Release\netstandard2.0\Cerneala.SourceGen.dll
  Cerneala -> C:\Users\lauri\Desktop\Cerneala\bin\Release\net8.0\Cerneala.dll
  Cerneala.Platforms.Sdl3 -> C:\Users\lauri\Desktop\Cerneala\Cerneala.Platforms.Sdl3\bin\Release\net8.0\Cerneala.Platforms.Sdl3.dll
  Cerneala.Backends.SdlGpu -> C:\Users\lauri\Desktop\Cerneala\Cerneala.Backends.SdlGpu\bin\Release\net8.0\Cerneala.Backends.SdlGpu.dll
  Cerneala.Scene2D.Packages -> C:\Users\lauri\Desktop\Cerneala\Cerneala.Scene2D.Packages\bin\Release\net8.0\Cerneala.Scene2D.Packages.dll
  Cerneala.Tests.SdlGpu -> C:\Users\lauri\Desktop\Cerneala\tests\Cerneala.Tests.SdlGpu\bin\Release\net8.0\Cerneala.Tests.SdlGpu.dll
Test run for C:\Users\lauri\Desktop\Cerneala\tests\Cerneala.Tests.SdlGpu\bin\Release\net8.0\Cerneala.Tests.SdlGpu.dll (.NETCoreApp,Version=v8.0)
A total of 1 test files matched the specified pattern.
[xUnit.net 00:00:02.87]     Cerneala.Tests.SdlGpu.NativePackageGridSubdivisionTests.PreparedGridMatchesAuthoredPixelsAcrossBoundariesFlipsAndZoom [SKIP]
[xUnit.net 00:00:02.88]     Cerneala.Tests.SdlGpu.NativePackageWarmStreamingTests.GridPackagePreloadsWithinBudgetAndReleasesDataAndImages [SKIP]
[xUnit.net 00:00:02.88]     Cerneala.Tests.SdlGpu.NativePackageWarmStreamingTests.PlacementPackageBudgetRejectsOptionalButNotRequiredData [SKIP]
[xUnit.net 00:00:02.88]     Cerneala.Tests.SdlGpu.NativePackageWarmStreamingTests.PlacementPackagePreloadsWithinBudgetAndReleasesDataAndImages [SKIP]
[xUnit.net 00:00:02.88]     Cerneala.Tests.SdlGpu.NativePackageWarmStreamingTests.GridPackageBudgetRejectsOptionalButNotRequiredData [SKIP]
[xUnit.net 00:00:02.88]     Cerneala.Tests.SdlGpu.NativeScenePrismStreamingTests.PointwiseSceneAndMapStreamingMatchEagerPixelsAcrossCameraAndFilterChanges [SKIP]
  Skipped Cerneala.Tests.SdlGpu.NativePackageGridSubdivisionTests.PreparedGridMatchesAuthoredPixelsAcrossBoundariesFlipsAndZoom [1 ms]
  Skipped Cerneala.Tests.SdlGpu.NativePackageWarmStreamingTests.GridPackagePreloadsWithinBudgetAndReleasesDataAndImages [1 ms]
  Skipped Cerneala.Tests.SdlGpu.NativePackageWarmStreamingTests.PlacementPackageBudgetRejectsOptionalButNotRequiredData [1 ms]
  Skipped Cerneala.Tests.SdlGpu.NativePackageWarmStreamingTests.PlacementPackagePreloadsWithinBudgetAndReleasesDataAndImages [1 ms]
  Skipped Cerneala.Tests.SdlGpu.NativePackageWarmStreamingTests.GridPackageBudgetRejectsOptionalButNotRequiredData [1 ms]
  Skipped Cerneala.Tests.SdlGpu.NativeScenePrismStreamingTests.PointwiseSceneAndMapStreamingMatchEagerPixelsAcrossCameraAndFilterChanges [1 ms]
Results File: C:\Users\lauri\Desktop\Cerneala\docs\plans\evidence\2026-09-23-scene2d-stage1\test-results\sdl-native-no-optin-characterization.trx

Skipped! - Failed:     0, Passed:     0, Skipped:     6, Total:     6, Duration: 9 ms - Cerneala.Tests.SdlGpu.dll (net8.0)
EXIT_CODE=0
