<?xml version="1.0" encoding="utf-8"?>
<TestRun id="bfd3c366-8d58-4c6c-ae5d-93446c8d566e" name="lauri@DESKTOP-JT43V3D 2026-10-08 01:37:54" runUser="DESKTOP-JT43V3D\lauri" xmlns="http://microsoft.com/schemas/VisualStudio/TeamTest/2010">
  <Times creation="2026-10-08T01:37:54.6875143+03:00" queuing="2026-10-08T01:37:54.6875147+03:00" start="2026-10-08T01:37:51.5404467+03:00" finish="2026-10-08T01:37:54.9055651+03:00" />
  <TestSettings name="default" id="e832da9c-f8a0-402f-ac96-2d872fbe3f80">
    <Deployment runDeploymentRoot="lauri_DESKTOP-JT43V3D_2026-10-08_01_37_54" />
  </TestSettings>
  <Results>
    <UnitTestResult executionId="239a048e-4a82-4ac4-a79f-4de54bc2d702" testId="06c37492-b577-7a60-e29c-febb8a0a66b1" testName="Cerneala.Tetris.Tests.TetrisGameTests.TetrominoAtlasProvidesOneConnectedSilhouettePerRotation" computerName="DESKTOP-JT43V3D" duration="00:00:00.0290665" startTime="2026-10-08T01:37:54.8156350+03:00" endTime="2026-10-08T01:37:54.8156354+03:00" testType="13cdc9d9-ddb5-4fa4-a97d-d965ccfc6d4b" outcome="Passed" testListId="8c84fa94-04c1-424b-9868-57a2d4851a1d" relativeResultsDirectory="239a048e-4a82-4ac4-a79f-4de54bc2d702" />
    <UnitTestResult executionId="d8919307-aaf4-4942-ad9a-2fd18892ee1e" testId="86f6d23b-9125-7e13-21db-9d4dc3788b11" testName="Cerneala.Tetris.Tests.TetrisGameTests.HeldSoftDropContinuesAtTheSoftDropCadenceUntilReleased" computerName="DESKTOP-JT43V3D" duration="00:00:00.0008191" startTime="2026-10-08T01:37:54.7337645+03:00" endTime="2026-10-08T01:37:54.7337650+03:00" testType="13cdc9d9-ddb5-4fa4-a97d-d965ccfc6d4b" outcome="Passed" testListId="8c84fa94-04c1-424b-9868-57a2d4851a1d" relativeResultsDirectory="d8919307-aaf4-4942-ad9a-2fd18892ee1e" />
    <UnitTestResult executionId="8f5481bf-67cf-43eb-8319-68aecb7e64e4" testId="72cb5f25-459f-023e-57d9-b85c03373f0c" testName="Cerneala.Tetris.Tests.TetrisGameTests.HardDropLocksExactlyOneTetrominoAndSpawnsTheNext" computerName="DESKTOP-JT43V3D" duration="00:00:00.0109586" startTime="2026-10-08T01:37:53.8189078+03:00" endTime="2026-10-08T01:37:53.8189081+03:00" testType="13cdc9d9-ddb5-4fa4-a97d-d965ccfc6d4b" outcome="Passed" testListId="8c84fa94-04c1-424b-9868-57a2d4851a1d" relativeResultsDirectory="8f5481bf-67cf-43eb-8319-68aecb7e64e4" />
    <UnitTestResult executionId="3d55b9f7-0eca-453e-991c-0b26ff6ecc88" testId="9b688157-587a-4e1e-e069-f180b10839dc" testName="Cerneala.Tetris.Tests.TetrisGameTests.HorizontalMovementCannotMoveCellsOutsideTheBoard" computerName="DESKTOP-JT43V3D" duration="00:00:00.0017352" startTime="2026-10-08T01:37:54.8175103+03:00" endTime="2026-10-08T01:37:54.8175105+03:00" testType="13cdc9d9-ddb5-4fa4-a97d-d965ccfc6d4b" outcome="Passed" testListId="8c84fa94-04c1-424b-9868-57a2d4851a1d" relativeResultsDirectory="3d55b9f7-0eca-453e-991c-0b26ff6ecc88" />
    <UnitTestResult executionId="197a35cd-6ca1-422d-9c5e-1392f5880e40" testId="d98bfe38-4e80-1f0b-033d-b38746af3927" testName="Cerneala.Tetris.Tests.TetrisGameTests.LockedSpritesUseAnObservableCollectionWithoutReplacingItsBindingSource" computerName="DESKTOP-JT43V3D" duration="00:00:00.0042456" startTime="2026-10-08T01:37:54.6469284+03:00" endTime="2026-10-08T01:37:54.6469288+03:00" testType="13cdc9d9-ddb5-4fa4-a97d-d965ccfc6d4b" outcome="Passed" testListId="8c84fa94-04c1-424b-9868-57a2d4851a1d" relativeResultsDirectory="197a35cd-6ca1-422d-9c5e-1392f5880e40" />
    <UnitTestResult executionId="aab80529-e113-494d-ac9d-e2d391b50f59" testId="efba01a6-0a8f-6f65-c7eb-beead7f32a0d" testName="Cerneala.Tetris.Tests.TetrisGameTests.LineClearedFragmentsRemainLockedSpriteModels" computerName="DESKTOP-JT43V3D" duration="00:00:00.0180974" startTime="2026-10-08T01:37:54.6677084+03:00" endTime="2026-10-08T01:37:54.6677093+03:00" testType="13cdc9d9-ddb5-4fa4-a97d-d965ccfc6d4b" outcome="Passed" testListId="8c84fa94-04c1-424b-9868-57a2d4851a1d" relativeResultsDirectory="aab80529-e113-494d-ac9d-e2d391b50f59" />
    <UnitTestResult executionId="1f967c5e-8be3-4ba2-a625-4ea0e3ded8c8" testId="8604d75b-2836-b5a4-5c1e-c2af2d33d478" testName="Cerneala.Tetris.Tests.TetrisGameTests.HidingRenderSurfaceAncestorCancelsSceneAspectPrismMotion" computerName="DESKTOP-JT43V3D" duration="00:00:00.0137825" startTime="2026-10-08T01:37:54.7328176+03:00" endTime="2026-10-08T01:37:54.7328182+03:00" testType="13cdc9d9-ddb5-4fa4-a97d-d965ccfc6d4b" outcome="Passed" testListId="8c84fa94-04c1-424b-9868-57a2d4851a1d" relativeResultsDirectory="1f967c5e-8be3-4ba2-a625-4ea0e3ded8c8" />
    <UnitTestResult executionId="8455aecf-43bf-450f-b3a9-8a1b506d6d35" testId="c27ed751-6f3b-6f63-a147-ec01d4e8d2ba" testName="Cerneala.Tetris.Tests.TetrisGameTests.LockingAPieceChangesTheLockedBoardVersion" computerName="DESKTOP-JT43V3D" duration="00:00:00.0001738" startTime="2026-10-08T01:37:54.6679717+03:00" endTime="2026-10-08T01:37:54.6679719+03:00" testType="13cdc9d9-ddb5-4fa4-a97d-d965ccfc6d4b" outcome="Passed" testListId="8c84fa94-04c1-424b-9868-57a2d4851a1d" relativeResultsDirectory="8455aecf-43bf-450f-b3a9-8a1b506d6d35" />
    <UnitTestResult executionId="79a0e6a5-cb6e-4827-a5b8-9ae6e81b5d9d" testId="53efd3e7-b4d1-9eb7-1703-5c3b3b98cf2b" testName="Cerneala.Tetris.Tests.TetrisGameTests.LockedSpriteModelsAreImmutableSnapshots" computerName="DESKTOP-JT43V3D" duration="00:00:00.0002506" startTime="2026-10-08T01:37:54.6682812+03:00" endTime="2026-10-08T01:37:54.6682813+03:00" testType="13cdc9d9-ddb5-4fa4-a97d-d965ccfc6d4b" outcome="Passed" testListId="8c84fa94-04c1-424b-9868-57a2d4851a1d" relativeResultsDirectory="79a0e6a5-cb6e-4827-a5b8-9ae6e81b5d9d" />
    <UnitTestResult executionId="73b2f807-aa86-42d3-a81d-4a7e6787675d" testId="488bf801-1f86-2a87-1041-4896348a30a8" testName="Cerneala.Tetris.Tests.TetrisGameTests.ExpensivePrismAnimationPublishesQuantizedSamples" computerName="DESKTOP-JT43V3D" duration="00:00:00.0032201" startTime="2026-10-08T01:37:54.6425673+03:00" endTime="2026-10-08T01:37:54.6425676+03:00" testType="13cdc9d9-ddb5-4fa4-a97d-d965ccfc6d4b" outcome="Passed" testListId="8c84fa94-04c1-424b-9868-57a2d4851a1d" relativeResultsDirectory="73b2f807-aa86-42d3-a81d-4a7e6787675d" />
    <UnitTestResult executionId="0040f6bb-2dfa-4cf0-969e-eb00425523ea" testId="31436e3d-7a6e-6967-5039-5532484c3b61" testName="Cerneala.Tetris.Tests.TetrisGameTests.PieceEffectsMatchTheConfirmedGlowAndSoftDropContract" computerName="DESKTOP-JT43V3D" duration="00:00:00.0001142" startTime="2026-10-08T01:37:54.7012331+03:00" endTime="2026-10-08T01:37:54.7012332+03:00" testType="13cdc9d9-ddb5-4fa4-a97d-d965ccfc6d4b" outcome="Passed" testListId="8c84fa94-04c1-424b-9868-57a2d4851a1d" relativeResultsDirectory="0040f6bb-2dfa-4cf0-969e-eb00425523ea" />
    <UnitTestResult executionId="a108bf29-7bb7-485f-8be3-c9bbfe73685c" testId="6cbcb30e-eda0-03a2-bd01-09a18f5dc94e" testName="Cerneala.Tetris.Tests.TetrisGameTests.ClosingAfterSoftDroppedPieceLandsDoesNotStartMotionAfterDetach" computerName="DESKTOP-JT43V3D" duration="00:00:00.0019164" startTime="2026-10-08T01:37:54.8195452+03:00" endTime="2026-10-08T01:37:54.8195456+03:00" testType="13cdc9d9-ddb5-4fa4-a97d-d965ccfc6d4b" outcome="Passed" testListId="8c84fa94-04c1-424b-9868-57a2d4851a1d" relativeResultsDirectory="a108bf29-7bb7-485f-8be3-c9bbfe73685c" />
    <UnitTestResult executionId="28baccf1-b567-4f18-b9b6-5c20c932b7d0" testId="43c80ee3-066a-c3d5-b297-37c4f9df63b8" testName="Cerneala.Tetris.Tests.TetrisGameTests.MotionBlurVisibilityTracksTheQuantizedSurfaceValue" computerName="DESKTOP-JT43V3D" duration="00:00:00.0153831" startTime="2026-10-08T01:37:54.7516550+03:00" endTime="2026-10-08T01:37:54.7516553+03:00" testType="13cdc9d9-ddb5-4fa4-a97d-d965ccfc6d4b" outcome="Passed" testListId="8c84fa94-04c1-424b-9868-57a2d4851a1d" relativeResultsDirectory="28baccf1-b567-4f18-b9b6-5c20c932b7d0" />
    <UnitTestResult executionId="8d544168-f6b8-4cdf-992c-f89b09119b44" testId="283789d4-da2b-73ce-5049-fc6728c36455" testName="Cerneala.Tetris.Tests.TetrisGameTests.ActivePieceDeclaresItsLocalPrismInputWhenDimensionsChange" computerName="DESKTOP-JT43V3D" duration="00:00:00.0200630" startTime="2026-10-08T01:37:54.7010619+03:00" endTime="2026-10-08T01:37:54.7010627+03:00" testType="13cdc9d9-ddb5-4fa4-a97d-d965ccfc6d4b" outcome="Passed" testListId="8c84fa94-04c1-424b-9868-57a2d4851a1d" relativeResultsDirectory="8d544168-f6b8-4cdf-992c-f89b09119b44" />
    <UnitTestResult executionId="cb1bde78-68dc-480f-9e87-bd6cef39b4cb" testId="cb6c0833-e9ec-8bc9-797c-2c99f4c20e7b" testName="Cerneala.Tetris.Tests.TetrisGameTests.RestartClearsAnActiveSoftDropPresentation" computerName="DESKTOP-JT43V3D" duration="00:00:00.0010823" startTime="2026-10-08T01:37:54.7189297+03:00" endTime="2026-10-08T01:37:54.7189299+03:00" testType="13cdc9d9-ddb5-4fa4-a97d-d965ccfc6d4b" outcome="Passed" testListId="8c84fa94-04c1-424b-9868-57a2d4851a1d" relativeResultsDirectory="cb1bde78-68dc-480f-9e87-bd6cef39b4cb" />
    <UnitTestResult executionId="308aae38-e0da-4751-8676-0b5656da58d5" testId="5a28d3ea-b7e8-a8cb-b493-cf00d6c7bda5" testName="Cerneala.Tetris.Tests.TetrisGameTests.FrameTimeAdvancesGravityThroughTheContinuousGameLoop" computerName="DESKTOP-JT43V3D" duration="00:00:00.0001817" startTime="2026-10-08T01:37:54.6808825+03:00" endTime="2026-10-08T01:37:54.6808826+03:00" testType="13cdc9d9-ddb5-4fa4-a97d-d965ccfc6d4b" outcome="Passed" testListId="8c84fa94-04c1-424b-9868-57a2d4851a1d" relativeResultsDirectory="308aae38-e0da-4751-8676-0b5656da58d5" />
    <UnitTestResult executionId="f5e45d6e-76c1-4eda-b5a5-ebace0a5b9a0" testId="4a880a0b-37ce-16d1-b8ad-42dc1c78a588" testName="Cerneala.Tetris.Tests.TetrisGameTests.HoldCanBeUsedOnlyOnceUntilThePieceLocks" computerName="DESKTOP-JT43V3D" duration="00:00:00.0004293" startTime="2026-10-08T01:37:54.8201357+03:00" endTime="2026-10-08T01:37:54.8201359+03:00" testType="13cdc9d9-ddb5-4fa4-a97d-d965ccfc6d4b" outcome="Passed" testListId="8c84fa94-04c1-424b-9868-57a2d4851a1d" relativeResultsDirectory="f5e45d6e-76c1-4eda-b5a5-ebace0a5b9a0" />
    <UnitTestResult executionId="35022d54-3eb6-46fa-af06-30d30da3ef46" testId="d96c4064-f62b-6cf4-bfdc-d11f1db82a53" testName="Cerneala.Tetris.Tests.TetrisGameTests.PausedGameDoesNotAdvanceGravity" computerName="DESKTOP-JT43V3D" duration="00:00:00.2807674" startTime="2026-10-08T01:37:53.8083623+03:00" endTime="2026-10-08T01:37:53.8083852+03:00" testType="13cdc9d9-ddb5-4fa4-a97d-d965ccfc6d4b" outcome="Passed" testListId="8c84fa94-04c1-424b-9868-57a2d4851a1d" relativeResultsDirectory="35022d54-3eb6-46fa-af06-30d30da3ef46" />
    <UnitTestResult executionId="a2c0821b-95ca-4009-9fcb-6f574a6b287e" testId="db1d9063-3e58-6537-049a-38ac69857568" testName="Cerneala.Tetris.Tests.TetrisGameTests.PointerActivationThenRightArrowMovesTheActivePiece" computerName="DESKTOP-JT43V3D" duration="00:00:00.0465445" startTime="2026-10-08T01:37:54.6392326+03:00" endTime="2026-10-08T01:37:54.6392329+03:00" testType="13cdc9d9-ddb5-4fa4-a97d-d965ccfc6d4b" outcome="Passed" testListId="8c84fa94-04c1-424b-9868-57a2d4851a1d" relativeResultsDirectory="a2c0821b-95ca-4009-9fcb-6f574a6b287e" />
    <UnitTestResult executionId="51433647-4f6a-4a56-870b-80dc34962449" testId="75537422-49a5-7d05-644a-e0c34d4d539d" testName="Cerneala.Tetris.Tests.TetrisGameTests.MarkupSurfaceRecordsImperativeBoardBeforeRetainedScene" computerName="DESKTOP-JT43V3D" duration="00:00:00.7677260" startTime="2026-10-08T01:37:54.5899205+03:00" endTime="2026-10-08T01:37:54.5899208+03:00" testType="13cdc9d9-ddb5-4fa4-a97d-d965ccfc6d4b" outcome="Passed" testListId="8c84fa94-04c1-424b-9868-57a2d4851a1d" relativeResultsDirectory="51433647-4f6a-4a56-870b-80dc34962449" />
    <UnitTestResult executionId="b99ffc56-d4de-4e4f-ac98-40a1a18b5076" testId="8ee8a295-0963-6fbb-6c8f-6566e18a5fe3" testName="Cerneala.Tetris.Tests.TetrisGameTests.ActivePieceMarkupMotionAnimatesItsPrismGlow" computerName="DESKTOP-JT43V3D" duration="00:00:00.0079852" startTime="2026-10-08T01:37:54.7864539+03:00" endTime="2026-10-08T01:37:54.7864543+03:00" testType="13cdc9d9-ddb5-4fa4-a97d-d965ccfc6d4b" outcome="Passed" testListId="8c84fa94-04c1-424b-9868-57a2d4851a1d" relativeResultsDirectory="b99ffc56-d4de-4e4f-ac98-40a1a18b5076" />
    <UnitTestResult executionId="cf9e92c3-fa7e-4115-88e9-f8dfbe76043c" testId="9375b240-8875-34de-4432-6f1cb99bf247" testName="Cerneala.Tetris.Tests.TetrisGameTests.SoftDropMotionPublishesIntermediateQuantizedValues" computerName="DESKTOP-JT43V3D" duration="00:00:00.0119255" startTime="2026-10-08T01:37:54.6803131+03:00" endTime="2026-10-08T01:37:54.6803150+03:00" testType="13cdc9d9-ddb5-4fa4-a97d-d965ccfc6d4b" outcome="Passed" testListId="8c84fa94-04c1-424b-9868-57a2d4851a1d" relativeResultsDirectory="cf9e92c3-fa7e-4115-88e9-f8dfbe76043c" />
    <UnitTestResult executionId="85a9c1f7-f8fc-4ea8-b698-46d2c137a42a" testId="3fe30c0b-4cc3-18c4-2d7f-b8bcdfbd869d" testName="Cerneala.Tetris.Tests.TetrisGameTests.PlacementIdentitySurvivesLineClearAndSeparatesSameKindPieces" computerName="DESKTOP-JT43V3D" duration="00:00:00.0024395" startTime="2026-10-08T01:37:54.6495015+03:00" endTime="2026-10-08T01:37:54.6495021+03:00" testType="13cdc9d9-ddb5-4fa4-a97d-d965ccfc6d4b" outcome="Passed" testListId="8c84fa94-04c1-424b-9868-57a2d4851a1d" relativeResultsDirectory="85a9c1f7-f8fc-4ea8-b698-46d2c137a42a" />
    <UnitTestResult executionId="5742951f-457f-4e1d-b687-b6dbd9db0508" testId="88339057-b604-f2fb-c819-a1e4a23ebc67" testName="Cerneala.Tetris.Tests.TetrisGameTests.EveryTetrominoKindCreatesItsOwnConcretePieceClass" computerName="DESKTOP-JT43V3D" duration="00:00:00.0021377" startTime="2026-10-08T01:37:54.7034692+03:00" endTime="2026-10-08T01:37:54.7034695+03:00" testType="13cdc9d9-ddb5-4fa4-a97d-d965ccfc6d4b" outcome="Passed" testListId="8c84fa94-04c1-424b-9868-57a2d4851a1d" relativeResultsDirectory="5742951f-457f-4e1d-b687-b6dbd9db0508" />
    <UnitTestResult executionId="06bf3490-6dd8-4384-98e3-d48eb88b417e" testId="f0932614-460e-5b34-7366-dcfaaa31d854" testName="Cerneala.Tetris.Tests.TetrisGameTests.ActivePieceMovementDoesNotChangeTheLockedBoardVersion" computerName="DESKTOP-JT43V3D" duration="00:00:00.0022172" startTime="2026-10-08T01:37:54.7361362+03:00" endTime="2026-10-08T01:37:54.7361367+03:00" testType="13cdc9d9-ddb5-4fa4-a97d-d965ccfc6d4b" outcome="Passed" testListId="8c84fa94-04c1-424b-9868-57a2d4851a1d" relativeResultsDirectory="06bf3490-6dd8-4384-98e3-d48eb88b417e" />
    <UnitTestResult executionId="b5c4f84b-a8ae-4d06-813d-ff713d9a2687" testId="4f48c4e5-96d7-0dcf-0566-6586a41c5de2" testName="Cerneala.Tetris.Tests.TetrisGameTests.SurfaceUsesContinuousRedrawForTheRealtimeGameLoop" computerName="DESKTOP-JT43V3D" duration="00:00:00.0025247" startTime="2026-10-08T01:37:54.5925702+03:00" endTime="2026-10-08T01:37:54.5925706+03:00" testType="13cdc9d9-ddb5-4fa4-a97d-d965ccfc6d4b" outcome="Passed" testListId="8c84fa94-04c1-424b-9868-57a2d4851a1d" relativeResultsDirectory="b5c4f84b-a8ae-4d06-813d-ff713d9a2687" />
    <UnitTestResult executionId="fb16cdec-5dd6-48a4-ab5f-bde862d378d9" testId="a26690ec-2f48-bb34-ab71-2d83e219301c" testName="Cerneala.Tetris.Tests.TetrisGameTests.PrismReplacementVisibilityCycleRestartsAspectMotionOnCurrentInstance" computerName="DESKTOP-JT43V3D" duration="00:00:00.0110337" startTime="2026-10-08T01:37:54.7627628+03:00" endTime="2026-10-08T01:37:54.7627631+03:00" testType="13cdc9d9-ddb5-4fa4-a97d-d965ccfc6d4b" outcome="Passed" testListId="8c84fa94-04c1-424b-9868-57a2d4851a1d" relativeResultsDirectory="fb16cdec-5dd6-48a4-ab5f-bde862d378d9" />
    <UnitTestResult executionId="c74624d8-2972-4b62-b319-93383194edf5" testId="ebd3997b-c1be-b3d2-21f4-1c305d7cef04" testName="Cerneala.Tetris.Tests.TetrisGameTests.RepeatedSoftDropKeyDownDoesNotApplyAnotherImmediateStep" computerName="DESKTOP-JT43V3D" duration="00:00:00.0002311" startTime="2026-10-08T01:37:54.6806267+03:00" endTime="2026-10-08T01:37:54.6806270+03:00" testType="13cdc9d9-ddb5-4fa4-a97d-d965ccfc6d4b" outcome="Passed" testListId="8c84fa94-04c1-424b-9868-57a2d4851a1d" relativeResultsDirectory="c74624d8-2972-4b62-b319-93383194edf5" />
    <UnitTestResult executionId="801d73aa-e0e7-4039-a5d5-0dbe635d251c" testId="42540635-f6f5-fbf8-fe67-e4abad8dcab3" testName="Cerneala.Tetris.Tests.TetrisGameTests.ActivePieceOwnsMarkupPrismWithNestedEffectOrder" computerName="DESKTOP-JT43V3D" duration="00:00:00.0154768" startTime="2026-10-08T01:37:54.7783524+03:00" endTime="2026-10-08T01:37:54.7783531+03:00" testType="13cdc9d9-ddb5-4fa4-a97d-d965ccfc6d4b" outcome="Passed" testListId="8c84fa94-04c1-424b-9868-57a2d4851a1d" relativeResultsDirectory="801d73aa-e0e7-4039-a5d5-0dbe635d251c" />
    <UnitTestResult executionId="ace77dc0-a0a6-41f0-ac6d-3e9ea0501b17" testId="248895d2-3a09-1b10-c03f-8291ea4104cf" testName="Cerneala.Tetris.Tests.TetrisGameTests.RemovingAppliedAspectCancelsItsPrismMotion" computerName="DESKTOP-JT43V3D" duration="00:00:00.0141755" startTime="2026-10-08T01:37:54.7177482+03:00" endTime="2026-10-08T01:37:54.7177485+03:00" testType="13cdc9d9-ddb5-4fa4-a97d-d965ccfc6d4b" outcome="Passed" testListId="8c84fa94-04c1-424b-9868-57a2d4851a1d" relativeResultsDirectory="ace77dc0-a0a6-41f0-ac6d-3e9ea0501b17" />
    <UnitTestResult executionId="2677be22-1433-4715-95ed-60ef88a42f22" testId="4841d809-33f7-6db3-a479-6743f5bd22c0" testName="Cerneala.Tetris.Tests.TetrisGameTests.FullLinesAreRemovedAndRowsAboveMoveDown" computerName="DESKTOP-JT43V3D" duration="00:00:00.0030800" startTime="2026-10-08T01:37:53.8220673+03:00" endTime="2026-10-08T01:37:53.8220676+03:00" testType="13cdc9d9-ddb5-4fa4-a97d-d965ccfc6d4b" outcome="Passed" testListId="8c84fa94-04c1-424b-9868-57a2d4851a1d" relativeResultsDirectory="2677be22-1433-4715-95ed-60ef88a42f22" />
  </Results>
  <TestDefinitions>
    <UnitTest name="Cerneala.Tetris.Tests.TetrisGameTests.RestartClearsAnActiveSoftDropPresentation" storage="c:\users\lauri\desktop\cerneala\tetrisish\tests\bin\release\net8.0\cerneala.tetris.tests.dll" id="cb6c0833-e9ec-8bc9-797c-2c99f4c20e7b">
      <Execution id="cb1bde78-68dc-480f-9e87-bd6cef39b4cb" />
      <TestMethod codeBase="C:\Users\lauri\Desktop\Cerneala\Tetrisish\Tests\bin\Release\net8.0\Cerneala.Tetris.Tests.dll" adapterTypeName="executor://xunit/VsTestRunner2/netcoreapp" className="Cerneala.Tetris.Tests.TetrisGameTests" name="RestartClearsAnActiveSoftDropPresentation" />
    </UnitTest>
    <UnitTest name="Cerneala.Tetris.Tests.TetrisGameTests.RemovingAppliedAspectCancelsItsPrismMotion" storage="c:\users\lauri\desktop\cerneala\tetrisish\tests\bin\release\net8.0\cerneala.tetris.tests.dll" id="248895d2-3a09-1b10-c03f-8291ea4104cf">
      <Execution id="ace77dc0-a0a6-41f0-ac6d-3e9ea0501b17" />
      <TestMethod codeBase="C:\Users\lauri\Desktop\Cerneala\Tetrisish\Tests\bin\Release\net8.0\Cerneala.Tetris.Tests.dll" adapterTypeName="executor://xunit/VsTestRunner2/netcoreapp" className="Cerneala.Tetris.Tests.TetrisGameTests" name="RemovingAppliedAspectCancelsItsPrismMotion" />
    </UnitTest>
    <UnitTest name="Cerneala.Tetris.Tests.TetrisGameTests.HidingRenderSurfaceAncestorCancelsSceneAspectPrismMotion" storage="c:\users\lauri\desktop\cerneala\tetrisish\tests\bin\release\net8.0\cerneala.tetris.tests.dll" id="8604d75b-2836-b5a4-5c1e-c2af2d33d478">
      <Execution id="1f967c5e-8be3-4ba2-a625-4ea0e3ded8c8" />
      <TestMethod codeBase="C:\Users\lauri\Desktop\Cerneala\Tetrisish\Tests\bin\Release\net8.0\Cerneala.Tetris.Tests.dll" adapterTypeName="executor://xunit/VsTestRunner2/netcoreapp" className="Cerneala.Tetris.Tests.TetrisGameTests" name="HidingRenderSurfaceAncestorCancelsSceneAspectPrismMotion" />
    </UnitTest>
    <UnitTest name="Cerneala.Tetris.Tests.TetrisGameTests.LockedSpriteModelsAreImmutableSnapshots" storage="c:\users\lauri\desktop\cerneala\tetrisish\tests\bin\release\net8.0\cerneala.tetris.tests.dll" id="53efd3e7-b4d1-9eb7-1703-5c3b3b98cf2b">
      <Execution id="79a0e6a5-cb6e-4827-a5b8-9ae6e81b5d9d" />
      <TestMethod codeBase="C:\Users\lauri\Desktop\Cerneala\Tetrisish\Tests\bin\Release\net8.0\Cerneala.Tetris.Tests.dll" adapterTypeName="executor://xunit/VsTestRunner2/netcoreapp" className="Cerneala.Tetris.Tests.TetrisGameTests" name="LockedSpriteModelsAreImmutableSnapshots" />
    </UnitTest>
    <UnitTest name="Cerneala.Tetris.Tests.TetrisGameTests.ClosingAfterSoftDroppedPieceLandsDoesNotStartMotionAfterDetach" storage="c:\users\lauri\desktop\cerneala\tetrisish\tests\bin\release\net8.0\cerneala.tetris.tests.dll" id="6cbcb30e-eda0-03a2-bd01-09a18f5dc94e">
      <Execution id="a108bf29-7bb7-485f-8be3-c9bbfe73685c" />
      <TestMethod codeBase="C:\Users\lauri\Desktop\Cerneala\Tetrisish\Tests\bin\Release\net8.0\Cerneala.Tetris.Tests.dll" adapterTypeName="executor://xunit/VsTestRunner2/netcoreapp" className="Cerneala.Tetris.Tests.TetrisGameTests" name="ClosingAfterSoftDroppedPieceLandsDoesNotStartMotionAfterDetach" />
    </UnitTest>
    <UnitTest name="Cerneala.Tetris.Tests.TetrisGameTests.LockingAPieceChangesTheLockedBoardVersion" storage="c:\users\lauri\desktop\cerneala\tetrisish\tests\bin\release\net8.0\cerneala.tetris.tests.dll" id="c27ed751-6f3b-6f63-a147-ec01d4e8d2ba">
      <Execution id="8455aecf-43bf-450f-b3a9-8a1b506d6d35" />
      <TestMethod codeBase="C:\Users\lauri\Desktop\Cerneala\Tetrisish\Tests\bin\Release\net8.0\Cerneala.Tetris.Tests.dll" adapterTypeName="executor://xunit/VsTestRunner2/netcoreapp" className="Cerneala.Tetris.Tests.TetrisGameTests" name="LockingAPieceChangesTheLockedBoardVersion" />
    </UnitTest>
    <UnitTest name="Cerneala.Tetris.Tests.TetrisGameTests.HoldCanBeUsedOnlyOnceUntilThePieceLocks" storage="c:\users\lauri\desktop\cerneala\tetrisish\tests\bin\release\net8.0\cerneala.tetris.tests.dll" id="4a880a0b-37ce-16d1-b8ad-42dc1c78a588">
      <Execution id="f5e45d6e-76c1-4eda-b5a5-ebace0a5b9a0" />
      <TestMethod codeBase="C:\Users\lauri\Desktop\Cerneala\Tetrisish\Tests\bin\Release\net8.0\Cerneala.Tetris.Tests.dll" adapterTypeName="executor://xunit/VsTestRunner2/netcoreapp" className="Cerneala.Tetris.Tests.TetrisGameTests" name="HoldCanBeUsedOnlyOnceUntilThePieceLocks" />
    </UnitTest>
    <UnitTest name="Cerneala.Tetris.Tests.TetrisGameTests.SurfaceUsesContinuousRedrawForTheRealtimeGameLoop" storage="c:\users\lauri\desktop\cerneala\tetrisish\tests\bin\release\net8.0\cerneala.tetris.tests.dll" id="4f48c4e5-96d7-0dcf-0566-6586a41c5de2">
      <Execution id="b5c4f84b-a8ae-4d06-813d-ff713d9a2687" />
      <TestMethod codeBase="C:\Users\lauri\Desktop\Cerneala\Tetrisish\Tests\bin\Release\net8.0\Cerneala.Tetris.Tests.dll" adapterTypeName="executor://xunit/VsTestRunner2/netcoreapp" className="Cerneala.Tetris.Tests.TetrisGameTests" name="SurfaceUsesContinuousRedrawForTheRealtimeGameLoop" />
    </UnitTest>
    <UnitTest name="Cerneala.Tetris.Tests.TetrisGameTests.HorizontalMovementCannotMoveCellsOutsideTheBoard" storage="c:\users\lauri\desktop\cerneala\tetrisish\tests\bin\release\net8.0\cerneala.tetris.tests.dll" id="9b688157-587a-4e1e-e069-f180b10839dc">
      <Execution id="3d55b9f7-0eca-453e-991c-0b26ff6ecc88" />
      <TestMethod codeBase="C:\Users\lauri\Desktop\Cerneala\Tetrisish\Tests\bin\Release\net8.0\Cerneala.Tetris.Tests.dll" adapterTypeName="executor://xunit/VsTestRunner2/netcoreapp" className="Cerneala.Tetris.Tests.TetrisGameTests" name="HorizontalMovementCannotMoveCellsOutsideTheBoard" />
    </UnitTest>
    <UnitTest name="Cerneala.Tetris.Tests.TetrisGameTests.ActivePieceMarkupMotionAnimatesItsPrismGlow" storage="c:\users\lauri\desktop\cerneala\tetrisish\tests\bin\release\net8.0\cerneala.tetris.tests.dll" id="8ee8a295-0963-6fbb-6c8f-6566e18a5fe3">
      <Execution id="b99ffc56-d4de-4e4f-ac98-40a1a18b5076" />
      <TestMethod codeBase="C:\Users\lauri\Desktop\Cerneala\Tetrisish\Tests\bin\Release\net8.0\Cerneala.Tetris.Tests.dll" adapterTypeName="executor://xunit/VsTestRunner2/netcoreapp" className="Cerneala.Tetris.Tests.TetrisGameTests" name="ActivePieceMarkupMotionAnimatesItsPrismGlow" />
    </UnitTest>
    <UnitTest name="Cerneala.Tetris.Tests.TetrisGameTests.FrameTimeAdvancesGravityThroughTheContinuousGameLoop" storage="c:\users\lauri\desktop\cerneala\tetrisish\tests\bin\release\net8.0\cerneala.tetris.tests.dll" id="5a28d3ea-b7e8-a8cb-b493-cf00d6c7bda5">
      <Execution id="308aae38-e0da-4751-8676-0b5656da58d5" />
      <TestMethod codeBase="C:\Users\lauri\Desktop\Cerneala\Tetrisish\Tests\bin\Release\net8.0\Cerneala.Tetris.Tests.dll" adapterTypeName="executor://xunit/VsTestRunner2/netcoreapp" className="Cerneala.Tetris.Tests.TetrisGameTests" name="FrameTimeAdvancesGravityThroughTheContinuousGameLoop" />
    </UnitTest>
    <UnitTest name="Cerneala.Tetris.Tests.TetrisGameTests.ActivePieceMovementDoesNotChangeTheLockedBoardVersion" storage="c:\users\lauri\desktop\cerneala\tetrisish\tests\bin\release\net8.0\cerneala.tetris.tests.dll" id="f0932614-460e-5b34-7366-dcfaaa31d854">
      <Execution id="06bf3490-6dd8-4384-98e3-d48eb88b417e" />
      <TestMethod codeBase="C:\Users\lauri\Desktop\Cerneala\Tetrisish\Tests\bin\Release\net8.0\Cerneala.Tetris.Tests.dll" adapterTypeName="executor://xunit/VsTestRunner2/netcoreapp" className="Cerneala.Tetris.Tests.TetrisGameTests" name="ActivePieceMovementDoesNotChangeTheLockedBoardVersion" />
    </UnitTest>
    <UnitTest name="Cerneala.Tetris.Tests.TetrisGameTests.RepeatedSoftDropKeyDownDoesNotApplyAnotherImmediateStep" storage="c:\users\lauri\desktop\cerneala\tetrisish\tests\bin\release\net8.0\cerneala.tetris.tests.dll" id="ebd3997b-c1be-b3d2-21f4-1c305d7cef04">
      <Execution id="c74624d8-2972-4b62-b319-93383194edf5" />
      <TestMethod codeBase="C:\Users\lauri\Desktop\Cerneala\Tetrisish\Tests\bin\Release\net8.0\Cerneala.Tetris.Tests.dll" adapterTypeName="executor://xunit/VsTestRunner2/netcoreapp" className="Cerneala.Tetris.Tests.TetrisGameTests" name="RepeatedSoftDropKeyDownDoesNotApplyAnotherImmediateStep" />
    </UnitTest>
    <UnitTest name="Cerneala.Tetris.Tests.TetrisGameTests.ExpensivePrismAnimationPublishesQuantizedSamples" storage="c:\users\lauri\desktop\cerneala\tetrisish\tests\bin\release\net8.0\cerneala.tetris.tests.dll" id="488bf801-1f86-2a87-1041-4896348a30a8">
      <Execution id="73b2f807-aa86-42d3-a81d-4a7e6787675d" />
      <TestMethod codeBase="C:\Users\lauri\Desktop\Cerneala\Tetrisish\Tests\bin\Release\net8.0\Cerneala.Tetris.Tests.dll" adapterTypeName="executor://xunit/VsTestRunner2/netcoreapp" className="Cerneala.Tetris.Tests.TetrisGameTests" name="ExpensivePrismAnimationPublishesQuantizedSamples" />
    </UnitTest>
    <UnitTest name="Cerneala.Tetris.Tests.TetrisGameTests.EveryTetrominoKindCreatesItsOwnConcretePieceClass" storage="c:\users\lauri\desktop\cerneala\tetrisish\tests\bin\release\net8.0\cerneala.tetris.tests.dll" id="88339057-b604-f2fb-c819-a1e4a23ebc67">
      <Execution id="5742951f-457f-4e1d-b687-b6dbd9db0508" />
      <TestMethod codeBase="C:\Users\lauri\Desktop\Cerneala\Tetrisish\Tests\bin\Release\net8.0\Cerneala.Tetris.Tests.dll" adapterTypeName="executor://xunit/VsTestRunner2/netcoreapp" className="Cerneala.Tetris.Tests.TetrisGameTests" name="EveryTetrominoKindCreatesItsOwnConcretePieceClass" />
    </UnitTest>
    <UnitTest name="Cerneala.Tetris.Tests.TetrisGameTests.ActivePieceDeclaresItsLocalPrismInputWhenDimensionsChange" storage="c:\users\lauri\desktop\cerneala\tetrisish\tests\bin\release\net8.0\cerneala.tetris.tests.dll" id="283789d4-da2b-73ce-5049-fc6728c36455">
      <Execution id="8d544168-f6b8-4cdf-992c-f89b09119b44" />
      <TestMethod codeBase="C:\Users\lauri\Desktop\Cerneala\Tetrisish\Tests\bin\Release\net8.0\Cerneala.Tetris.Tests.dll" adapterTypeName="executor://xunit/VsTestRunner2/netcoreapp" className="Cerneala.Tetris.Tests.TetrisGameTests" name="ActivePieceDeclaresItsLocalPrismInputWhenDimensionsChange" />
    </UnitTest>
    <UnitTest name="Cerneala.Tetris.Tests.TetrisGameTests.TetrominoAtlasProvidesOneConnectedSilhouettePerRotation" storage="c:\users\lauri\desktop\cerneala\tetrisish\tests\bin\release\net8.0\cerneala.tetris.tests.dll" id="06c37492-b577-7a60-e29c-febb8a0a66b1">
      <Execution id="239a048e-4a82-4ac4-a79f-4de54bc2d702" />
      <TestMethod codeBase="C:\Users\lauri\Desktop\Cerneala\Tetrisish\Tests\bin\Release\net8.0\Cerneala.Tetris.Tests.dll" adapterTypeName="executor://xunit/VsTestRunner2/netcoreapp" className="Cerneala.Tetris.Tests.TetrisGameTests" name="TetrominoAtlasProvidesOneConnectedSilhouettePerRotation" />
    </UnitTest>
    <UnitTest name="Cerneala.Tetris.Tests.TetrisGameTests.ActivePieceOwnsMarkupPrismWithNestedEffectOrder" storage="c:\users\lauri\desktop\cerneala\tetrisish\tests\bin\release\net8.0\cerneala.tetris.tests.dll" id="42540635-f6f5-fbf8-fe67-e4abad8dcab3">
      <Execution id="801d73aa-e0e7-4039-a5d5-0dbe635d251c" />
      <TestMethod codeBase="C:\Users\lauri\Desktop\Cerneala\Tetrisish\Tests\bin\Release\net8.0\Cerneala.Tetris.Tests.dll" adapterTypeName="executor://xunit/VsTestRunner2/netcoreapp" className="Cerneala.Tetris.Tests.TetrisGameTests" name="ActivePieceOwnsMarkupPrismWithNestedEffectOrder" />
    </UnitTest>
    <UnitTest name="Cerneala.Tetris.Tests.TetrisGameTests.FullLinesAreRemovedAndRowsAboveMoveDown" storage="c:\users\lauri\desktop\cerneala\tetrisish\tests\bin\release\net8.0\cerneala.tetris.tests.dll" id="4841d809-33f7-6db3-a479-6743f5bd22c0">
      <Execution id="2677be22-1433-4715-95ed-60ef88a42f22" />
      <TestMethod codeBase="C:\Users\lauri\Desktop\Cerneala\Tetrisish\Tests\bin\Release\net8.0\Cerneala.Tetris.Tests.dll" adapterTypeName="executor://xunit/VsTestRunner2/netcoreapp" className="Cerneala.Tetris.Tests.TetrisGameTests" name="FullLinesAreRemovedAndRowsAboveMoveDown" />
    </UnitTest>
    <UnitTest name="Cerneala.Tetris.Tests.TetrisGameTests.PausedGameDoesNotAdvanceGravity" storage="c:\users\lauri\desktop\cerneala\tetrisish\tests\bin\release\net8.0\cerneala.tetris.tests.dll" id="d96c4064-f62b-6cf4-bfdc-d11f1db82a53">
      <Execution id="35022d54-3eb6-46fa-af06-30d30da3ef46" />
      <TestMethod codeBase="C:\Users\lauri\Desktop\Cerneala\Tetrisish\Tests\bin\Release\net8.0\Cerneala.Tetris.Tests.dll" adapterTypeName="executor://xunit/VsTestRunner2/netcoreapp" className="Cerneala.Tetris.Tests.TetrisGameTests" name="PausedGameDoesNotAdvanceGravity" />
    </UnitTest>
    <UnitTest name="Cerneala.Tetris.Tests.TetrisGameTests.PrismReplacementVisibilityCycleRestartsAspectMotionOnCurrentInstance" storage="c:\users\lauri\desktop\cerneala\tetrisish\tests\bin\release\net8.0\cerneala.tetris.tests.dll" id="a26690ec-2f48-bb34-ab71-2d83e219301c">
      <Execution id="fb16cdec-5dd6-48a4-ab5f-bde862d378d9" />
      <TestMethod codeBase="C:\Users\lauri\Desktop\Cerneala\Tetrisish\Tests\bin\Release\net8.0\Cerneala.Tetris.Tests.dll" adapterTypeName="executor://xunit/VsTestRunner2/netcoreapp" className="Cerneala.Tetris.Tests.TetrisGameTests" name="PrismReplacementVisibilityCycleRestartsAspectMotionOnCurrentInstance" />
    </UnitTest>
    <UnitTest name="Cerneala.Tetris.Tests.TetrisGameTests.PointerActivationThenRightArrowMovesTheActivePiece" storage="c:\users\lauri\desktop\cerneala\tetrisish\tests\bin\release\net8.0\cerneala.tetris.tests.dll" id="db1d9063-3e58-6537-049a-38ac69857568">
      <Execution id="a2c0821b-95ca-4009-9fcb-6f574a6b287e" />
      <TestMethod codeBase="C:\Users\lauri\Desktop\Cerneala\Tetrisish\Tests\bin\Release\net8.0\Cerneala.Tetris.Tests.dll" adapterTypeName="executor://xunit/VsTestRunner2/netcoreapp" className="Cerneala.Tetris.Tests.TetrisGameTests" name="PointerActivationThenRightArrowMovesTheActivePiece" />
    </UnitTest>
    <UnitTest name="Cerneala.Tetris.Tests.TetrisGameTests.SoftDropMotionPublishesIntermediateQuantizedValues" storage="c:\users\lauri\desktop\cerneala\tetrisish\tests\bin\release\net8.0\cerneala.tetris.tests.dll" id="9375b240-8875-34de-4432-6f1cb99bf247">
      <Execution id="cf9e92c3-fa7e-4115-88e9-f8dfbe76043c" />
      <TestMethod codeBase="C:\Users\lauri\Desktop\Cerneala\Tetrisish\Tests\bin\Release\net8.0\Cerneala.Tetris.Tests.dll" adapterTypeName="executor://xunit/VsTestRunner2/netcoreapp" className="Cerneala.Tetris.Tests.TetrisGameTests" name="SoftDropMotionPublishesIntermediateQuantizedValues" />
    </UnitTest>
    <UnitTest name="Cerneala.Tetris.Tests.TetrisGameTests.LockedSpritesUseAnObservableCollectionWithoutReplacingItsBindingSource" storage="c:\users\lauri\desktop\cerneala\tetrisish\tests\bin\release\net8.0\cerneala.tetris.tests.dll" id="d98bfe38-4e80-1f0b-033d-b38746af3927">
      <Execution id="197a35cd-6ca1-422d-9c5e-1392f5880e40" />
      <TestMethod codeBase="C:\Users\lauri\Desktop\Cerneala\Tetrisish\Tests\bin\Release\net8.0\Cerneala.Tetris.Tests.dll" adapterTypeName="executor://xunit/VsTestRunner2/netcoreapp" className="Cerneala.Tetris.Tests.TetrisGameTests" name="LockedSpritesUseAnObservableCollectionWithoutReplacingItsBindingSource" />
    </UnitTest>
    <UnitTest name="Cerneala.Tetris.Tests.TetrisGameTests.MotionBlurVisibilityTracksTheQuantizedSurfaceValue" storage="c:\users\lauri\desktop\cerneala\tetrisish\tests\bin\release\net8.0\cerneala.tetris.tests.dll" id="43c80ee3-066a-c3d5-b297-37c4f9df63b8">
      <Execution id="28baccf1-b567-4f18-b9b6-5c20c932b7d0" />
      <TestMethod codeBase="C:\Users\lauri\Desktop\Cerneala\Tetrisish\Tests\bin\Release\net8.0\Cerneala.Tetris.Tests.dll" adapterTypeName="executor://xunit/VsTestRunner2/netcoreapp" className="Cerneala.Tetris.Tests.TetrisGameTests" name="MotionBlurVisibilityTracksTheQuantizedSurfaceValue" />
    </UnitTest>
    <UnitTest name="Cerneala.Tetris.Tests.TetrisGameTests.PlacementIdentitySurvivesLineClearAndSeparatesSameKindPieces" storage="c:\users\lauri\desktop\cerneala\tetrisish\tests\bin\release\net8.0\cerneala.tetris.tests.dll" id="3fe30c0b-4cc3-18c4-2d7f-b8bcdfbd869d">
      <Execution id="85a9c1f7-f8fc-4ea8-b698-46d2c137a42a" />
      <TestMethod codeBase="C:\Users\lauri\Desktop\Cerneala\Tetrisish\Tests\bin\Release\net8.0\Cerneala.Tetris.Tests.dll" adapterTypeName="executor://xunit/VsTestRunner2/netcoreapp" className="Cerneala.Tetris.Tests.TetrisGameTests" name="PlacementIdentitySurvivesLineClearAndSeparatesSameKindPieces" />
    </UnitTest>
    <UnitTest name="Cerneala.Tetris.Tests.TetrisGameTests.HeldSoftDropContinuesAtTheSoftDropCadenceUntilReleased" storage="c:\users\lauri\desktop\cerneala\tetrisish\tests\bin\release\net8.0\cerneala.tetris.tests.dll" id="86f6d23b-9125-7e13-21db-9d4dc3788b11">
      <Execution id="d8919307-aaf4-4942-ad9a-2fd18892ee1e" />
      <TestMethod codeBase="C:\Users\lauri\Desktop\Cerneala\Tetrisish\Tests\bin\Release\net8.0\Cerneala.Tetris.Tests.dll" adapterTypeName="executor://xunit/VsTestRunner2/netcoreapp" className="Cerneala.Tetris.Tests.TetrisGameTests" name="HeldSoftDropContinuesAtTheSoftDropCadenceUntilReleased" />
    </UnitTest>
    <UnitTest name="Cerneala.Tetris.Tests.TetrisGameTests.LineClearedFragmentsRemainLockedSpriteModels" storage="c:\users\lauri\desktop\cerneala\tetrisish\tests\bin\release\net8.0\cerneala.tetris.tests.dll" id="efba01a6-0a8f-6f65-c7eb-beead7f32a0d">
      <Execution id="aab80529-e113-494d-ac9d-e2d391b50f59" />
      <TestMethod codeBase="C:\Users\lauri\Desktop\Cerneala\Tetrisish\Tests\bin\Release\net8.0\Cerneala.Tetris.Tests.dll" adapterTypeName="executor://xunit/VsTestRunner2/netcoreapp" className="Cerneala.Tetris.Tests.TetrisGameTests" name="LineClearedFragmentsRemainLockedSpriteModels" />
    </UnitTest>
    <UnitTest name="Cerneala.Tetris.Tests.TetrisGameTests.HardDropLocksExactlyOneTetrominoAndSpawnsTheNext" storage="c:\users\lauri\desktop\cerneala\tetrisish\tests\bin\release\net8.0\cerneala.tetris.tests.dll" id="72cb5f25-459f-023e-57d9-b85c03373f0c">
      <Execution id="8f5481bf-67cf-43eb-8319-68aecb7e64e4" />
      <TestMethod codeBase="C:\Users\lauri\Desktop\Cerneala\Tetrisish\Tests\bin\Release\net8.0\Cerneala.Tetris.Tests.dll" adapterTypeName="executor://xunit/VsTestRunner2/netcoreapp" className="Cerneala.Tetris.Tests.TetrisGameTests" name="HardDropLocksExactlyOneTetrominoAndSpawnsTheNext" />
    </UnitTest>
    <UnitTest name="Cerneala.Tetris.Tests.TetrisGameTests.PieceEffectsMatchTheConfirmedGlowAndSoftDropContract" storage="c:\users\lauri\desktop\cerneala\tetrisish\tests\bin\release\net8.0\cerneala.tetris.tests.dll" id="31436e3d-7a6e-6967-5039-5532484c3b61">
      <Execution id="0040f6bb-2dfa-4cf0-969e-eb00425523ea" />
      <TestMethod codeBase="C:\Users\lauri\Desktop\Cerneala\Tetrisish\Tests\bin\Release\net8.0\Cerneala.Tetris.Tests.dll" adapterTypeName="executor://xunit/VsTestRunner2/netcoreapp" className="Cerneala.Tetris.Tests.TetrisGameTests" name="PieceEffectsMatchTheConfirmedGlowAndSoftDropContract" />
    </UnitTest>
    <UnitTest name="Cerneala.Tetris.Tests.TetrisGameTests.MarkupSurfaceRecordsImperativeBoardBeforeRetainedScene" storage="c:\users\lauri\desktop\cerneala\tetrisish\tests\bin\release\net8.0\cerneala.tetris.tests.dll" id="75537422-49a5-7d05-644a-e0c34d4d539d">
      <Execution id="51433647-4f6a-4a56-870b-80dc34962449" />
      <TestMethod codeBase="C:\Users\lauri\Desktop\Cerneala\Tetrisish\Tests\bin\Release\net8.0\Cerneala.Tetris.Tests.dll" adapterTypeName="executor://xunit/VsTestRunner2/netcoreapp" className="Cerneala.Tetris.Tests.TetrisGameTests" name="MarkupSurfaceRecordsImperativeBoardBeforeRetainedScene" />
    </UnitTest>
  </TestDefinitions>
  <TestEntries>
    <TestEntry testId="06c37492-b577-7a60-e29c-febb8a0a66b1" executionId="239a048e-4a82-4ac4-a79f-4de54bc2d702" testListId="8c84fa94-04c1-424b-9868-57a2d4851a1d" />
    <TestEntry testId="86f6d23b-9125-7e13-21db-9d4dc3788b11" executionId="d8919307-aaf4-4942-ad9a-2fd18892ee1e" testListId="8c84fa94-04c1-424b-9868-57a2d4851a1d" />
    <TestEntry testId="72cb5f25-459f-023e-57d9-b85c03373f0c" executionId="8f5481bf-67cf-43eb-8319-68aecb7e64e4" testListId="8c84fa94-04c1-424b-9868-57a2d4851a1d" />
    <TestEntry testId="9b688157-587a-4e1e-e069-f180b10839dc" executionId="3d55b9f7-0eca-453e-991c-0b26ff6ecc88" testListId="8c84fa94-04c1-424b-9868-57a2d4851a1d" />
    <TestEntry testId="d98bfe38-4e80-1f0b-033d-b38746af3927" executionId="197a35cd-6ca1-422d-9c5e-1392f5880e40" testListId="8c84fa94-04c1-424b-9868-57a2d4851a1d" />
    <TestEntry testId="efba01a6-0a8f-6f65-c7eb-beead7f32a0d" executionId="aab80529-e113-494d-ac9d-e2d391b50f59" testListId="8c84fa94-04c1-424b-9868-57a2d4851a1d" />
    <TestEntry testId="8604d75b-2836-b5a4-5c1e-c2af2d33d478" executionId="1f967c5e-8be3-4ba2-a625-4ea0e3ded8c8" testListId="8c84fa94-04c1-424b-9868-57a2d4851a1d" />
    <TestEntry testId="c27ed751-6f3b-6f63-a147-ec01d4e8d2ba" executionId="8455aecf-43bf-450f-b3a9-8a1b506d6d35" testListId="8c84fa94-04c1-424b-9868-57a2d4851a1d" />
    <TestEntry testId="53efd3e7-b4d1-9eb7-1703-5c3b3b98cf2b" executionId="79a0e6a5-cb6e-4827-a5b8-9ae6e81b5d9d" testListId="8c84fa94-04c1-424b-9868-57a2d4851a1d" />
    <TestEntry testId="488bf801-1f86-2a87-1041-4896348a30a8" executionId="73b2f807-aa86-42d3-a81d-4a7e6787675d" testListId="8c84fa94-04c1-424b-9868-57a2d4851a1d" />
    <TestEntry testId="31436e3d-7a6e-6967-5039-5532484c3b61" executionId="0040f6bb-2dfa-4cf0-969e-eb00425523ea" testListId="8c84fa94-04c1-424b-9868-57a2d4851a1d" />
    <TestEntry testId="6cbcb30e-eda0-03a2-bd01-09a18f5dc94e" executionId="a108bf29-7bb7-485f-8be3-c9bbfe73685c" testListId="8c84fa94-04c1-424b-9868-57a2d4851a1d" />
    <TestEntry testId="43c80ee3-066a-c3d5-b297-37c4f9df63b8" executionId="28baccf1-b567-4f18-b9b6-5c20c932b7d0" testListId="8c84fa94-04c1-424b-9868-57a2d4851a1d" />
    <TestEntry testId="283789d4-da2b-73ce-5049-fc6728c36455" executionId="8d544168-f6b8-4cdf-992c-f89b09119b44" testListId="8c84fa94-04c1-424b-9868-57a2d4851a1d" />
    <TestEntry testId="cb6c0833-e9ec-8bc9-797c-2c99f4c20e7b" executionId="cb1bde78-68dc-480f-9e87-bd6cef39b4cb" testListId="8c84fa94-04c1-424b-9868-57a2d4851a1d" />
    <TestEntry testId="5a28d3ea-b7e8-a8cb-b493-cf00d6c7bda5" executionId="308aae38-e0da-4751-8676-0b5656da58d5" testListId="8c84fa94-04c1-424b-9868-57a2d4851a1d" />
    <TestEntry testId="4a880a0b-37ce-16d1-b8ad-42dc1c78a588" executionId="f5e45d6e-76c1-4eda-b5a5-ebace0a5b9a0" testListId="8c84fa94-04c1-424b-9868-57a2d4851a1d" />
    <TestEntry testId="d96c4064-f62b-6cf4-bfdc-d11f1db82a53" executionId="35022d54-3eb6-46fa-af06-30d30da3ef46" testListId="8c84fa94-04c1-424b-9868-57a2d4851a1d" />
    <TestEntry testId="db1d9063-3e58-6537-049a-38ac69857568" executionId="a2c0821b-95ca-4009-9fcb-6f574a6b287e" testListId="8c84fa94-04c1-424b-9868-57a2d4851a1d" />
    <TestEntry testId="75537422-49a5-7d05-644a-e0c34d4d539d" executionId="51433647-4f6a-4a56-870b-80dc34962449" testListId="8c84fa94-04c1-424b-9868-57a2d4851a1d" />
    <TestEntry testId="8ee8a295-0963-6fbb-6c8f-6566e18a5fe3" executionId="b99ffc56-d4de-4e4f-ac98-40a1a18b5076" testListId="8c84fa94-04c1-424b-9868-57a2d4851a1d" />
    <TestEntry testId="9375b240-8875-34de-4432-6f1cb99bf247" executionId="cf9e92c3-fa7e-4115-88e9-f8dfbe76043c" testListId="8c84fa94-04c1-424b-9868-57a2d4851a1d" />
    <TestEntry testId="3fe30c0b-4cc3-18c4-2d7f-b8bcdfbd869d" executionId="85a9c1f7-f8fc-4ea8-b698-46d2c137a42a" testListId="8c84fa94-04c1-424b-9868-57a2d4851a1d" />
    <TestEntry testId="88339057-b604-f2fb-c819-a1e4a23ebc67" executionId="5742951f-457f-4e1d-b687-b6dbd9db0508" testListId="8c84fa94-04c1-424b-9868-57a2d4851a1d" />
    <TestEntry testId="f0932614-460e-5b34-7366-dcfaaa31d854" executionId="06bf3490-6dd8-4384-98e3-d48eb88b417e" testListId="8c84fa94-04c1-424b-9868-57a2d4851a1d" />
    <TestEntry testId="4f48c4e5-96d7-0dcf-0566-6586a41c5de2" executionId="b5c4f84b-a8ae-4d06-813d-ff713d9a2687" testListId="8c84fa94-04c1-424b-9868-57a2d4851a1d" />
    <TestEntry testId="a26690ec-2f48-bb34-ab71-2d83e219301c" executionId="fb16cdec-5dd6-48a4-ab5f-bde862d378d9" testListId="8c84fa94-04c1-424b-9868-57a2d4851a1d" />
    <TestEntry testId="ebd3997b-c1be-b3d2-21f4-1c305d7cef04" executionId="c74624d8-2972-4b62-b319-93383194edf5" testListId="8c84fa94-04c1-424b-9868-57a2d4851a1d" />
    <TestEntry testId="42540635-f6f5-fbf8-fe67-e4abad8dcab3" executionId="801d73aa-e0e7-4039-a5d5-0dbe635d251c" testListId="8c84fa94-04c1-424b-9868-57a2d4851a1d" />
    <TestEntry testId="248895d2-3a09-1b10-c03f-8291ea4104cf" executionId="ace77dc0-a0a6-41f0-ac6d-3e9ea0501b17" testListId="8c84fa94-04c1-424b-9868-57a2d4851a1d" />
    <TestEntry testId="4841d809-33f7-6db3-a479-6743f5bd22c0" executionId="2677be22-1433-4715-95ed-60ef88a42f22" testListId="8c84fa94-04c1-424b-9868-57a2d4851a1d" />
  </TestEntries>
  <TestLists>
    <TestList name="Results Not in a List" id="8c84fa94-04c1-424b-9868-57a2d4851a1d" />
    <TestList name="All Loaded Results" id="19431567-8539-422a-85d7-44ee4e166bda" />
  </TestLists>
  <ResultSummary outcome="Completed">
    <Counters total="31" executed="31" passed="31" failed="0" error="0" timeout="0" aborted="0" inconclusive="0" passedButRunAborted="0" notRunnable="0" notExecuted="0" disconnected="0" warning="0" completed="0" inProgress="0" pending="0" />
    <Output>
      <StdOut>[xUnit.net 00:00:00.00] xUnit.net VSTest Adapter v2.5.3.1+6b60a9e56a (64-bit .NET 8.0.30)&#xD;
[xUnit.net 00:00:00.97]   Discovering: Cerneala.Tetris.Tests&#xD;
[xUnit.net 00:00:01.03]   Discovered:  Cerneala.Tetris.Tests&#xD;
[xUnit.net 00:00:01.03]   Starting:    Cerneala.Tetris.Tests&#xD;
[xUnit.net 00:00:02.41]   Finished:    Cerneala.Tetris.Tests&#xD;
</StdOut>
    </Output>
  </ResultSummary>
</TestRun>