  Determining projects to restore...
  All projects are up-to-date for restore.
  Cerneala.Language -> C:\Users\lauri\Desktop\Cerneala\Cerneala.Language\bin\Release\netstandard2.0\Cerneala.Language.dll
  Cerneala.SourceGen -> C:\Users\lauri\Desktop\Cerneala\Cerneala.SourceGen\bin\Release\netstandard2.0\Cerneala.SourceGen.dll
  Cerneala -> C:\Users\lauri\Desktop\Cerneala\bin\Release\net8.0\Cerneala.dll
  Cerneala.Platforms.Sdl3 -> C:\Users\lauri\Desktop\Cerneala\Cerneala.Platforms.Sdl3\bin\Release\net8.0\Cerneala.Platforms.Sdl3.dll
  Cerneala.Backends.SdlGpu -> C:\Users\lauri\Desktop\Cerneala\Cerneala.Backends.SdlGpu\bin\Release\net8.0\Cerneala.Backends.SdlGpu.dll
  Cerneala.PreviewHost -> C:\Users\lauri\Desktop\Cerneala\Cerneala.PreviewHost\bin\Release\net10.0-windows\Cerneala.PreviewHost.dll
  CernealaPresentation -> C:\Users\lauri\Desktop\Cerneala\CernealaPresentation\bin\Release\net8.0-windows\CernealaPresentation.dll
  Cerneala.SdlGpuSmoke -> C:\Users\lauri\Desktop\Cerneala\tests\Cerneala.SdlGpuSmoke\bin\Release\net8.0\Cerneala.SdlGpuSmoke.dll
  Cerneala.Tests.PreviewHost -> C:\Users\lauri\Desktop\Cerneala\tests\Cerneala.Tests.PreviewHost\bin\Release\net10.0-windows\Cerneala.Tests.PreviewHost.dll
Test run for C:\Users\lauri\Desktop\Cerneala\tests\Cerneala.Tests.PreviewHost\bin\Release\net10.0-windows\Cerneala.Tests.PreviewHost.dll (.NETCoreApp,Version=v10.0)
A total of 1 test files matched the specified pattern.
[xUnit.net 00:00:05.65]     Cerneala.Tests.PreviewHost.PreviewCompilerFastPathTargetTypeTests.UnpairedSavedMarkupKeepsTheExistingBuildOutputReuseContract [FAIL]
  Failed Cerneala.Tests.PreviewHost.PreviewCompilerFastPathTargetTypeTests.UnpairedSavedMarkupKeepsTheExistingBuildOutputReuseContract [5 s]
  Error Message:
   Assert.Equal() Failure: Strings differ
           ↓ (pos 0)
Expected: "Cerneala.Tests.PreviewHost"
Actual:   "Sample"
           ↑ (pos 0)
  Stack Trace:
     at Cerneala.Tests.PreviewHost.PreviewCompilerFastPathTargetTypeTests.UnpairedSavedMarkupKeepsTheExistingBuildOutputReuseContract() in C:\Users\lauri\Desktop\Cerneala\tests\Cerneala.Tests.PreviewHost\PreviewCompilerFastPathTargetTypeTests.cs:line 173
--- End of stack trace from previous location ---
Results File: C:\Users\lauri\Desktop\Cerneala\docs\plans\evidence\2026-09-24-scene-village-seams\integration\preview-repair\unpaired-red-01\preview-unpaired-red-01.trx

Failed!  - Failed:     1, Passed:     0, Skipped:     0, Total:     1, Duration: 5 s - Cerneala.Tests.PreviewHost.dll (net10.0)
