  Determining projects to restore...
  All projects are up-to-date for restore.
  Cerneala.Language -> C:\Users\lauri\Desktop\Cerneala\Cerneala.Language\bin\Release\netstandard2.0\Cerneala.Language.dll
  Cerneala.SourceGen -> C:\Users\lauri\Desktop\Cerneala\Cerneala.SourceGen\bin\Release\netstandard2.0\Cerneala.SourceGen.dll
  Cerneala -> C:\Users\lauri\Desktop\Cerneala\bin\Release\net8.0\Cerneala.dll
  Cerneala.Platforms.Sdl3 -> C:\Users\lauri\Desktop\Cerneala\Cerneala.Platforms.Sdl3\bin\Release\net8.0\Cerneala.Platforms.Sdl3.dll
  Cerneala.Backends.SdlGpu -> C:\Users\lauri\Desktop\Cerneala\Cerneala.Backends.SdlGpu\bin\Release\net8.0\Cerneala.Backends.SdlGpu.dll
  Cerneala.LanguageServer -> C:\Users\lauri\Desktop\Cerneala\Cerneala.LanguageServer\bin\Release\net10.0\Cerneala.LanguageServer.dll
  Cerneala.PreviewHost -> C:\Users\lauri\Desktop\Cerneala\Cerneala.PreviewHost\bin\Release\net10.0-windows\Cerneala.PreviewHost.dll
  Cerneala.Scene2D.Importers -> C:\Users\lauri\Desktop\Cerneala\Cerneala.Scene2D.Importers\bin\Release\net8.0\Cerneala.Scene2D.Importers.dll
  Cerneala.Scene2D.Packages -> C:\Users\lauri\Desktop\Cerneala\Cerneala.Scene2D.Packages\bin\Release\net8.0\Cerneala.Scene2D.Packages.dll
  Cerneala.VisualStudio -> C:\Users\lauri\Desktop\Cerneala\Cerneala.VisualStudio\bin\Release\net472\Cerneala.VisualStudio.dll
  Determining projects to restore...
  Restored C:\Users\lauri\Desktop\Cerneala\Cerneala.Language\Cerneala.Language.csproj (in 463 ms).
  1 of 2 projects are up-to-date for restore.
  Cerneala.Language -> C:\Users\lauri\Desktop\Cerneala\Cerneala.Language\bin\Release\netstandard2.0\Cerneala.Language.dll
  Cerneala.LanguageServer -> C:\Users\lauri\Desktop\Cerneala\Cerneala.LanguageServer\bin\Release\net10.0\win-x64\Cerneala.LanguageServer.dll
  Cerneala.LanguageServer -> C:\Users\lauri\Desktop\Cerneala\Cerneala.VisualStudio\obj\Release\net472\bundled-server\
  Determining projects to restore...
  Restored C:\Users\lauri\Desktop\Cerneala\Cerneala.SourceGen\Cerneala.SourceGen.csproj (in 188 ms).
  Restored C:\Users\lauri\Desktop\Cerneala\Cerneala.csproj (in 196 ms).
  Restored C:\Users\lauri\Desktop\Cerneala\Cerneala.Backends.SdlGpu\Cerneala.Backends.SdlGpu.csproj (in 211 ms).
  Restored C:\Users\lauri\Desktop\Cerneala\Cerneala.Platforms.Sdl3\Cerneala.Platforms.Sdl3.csproj (in 360 ms).
  2 of 6 projects are up-to-date for restore.
  Cerneala.Language -> C:\Users\lauri\Desktop\Cerneala\Cerneala.Language\bin\Release\netstandard2.0\Cerneala.Language.dll
  Cerneala.SourceGen -> C:\Users\lauri\Desktop\Cerneala\Cerneala.SourceGen\bin\Release\netstandard2.0\Cerneala.SourceGen.dll
  Cerneala -> C:\Users\lauri\Desktop\Cerneala\bin\Release\net8.0\Cerneala.dll
  Cerneala.Platforms.Sdl3 -> C:\Users\lauri\Desktop\Cerneala\Cerneala.Platforms.Sdl3\bin\Release\net8.0\Cerneala.Platforms.Sdl3.dll
  Cerneala.Backends.SdlGpu -> C:\Users\lauri\Desktop\Cerneala\Cerneala.Backends.SdlGpu\bin\Release\net8.0\Cerneala.Backends.SdlGpu.dll
  Cerneala.Platforms.Sdl3 -> C:\Users\lauri\Desktop\Cerneala\Cerneala.Platforms.Sdl3\bin\Release\net8.0\win-x64\Cerneala.Platforms.Sdl3.dll
  Cerneala.PreviewHost -> C:\Users\lauri\Desktop\Cerneala\Cerneala.PreviewHost\bin\Release\net10.0-windows\win-x64\Cerneala.PreviewHost.dll
  Cerneala.PreviewHost -> C:\Users\lauri\Desktop\Cerneala\Cerneala.VisualStudio\obj\Release\net472\bundled-preview-host\
  Cerneala.VisualStudio -> C:\Users\lauri\Desktop\Cerneala\Cerneala.VisualStudio\bin\Release\net472\Cerneala.VisualStudio.vsix
  CernealaPresentation -> C:\Users\lauri\Desktop\Cerneala\CernealaPresentation\bin\Release\net8.0-windows\CernealaPresentation.dll
  Cerneala.Benchmarks -> C:\Users\lauri\Desktop\Cerneala\benchmarks\Cerneala.Benchmarks\bin\Release\net8.0-windows\Cerneala.Benchmarks.dll
  Cerneala.PresentationFrameBudget -> C:\Users\lauri\Desktop\Cerneala\benchmarks\Cerneala.PresentationFrameBudget\bin\Release\net8.0-windows\Cerneala.PresentationFrameBudget.dll
  Cerneala.WpfDispatcherBenchmarks -> C:\Users\lauri\Desktop\Cerneala\benchmarks\Cerneala.WpfDispatcherBenchmarks\bin\Release\net8.0-windows\Cerneala.WpfDispatcherBenchmarks.dll
  AvaloniaOracle -> C:\Users\lauri\Desktop\Cerneala\Playground\AvaloniaOracle\bin\Release\net10.0\AvaloniaOracle.dll
  Cerneala.ComboBoxLab -> C:\Users\lauri\Desktop\Cerneala\Playground\Cerneala.ComboBoxLab\bin\Release\net8.0-windows\Cerneala.ComboBoxLab.dll
C:\Users\lauri\Desktop\Cerneala\Playground\Cerneala.InvestorReel\obj\Release\net8.0-windows\Cerneala.SourceGen\Cerneala.SourceGen.UiMarkupGenerator\CyberOpenSceneUserControl.6e38e670.g.cs(427,49): warning CS0108: 'CyberOpenScene.Cursor' hides inherited member 'UIElement.Cursor'. Use the new keyword if hiding was intended. [C:\Users\lauri\Desktop\Cerneala\Playground\Cerneala.InvestorReel\Cerneala.InvestorReel.csproj]
C:\Users\lauri\Desktop\Cerneala\Playground\Cerneala.InvestorReel\obj\Release\net8.0-windows\Cerneala.SourceGen\Cerneala.SourceGen.UiMarkupGenerator\ProofSceneUserControl.ad9a7f42.g.cs(667,54): warning CS0108: 'ProofScene.Cursor' hides inherited member 'UIElement.Cursor'. Use the new keyword if hiding was intended. [C:\Users\lauri\Desktop\Cerneala\Playground\Cerneala.InvestorReel\Cerneala.InvestorReel.csproj]
C:\Users\lauri\Desktop\Cerneala\Playground\Cerneala.InvestorReel\obj\Release\net8.0-windows\Cerneala.SourceGen\Cerneala.SourceGen.UiMarkupGenerator\CyberProofSceneUserControl.dcc285d0.g.cs(693,54): warning CS0108: 'CyberProofScene.Cursor' hides inherited member 'UIElement.Cursor'. Use the new keyword if hiding was intended. [C:\Users\lauri\Desktop\Cerneala\Playground\Cerneala.InvestorReel\Cerneala.InvestorReel.csproj]
C:\Users\lauri\Desktop\Cerneala\Playground\Cerneala.InvestorReel\obj\Release\net8.0-windows\Cerneala.SourceGen\Cerneala.SourceGen.UiMarkupGenerator\BrutalProofSceneUserControl.7ed7efaa.g.cs(695,54): warning CS0108: 'BrutalProofScene.Cursor' hides inherited member 'UIElement.Cursor'. Use the new keyword if hiding was intended. [C:\Users\lauri\Desktop\Cerneala\Playground\Cerneala.InvestorReel\Cerneala.InvestorReel.csproj]
C:\Users\lauri\Desktop\Cerneala\Playground\Cerneala.InvestorReel\obj\Release\net8.0-windows\Cerneala.SourceGen\Cerneala.SourceGen.UiMarkupGenerator\SakuraProofSceneUserControl.7d781070.g.cs(674,54): warning CS0108: 'SakuraProofScene.Cursor' hides inherited member 'UIElement.Cursor'. Use the new keyword if hiding was intended. [C:\Users\lauri\Desktop\Cerneala\Playground\Cerneala.InvestorReel\Cerneala.InvestorReel.csproj]
C:\Users\lauri\Desktop\Cerneala\Playground\Cerneala.InvestorReel\obj\Release\net8.0-windows\Cerneala.SourceGen\Cerneala.SourceGen.UiMarkupGenerator\InkSceneUserControl.7a1143b0.g.cs(465,57): warning CS0108: 'InkScene.Drop' hides inherited member 'UIElement.Drop'. Use the new keyword if hiding was intended. [C:\Users\lauri\Desktop\Cerneala\Playground\Cerneala.InvestorReel\Cerneala.InvestorReel.csproj]
  Cerneala.InvestorReel -> C:\Users\lauri\Desktop\Cerneala\Playground\Cerneala.InvestorReel\bin\Release\net8.0-windows\Cerneala.InvestorReel.dll
  Cerneala.MenuLab -> C:\Users\lauri\Desktop\Cerneala\Playground\Cerneala.MenuLab\bin\Release\net8.0-windows\Cerneala.MenuLab.dll
  Cerneala.Scene2D.PackageCompiler -> C:\Users\lauri\Desktop\Cerneala\Tools\Cerneala.Scene2D.PackageCompiler\bin\Release\net8.0\Cerneala.Scene2D.PackageCompiler.dll
  Prepared 'C:\Users\lauri\Desktop\Cerneala\Playground\Cerneala.Playground\SceneWorldAssets\village.tmj' -> 'C:\Users\lauri\Desktop\Cerneala\Playground\Cerneala.Playground\obj\SceneWorldPackages\Release\net8.0-windows\tiled' (1 levels, 1 files).
  SCN2D017: Known editor-only fields are not used at runtime. (C:\Users\lauri\Desktop\Cerneala\Playground\Cerneala.Playground\SceneWorldAssets\village.ldtk, $.defs.layers[0].autoRuleGroups)
  Prepared 'C:\Users\lauri\Desktop\Cerneala\Playground\Cerneala.Playground\SceneWorldAssets\village.ldtk' -> 'C:\Users\lauri\Desktop\Cerneala\Playground\Cerneala.Playground\obj\SceneWorldPackages\Release\net8.0-windows\ldtk' (1 levels, 1 files).
  Cerneala.Playground -> C:\Users\lauri\Desktop\Cerneala\Playground\Cerneala.Playground\bin\Release\net8.0-windows\Cerneala.Playground.dll
  Cerneala.SceneVillage -> C:\Users\lauri\Desktop\Cerneala\Playground\Cerneala.SceneVillage\bin\Release\net8.0-windows\Cerneala.SceneVillage.dll
  Cerneala.SolarSystem -> C:\Users\lauri\Desktop\Cerneala\Playground\Cerneala.SolarSystem\bin\Release\net8.0-windows\Cerneala.SolarSystem.dll
  CernealaOracle -> C:\Users\lauri\Desktop\Cerneala\Playground\CernealaOracle\bin\Release\net8.0-windows\CernealaOracle.dll
  Cerneala.SdlGpuSmoke -> C:\Users\lauri\Desktop\Cerneala\tests\Cerneala.SdlGpuSmoke\bin\Release\net8.0\Cerneala.SdlGpuSmoke.dll
  Cerneala.Tests.Language -> C:\Users\lauri\Desktop\Cerneala\tests\Cerneala.Tests.Language\bin\Release\net8.0-windows\Cerneala.Tests.Language.dll
  Cerneala.Tests.LanguageServer -> C:\Users\lauri\Desktop\Cerneala\tests\Cerneala.Tests.LanguageServer\bin\Release\net10.0\Cerneala.Tests.LanguageServer.dll
  Cerneala.Tests.PreviewHost -> C:\Users\lauri\Desktop\Cerneala\tests\Cerneala.Tests.PreviewHost\bin\Release\net10.0-windows\Cerneala.Tests.PreviewHost.dll
  Cerneala.Tests.Scene2DImporters -> C:\Users\lauri\Desktop\Cerneala\tests\Cerneala.Tests.Scene2DImporters\bin\Release\net8.0\Cerneala.Tests.Scene2DImporters.dll
  Cerneala.Tests.Scene2DPackages -> C:\Users\lauri\Desktop\Cerneala\tests\Cerneala.Tests.Scene2DPackages\bin\Release\net8.0\Cerneala.Tests.Scene2DPackages.dll
  Cerneala.Tests.SceneVillage -> C:\Users\lauri\Desktop\Cerneala\tests\Cerneala.Tests.SceneVillage\bin\Release\net8.0-windows\Cerneala.Tests.SceneVillage.dll
  Tetris -> C:\Users\lauri\Desktop\Cerneala\Tetrisish\bin\Release\net8.0\Cerneala.Tetris.dll
  Cerneala.Tests.SdlGpu -> C:\Users\lauri\Desktop\Cerneala\tests\Cerneala.Tests.SdlGpu\bin\Release\net8.0\Cerneala.Tests.SdlGpu.dll
  Cerneala.Tests.SourceGen -> C:\Users\lauri\Desktop\Cerneala\tests\Cerneala.Tests.SourceGen\bin\Release\net8.0-windows\Cerneala.Tests.SourceGen.dll
  TimbreConsumer -> C:\Users\lauri\Desktop\Cerneala\tests\Fixtures\TimbreConsumer\bin\Release\net8.0\TimbreConsumer.dll
C:\Users\lauri\Desktop\Cerneala\tests\Cerneala.Tests.Timbre\Motion\TimbreMotionPcmTests.cs(109,13): warning CS8604: Possible null reference argument for parameter 'playback' in 'TimbreMotionFacade MotionExtensions.Motion(TimbrePlayback playback)'. [C:\Users\lauri\Desktop\Cerneala\tests\Cerneala.Tests.Timbre\Cerneala.Tests.Timbre.csproj]
C:\Users\lauri\Desktop\Cerneala\tests\Cerneala.Tests.Timbre\Markup\TimbreMarkupTransportTests.cs(47,49): warning xUnit1031: Test methods should not use blocking task operations, as they can cause deadlocks. Use an async test method and await instead. (https://xunit.net/xunit.analyzers/rules/xUnit1031) [C:\Users\lauri\Desktop\Cerneala\tests\Cerneala.Tests.Timbre\Cerneala.Tests.Timbre.csproj]
C:\Users\lauri\Desktop\Cerneala\tests\Cerneala.Tests.Timbre\Markup\TimbreMarkupTransportTests.cs(63,52): warning xUnit1031: Test methods should not use blocking task operations, as they can cause deadlocks. Use an async test method and await instead. (https://xunit.net/xunit.analyzers/rules/xUnit1031) [C:\Users\lauri\Desktop\Cerneala\tests\Cerneala.Tests.Timbre\Cerneala.Tests.Timbre.csproj]
C:\Users\lauri\Desktop\Cerneala\tests\Cerneala.Tests.Timbre\Markup\TimbreMarkupTransportTests.cs(65,46): warning xUnit1031: Test methods should not use blocking task operations, as they can cause deadlocks. Use an async test method and await instead. (https://xunit.net/xunit.analyzers/rules/xUnit1031) [C:\Users\lauri\Desktop\Cerneala\tests\Cerneala.Tests.Timbre\Cerneala.Tests.Timbre.csproj]
C:\Users\lauri\Desktop\Cerneala\tests\Cerneala.Tests.Timbre\Markup\TimbreMarkupTransportTests.cs(71,99): warning xUnit1031: Test methods should not use blocking task operations, as they can cause deadlocks. Use an async test method and await instead. (https://xunit.net/xunit.analyzers/rules/xUnit1031) [C:\Users\lauri\Desktop\Cerneala\tests\Cerneala.Tests.Timbre\Cerneala.Tests.Timbre.csproj]
C:\Users\lauri\Desktop\Cerneala\tests\Cerneala.Tests.Timbre\Markup\TimbreMarkupTransportTests.cs(94,68): warning xUnit1031: Test methods should not use blocking task operations, as they can cause deadlocks. Use an async test method and await instead. (https://xunit.net/xunit.analyzers/rules/xUnit1031) [C:\Users\lauri\Desktop\Cerneala\tests\Cerneala.Tests.Timbre\Cerneala.Tests.Timbre.csproj]
C:\Users\lauri\Desktop\Cerneala\tests\Cerneala.Tests.Timbre\Markup\TimbreMarkupTransportTests.cs(113,98): warning xUnit1031: Test methods should not use blocking task operations, as they can cause deadlocks. Use an async test method and await instead. (https://xunit.net/xunit.analyzers/rules/xUnit1031) [C:\Users\lauri\Desktop\Cerneala\tests\Cerneala.Tests.Timbre\Cerneala.Tests.Timbre.csproj]
C:\Users\lauri\Desktop\Cerneala\tests\Cerneala.Tests.Timbre\Markup\TimbreMarkupTransportTests.cs(133,70): warning xUnit1031: Test methods should not use blocking task operations, as they can cause deadlocks. Use an async test method and await instead. (https://xunit.net/xunit.analyzers/rules/xUnit1031) [C:\Users\lauri\Desktop\Cerneala\tests\Cerneala.Tests.Timbre\Cerneala.Tests.Timbre.csproj]
C:\Users\lauri\Desktop\Cerneala\tests\Cerneala.Tests.Timbre\Markup\TimbreMarkupTransportTests.cs(147,52): warning xUnit1031: Test methods should not use blocking task operations, as they can cause deadlocks. Use an async test method and await instead. (https://xunit.net/xunit.analyzers/rules/xUnit1031) [C:\Users\lauri\Desktop\Cerneala\tests\Cerneala.Tests.Timbre\Cerneala.Tests.Timbre.csproj]
C:\Users\lauri\Desktop\Cerneala\tests\Cerneala.Tests.Timbre\Markup\TimbreMarkupTransportTests.cs(151,50): warning xUnit1031: Test methods should not use blocking task operations, as they can cause deadlocks. Use an async test method and await instead. (https://xunit.net/xunit.analyzers/rules/xUnit1031) [C:\Users\lauri\Desktop\Cerneala\tests\Cerneala.Tests.Timbre\Cerneala.Tests.Timbre.csproj]
C:\Users\lauri\Desktop\Cerneala\tests\Cerneala.Tests.Timbre\Markup\TimbreMarkupTransportTests.cs(155,99): warning xUnit1031: Test methods should not use blocking task operations, as they can cause deadlocks. Use an async test method and await instead. (https://xunit.net/xunit.analyzers/rules/xUnit1031) [C:\Users\lauri\Desktop\Cerneala\tests\Cerneala.Tests.Timbre\Cerneala.Tests.Timbre.csproj]
C:\Users\lauri\Desktop\Cerneala\tests\Cerneala.Tests.Timbre\Markup\TimbreMarkupTransportTests.cs(157,49): warning xUnit1031: Test methods should not use blocking task operations, as they can cause deadlocks. Use an async test method and await instead. (https://xunit.net/xunit.analyzers/rules/xUnit1031) [C:\Users\lauri\Desktop\Cerneala\tests\Cerneala.Tests.Timbre\Cerneala.Tests.Timbre.csproj]
C:\Users\lauri\Desktop\Cerneala\tests\Cerneala.Tests.Timbre\Markup\TimbreMarkupTransportTests.cs(169,49): warning xUnit1031: Test methods should not use blocking task operations, as they can cause deadlocks. Use an async test method and await instead. (https://xunit.net/xunit.analyzers/rules/xUnit1031) [C:\Users\lauri\Desktop\Cerneala\tests\Cerneala.Tests.Timbre\Cerneala.Tests.Timbre.csproj]
C:\Users\lauri\Desktop\Cerneala\tests\Cerneala.Tests.Timbre\Markup\TimbreMarkupTransportTests.cs(184,49): warning xUnit1031: Test methods should not use blocking task operations, as they can cause deadlocks. Use an async test method and await instead. (https://xunit.net/xunit.analyzers/rules/xUnit1031) [C:\Users\lauri\Desktop\Cerneala\tests\Cerneala.Tests.Timbre\Cerneala.Tests.Timbre.csproj]
C:\Users\lauri\Desktop\Cerneala\tests\Cerneala.Tests.Timbre\Markup\TimbreMarkupTransportTests.cs(203,49): warning xUnit1031: Test methods should not use blocking task operations, as they can cause deadlocks. Use an async test method and await instead. (https://xunit.net/xunit.analyzers/rules/xUnit1031) [C:\Users\lauri\Desktop\Cerneala\tests\Cerneala.Tests.Timbre\Cerneala.Tests.Timbre.csproj]
C:\Users\lauri\Desktop\Cerneala\tests\Cerneala.Tests.Timbre\Markup\TimbreMarkupTransportTests.cs(206,110): warning xUnit1031: Test methods should not use blocking task operations, as they can cause deadlocks. Use an async test method and await instead. (https://xunit.net/xunit.analyzers/rules/xUnit1031) [C:\Users\lauri\Desktop\Cerneala\tests\Cerneala.Tests.Timbre\Cerneala.Tests.Timbre.csproj]
C:\Users\lauri\Desktop\Cerneala\tests\Cerneala.Tests.Timbre\Markup\TimbreAspectLifecycleTests.cs(44,46): warning xUnit1031: Test methods should not use blocking task operations, as they can cause deadlocks. Use an async test method and await instead. (https://xunit.net/xunit.analyzers/rules/xUnit1031) [C:\Users\lauri\Desktop\Cerneala\tests\Cerneala.Tests.Timbre\Cerneala.Tests.Timbre.csproj]
C:\Users\lauri\Desktop\Cerneala\tests\Cerneala.Tests.Timbre\Decoding\TimbreDecoderPartitionTests.cs(107,110): warning xUnit1031: Test methods should not use blocking task operations, as they can cause deadlocks. Use an async test method and await instead. (https://xunit.net/xunit.analyzers/rules/xUnit1031) [C:\Users\lauri\Desktop\Cerneala\tests\Cerneala.Tests.Timbre\Cerneala.Tests.Timbre.csproj]
C:\Users\lauri\Desktop\Cerneala\tests\Cerneala.Tests.Timbre\Markup\TimbreAspectLifecycleTests.cs(164,46): warning xUnit1031: Test methods should not use blocking task operations, as they can cause deadlocks. Use an async test method and await instead. (https://xunit.net/xunit.analyzers/rules/xUnit1031) [C:\Users\lauri\Desktop\Cerneala\tests\Cerneala.Tests.Timbre\Cerneala.Tests.Timbre.csproj]
C:\Users\lauri\Desktop\Cerneala\tests\Cerneala.Tests.Timbre\Markup\TimbreAspectLifecycleTests.cs(201,103): warning xUnit1031: Test methods should not use blocking task operations, as they can cause deadlocks. Use an async test method and await instead. (https://xunit.net/xunit.analyzers/rules/xUnit1031) [C:\Users\lauri\Desktop\Cerneala\tests\Cerneala.Tests.Timbre\Cerneala.Tests.Timbre.csproj]
C:\Users\lauri\Desktop\Cerneala\tests\Cerneala.Tests.Timbre\Markup\TimbreAspectLifecycleTests.cs(186,100): warning xUnit1031: Test methods should not use blocking task operations, as they can cause deadlocks. Use an async test method and await instead. (https://xunit.net/xunit.analyzers/rules/xUnit1031) [C:\Users\lauri\Desktop\Cerneala\tests\Cerneala.Tests.Timbre\Cerneala.Tests.Timbre.csproj]
C:\Users\lauri\Desktop\Cerneala\tests\Cerneala.Tests.Timbre\Markup\TimbreAspectLifecycleTests.cs(187,55): warning xUnit1031: Test methods should not use blocking task operations, as they can cause deadlocks. Use an async test method and await instead. (https://xunit.net/xunit.analyzers/rules/xUnit1031) [C:\Users\lauri\Desktop\Cerneala\tests\Cerneala.Tests.Timbre\Cerneala.Tests.Timbre.csproj]
C:\Users\lauri\Desktop\Cerneala\tests\Cerneala.Tests.Timbre\Markup\TimbreAspectLifecycleTests.cs(265,50): warning xUnit1031: Test methods should not use blocking task operations, as they can cause deadlocks. Use an async test method and await instead. (https://xunit.net/xunit.analyzers/rules/xUnit1031) [C:\Users\lauri\Desktop\Cerneala\tests\Cerneala.Tests.Timbre\Cerneala.Tests.Timbre.csproj]
C:\Users\lauri\Desktop\Cerneala\tests\Cerneala.Tests.Timbre\Motion\TimbreMotionMarkupTests.cs(180,46): warning xUnit1031: Test methods should not use blocking task operations, as they can cause deadlocks. Use an async test method and await instead. (https://xunit.net/xunit.analyzers/rules/xUnit1031) [C:\Users\lauri\Desktop\Cerneala\tests\Cerneala.Tests.Timbre\Cerneala.Tests.Timbre.csproj]
C:\Users\lauri\Desktop\Cerneala\tests\Cerneala.Tests.Timbre\Motion\TimbreMotionMarkupTests.cs(181,46): warning xUnit1031: Test methods should not use blocking task operations, as they can cause deadlocks. Use an async test method and await instead. (https://xunit.net/xunit.analyzers/rules/xUnit1031) [C:\Users\lauri\Desktop\Cerneala\tests\Cerneala.Tests.Timbre\Cerneala.Tests.Timbre.csproj]
C:\Users\lauri\Desktop\Cerneala\tests\Cerneala.Tests.Timbre\Markup\TimbreAspectLifecycleTests.cs(252,31): warning xUnit1031: Test methods should not use blocking task operations, as they can cause deadlocks. Use an async test method and await instead. (https://xunit.net/xunit.analyzers/rules/xUnit1031) [C:\Users\lauri\Desktop\Cerneala\tests\Cerneala.Tests.Timbre\Cerneala.Tests.Timbre.csproj]
  Cerneala.Tests.Timbre -> C:\Users\lauri\Desktop\Cerneala\tests\Cerneala.Tests.Timbre\bin\Release\net8.0\Cerneala.Tests.Timbre.dll
  Cerneala.Tests.VisualStudio -> C:\Users\lauri\Desktop\Cerneala\tests\Cerneala.Tests.VisualStudio\bin\Release\net10.0-windows\Cerneala.Tests.VisualStudio.dll
  VisualStudioIntegrationHost -> C:\Users\lauri\Desktop\Cerneala\tests\Fixtures\VisualStudioIntegrationHost\bin\Release\net472\Cerneala.VisualStudio.IntegrationHost.dll
  Cerneala.Tests -> C:\Users\lauri\Desktop\Cerneala\tests\Cerneala.Tests\bin\Release\net8.0-windows\Cerneala.Tests.dll
  VisualStudioConsumer -> C:\Users\lauri\Desktop\Cerneala\tests\Fixtures\VisualStudioConsumer\bin\Release\net8.0-windows\VisualStudioConsumer.dll
  Tetris.Tests -> C:\Users\lauri\Desktop\Cerneala\Tetrisish\Tests\bin\Release\net8.0\Cerneala.Tetris.Tests.dll
  Cerneala.SdlShaderCompiler -> C:\Users\lauri\Desktop\Cerneala\Tools\Cerneala.SdlShaderCompiler\bin\Release\net8.0\win-x64\Cerneala.SdlShaderCompiler.dll
  Cerneala.SvgAssetCompiler -> C:\Users\lauri\Desktop\Cerneala\Tools\Cerneala.SvgAssetCompiler\bin\Release\net8.0\Cerneala.SvgAssetCompiler.dll
  PrismAudit -> C:\Users\lauri\Desktop\Cerneala\Tools\PrismAudit\bin\Release\net8.0-windows\PrismAudit.dll

Build succeeded.

C:\Users\lauri\Desktop\Cerneala\Playground\Cerneala.InvestorReel\obj\Release\net8.0-windows\Cerneala.SourceGen\Cerneala.SourceGen.UiMarkupGenerator\CyberOpenSceneUserControl.6e38e670.g.cs(427,49): warning CS0108: 'CyberOpenScene.Cursor' hides inherited member 'UIElement.Cursor'. Use the new keyword if hiding was intended. [C:\Users\lauri\Desktop\Cerneala\Playground\Cerneala.InvestorReel\Cerneala.InvestorReel.csproj]
C:\Users\lauri\Desktop\Cerneala\Playground\Cerneala.InvestorReel\obj\Release\net8.0-windows\Cerneala.SourceGen\Cerneala.SourceGen.UiMarkupGenerator\ProofSceneUserControl.ad9a7f42.g.cs(667,54): warning CS0108: 'ProofScene.Cursor' hides inherited member 'UIElement.Cursor'. Use the new keyword if hiding was intended. [C:\Users\lauri\Desktop\Cerneala\Playground\Cerneala.InvestorReel\Cerneala.InvestorReel.csproj]
C:\Users\lauri\Desktop\Cerneala\Playground\Cerneala.InvestorReel\obj\Release\net8.0-windows\Cerneala.SourceGen\Cerneala.SourceGen.UiMarkupGenerator\CyberProofSceneUserControl.dcc285d0.g.cs(693,54): warning CS0108: 'CyberProofScene.Cursor' hides inherited member 'UIElement.Cursor'. Use the new keyword if hiding was intended. [C:\Users\lauri\Desktop\Cerneala\Playground\Cerneala.InvestorReel\Cerneala.InvestorReel.csproj]
C:\Users\lauri\Desktop\Cerneala\Playground\Cerneala.InvestorReel\obj\Release\net8.0-windows\Cerneala.SourceGen\Cerneala.SourceGen.UiMarkupGenerator\BrutalProofSceneUserControl.7ed7efaa.g.cs(695,54): warning CS0108: 'BrutalProofScene.Cursor' hides inherited member 'UIElement.Cursor'. Use the new keyword if hiding was intended. [C:\Users\lauri\Desktop\Cerneala\Playground\Cerneala.InvestorReel\Cerneala.InvestorReel.csproj]
C:\Users\lauri\Desktop\Cerneala\Playground\Cerneala.InvestorReel\obj\Release\net8.0-windows\Cerneala.SourceGen\Cerneala.SourceGen.UiMarkupGenerator\SakuraProofSceneUserControl.7d781070.g.cs(674,54): warning CS0108: 'SakuraProofScene.Cursor' hides inherited member 'UIElement.Cursor'. Use the new keyword if hiding was intended. [C:\Users\lauri\Desktop\Cerneala\Playground\Cerneala.InvestorReel\Cerneala.InvestorReel.csproj]
C:\Users\lauri\Desktop\Cerneala\Playground\Cerneala.InvestorReel\obj\Release\net8.0-windows\Cerneala.SourceGen\Cerneala.SourceGen.UiMarkupGenerator\InkSceneUserControl.7a1143b0.g.cs(465,57): warning CS0108: 'InkScene.Drop' hides inherited member 'UIElement.Drop'. Use the new keyword if hiding was intended. [C:\Users\lauri\Desktop\Cerneala\Playground\Cerneala.InvestorReel\Cerneala.InvestorReel.csproj]
C:\Users\lauri\Desktop\Cerneala\tests\Cerneala.Tests.Timbre\Motion\TimbreMotionPcmTests.cs(109,13): warning CS8604: Possible null reference argument for parameter 'playback' in 'TimbreMotionFacade MotionExtensions.Motion(TimbrePlayback playback)'. [C:\Users\lauri\Desktop\Cerneala\tests\Cerneala.Tests.Timbre\Cerneala.Tests.Timbre.csproj]
C:\Users\lauri\Desktop\Cerneala\tests\Cerneala.Tests.Timbre\Markup\TimbreMarkupTransportTests.cs(47,49): warning xUnit1031: Test methods should not use blocking task operations, as they can cause deadlocks. Use an async test method and await instead. (https://xunit.net/xunit.analyzers/rules/xUnit1031) [C:\Users\lauri\Desktop\Cerneala\tests\Cerneala.Tests.Timbre\Cerneala.Tests.Timbre.csproj]
C:\Users\lauri\Desktop\Cerneala\tests\Cerneala.Tests.Timbre\Markup\TimbreMarkupTransportTests.cs(63,52): warning xUnit1031: Test methods should not use blocking task operations, as they can cause deadlocks. Use an async test method and await instead. (https://xunit.net/xunit.analyzers/rules/xUnit1031) [C:\Users\lauri\Desktop\Cerneala\tests\Cerneala.Tests.Timbre\Cerneala.Tests.Timbre.csproj]
C:\Users\lauri\Desktop\Cerneala\tests\Cerneala.Tests.Timbre\Markup\TimbreMarkupTransportTests.cs(65,46): warning xUnit1031: Test methods should not use blocking task operations, as they can cause deadlocks. Use an async test method and await instead. (https://xunit.net/xunit.analyzers/rules/xUnit1031) [C:\Users\lauri\Desktop\Cerneala\tests\Cerneala.Tests.Timbre\Cerneala.Tests.Timbre.csproj]
C:\Users\lauri\Desktop\Cerneala\tests\Cerneala.Tests.Timbre\Markup\TimbreMarkupTransportTests.cs(71,99): warning xUnit1031: Test methods should not use blocking task operations, as they can cause deadlocks. Use an async test method and await instead. (https://xunit.net/xunit.analyzers/rules/xUnit1031) [C:\Users\lauri\Desktop\Cerneala\tests\Cerneala.Tests.Timbre\Cerneala.Tests.Timbre.csproj]
C:\Users\lauri\Desktop\Cerneala\tests\Cerneala.Tests.Timbre\Markup\TimbreMarkupTransportTests.cs(94,68): warning xUnit1031: Test methods should not use blocking task operations, as they can cause deadlocks. Use an async test method and await instead. (https://xunit.net/xunit.analyzers/rules/xUnit1031) [C:\Users\lauri\Desktop\Cerneala\tests\Cerneala.Tests.Timbre\Cerneala.Tests.Timbre.csproj]
C:\Users\lauri\Desktop\Cerneala\tests\Cerneala.Tests.Timbre\Markup\TimbreMarkupTransportTests.cs(113,98): warning xUnit1031: Test methods should not use blocking task operations, as they can cause deadlocks. Use an async test method and await instead. (https://xunit.net/xunit.analyzers/rules/xUnit1031) [C:\Users\lauri\Desktop\Cerneala\tests\Cerneala.Tests.Timbre\Cerneala.Tests.Timbre.csproj]
C:\Users\lauri\Desktop\Cerneala\tests\Cerneala.Tests.Timbre\Markup\TimbreMarkupTransportTests.cs(133,70): warning xUnit1031: Test methods should not use blocking task operations, as they can cause deadlocks. Use an async test method and await instead. (https://xunit.net/xunit.analyzers/rules/xUnit1031) [C:\Users\lauri\Desktop\Cerneala\tests\Cerneala.Tests.Timbre\Cerneala.Tests.Timbre.csproj]
C:\Users\lauri\Desktop\Cerneala\tests\Cerneala.Tests.Timbre\Markup\TimbreMarkupTransportTests.cs(147,52): warning xUnit1031: Test methods should not use blocking task operations, as they can cause deadlocks. Use an async test method and await instead. (https://xunit.net/xunit.analyzers/rules/xUnit1031) [C:\Users\lauri\Desktop\Cerneala\tests\Cerneala.Tests.Timbre\Cerneala.Tests.Timbre.csproj]
C:\Users\lauri\Desktop\Cerneala\tests\Cerneala.Tests.Timbre\Markup\TimbreMarkupTransportTests.cs(151,50): warning xUnit1031: Test methods should not use blocking task operations, as they can cause deadlocks. Use an async test method and await instead. (https://xunit.net/xunit.analyzers/rules/xUnit1031) [C:\Users\lauri\Desktop\Cerneala\tests\Cerneala.Tests.Timbre\Cerneala.Tests.Timbre.csproj]
C:\Users\lauri\Desktop\Cerneala\tests\Cerneala.Tests.Timbre\Markup\TimbreMarkupTransportTests.cs(155,99): warning xUnit1031: Test methods should not use blocking task operations, as they can cause deadlocks. Use an async test method and await instead. (https://xunit.net/xunit.analyzers/rules/xUnit1031) [C:\Users\lauri\Desktop\Cerneala\tests\Cerneala.Tests.Timbre\Cerneala.Tests.Timbre.csproj]
C:\Users\lauri\Desktop\Cerneala\tests\Cerneala.Tests.Timbre\Markup\TimbreMarkupTransportTests.cs(157,49): warning xUnit1031: Test methods should not use blocking task operations, as they can cause deadlocks. Use an async test method and await instead. (https://xunit.net/xunit.analyzers/rules/xUnit1031) [C:\Users\lauri\Desktop\Cerneala\tests\Cerneala.Tests.Timbre\Cerneala.Tests.Timbre.csproj]
C:\Users\lauri\Desktop\Cerneala\tests\Cerneala.Tests.Timbre\Markup\TimbreMarkupTransportTests.cs(169,49): warning xUnit1031: Test methods should not use blocking task operations, as they can cause deadlocks. Use an async test method and await instead. (https://xunit.net/xunit.analyzers/rules/xUnit1031) [C:\Users\lauri\Desktop\Cerneala\tests\Cerneala.Tests.Timbre\Cerneala.Tests.Timbre.csproj]
C:\Users\lauri\Desktop\Cerneala\tests\Cerneala.Tests.Timbre\Markup\TimbreMarkupTransportTests.cs(184,49): warning xUnit1031: Test methods should not use blocking task operations, as they can cause deadlocks. Use an async test method and await instead. (https://xunit.net/xunit.analyzers/rules/xUnit1031) [C:\Users\lauri\Desktop\Cerneala\tests\Cerneala.Tests.Timbre\Cerneala.Tests.Timbre.csproj]
C:\Users\lauri\Desktop\Cerneala\tests\Cerneala.Tests.Timbre\Markup\TimbreMarkupTransportTests.cs(203,49): warning xUnit1031: Test methods should not use blocking task operations, as they can cause deadlocks. Use an async test method and await instead. (https://xunit.net/xunit.analyzers/rules/xUnit1031) [C:\Users\lauri\Desktop\Cerneala\tests\Cerneala.Tests.Timbre\Cerneala.Tests.Timbre.csproj]
C:\Users\lauri\Desktop\Cerneala\tests\Cerneala.Tests.Timbre\Markup\TimbreMarkupTransportTests.cs(206,110): warning xUnit1031: Test methods should not use blocking task operations, as they can cause deadlocks. Use an async test method and await instead. (https://xunit.net/xunit.analyzers/rules/xUnit1031) [C:\Users\lauri\Desktop\Cerneala\tests\Cerneala.Tests.Timbre\Cerneala.Tests.Timbre.csproj]
C:\Users\lauri\Desktop\Cerneala\tests\Cerneala.Tests.Timbre\Markup\TimbreAspectLifecycleTests.cs(44,46): warning xUnit1031: Test methods should not use blocking task operations, as they can cause deadlocks. Use an async test method and await instead. (https://xunit.net/xunit.analyzers/rules/xUnit1031) [C:\Users\lauri\Desktop\Cerneala\tests\Cerneala.Tests.Timbre\Cerneala.Tests.Timbre.csproj]
C:\Users\lauri\Desktop\Cerneala\tests\Cerneala.Tests.Timbre\Decoding\TimbreDecoderPartitionTests.cs(107,110): warning xUnit1031: Test methods should not use blocking task operations, as they can cause deadlocks. Use an async test method and await instead. (https://xunit.net/xunit.analyzers/rules/xUnit1031) [C:\Users\lauri\Desktop\Cerneala\tests\Cerneala.Tests.Timbre\Cerneala.Tests.Timbre.csproj]
C:\Users\lauri\Desktop\Cerneala\tests\Cerneala.Tests.Timbre\Markup\TimbreAspectLifecycleTests.cs(164,46): warning xUnit1031: Test methods should not use blocking task operations, as they can cause deadlocks. Use an async test method and await instead. (https://xunit.net/xunit.analyzers/rules/xUnit1031) [C:\Users\lauri\Desktop\Cerneala\tests\Cerneala.Tests.Timbre\Cerneala.Tests.Timbre.csproj]
C:\Users\lauri\Desktop\Cerneala\tests\Cerneala.Tests.Timbre\Markup\TimbreAspectLifecycleTests.cs(201,103): warning xUnit1031: Test methods should not use blocking task operations, as they can cause deadlocks. Use an async test method and await instead. (https://xunit.net/xunit.analyzers/rules/xUnit1031) [C:\Users\lauri\Desktop\Cerneala\tests\Cerneala.Tests.Timbre\Cerneala.Tests.Timbre.csproj]
C:\Users\lauri\Desktop\Cerneala\tests\Cerneala.Tests.Timbre\Markup\TimbreAspectLifecycleTests.cs(186,100): warning xUnit1031: Test methods should not use blocking task operations, as they can cause deadlocks. Use an async test method and await instead. (https://xunit.net/xunit.analyzers/rules/xUnit1031) [C:\Users\lauri\Desktop\Cerneala\tests\Cerneala.Tests.Timbre\Cerneala.Tests.Timbre.csproj]
C:\Users\lauri\Desktop\Cerneala\tests\Cerneala.Tests.Timbre\Markup\TimbreAspectLifecycleTests.cs(187,55): warning xUnit1031: Test methods should not use blocking task operations, as they can cause deadlocks. Use an async test method and await instead. (https://xunit.net/xunit.analyzers/rules/xUnit1031) [C:\Users\lauri\Desktop\Cerneala\tests\Cerneala.Tests.Timbre\Cerneala.Tests.Timbre.csproj]
C:\Users\lauri\Desktop\Cerneala\tests\Cerneala.Tests.Timbre\Markup\TimbreAspectLifecycleTests.cs(265,50): warning xUnit1031: Test methods should not use blocking task operations, as they can cause deadlocks. Use an async test method and await instead. (https://xunit.net/xunit.analyzers/rules/xUnit1031) [C:\Users\lauri\Desktop\Cerneala\tests\Cerneala.Tests.Timbre\Cerneala.Tests.Timbre.csproj]
C:\Users\lauri\Desktop\Cerneala\tests\Cerneala.Tests.Timbre\Motion\TimbreMotionMarkupTests.cs(180,46): warning xUnit1031: Test methods should not use blocking task operations, as they can cause deadlocks. Use an async test method and await instead. (https://xunit.net/xunit.analyzers/rules/xUnit1031) [C:\Users\lauri\Desktop\Cerneala\tests\Cerneala.Tests.Timbre\Cerneala.Tests.Timbre.csproj]
C:\Users\lauri\Desktop\Cerneala\tests\Cerneala.Tests.Timbre\Motion\TimbreMotionMarkupTests.cs(181,46): warning xUnit1031: Test methods should not use blocking task operations, as they can cause deadlocks. Use an async test method and await instead. (https://xunit.net/xunit.analyzers/rules/xUnit1031) [C:\Users\lauri\Desktop\Cerneala\tests\Cerneala.Tests.Timbre\Cerneala.Tests.Timbre.csproj]
C:\Users\lauri\Desktop\Cerneala\tests\Cerneala.Tests.Timbre\Markup\TimbreAspectLifecycleTests.cs(252,31): warning xUnit1031: Test methods should not use blocking task operations, as they can cause deadlocks. Use an async test method and await instead. (https://xunit.net/xunit.analyzers/rules/xUnit1031) [C:\Users\lauri\Desktop\Cerneala\tests\Cerneala.Tests.Timbre\Cerneala.Tests.Timbre.csproj]
    32 Warning(s)
    0 Error(s)

Time Elapsed 00:00:53.64
