warning: in the working copy of 'Cerneala.Backends.SdlGpu/Gpu/SdlGpuDrawingBackend.cs', LF will be replaced by CRLF the next time Git touches it
warning: in the working copy of 'Cerneala.Backends.SdlGpu/Prism/SdlGpuPrismExecutor.cs', LF will be replaced by CRLF the next time Git touches it
warning: in the working copy of 'Cerneala.Language/Diagnostics/CernealaDiagnosticCatalog.cs', LF will be replaced by CRLF the next time Git touches it
warning: in the working copy of 'Cerneala.Language/Semantics/CernealaSemanticModel.Bindings.cs', LF will be replaced by CRLF the next time Git touches it
warning: in the working copy of 'Cerneala.Language/Semantics/CernealaSemanticModel.Scopes.cs', LF will be replaced by CRLF the next time Git touches it
warning: in the working copy of 'Cerneala.Language/Semantics/Symbols/RoslynCompilationSymbols.cs', LF will be replaced by CRLF the next time Git touches it
warning: in the working copy of 'Cerneala.SourceGen/UiMarkupBindingResolver.cs', LF will be replaced by CRLF the next time Git touches it
warning: in the working copy of 'Cerneala.SourceGen/UiMarkupGenerator.cs', LF will be replaced by CRLF the next time Git touches it
warning: in the working copy of 'Cerneala.SourceGen/UiMarkupMotionResolver.cs', LF will be replaced by CRLF the next time Git touches it
warning: in the working copy of 'Cerneala.csproj', LF will be replaced by CRLF the next time Git touches it
warning: in the working copy of 'Cerneala.slnx', LF will be replaced by CRLF the next time Git touches it
warning: in the working copy of 'Drawing/MonoGame/MonoGameDrawingBackend.cs', LF will be replaced by CRLF the next time Git touches it
warning: in the working copy of 'Drawing/MonoGame/Prism/Kernels/PrismKernelRegistry.cs', LF will be replaced by CRLF the next time Git touches it
warning: in the working copy of 'Drawing/Prism/Graph/PrismAnalyzedScope.cs', LF will be replaced by CRLF the next time Git touches it
warning: in the working copy of 'Drawing/Prism/Graph/PrismFrameAnalyzer.cs', LF will be replaced by CRLF the next time Git touches it
warning: in the working copy of 'Drawing/Prism/Graph/PrismGraphBuilder.cs', LF will be replaced by CRLF the next time Git touches it
warning: in the working copy of 'Playground/Cerneala.Playground/Cerneala.Playground.csproj', LF will be replaced by CRLF the next time Git touches it
warning: in the working copy of 'Playground/Cerneala.Playground/MainWindow.crn.cs', LF will be replaced by CRLF the next time Git touches it
warning: in the working copy of 'Tetrisish/Tests/TetrisGameTests.cs', LF will be replaced by CRLF the next time Git touches it
warning: in the working copy of 'UI/Accessibility/SemanticsProvider.cs', LF will be replaced by CRLF the next time Git touches it
warning: in the working copy of 'UI/Controls/Image.cs', LF will be replaced by CRLF the next time Git touches it
warning: in the working copy of 'UI/Controls/RenderSurface2D.cs', LF will be replaced by CRLF the next time Git touches it
warning: in the working copy of 'UI/Controls/RenderSurface2DFrame.cs', LF will be replaced by CRLF the next time Git touches it
warning: in the working copy of 'UI/Controls/Scene2D.cs', LF will be replaced by CRLF the next time Git touches it
warning: in the working copy of 'UI/Controls/SceneItems2D.cs', LF will be replaced by CRLF the next time Git touches it
warning: in the working copy of 'UI/Controls/SceneNode2D.cs', LF will be replaced by CRLF the next time Git touches it
warning: in the working copy of 'UI/Controls/Sprite2D.cs', LF will be replaced by CRLF the next time Git touches it
warning: in the working copy of 'UI/Detective/Detective.cs', LF will be replaced by CRLF the next time Git touches it
warning: in the working copy of 'UI/Elements/UIElement.cs', LF will be replaced by CRLF the next time Git touches it
warning: in the working copy of 'UI/Elements/UIRoot.cs', LF will be replaced by CRLF the next time Git touches it
warning: in the working copy of 'UI/Input/CursorService.cs', LF will be replaced by CRLF the next time Git touches it
warning: in the working copy of 'UI/Input/ElementInputBridge.cs', LF will be replaced by CRLF the next time Git touches it
warning: in the working copy of 'UI/Input/ElementInputCache.cs', LF will be replaced by CRLF the next time Git touches it
warning: in the working copy of 'UI/Input/ElementInputRouteBuilder.cs', LF will be replaced by CRLF the next time Git touches it
warning: in the working copy of 'UI/Input/ElementInputRouteMap.cs', LF will be replaced by CRLF the next time Git touches it
warning: in the working copy of 'UI/Input/FocusManager.cs', LF will be replaced by CRLF the next time Git touches it
warning: in the working copy of 'UI/Input/HitTestService.cs', LF will be replaced by CRLF the next time Git touches it
warning: in the working copy of 'UI/Input/HoverTracker.cs', LF will be replaced by CRLF the next time Git touches it
warning: in the working copy of 'UI/Input/KeyboardActivationController.cs', LF will be replaced by CRLF the next time Git touches it
warning: in the working copy of 'UI/Input/MouseButtonEventArgs.cs', LF will be replaced by CRLF the next time Git touches it
warning: in the working copy of 'UI/Input/MouseEventArgs.cs', LF will be replaced by CRLF the next time Git touches it
warning: in the working copy of 'UI/Input/MouseWheelEventArgs.cs', LF will be replaced by CRLF the next time Git touches it
warning: in the working copy of 'UI/Input/PressedStateTracker.cs', LF will be replaced by CRLF the next time Git touches it
warning: in the working copy of 'UI/Input/RepeatButtonController.cs', LF will be replaced by CRLF the next time Git touches it
warning: in the working copy of 'UI/Input/RetainedInputBindingProcessor.cs', LF will be replaced by CRLF the next time Git touches it
warning: in the working copy of 'UI/Motion/Properties/AnimatablePropertyRegistry.cs', LF will be replaced by CRLF the next time Git touches it
warning: in the working copy of 'UI/Rendering/TimeSensitiveRenderInvalidator.cs', LF will be replaced by CRLF the next time Git touches it
warning: in the working copy of 'UI/Servo/ServoActionEngine.cs', LF will be replaced by CRLF the next time Git touches it
warning: in the working copy of 'UI/Servo/ServoCaptureEngine.cs', LF will be replaced by CRLF the next time Git touches it
warning: in the working copy of 'UI/Servo/ServoQueryEngine.cs', LF will be replaced by CRLF the next time Git touches it
warning: in the working copy of 'benchmarks/Cerneala.Benchmarks/Program.cs', LF will be replaced by CRLF the next time Git touches it
warning: in the working copy of 'docs-site/documentation/classes/Cerneala.SourceGen.UiMarkupGenerator.md', LF will be replaced by CRLF the next time Git touches it
warning: in the working copy of 'docs-site/documentation/classes/Cerneala.UI.Controls.RenderSurface2D.md', LF will be replaced by CRLF the next time Git touches it
warning: in the working copy of 'docs-site/documentation/classes/Cerneala.UI.Controls.Scene2D.md', LF will be replaced by CRLF the next time Git touches it
warning: in the working copy of 'docs-site/documentation/classes/Cerneala.UI.Controls.SceneItems2D.md', LF will be replaced by CRLF the next time Git touches it
warning: in the working copy of 'docs-site/documentation/classes/Cerneala.UI.Controls.SceneNode2D.md', LF will be replaced by CRLF the next time Git touches it
warning: in the working copy of 'docs-site/documentation/classes/Cerneala.UI.Controls.Sprite2D.md', LF will be replaced by CRLF the next time Git touches it
warning: in the working copy of 'docs-site/documentation/classes/Cerneala.UI.Detective.Detective.md', LF will be replaced by CRLF the next time Git touches it
warning: in the working copy of 'docs-site/documentation/classes/Cerneala.UI.Input.MouseEventArgs.md', LF will be replaced by CRLF the next time Git touches it
warning: in the working copy of 'docs-site/documentation/classes/Cerneala.UI.Servo.Servo.md', LF will be replaced by CRLF the next time Git touches it
warning: in the working copy of 'docs-site/documentation/classes/Cerneala.UI.Servo.ServoElement.md', LF will be replaced by CRLF the next time Git touches it
warning: in the working copy of 'docs-site/documentation/manifest.json', LF will be replaced by CRLF the next time Git touches it
warning: in the working copy of 'docs/CernealaMarkupGuide.md', LF will be replaced by CRLF the next time Git touches it
warning: in the working copy of 'tests/Cerneala.SdlGpuSmoke/Cerneala.SdlGpuSmoke.csproj', LF will be replaced by CRLF the next time Git touches it
warning: in the working copy of 'tests/Cerneala.SdlGpuSmoke/MainWindow.crn.cs', LF will be replaced by CRLF the next time Git touches it
warning: in the working copy of 'tests/Cerneala.SdlGpuSmoke/SmokeOptions.cs', LF will be replaced by CRLF the next time Git touches it
warning: in the working copy of 'tests/Cerneala.Tests.Language/DiagnosticCatalogTests.cs', LF will be replaced by CRLF the next time Git touches it
warning: in the working copy of 'tests/Cerneala.Tests.Language/SemanticScopesTests.cs', LF will be replaced by CRLF the next time Git touches it
warning: in the working copy of 'tests/Cerneala.Tests.LanguageServer/Diagnostics/diagnostic-catalog-golden.json', LF will be replaced by CRLF the next time Git touches it
warning: in the working copy of 'tests/Cerneala.Tests.SdlGpu/SdlGpuDrawingBackendTests.cs', LF will be replaced by CRLF the next time Git touches it
warning: in the working copy of 'tests/Cerneala.Tests.SourceGen/UiMarkupGeneratorRenderSurface2DTests.cs', LF will be replaced by CRLF the next time Git touches it
warning: in the working copy of 'tests/Cerneala.Tests/Controls/RenderSurface2DSceneTests.cs', LF will be replaced by CRLF the next time Git touches it
warning: in the working copy of 'tests/Cerneala.Tests/Drawing/MonoGame/AlphaBlendRenderingTests.cs', LF will be replaced by CRLF the next time Git touches it
warning: in the working copy of 'tests/Cerneala.Tests/UI/Input/ElementInputCacheInvalidationTests.cs', LF will be replaced by CRLF the next time Git touches it
warning: in the working copy of 'tests/Cerneala.Tests/UI/Input/HitTestCacheInvalidationTests.cs', LF will be replaced by CRLF the next time Git touches it
warning: in the working copy of 'tests/Cerneala.WindowsDxSmoke/Cerneala.WindowsDxSmoke.csproj', LF will be replaced by CRLF the next time Git touches it
warning: in the working copy of 'tests/Cerneala.WindowsDxSmoke/WindowsDxSmokeApplication.cs', LF will be replaced by CRLF the next time Git touches it
