  Determining projects to restore...
  Restored C:\Users\lauri\Desktop\Cerneala\Cerneala.csproj (in 522 ms).
  Restored C:\Users\lauri\Desktop\Cerneala\Cerneala.SourceGen\Cerneala.SourceGen.csproj (in 608 ms).
  Restored C:\Users\lauri\Desktop\Cerneala\Cerneala.Platforms.Win32\Cerneala.Platforms.Win32.csproj (in 428 ms).
  Restored C:\Users\lauri\Desktop\Cerneala\Cerneala.Language\Cerneala.Language.csproj (in 529 ms).
  Restored C:\Users\lauri\Desktop\Cerneala\Cerneala.LanguageServer\Cerneala.LanguageServer.csproj (in 627 ms).
  Restored C:\Users\lauri\Desktop\Cerneala\Cerneala.PreviewHost\Cerneala.PreviewHost.csproj (in 564 ms).
  Restored C:\Users\lauri\Desktop\Cerneala\Cerneala.Backends.MonoGame\Cerneala.Backends.MonoGame.csproj (in 596 ms).
  Restored C:\Users\lauri\Desktop\Cerneala\tests\Cerneala.Tests\Cerneala.Tests.csproj (in 743 ms).
  Restored C:\Users\lauri\Desktop\Cerneala\Playground\Cerneala.Playground\Cerneala.Playground.csproj (in 418 ms).
  27 of 36 projects are up-to-date for restore.
  Cerneala.Tests.VisualStudio -> C:\Users\lauri\Desktop\Cerneala\tests\Cerneala.Tests.VisualStudio\bin\Debug\net10.0-windows\Cerneala.Tests.VisualStudio.dll
  Cerneala.Language -> C:\Users\lauri\Desktop\Cerneala\Cerneala.Language\bin\Debug\netstandard2.0\Cerneala.Language.dll
  Tool 'dotnet-mgfxc' (version '3.8.4.1') was restored. Available commands: mgfxc
  Tool 'sign' (version '0.9.1-beta.26330.1') was restored. Available commands: sign
  
  Restore was successful.
  Cerneala.VisualStudio -> C:\Users\lauri\Desktop\Cerneala\Cerneala.VisualStudio\bin\Debug\net472\Cerneala.VisualStudio.dll
  Determining projects to restore...
  Cerneala.SourceGen -> C:\Users\lauri\Desktop\Cerneala\Cerneala.SourceGen\bin\Debug\netstandard2.0\Cerneala.SourceGen.dll
  Cerneala.LanguageServer -> C:\Users\lauri\Desktop\Cerneala\Cerneala.LanguageServer\bin\Debug\net10.0\Cerneala.LanguageServer.dll
  Restored C:\Users\lauri\Desktop\Cerneala\Cerneala.Language\Cerneala.Language.csproj (in 571 ms).
  Restored C:\Users\lauri\Desktop\Cerneala\Cerneala.LanguageServer\Cerneala.LanguageServer.csproj (in 639 ms).
  Cerneala.Tests.LanguageServer -> C:\Users\lauri\Desktop\Cerneala\tests\Cerneala.Tests.LanguageServer\bin\Debug\net10.0\Cerneala.Tests.LanguageServer.dll
Test run for C:\Users\lauri\Desktop\Cerneala\tests\Cerneala.Tests.LanguageServer\bin\Debug\net10.0\Cerneala.Tests.LanguageServer.dll (.NETCoreApp,Version=v10.0)
A total of 1 test files matched the specified pattern.
  Cerneala -> C:\Users\lauri\Desktop\Cerneala\bin\Debug\net8.0\Cerneala.dll
  Cerneala.Language -> C:\Users\lauri\Desktop\Cerneala\Cerneala.Language\bin\Debug\netstandard2.0\Cerneala.Language.dll
  Cerneala.Scene2D.Importers -> C:\Users\lauri\Desktop\Cerneala\Cerneala.Scene2D.Importers\bin\Debug\net8.0\Cerneala.Scene2D.Importers.dll
  Cerneala.Platforms.Sdl3 -> C:\Users\lauri\Desktop\Cerneala\Cerneala.Platforms.Sdl3\bin\Debug\net8.0\Cerneala.Platforms.Sdl3.dll
  Cerneala.Tests.Language -> C:\Users\lauri\Desktop\Cerneala\tests\Cerneala.Tests.Language\bin\Debug\net8.0-windows\Cerneala.Tests.Language.dll
Test run for C:\Users\lauri\Desktop\Cerneala\tests\Cerneala.Tests.Language\bin\Debug\net8.0-windows\Cerneala.Tests.Language.dll (.NETCoreApp,Version=v8.0)
  Cerneala.Tests.SourceGen -> C:\Users\lauri\Desktop\Cerneala\tests\Cerneala.Tests.SourceGen\bin\Debug\net8.0-windows\Cerneala.Tests.SourceGen.dll
Test run for C:\Users\lauri\Desktop\Cerneala\tests\Cerneala.Tests.SourceGen\bin\Debug\net8.0-windows\Cerneala.Tests.SourceGen.dll (.NETCoreApp,Version=v8.0)
  Cerneala.Platforms.Win32 -> C:\Users\lauri\Desktop\Cerneala\Cerneala.Platforms.Win32\bin\Debug\net8.0-windows\Cerneala.Platforms.Win32.dll
A total of 1 test files matched the specified pattern.
A total of 1 test files matched the specified pattern.
  Cerneala.LanguageServer -> C:\Users\lauri\Desktop\Cerneala\Cerneala.LanguageServer\bin\Debug\net10.0\win-x64\Cerneala.LanguageServer.dll
  Cerneala.Backends.MonoGame -> C:\Users\lauri\Desktop\Cerneala\Cerneala.Backends.MonoGame\bin\Debug\net8.0-windows\Cerneala.Backends.MonoGame.dll
  Cerneala.LanguageServer -> C:\Users\lauri\Desktop\Cerneala\Cerneala.VisualStudio\obj\Debug\net472\bundled-server\
  Cerneala.Backends.SdlGpu -> C:\Users\lauri\Desktop\Cerneala\Cerneala.Backends.SdlGpu\bin\Debug\net8.0\Cerneala.Backends.SdlGpu.dll
  Determining projects to restore...
  CernealaPresentation -> C:\Users\lauri\Desktop\Cerneala\CernealaPresentation\bin\Debug\net8.0-windows\CernealaPresentation.dll
  Restored C:\Users\lauri\Desktop\Cerneala\Cerneala.SourceGen\Cerneala.SourceGen.csproj (in 679 ms).
  Restored C:\Users\lauri\Desktop\Cerneala\Cerneala.csproj (in 690 ms).
  Restored C:\Users\lauri\Desktop\Cerneala\Cerneala.Platforms.Win32\Cerneala.Platforms.Win32.csproj (in 691 ms).
  Restored C:\Users\lauri\Desktop\Cerneala\Cerneala.PreviewHost\Cerneala.PreviewHost.csproj (in 1.36 sec).
  Restored C:\Users\lauri\Desktop\Cerneala\Cerneala.Backends.MonoGame\Cerneala.Backends.MonoGame.csproj (in 1.42 sec).
  1 of 6 projects are up-to-date for restore.
  Tool 'dotnet-mgfxc' (version '3.8.4.1') was restored. Available commands: mgfxc
  Tool 'sign' (version '0.9.1-beta.26330.1') was restored. Available commands: sign
  
  Restore was successful.
  Cerneala.Playground -> C:\Users\lauri\Desktop\Cerneala\Playground\Cerneala.Playground\bin\Debug\net8.0-windows\Cerneala.Playground.dll
  Cerneala.Tests.Scene2DImporters -> C:\Users\lauri\Desktop\Cerneala\tests\Cerneala.Tests.Scene2DImporters\bin\Debug\net8.0\Cerneala.Tests.Scene2DImporters.dll
  Cerneala.Language -> C:\Users\lauri\Desktop\Cerneala\Cerneala.Language\bin\Debug\netstandard2.0\Cerneala.Language.dll
Test run for C:\Users\lauri\Desktop\Cerneala\tests\Cerneala.Tests.Scene2DImporters\bin\Debug\net8.0\Cerneala.Tests.Scene2DImporters.dll (.NETCoreApp,Version=v8.0)
A total of 1 test files matched the specified pattern.
Results File: C:\Users\lauri\Desktop\Cerneala\docs\plans\evidence\2026-09-04-scene-import-stage6\full-suite\lauri_DESKTOP-JT43V3D_2026-09-05_14_38_09_net8.0.trx

Passed!  - Failed:     0, Passed:   151, Skipped:     0, Total:   151, Duration: 6 s - Cerneala.Tests.Scene2DImporters.dll (net8.0)
  Cerneala.Tests.SdlGpu -> C:\Users\lauri\Desktop\Cerneala\tests\Cerneala.Tests.SdlGpu\bin\Debug\net8.0\Cerneala.Tests.SdlGpu.dll
Test run for C:\Users\lauri\Desktop\Cerneala\tests\Cerneala.Tests.SdlGpu\bin\Debug\net8.0\Cerneala.Tests.SdlGpu.dll (.NETCoreApp,Version=v8.0)
  Cerneala.SourceGen -> C:\Users\lauri\Desktop\Cerneala\Cerneala.SourceGen\bin\Debug\netstandard2.0\Cerneala.SourceGen.dll
A total of 1 test files matched the specified pattern.
  Cerneala -> C:\Users\lauri\Desktop\Cerneala\bin\Debug\net8.0\Cerneala.dll
  Cerneala.Platforms.Win32 -> C:\Users\lauri\Desktop\Cerneala\Cerneala.Platforms.Win32\bin\Debug\net8.0-windows\Cerneala.Platforms.Win32.dll
[xUnit.net 00:00:08.24]     Cerneala.Tests.SdlGpu.NativeSdlLifetimeTests.NativeGpuCapturesTwoWindowsThroughWindowSaveScreenshot [SKIP]
[xUnit.net 00:00:08.25]     Cerneala.Tests.SdlGpu.NativeSdlLifetimeTests.NativePlatformAndGpuDeviceHaveDeterministicLifetime [SKIP]
[xUnit.net 00:00:08.25]     Cerneala.Tests.SdlGpu.NativeSdlLifetimeTests.NativeEventPumpKeepsTwoWindowsIndependent [SKIP]
  Skipped Cerneala.Tests.SdlGpu.NativeSdlLifetimeTests.NativeGpuCapturesTwoWindowsThroughWindowSaveScreenshot [1 ms]
  Skipped Cerneala.Tests.SdlGpu.NativeSdlLifetimeTests.NativePlatformAndGpuDeviceHaveDeterministicLifetime [1 ms]
  Skipped Cerneala.Tests.SdlGpu.NativeSdlLifetimeTests.NativeEventPumpKeepsTwoWindowsIndependent [1 ms]
  Cerneala.Backends.MonoGame -> C:\Users\lauri\Desktop\Cerneala\Cerneala.Backends.MonoGame\bin\Debug\net8.0-windows\Cerneala.Backends.MonoGame.dll
[xUnit.net 00:00:17.43]     Cerneala.Tests.SdlGpu.SdlGpuPrismExecutorTests.NestedPrismPresentationRemainsVisibleAwayFromTheHostOrigin [SKIP]
  Skipped Cerneala.Tests.SdlGpu.SdlGpuPrismExecutorTests.NestedPrismPresentationRemainsVisibleAwayFromTheHostOrigin [1 ms]
[xUnit.net 00:00:17.66]     Cerneala.Tests.SdlGpu.SdlGpuShaderArtifactTests.Native_device_creates_drawing_and_prism_pipelines_from_offline_artifacts [SKIP]
  Skipped Cerneala.Tests.SdlGpu.SdlGpuShaderArtifactTests.Native_device_creates_drawing_and_prism_pipelines_from_offline_artifacts [1 ms]
Results File: C:\Users\lauri\Desktop\Cerneala\docs\plans\evidence\2026-09-04-scene-import-stage6\full-suite\lauri_DESKTOP-JT43V3D_2026-09-05_14_38_21_net8.0.trx

Passed!  - Failed:     0, Passed:   121, Skipped:     5, Total:   126, Duration: 17 s - Cerneala.Tests.SdlGpu.dll (net8.0)
  Cerneala.PreviewHost -> C:\Users\lauri\Desktop\Cerneala\Cerneala.PreviewHost\bin\Debug\net10.0-windows\win-x64\Cerneala.PreviewHost.dll
  Cerneala.PreviewHost -> C:\Users\lauri\Desktop\Cerneala\Cerneala.VisualStudio\obj\Debug\net472\bundled-preview-host\
  Cerneala.VisualStudio -> C:\Users\lauri\Desktop\Cerneala\Cerneala.VisualStudio\bin\Debug\net472\Cerneala.VisualStudio.vsix
Results File: C:\Users\lauri\Desktop\Cerneala\docs\plans\evidence\2026-09-04-scene-import-stage6\full-suite\lauri_DESKTOP-JT43V3D_2026-09-05_14_37_41_net8.0.trx

Passed!  - Failed:     0, Passed:   186, Skipped:     0, Total:   186, Duration: 1 m 18 s - Cerneala.Tests.Language.dll (net8.0)
  VisualStudioIntegrationHost -> C:\Users\lauri\Desktop\Cerneala\tests\Fixtures\VisualStudioIntegrationHost\bin\Debug\net472\Cerneala.VisualStudio.IntegrationHost.dll
Test run for C:\Users\lauri\Desktop\Cerneala\tests\Cerneala.Tests.VisualStudio\bin\Debug\net10.0-windows\Cerneala.Tests.VisualStudio.dll (.NETCoreApp,Version=v10.0)
A total of 1 test files matched the specified pattern.
Results File: C:\Users\lauri\Desktop\Cerneala\docs\plans\evidence\2026-09-04-scene-import-stage6\full-suite\lauri_DESKTOP-JT43V3D_2026-09-05_14_39_04_net10.0.trx

Passed!  - Failed:     0, Passed:    47, Skipped:     0, Total:    47, Duration: 1 s - Cerneala.Tests.VisualStudio.dll (net10.0)
Results File: C:\Users\lauri\Desktop\Cerneala\docs\plans\evidence\2026-09-04-scene-import-stage6\full-suite\lauri_DESKTOP-JT43V3D_2026-09-05_14_37_42_net8.0.trx

Passed!  - Failed:     0, Passed:   515, Skipped:     0, Total:   515, Duration: 2 m 28 s - Cerneala.Tests.SourceGen.dll (net8.0)
  Tetris -> C:\Users\lauri\Desktop\Cerneala\Tetrisish\bin\Debug\net8.0\Cerneala.Tetris.dll
  Tetris.Tests -> C:\Users\lauri\Desktop\Cerneala\Tetrisish\Tests\bin\Debug\net8.0\Cerneala.Tetris.Tests.dll
Test run for C:\Users\lauri\Desktop\Cerneala\Tetrisish\Tests\bin\Debug\net8.0\Cerneala.Tetris.Tests.dll (.NETCoreApp,Version=v8.0)
A total of 1 test files matched the specified pattern.
Results File: C:\Users\lauri\Desktop\Cerneala\docs\plans\evidence\2026-09-04-scene-import-stage6\full-suite\lauri_DESKTOP-JT43V3D_2026-09-05_14_40_17_net8.0.trx

Passed!  - Failed:     0, Passed:    29, Skipped:     0, Total:    29, Duration: 1 s - Cerneala.Tetris.Tests.dll (net8.0)
Results File: C:\Users\lauri\Desktop\Cerneala\docs\plans\evidence\2026-09-04-scene-import-stage6\full-suite\lauri_DESKTOP-JT43V3D_2026-09-05_14_37_44_net10.0.trx

Passed!  - Failed:     0, Passed:    40, Skipped:     0, Total:    40, Duration: 2 m 52 s - Cerneala.Tests.LanguageServer.dll (net10.0)
  Cerneala.WindowsDxSmoke -> C:\Users\lauri\Desktop\Cerneala\tests\Cerneala.WindowsDxSmoke\bin\Debug\net8.0-windows\Cerneala.WindowsDxSmoke.dll
  Cerneala.PreviewHost -> C:\Users\lauri\Desktop\Cerneala\Cerneala.PreviewHost\bin\Debug\net10.0-windows\Cerneala.PreviewHost.dll
  Cerneala.Tests.PreviewHost -> C:\Users\lauri\Desktop\Cerneala\tests\Cerneala.Tests.PreviewHost\bin\Debug\net10.0-windows\Cerneala.Tests.PreviewHost.dll
Test run for C:\Users\lauri\Desktop\Cerneala\tests\Cerneala.Tests.PreviewHost\bin\Debug\net10.0-windows\Cerneala.Tests.PreviewHost.dll (.NETCoreApp,Version=v10.0)
A total of 1 test files matched the specified pattern.
Results File: C:\Users\lauri\Desktop\Cerneala\docs\plans\evidence\2026-09-04-scene-import-stage6\full-suite\lauri_DESKTOP-JT43V3D_2026-09-05_14_40_40_net10.0.trx

Passed!  - Failed:     0, Passed:    13, Skipped:     0, Total:    13, Duration: 41 s - Cerneala.Tests.PreviewHost.dll (net10.0)
C:\Users\lauri\Desktop\Cerneala\tests\Cerneala.Tests\Controls\CollisionStageZeroContractTests.cs(302,20): error CS0118: 'Scene2D' is a namespace but is used like a type [C:\Users\lauri\Desktop\Cerneala\tests\Cerneala.Tests\Cerneala.Tests.csproj]
C:\Users\lauri\Desktop\Cerneala\tests\Cerneala.Tests\Controls\CollisionStageZeroContractTests.cs(314,13): error CS0118: 'Scene2D' is a namespace but is used like a type [C:\Users\lauri\Desktop\Cerneala\tests\Cerneala.Tests\Cerneala.Tests.csproj]
C:\Users\lauri\Desktop\Cerneala\tests\Cerneala.Tests\Controls\CollisionStageZeroContractTests.cs(328,36): error CS0118: 'Scene2D' is a namespace but is used like a type [C:\Users\lauri\Desktop\Cerneala\tests\Cerneala.Tests\Cerneala.Tests.csproj]
C:\Users\lauri\Desktop\Cerneala\tests\Cerneala.Tests\Controls\CollisionStageFourInputTests.cs(204,13): error CS0118: 'Scene2D' is a namespace but is used like a type [C:\Users\lauri\Desktop\Cerneala\tests\Cerneala.Tests\Cerneala.Tests.csproj]
C:\Users\lauri\Desktop\Cerneala\tests\Cerneala.Tests\Controls\CollisionStageTwoContractTests.cs(216,21): error CS0118: 'Scene2D' is a namespace but is used like a type [C:\Users\lauri\Desktop\Cerneala\tests\Cerneala.Tests\Cerneala.Tests.csproj]
C:\Users\lauri\Desktop\Cerneala\tests\Cerneala.Tests\Controls\SceneDebugOverlayTests.cs(145,21): error CS0118: 'Scene2D' is a namespace but is used like a type [C:\Users\lauri\Desktop\Cerneala\tests\Cerneala.Tests\Cerneala.Tests.csproj]
C:\Users\lauri\Desktop\Cerneala\tests\Cerneala.Tests\Controls\SceneDebugOverlayTests.cs(163,43): error CS0118: 'Scene2D' is a namespace but is used like a type [C:\Users\lauri\Desktop\Cerneala\tests\Cerneala.Tests\Cerneala.Tests.csproj]
C:\Users\lauri\Desktop\Cerneala\tests\Cerneala.Tests\Controls\SceneImportGeometryTests.cs(112,51): error CS0118: 'Scene2D' is a namespace but is used like a type [C:\Users\lauri\Desktop\Cerneala\tests\Cerneala.Tests\Cerneala.Tests.csproj]
C:\Users\lauri\Desktop\Cerneala\tests\Cerneala.Tests\UI\Servo\ServoSceneTests.cs(112,38): error CS0118: 'Scene2D' is a namespace but is used like a type [C:\Users\lauri\Desktop\Cerneala\tests\Cerneala.Tests\Cerneala.Tests.csproj]
