<?xml version="1.0" encoding="utf-8"?>
<TestRun id="8578a240-f562-4b1f-97a5-282adcde3f70" name="lauri@DESKTOP-JT43V3D 2026-09-25 23:20:33" runUser="DESKTOP-JT43V3D\lauri" xmlns="http://microsoft.com/schemas/VisualStudio/TeamTest/2010">
  <Times creation="2026-09-25T23:20:33.0297459+03:00" queuing="2026-09-25T23:20:33.0297462+03:00" start="2026-09-25T23:20:18.8172268+03:00" finish="2026-09-25T23:20:33.0405903+03:00" />
  <TestSettings name="default" id="a92867f8-4c84-43f1-bc1e-c0a3dd8b53d0">
    <Deployment runDeploymentRoot="lauri_DESKTOP-JT43V3D_2026-09-25_23_20_33" />
  </TestSettings>
  <Results>
    <UnitTestResult executionId="aa23cb45-4289-4234-abd9-577dd8ba4c09" testId="43503f71-9f8f-119c-1ab7-6c3e57d29aaa" testName="Cerneala.Tests.SceneVillage.NativeVillageWindowTests.RealVillageShowsTheNativeTreeCanopyAboveItsLowerCellTrunk" computerName="DESKTOP-JT43V3D" duration="00:00:11.7439252" startTime="2026-09-25T23:20:32.8099727+03:00" endTime="2026-09-25T23:20:32.8100130+03:00" testType="13cdc9d9-ddb5-4fa4-a97d-d965ccfc6d4b" outcome="Failed" testListId="8c84fa94-04c1-424b-9868-57a2d4851a1d" relativeResultsDirectory="aa23cb45-4289-4234-abd9-577dd8ba4c09">
      <Output>
        <StdOut>Decoration capture C:\Users\lauri\Desktop\Cerneala\artifacts\ci\scene-village\screenshots\native-20260925-202021048\decorations.png; routed D/S taps=2/8; player=&lt;2117.6692, 2234.644&gt;; ViewBox=DrawRect { X = 1622.6692, Y = 1959.644, Width = 990, Height = 550, Right = 2612.6692, Bottom = 2509.644 }; shrub=#ff479f4a, tree top/leaf/trunk=#ff596246/#ff479f4a/#ffeaa56c.</StdOut>
        <ErrorInfo>
          <Message>Assert.Equal() Failure: Values differ&#xD;
Expected: #ff3f2631&#xD;
Actual:   #ff596246</Message>
          <StackTrace>   at Cerneala.Tests.SceneVillage.NativeVillageWindowTests.ExerciseDecorationAsync(MainWindow window, VillageGameSurface surface, String capturePath, CancellationToken cancellationToken) in C:\Users\lauri\Desktop\Cerneala\tests\Cerneala.Tests.SceneVillage\NativeVillageWindowTests.cs:line 224&#xD;
   at Cerneala.Tests.SceneVillage.NativeVillageWindowTests.&lt;&gt;c__DisplayClass3_1.&lt;&lt;RealVillageShowsTheNativeTreeCanopyAboveItsLowerCellTrunk&gt;b__3&gt;d.MoveNext() in C:\Users\lauri\Desktop\Cerneala\tests\Cerneala.Tests.SceneVillage\NativeVillageWindowTests.cs:line 129&#xD;
--- End of stack trace from previous location ---&#xD;
   at Cerneala.Tests.SceneVillage.NativeVillageWindowTests.RealVillageShowsTheNativeTreeCanopyAboveItsLowerCellTrunk() in C:\Users\lauri\Desktop\Cerneala\tests\Cerneala.Tests.SceneVillage\NativeVillageWindowTests.cs:line 147&#xD;
   at System.RuntimeMethodHandle.InvokeMethod(Object target, Void** arguments, Signature sig, Boolean isConstructor)&#xD;
   at System.Reflection.MethodBaseInvoker.InvokeWithNoArgs(Object obj, BindingFlags invokeAttr)</StackTrace>
        </ErrorInfo>
      </Output>
    </UnitTestResult>
  </Results>
  <TestDefinitions>
    <UnitTest name="Cerneala.Tests.SceneVillage.NativeVillageWindowTests.RealVillageShowsTheNativeTreeCanopyAboveItsLowerCellTrunk" storage="c:\users\lauri\desktop\cerneala\tests\cerneala.tests.scenevillage\bin\release\net8.0-windows\cerneala.tests.scenevillage.dll" id="43503f71-9f8f-119c-1ab7-6c3e57d29aaa">
      <Execution id="aa23cb45-4289-4234-abd9-577dd8ba4c09" />
      <TestMethod codeBase="C:\Users\lauri\Desktop\Cerneala\tests\Cerneala.Tests.SceneVillage\bin\Release\net8.0-windows\Cerneala.Tests.SceneVillage.dll" adapterTypeName="executor://xunit/VsTestRunner2/netcoreapp" className="Cerneala.Tests.SceneVillage.NativeVillageWindowTests" name="RealVillageShowsTheNativeTreeCanopyAboveItsLowerCellTrunk" />
    </UnitTest>
  </TestDefinitions>
  <TestEntries>
    <TestEntry testId="43503f71-9f8f-119c-1ab7-6c3e57d29aaa" executionId="aa23cb45-4289-4234-abd9-577dd8ba4c09" testListId="8c84fa94-04c1-424b-9868-57a2d4851a1d" />
  </TestEntries>
  <TestLists>
    <TestList name="Results Not in a List" id="8c84fa94-04c1-424b-9868-57a2d4851a1d" />
    <TestList name="All Loaded Results" id="19431567-8539-422a-85d7-44ee4e166bda" />
  </TestLists>
  <ResultSummary outcome="Failed">
    <Counters total="1" executed="1" passed="0" failed="1" error="0" timeout="0" aborted="0" inconclusive="0" passedButRunAborted="0" notRunnable="0" notExecuted="0" disconnected="0" warning="0" completed="0" inProgress="0" pending="0" />
    <Output>
      <StdOut>[xUnit.net 00:00:00.00] xUnit.net VSTest Adapter v2.5.3.1+6b60a9e56a (64-bit .NET 8.0.30)&#xD;
[xUnit.net 00:00:00.19]   Discovering: Cerneala.Tests.SceneVillage&#xD;
[xUnit.net 00:00:00.32]   Discovered:  Cerneala.Tests.SceneVillage&#xD;
[xUnit.net 00:00:00.33]   Starting:    Cerneala.Tests.SceneVillage&#xD;
[xUnit.net 00:00:12.15]       Assert.Equal() Failure: Values differ&#xD;
[xUnit.net 00:00:12.15]       Expected: #ff3f2631&#xD;
[xUnit.net 00:00:12.15]       Actual:   #ff596246&#xD;
[xUnit.net 00:00:12.15]       Stack Trace:&#xD;
[xUnit.net 00:00:12.15]         C:\Users\lauri\Desktop\Cerneala\tests\Cerneala.Tests.SceneVillage\NativeVillageWindowTests.cs(224,0): at Cerneala.Tests.SceneVillage.NativeVillageWindowTests.ExerciseDecorationAsync(MainWindow window, VillageGameSurface surface, String capturePath, CancellationToken cancellationToken)&#xD;
[xUnit.net 00:00:12.15]         C:\Users\lauri\Desktop\Cerneala\tests\Cerneala.Tests.SceneVillage\NativeVillageWindowTests.cs(129,0): at Cerneala.Tests.SceneVillage.NativeVillageWindowTests.&lt;&gt;c__DisplayClass3_1.&lt;&lt;RealVillageShowsTheNativeTreeCanopyAboveItsLowerCellTrunk&gt;b__3&gt;d.MoveNext()&#xD;
[xUnit.net 00:00:12.15]         --- End of stack trace from previous location ---&#xD;
[xUnit.net 00:00:12.15]         C:\Users\lauri\Desktop\Cerneala\tests\Cerneala.Tests.SceneVillage\NativeVillageWindowTests.cs(147,0): at Cerneala.Tests.SceneVillage.NativeVillageWindowTests.RealVillageShowsTheNativeTreeCanopyAboveItsLowerCellTrunk()&#xD;
[xUnit.net 00:00:12.15]            at System.RuntimeMethodHandle.InvokeMethod(Object target, Void** arguments, Signature sig, Boolean isConstructor)&#xD;
[xUnit.net 00:00:12.15]            at System.Reflection.MethodBaseInvoker.InvokeWithNoArgs(Object obj, BindingFlags invokeAttr)&#xD;
[xUnit.net 00:00:12.15]       Output:&#xD;
[xUnit.net 00:00:12.15]         Decoration capture C:\Users\lauri\Desktop\Cerneala\artifacts\ci\scene-village\screenshots\native-20260925-202021048\decorations.png; routed D/S taps=2/8; player=&lt;2117.6692, 2234.644&gt;; ViewBox=DrawRect { X = 1622.6692, Y = 1959.644, Width = 990, Height = 550, Right = 2612.6692, Bottom = 2509.644 }; shrub=#ff479f4a, tree top/leaf/trunk=#ff596246/#ff479f4a/#ffeaa56c.&#xD;
[xUnit.net 00:00:12.17]   Finished:    Cerneala.Tests.SceneVillage&#xD;
</StdOut>
    </Output>
    <RunInfos>
      <RunInfo computerName="DESKTOP-JT43V3D" outcome="Error" timestamp="2026-09-25T23:20:32.8037165+03:00">
        <Text>[xUnit.net 00:00:12.15]     Cerneala.Tests.SceneVillage.NativeVillageWindowTests.RealVillageShowsTheNativeTreeCanopyAboveItsLowerCellTrunk [FAIL]</Text>
      </RunInfo>
    </RunInfos>
  </ResultSummary>
</TestRun>