  Cerneala.Language -> C:\Users\lauri\Desktop\Cerneala\Cerneala.Language\bin\Release\netstandard2.0\Cerneala.Language.dll
  Cerneala.SourceGen -> C:\Users\lauri\Desktop\Cerneala\Cerneala.SourceGen\bin\Release\netstandard2.0\Cerneala.SourceGen.dll
  Cerneala -> C:\Users\lauri\Desktop\Cerneala\bin\Release\net8.0\Cerneala.dll
  Cerneala.Platforms.Sdl3 -> C:\Users\lauri\Desktop\Cerneala\Cerneala.Platforms.Sdl3\bin\Release\net8.0\Cerneala.Platforms.Sdl3.dll
  Cerneala.Backends.SdlGpu -> C:\Users\lauri\Desktop\Cerneala\Cerneala.Backends.SdlGpu\bin\Release\net8.0\Cerneala.Backends.SdlGpu.dll
  Cerneala.SceneVillage -> C:\Users\lauri\Desktop\Cerneala\Playground\Cerneala.SceneVillage\bin\Release\net8.0-windows\Cerneala.SceneVillage.dll
  Cerneala.Tests.SceneVillage -> C:\Users\lauri\Desktop\Cerneala\tests\Cerneala.Tests.SceneVillage\bin\Release\net8.0-windows\Cerneala.Tests.SceneVillage.dll
Test run for C:\Users\lauri\Desktop\Cerneala\tests\Cerneala.Tests.SceneVillage\bin\Release\net8.0-windows\Cerneala.Tests.SceneVillage.dll (.NETCoreApp,Version=v8.0)
A total of 1 test files matched the specified pattern.
[xUnit.net 00:00:04.34]     Cerneala.Tests.SceneVillage.VillageModelTests.VillageTreesUseTheWholeTwoCellArtworkAndProportionalTrunkColliders [FAIL]
  Failed Cerneala.Tests.SceneVillage.VillageModelTests.VillageTreesUseTheWholeTwoCellArtworkAndProportionalTrunkColliders [496 ms]
  Error Message:
   Assert.Single() Failure: The collection contained 2 items
Collection: [Sprite2D { AnimationPlaybackRate = 1, Animations = null, AnimationState = null, AnimationStateChangeMode = Restart, ArrangedBounds = LayoutRect { X = 0, Y = 0, Width = 0, Height = 0, Location = LayoutPoint { X = 0, Y = 0 }, Size = LayoutSize { Width = 0, Height = 0, IsWidthUnconstrained = False, IsHeightUnconstrained = False } }, ··· }, Sprite2D { AnimationPlaybackRate = 1, Animations = null, AnimationState = null, AnimationStateChangeMode = Restart, ArrangedBounds = LayoutRect { X = 0, Y = 0, Width = 0, Height = 0, Location = LayoutPoint { X = 0, Y = 0 }, Size = LayoutSize { Width = 0, Height = 0, IsWidthUnconstrained = False, IsHeightUnconstrained = False } }, ··· }]
  Stack Trace:
     at Cerneala.Tests.SceneVillage.VillageModelTests.VillageTreesUseTheWholeTwoCellArtworkAndProportionalTrunkColliders() in C:\Users\lauri\Desktop\Cerneala\tests\Cerneala.Tests.SceneVillage\VillageModelTests.cs:line 230
   at System.RuntimeMethodHandle.InvokeMethod(Object target, Void** arguments, Signature sig, Boolean isConstructor)
   at System.Reflection.MethodBaseInvoker.InvokeWithNoArgs(Object obj, BindingFlags invokeAttr)
Results File: C:\Users\lauri\Desktop\Cerneala\docs\plans\evidence\2026-09-25-scene-surface-scale\integration\model-01.trx

Failed!  - Failed:     1, Passed:    22, Skipped:     0, Total:    23, Duration: 4 s - Cerneala.Tests.SceneVillage.dll (net8.0)
