  Cerneala.Language -> C:\Users\lauri\Desktop\Cerneala\Cerneala.Language\bin\Release\netstandard2.0\Cerneala.Language.dll
  Cerneala.SourceGen -> C:\Users\lauri\Desktop\Cerneala\Cerneala.SourceGen\bin\Release\netstandard2.0\Cerneala.SourceGen.dll
  Cerneala -> C:\Users\lauri\Desktop\Cerneala\bin\Release\net8.0\Cerneala.dll
  Cerneala.Platforms.Sdl3 -> C:\Users\lauri\Desktop\Cerneala\Cerneala.Platforms.Sdl3\bin\Release\net8.0\Cerneala.Platforms.Sdl3.dll
  Cerneala.Backends.SdlGpu -> C:\Users\lauri\Desktop\Cerneala\Cerneala.Backends.SdlGpu\bin\Release\net8.0\Cerneala.Backends.SdlGpu.dll
  Cerneala.SceneVillage -> C:\Users\lauri\Desktop\Cerneala\Playground\Cerneala.SceneVillage\bin\Release\net8.0-windows\Cerneala.SceneVillage.dll
  Cerneala.Tests.SceneVillage -> C:\Users\lauri\Desktop\Cerneala\tests\Cerneala.Tests.SceneVillage\bin\Release\net8.0-windows\Cerneala.Tests.SceneVillage.dll
Test run for C:\Users\lauri\Desktop\Cerneala\tests\Cerneala.Tests.SceneVillage\bin\Release\net8.0-windows\Cerneala.Tests.SceneVillage.dll (.NETCoreApp,Version=v8.0)
A total of 1 test files matched the specified pattern.
[xUnit.net 00:00:02.96]     Cerneala.Tests.SceneVillage.VillageScaleContractTests.InvalidCameraScaleValuesAreRejectedWithoutChangingTheView(invalid: 0) [FAIL]
[xUnit.net 00:00:03.08]     Cerneala.Tests.SceneVillage.VillageScaleContractTests.InvalidCameraScaleValuesAreRejectedWithoutChangingTheView(invalid: -1) [FAIL]
[xUnit.net 00:00:03.16]     Cerneala.Tests.SceneVillage.VillageScaleContractTests.InvalidCameraScaleValuesAreRejectedWithoutChangingTheView(invalid: ∞) [FAIL]
[xUnit.net 00:00:03.24]     Cerneala.Tests.SceneVillage.VillageScaleContractTests.InvalidCameraScaleValuesAreRejectedWithoutChangingTheView(invalid: NaN) [FAIL]
[xUnit.net 00:00:03.29]     Cerneala.Tests.SceneVillage.VillageScaleContractTests.SurfaceOwnsControllableZoomAndNullableInheritedContentScale [FAIL]
[xUnit.net 00:00:03.29]     Cerneala.Tests.SceneVillage.VillageScaleContractTests.TownAndCharacterArtworkUseIndependentNativeWorldSizes [FAIL]
[xUnit.net 00:00:03.34]     Cerneala.Tests.SceneVillage.VillageScaleContractTests.NativeTownTilesRetainTheExistingWorldArea [FAIL]
  Failed Cerneala.Tests.SceneVillage.VillageScaleContractTests.InvalidCameraScaleValuesAreRejectedWithoutChangingTheView(invalid: 0) [817 ms]
  Error Message:
   Assert.NotNull() Failure: Value is null
  Stack Trace:
     at Cerneala.Tests.SceneVillage.VillageScaleContractTests.InvalidCameraScaleValuesAreRejectedWithoutChangingTheView(Single invalid) in C:\Users\lauri\Desktop\Cerneala\tests\Cerneala.Tests.SceneVillage\VillageScaleContractTests.cs:line 53
   at System.RuntimeMethodHandle.InvokeMethod(Object target, Void** arguments, Signature sig, Boolean isConstructor)
   at System.Reflection.MethodBaseInvoker.InvokeDirectByRefWithFewArgs(Object obj, Span`1 copyOfArgs, BindingFlags invokeAttr)
  Failed Cerneala.Tests.SceneVillage.VillageScaleContractTests.InvalidCameraScaleValuesAreRejectedWithoutChangingTheView(invalid: -1) [89 ms]
  Error Message:
   Assert.NotNull() Failure: Value is null
  Stack Trace:
     at Cerneala.Tests.SceneVillage.VillageScaleContractTests.InvalidCameraScaleValuesAreRejectedWithoutChangingTheView(Single invalid) in C:\Users\lauri\Desktop\Cerneala\tests\Cerneala.Tests.SceneVillage\VillageScaleContractTests.cs:line 53
   at InvokeStub_VillageScaleContractTests.InvalidCameraScaleValuesAreRejectedWithoutChangingTheView(Object, Span`1)
   at System.Reflection.MethodBaseInvoker.InvokeWithOneArg(Object obj, BindingFlags invokeAttr, Binder binder, Object[] parameters, CultureInfo culture)
  Failed Cerneala.Tests.SceneVillage.VillageScaleContractTests.InvalidCameraScaleValuesAreRejectedWithoutChangingTheView(invalid: ∞) [78 ms]
  Error Message:
   Assert.NotNull() Failure: Value is null
  Stack Trace:
     at Cerneala.Tests.SceneVillage.VillageScaleContractTests.InvalidCameraScaleValuesAreRejectedWithoutChangingTheView(Single invalid) in C:\Users\lauri\Desktop\Cerneala\tests\Cerneala.Tests.SceneVillage\VillageScaleContractTests.cs:line 53
   at InvokeStub_VillageScaleContractTests.InvalidCameraScaleValuesAreRejectedWithoutChangingTheView(Object, Span`1)
   at System.Reflection.MethodBaseInvoker.InvokeWithOneArg(Object obj, BindingFlags invokeAttr, Binder binder, Object[] parameters, CultureInfo culture)
  Failed Cerneala.Tests.SceneVillage.VillageScaleContractTests.InvalidCameraScaleValuesAreRejectedWithoutChangingTheView(invalid: NaN) [80 ms]
  Error Message:
   Assert.NotNull() Failure: Value is null
  Stack Trace:
     at Cerneala.Tests.SceneVillage.VillageScaleContractTests.InvalidCameraScaleValuesAreRejectedWithoutChangingTheView(Single invalid) in C:\Users\lauri\Desktop\Cerneala\tests\Cerneala.Tests.SceneVillage\VillageScaleContractTests.cs:line 53
   at InvokeStub_VillageScaleContractTests.InvalidCameraScaleValuesAreRejectedWithoutChangingTheView(Object, Span`1)
   at System.Reflection.MethodBaseInvoker.InvokeWithOneArg(Object obj, BindingFlags invokeAttr, Binder binder, Object[] parameters, CultureInfo culture)
  Failed Cerneala.Tests.SceneVillage.VillageScaleContractTests.SurfaceOwnsControllableZoomAndNullableInheritedContentScale [1 ms]
  Error Message:
   Assert.NotNull() Failure: Value is null
  Stack Trace:
     at Cerneala.Tests.SceneVillage.VillageScaleContractTests.SurfaceOwnsControllableZoomAndNullableInheritedContentScale() in C:\Users\lauri\Desktop\Cerneala\tests\Cerneala.Tests.SceneVillage\VillageScaleContractTests.cs:line 16
   at System.RuntimeMethodHandle.InvokeMethod(Object target, Void** arguments, Signature sig, Boolean isConstructor)
   at System.Reflection.MethodBaseInvoker.InvokeWithNoArgs(Object obj, BindingFlags invokeAttr)
  Failed Cerneala.Tests.SceneVillage.VillageScaleContractTests.TownAndCharacterArtworkUseIndependentNativeWorldSizes [4 ms]
  Error Message:
   Assert.Equal() Failure: Values differ
Expected: 16
Actual:   32
  Stack Trace:
     at Cerneala.Tests.SceneVillage.VillageScaleContractTests.TownAndCharacterArtworkUseIndependentNativeWorldSizes() in C:\Users\lauri\Desktop\Cerneala\tests\Cerneala.Tests.SceneVillage\VillageScaleContractTests.cs:line 69
   at System.RuntimeMethodHandle.InvokeMethod(Object target, Void** arguments, Signature sig, Boolean isConstructor)
   at System.Reflection.MethodBaseInvoker.InvokeWithNoArgs(Object obj, BindingFlags invokeAttr)
  Failed Cerneala.Tests.SceneVillage.VillageScaleContractTests.NativeTownTilesRetainTheExistingWorldArea [50 ms]
  Error Message:
   Assert.Equal() Failure: Values differ
Expected: 2500
Actual:   625
  Stack Trace:
     at Cerneala.Tests.SceneVillage.VillageScaleContractTests.NativeTownTilesRetainTheExistingWorldArea() in C:\Users\lauri\Desktop\Cerneala\tests\Cerneala.Tests.SceneVillage\VillageScaleContractTests.cs:line 110
   at System.RuntimeMethodHandle.InvokeMethod(Object target, Void** arguments, Signature sig, Boolean isConstructor)
   at System.Reflection.MethodBaseInvoker.InvokeWithNoArgs(Object obj, BindingFlags invokeAttr)
Results File: C:\Users\lauri\Desktop\Cerneala\docs\plans\evidence\2026-09-25-scene-surface-scale\integration\red-01.trx

Failed!  - Failed:     7, Passed:     1, Skipped:     0, Total:     8, Duration: 1 s - Cerneala.Tests.SceneVillage.dll (net8.0)
