  Cerneala.Language -> C:\Users\lauri\Desktop\Cerneala\Cerneala.Language\bin\Release\netstandard2.0\Cerneala.Language.dll
  Cerneala.SourceGen -> C:\Users\lauri\Desktop\Cerneala\Cerneala.SourceGen\bin\Release\netstandard2.0\Cerneala.SourceGen.dll
  Cerneala -> C:\Users\lauri\Desktop\Cerneala\bin\Release\net8.0\Cerneala.dll
  Cerneala.Platforms.Sdl3 -> C:\Users\lauri\Desktop\Cerneala\Cerneala.Platforms.Sdl3\bin\Release\net8.0\Cerneala.Platforms.Sdl3.dll
  Cerneala.Backends.SdlGpu -> C:\Users\lauri\Desktop\Cerneala\Cerneala.Backends.SdlGpu\bin\Release\net8.0\Cerneala.Backends.SdlGpu.dll
  Cerneala.SceneVillage -> C:\Users\lauri\Desktop\Cerneala\Playground\Cerneala.SceneVillage\bin\Release\net8.0-windows\Cerneala.SceneVillage.dll
  Cerneala.Tests.SceneVillage -> C:\Users\lauri\Desktop\Cerneala\tests\Cerneala.Tests.SceneVillage\bin\Release\net8.0-windows\Cerneala.Tests.SceneVillage.dll
Test run for C:\Users\lauri\Desktop\Cerneala\tests\Cerneala.Tests.SceneVillage\bin\Release\net8.0-windows\Cerneala.Tests.SceneVillage.dll (.NETCoreApp,Version=v8.0)
A total of 1 test files matched the specified pattern.
[xUnit.net 00:00:45.34]     Cerneala.Tests.SceneVillage.NativeVillageWindowTests.RealVillageShowsTheTreeCanopyAboveItsOriginalTrunkPosition [FAIL]
  Failed Cerneala.Tests.SceneVillage.NativeVillageWindowTests.RealVillageShowsTheTreeCanopyAboveItsOriginalTrunkPosition [9 s]
  Error Message:
   Assert.Equal() Failure: Values differ
Expected: #ff479f4a
Actual:   #ff3f2631
  Stack Trace:
     at Cerneala.Tests.SceneVillage.NativeVillageWindowTests.ExerciseDecorationAsync(MainWindow window, VillageGameSurface surface, String capturePath, CancellationToken cancellationToken) in C:\Users\lauri\Desktop\Cerneala\tests\Cerneala.Tests.SceneVillage\NativeVillageWindowTests.cs:line 221
   at Cerneala.Tests.SceneVillage.NativeVillageWindowTests.<>c__DisplayClass3_1.<<RealVillageShowsTheTreeCanopyAboveItsOriginalTrunkPosition>b__3>d.MoveNext() in C:\Users\lauri\Desktop\Cerneala\tests\Cerneala.Tests.SceneVillage\NativeVillageWindowTests.cs:line 129
--- End of stack trace from previous location ---
   at Cerneala.Tests.SceneVillage.NativeVillageWindowTests.RealVillageShowsTheTreeCanopyAboveItsOriginalTrunkPosition() in C:\Users\lauri\Desktop\Cerneala\tests\Cerneala.Tests.SceneVillage\NativeVillageWindowTests.cs:line 147
   at System.RuntimeMethodHandle.InvokeMethod(Object target, Void** arguments, Signature sig, Boolean isConstructor)
   at System.Reflection.MethodBaseInvoker.InvokeWithNoArgs(Object obj, BindingFlags invokeAttr)
  Standard Output Messages:
 Decoration capture C:\Users\lauri\Desktop\Cerneala\artifacts\ci\scene-village\screenshots\native-20260925-201335838\decorations.png; routed D/S taps=3/7; player=<2125.1606, 2239.6628>; ViewBox=DrawRect { X = 1630.1606, Y = 1964.6628, Width = 990, Height = 550, Right = 2620.1606, Bottom = 2514.6628 }; shrub=#ff3f2631, tree top/leaf/trunk=#ff84c669/#ff84c669/#ff84c669.


[xUnit.net 00:00:54.92]     Cerneala.Tests.SceneVillage.NativeVillageWindowTests.RealSdlWindowSupportsVillageMovementCollisionCameraAndEveryTenThousandItemPreset [FAIL]
  Failed Cerneala.Tests.SceneVillage.NativeVillageWindowTests.RealSdlWindowSupportsVillageMovementCollisionCameraAndEveryTenThousandItemPreset [9 s]
  Error Message:
   Assert.InRange() Failure: Value not in range
Range:  (1984 - 1984.09998)
Actual: 1969.11865
  Stack Trace:
     at Cerneala.Tests.SceneVillage.NativeVillageWindowTests.ExerciseWindowAsync(MainWindow window, VillageGameSurface surface, TextBlock status, String captureDirectory, CancellationToken cancellationToken) in C:\Users\lauri\Desktop\Cerneala\tests\Cerneala.Tests.SceneVillage\NativeVillageWindowTests.cs:line 292
   at Cerneala.Tests.SceneVillage.NativeVillageWindowTests.<>c__DisplayClass2_1.<<RealSdlWindowSupportsVillageMovementCollisionCameraAndEveryTenThousandItemPreset>b__4>d.MoveNext() in C:\Users\lauri\Desktop\Cerneala\tests\Cerneala.Tests.SceneVillage\NativeVillageWindowTests.cs:line 72
--- End of stack trace from previous location ---
   at Cerneala.Tests.SceneVillage.NativeVillageWindowTests.RealSdlWindowSupportsVillageMovementCollisionCameraAndEveryTenThousandItemPreset() in C:\Users\lauri\Desktop\Cerneala\tests\Cerneala.Tests.SceneVillage\NativeVillageWindowTests.cs:line 90
   at System.RuntimeMethodHandle.InvokeMethod(Object target, Void** arguments, Signature sig, Boolean isConstructor)
   at System.Reflection.MethodBaseInvoker.InvokeWithNoArgs(Object obj, BindingFlags invokeAttr)
  Standard Output Messages:
 Path-edge crop probe: ViewBox=DrawRect { X = 1553, Y = 1773, Width = 990, Height = 550, Right = 2543, Bottom = 2323 }, gameBounds=LayoutRect { X = 14.4, Y = 102.4, Width = 792, Height = 440, Location = LayoutPoint { X = 14.4, Y = 102.4 }, Size = LayoutSize { Width = 792, Height = 440, IsWidthUnconstrained = False, IsHeightUnconstrained = False } }, screenshot=1025x750, edge phases x=1.000 y=1.000; vertical x=497/500 y=323 edge=#ff84c669 safe=#ff84c669; horizontal x=561 y=417/418/414 edge=#ff84c669 boundary=#ff84c669 safe=#ff84c669.
 Path-edge crop probe: ViewBox=DrawRect { X = 1575.8511, Y = 1773, Width = 990, Height = 550, Right = 2565.851, Bottom = 2323 }, gameBounds=LayoutRect { X = 14.4, Y = 102.4, Width = 792, Height = 440, Location = LayoutPoint { X = 14.4, Y = 102.4 }, Size = LayoutSize { Width = 792, Height = 440, IsWidthUnconstrained = False, IsHeightUnconstrained = False } }, screenshot=1025x750, edge phases x=0.149 y=1.000; vertical x=475/478 y=323 edge=#ff84c669 safe=#ff84c669; horizontal x=538 y=417/418/414 edge=#ff84c669 boundary=#ff84c669 safe=#ff84c669.
 Path-edge crop probe: ViewBox=DrawRect { X = 1553, Y = 1731.4331, Width = 990, Height = 550, Right = 2543, Bottom = 2281.433 }, gameBounds=LayoutRect { X = 14.4, Y = 102.4, Width = 792, Height = 440, Location = LayoutPoint { X = 14.4, Y = 102.4 }, Size = LayoutSize { Width = 792, Height = 440, IsWidthUnconstrained = False, IsHeightUnconstrained = False } }, screenshot=1025x750, edge phases x=1.000 y=0.567; vertical x=497/500 y=364 edge=#ff84c669 safe=#ff84c669; horizontal x=561 y=459/460/456 edge=#ff84c669 boundary=#ff84c669 safe=#ff84c669.


Results File: C:\Users\lauri\Desktop\Cerneala\docs\plans\evidence\2026-09-25-scene-surface-scale\integration\village-full-01.trx

Failed!  - Failed:     2, Passed:    34, Skipped:     0, Total:    36, Duration: 55 s - Cerneala.Tests.SceneVillage.dll (net8.0)
