  Cerneala.Language -> C:\Users\lauri\Desktop\Cerneala\Cerneala.Language\bin\Release\netstandard2.0\Cerneala.Language.dll
  Cerneala.SourceGen -> C:\Users\lauri\Desktop\Cerneala\Cerneala.SourceGen\bin\Release\netstandard2.0\Cerneala.SourceGen.dll
  Cerneala -> C:\Users\lauri\Desktop\Cerneala\bin\Release\net8.0\Cerneala.dll
  Cerneala.Platforms.Sdl3 -> C:\Users\lauri\Desktop\Cerneala\Cerneala.Platforms.Sdl3\bin\Release\net8.0\Cerneala.Platforms.Sdl3.dll
  Cerneala.Backends.SdlGpu -> C:\Users\lauri\Desktop\Cerneala\Cerneala.Backends.SdlGpu\bin\Release\net8.0\Cerneala.Backends.SdlGpu.dll
  Cerneala.Scene2D.Packages -> C:\Users\lauri\Desktop\Cerneala\Cerneala.Scene2D.Packages\bin\Release\net8.0\Cerneala.Scene2D.Packages.dll
  Tetris -> C:\Users\lauri\Desktop\Cerneala\Tetrisish\bin\Release\net8.0\Cerneala.Tetris.dll
  Cerneala.Tests.SdlGpu -> C:\Users\lauri\Desktop\Cerneala\tests\Cerneala.Tests.SdlGpu\bin\Release\net8.0\Cerneala.Tests.SdlGpu.dll
Test run for C:\Users\lauri\Desktop\Cerneala\tests\Cerneala.Tests.SdlGpu\bin\Release\net8.0\Cerneala.Tests.SdlGpu.dll (.NETCoreApp,Version=v8.0)
A total of 1 test files matched the specified pattern.
[xUnit.net 00:00:03.64]     Cerneala.Tests.SdlGpu.NativePackageGridSubdivisionTests.PreparedGridMatchesAuthoredPixelsAcrossBoundariesFlipsAndZoom [FAIL]
  Failed Cerneala.Tests.SdlGpu.NativePackageGridSubdivisionTests.PreparedGridMatchesAuthoredPixelsAcrossBoundariesFlipsAndZoom [2 s]
  Error Message:
   Assert.Equal() Failure: Collections differ
                         ↓ (pos 6180)
Expected: [···, 35, 255, 118, 90, 37, ···]
Actual:   [···, 35, 255, 117, 90, 37, ···]
                         ↑ (pos 6180)
  Stack Trace:
     at Cerneala.Tests.SdlGpu.NativePackageGridSubdivisionTests.Run(String directory) in C:\Users\lauri\Desktop\Cerneala\tests\Cerneala.Tests.SdlGpu\NativePackageGridSubdivisionTests.cs:line 99
   at Cerneala.Tests.SdlGpu.NativePackageGridSubdivisionTests.PreparedGridMatchesAuthoredPixelsAcrossBoundariesFlipsAndZoom() in C:\Users\lauri\Desktop\Cerneala\tests\Cerneala.Tests.SdlGpu\NativePackageGridSubdivisionTests.cs:line 24
   at System.RuntimeMethodHandle.InvokeMethod(Object target, Void** arguments, Signature sig, Boolean isConstructor)
   at System.Reflection.MethodBaseInvoker.InvokeWithNoArgs(Object obj, BindingFlags invokeAttr)
[xUnit.net 00:00:04.86]     Cerneala.Tests.SdlGpu.NativeRenderSurface3DTests.Near_view_parallel_line_remains_bounded_after_side_clipping [FAIL]
  Failed Cerneala.Tests.SdlGpu.NativeRenderSurface3DTests.Near_view_parallel_line_remains_bounded_after_side_clipping [1 s]
  Error Message:
   Assert.Equal() Failure: Values differ
Expected: #ff0000ff
Actual:   #ff0404ff
  Stack Trace:
     at Cerneala.Tests.SdlGpu.NativeRenderSurface3DTests.Near_view_parallel_line_remains_bounded_after_side_clipping() in C:\Users\lauri\Desktop\Cerneala\tests\Cerneala.Tests.SdlGpu\NativeRenderSurface3DTests.cs:line 662
   at System.RuntimeMethodHandle.InvokeMethod(Object target, Void** arguments, Signature sig, Boolean isConstructor)
   at System.Reflection.MethodBaseInvoker.InvokeWithNoArgs(Object obj, BindingFlags invokeAttr)
[xUnit.net 00:00:06.75]     Cerneala.Tests.SdlGpu.NativeScenePrismDomainTests.GlobalInputMatchesFullDomainRenderingCroppedAfterTheEffect [FAIL]
  Failed Cerneala.Tests.SdlGpu.NativeScenePrismDomainTests.GlobalInputMatchesFullDomainRenderingCroppedAfterTheEffect [1 s]
  Error Message:
   filter=Threshold, style=, mask=/, variant=1, source=0, bytes=3, first=24572, last=24574
filter=Threshold, style=, mask=/, variant=1, source=1, bytes=3, first=24572, last=24574
  Stack Trace:
     at Cerneala.Tests.SdlGpu.NativeScenePrismDomainTests.Run(Boolean nestedSprites, Boolean localNeighborhood, Single density, PrismFilterId nestedFilter, Nullable`1 paintStyle, PrismMaskDefinition imageMask, Nullable`1 finiteDomainFilter, String edgeMode) in C:\Users\lauri\Desktop\Cerneala\tests\Cerneala.Tests.SdlGpu\NativeScenePrismDomainTests.cs:line 272
   at Cerneala.Tests.SdlGpu.NativeScenePrismDomainTests.GlobalInputMatchesFullDomainRenderingCroppedAfterTheEffect() in C:\Users\lauri\Desktop\Cerneala\tests\Cerneala.Tests.SdlGpu\NativeScenePrismDomainTests.cs:line 23
   at System.RuntimeMethodHandle.InvokeMethod(Object target, Void** arguments, Signature sig, Boolean isConstructor)
   at System.Reflection.MethodBaseInvoker.InvokeWithNoArgs(Object obj, BindingFlags invokeAttr)
Results File: C:\Users\lauri\Desktop\Cerneala\tests\Cerneala.Tests.SdlGpu\TestResults\shader-failures-centroid-b-focused-14.trx

Failed!  - Failed:     3, Passed:     0, Skipped:     0, Total:     3, Duration: 5 s - Cerneala.Tests.SdlGpu.dll (net8.0)
