  Determining projects to restore...
  All projects are up-to-date for restore.
  Cerneala.Language -> C:\Users\lauri\Desktop\Cerneala\Cerneala.Language\bin\Release\netstandard2.0\Cerneala.Language.dll
  Cerneala.SourceGen -> C:\Users\lauri\Desktop\Cerneala\Cerneala.SourceGen\bin\Release\netstandard2.0\Cerneala.SourceGen.dll
  Cerneala -> C:\Users\lauri\Desktop\Cerneala\bin\Release\net8.0\Cerneala.dll
  Cerneala.Platforms.Sdl3 -> C:\Users\lauri\Desktop\Cerneala\Cerneala.Platforms.Sdl3\bin\Release\net8.0\Cerneala.Platforms.Sdl3.dll
  Cerneala.Backends.SdlGpu -> C:\Users\lauri\Desktop\Cerneala\Cerneala.Backends.SdlGpu\bin\Release\net8.0\Cerneala.Backends.SdlGpu.dll
  Cerneala.SceneVillage -> C:\Users\lauri\Desktop\Cerneala\Playground\Cerneala.SceneVillage\bin\Release\net8.0-windows\Cerneala.SceneVillage.dll
  Cerneala.Tests.SceneVillage -> C:\Users\lauri\Desktop\Cerneala\tests\Cerneala.Tests.SceneVillage\bin\Release\net8.0-windows\Cerneala.Tests.SceneVillage.dll
Test run for C:\Users\lauri\Desktop\Cerneala\tests\Cerneala.Tests.SceneVillage\bin\Release\net8.0-windows\Cerneala.Tests.SceneVillage.dll (.NETCoreApp,Version=v8.0)
A total of 1 test files matched the specified pattern.
C:\Users\lauri\Desktop\Cerneala\tests\Cerneala.Tests.SceneVillage\bin\Release\net8.0-windows\Cerneala.Tests.SceneVillage.dll
[xUnit.net 00:00:00.01] xUnit.net VSTest Adapter v2.5.3.1+6b60a9e56a (64-bit .NET 8.0.30)
[xUnit.net 00:00:00.34]   Discovering: Cerneala.Tests.SceneVillage
[xUnit.net 00:00:00.56]   Discovered:  Cerneala.Tests.SceneVillage
[xUnit.net 00:00:00.59]   Starting:    Cerneala.Tests.SceneVillage
CERNEALA_TILE_MSAA_DIAGNOSTIC requested=Eight selected=Eight parent=One size=990x550 format=B8G8R8A8Unorm
CERNEALA_TILE_MSAA_DIAGNOSTIC requested=Eight selected=Eight parent=One size=990x550 format=B8G8R8A8Unorm
CERNEALA_TILE_MSAA_DIAGNOSTIC requested=Eight selected=Eight parent=One size=990x550 format=B8G8R8A8Unorm
CERNEALA_TILE_MSAA_DIAGNOSTIC requested=Eight selected=Eight parent=One size=990x550 format=B8G8R8A8Unorm
CERNEALA_TILE_MSAA_DIAGNOSTIC requested=Eight selected=Eight parent=One size=990x550 format=B8G8R8A8Unorm
CERNEALA_TILE_MSAA_DIAGNOSTIC requested=Eight selected=Eight parent=One size=990x550 format=B8G8R8A8Unorm
CERNEALA_TILE_MSAA_DIAGNOSTIC requested=Eight selected=Eight parent=One size=990x550 format=B8G8R8A8Unorm
[xUnit.net 00:00:22.58]   Finished:    Cerneala.Tests.SceneVillage
  Passed Cerneala.Tests.SceneVillage.NativeVillageTileBoundaryTests.OpaquePointSampledAtlasTileJoinsOpaqueGroundAtFractionalCameraPosition [21 s]
  Standard Output Messages:
 Tile boundary calibration: ViewBox=DrawRect { X = -100, Y = -68, Width = 396, Height = 220, Right = 296, Bottom = 152 }, bounds=LayoutRect { X = 14.4, Y = 80, Width = 792, Height = 440, Location = LayoutPoint { X = 14.4, Y = 80 }, Size = LayoutSize { Width = 792, Height = 440, IsWidthUnconstrained = False, IsHeightUnconstrained = False } }, viewportScale=1.25, screenshot=1025x750, physicalPerWorld=2.5000/2.5000, origin=18.000/100.000, phaseX/Y=1.000/0.000, Point bottom/left=#ff84c669/#ff84c669, Linear bottom/left=#ff84c669/#ffadb96a, Uniform bottom/left=#ff84c669/#ff84c669, flippedRight=#ff84c669, rotatedLeft=#ff84c669, alpha reference/edge=#ffc163b4/#ffc163b4, changedLinearInterior=121.
 App-owned tile-boundary capture: C:\Users\lauri\Desktop\Cerneala\artifacts\ci\scene-village\screenshots\tile-boundary-20260924-203007937\calibration.png
 Tile boundary 0.125: ViewBox=DrawRect { X = -99.65, Y = -68.05, Width = 396, Height = 220, Right = 296.35, Bottom = 151.95 }, bounds=LayoutRect { X = 14.4, Y = 80, Width = 792, Height = 440, Location = LayoutPoint { X = 14.4, Y = 80 }, Size = LayoutSize { Width = 792, Height = 440, IsWidthUnconstrained = False, IsHeightUnconstrained = False } }, viewportScale=1.25, screenshot=1025x750, physicalPerWorld=2.5000/2.5000, origin=18.000/100.000, phaseX/Y=0.125/0.125, Point bottom/left=#ff84c669/#ff84c669, Linear bottom/left=#ff80bc66/#ffa9ba6a, Uniform bottom/left=#ff84c669/#ff84c669, flippedRight=#ff84c669, rotatedLeft=#ff84c669, alpha reference/edge=#ffc163b4/#ffc163b4, changedLinearInterior=121.
 App-owned tile-boundary capture: C:\Users\lauri\Desktop\Cerneala\artifacts\ci\scene-village\screenshots\tile-boundary-20260924-203012985\phase-0.125.png
 Tile boundary 0.275: ViewBox=DrawRect { X = -99.71, Y = -68.11, Width = 396, Height = 220, Right = 296.29, Bottom = 151.89 }, bounds=LayoutRect { X = 14.4, Y = 80, Width = 792, Height = 440, Location = LayoutPoint { X = 14.4, Y = 80 }, Size = LayoutSize { Width = 792, Height = 440, IsWidthUnconstrained = False, IsHeightUnconstrained = False } }, viewportScale=1.25, screenshot=1025x750, physicalPerWorld=2.5000/2.5000, origin=18.000/100.000, phaseX/Y=0.275/0.275, Point bottom/left=#ff84c669/#ff84c669, Linear bottom/left=#ff7cb262/#ffa6bb6a, Uniform bottom/left=#ff84c669/#ff84c669, flippedRight=#ff84c669, rotatedLeft=#ff84c669, alpha reference/edge=#ffc163b4/#ffc163b4, changedLinearInterior=121.
 App-owned tile-boundary capture: C:\Users\lauri\Desktop\Cerneala\artifacts\ci\scene-village\screenshots\tile-boundary-20260924-203015335\phase-0.275.png
 Tile boundary 0.375: ViewBox=DrawRect { X = -99.75, Y = -68.15, Width = 396, Height = 220, Right = 296.25, Bottom = 151.85 }, bounds=LayoutRect { X = 14.4, Y = 80, Width = 792, Height = 440, Location = LayoutPoint { X = 14.4, Y = 80 }, Size = LayoutSize { Width = 792, Height = 440, IsWidthUnconstrained = False, IsHeightUnconstrained = False } }, viewportScale=1.25, screenshot=1025x750, physicalPerWorld=2.5000/2.5000, origin=18.000/100.000, phaseX/Y=0.375/0.375, Point bottom/left=#ff84c669/#ff84c669, Linear bottom/left=#ff77a95f/#ffa1bd6a, Uniform bottom/left=#ff84c669/#ff84c669, flippedRight=#ff84c669, rotatedLeft=#ff84c669, alpha reference/edge=#ffc163b4/#ffc163b4, changedLinearInterior=121.
 App-owned tile-boundary capture: C:\Users\lauri\Desktop\Cerneala\artifacts\ci\scene-village\screenshots\tile-boundary-20260924-203018287\phase-0.375.png
 Tile boundary 0.500: ViewBox=DrawRect { X = -99.8, Y = -68.2, Width = 396, Height = 220, Right = 296.2, Bottom = 151.8 }, bounds=LayoutRect { X = 14.4, Y = 80, Width = 792, Height = 440, Location = LayoutPoint { X = 14.4, Y = 80 }, Size = LayoutSize { Width = 792, Height = 440, IsWidthUnconstrained = False, IsHeightUnconstrained = False } }, viewportScale=1.25, screenshot=1025x750, physicalPerWorld=2.5000/2.5000, origin=18.000/100.000, phaseX/Y=0.500/0.500, Point bottom/left=#ff84c669/#ff84c669, Linear bottom/left=#ff74a15c/#ff9dbe69, Uniform bottom/left=#ff84c669/#ff84c669, flippedRight=#ff84c669, rotatedLeft=#ff84c669, alpha reference/edge=#ffc163b4/#ffc163b4, changedLinearInterior=118.
 App-owned tile-boundary capture: C:\Users\lauri\Desktop\Cerneala\artifacts\ci\scene-village\screenshots\tile-boundary-20260924-203020488\phase-0.500.png
 Tile boundary 0.625: ViewBox=DrawRect { X = -99.85, Y = -68.25, Width = 396, Height = 220, Right = 296.15, Bottom = 151.75 }, bounds=LayoutRect { X = 14.4, Y = 80, Width = 792, Height = 440, Location = LayoutPoint { X = 14.4, Y = 80 }, Size = LayoutSize { Width = 792, Height = 440, IsWidthUnconstrained = False, IsHeightUnconstrained = False } }, viewportScale=1.25, screenshot=1025x750, physicalPerWorld=2.5000/2.5000, origin=18.000/100.000, phaseX/Y=0.625/0.625, Point bottom/left=#ff84c669/#ff84c669, Linear bottom/left=#ff719a59/#ff96c069, Uniform bottom/left=#ff84c669/#ff84c669, flippedRight=#ff84c669, rotatedLeft=#ff84c669, alpha reference/edge=#ffc163b4/#ffc163b4, changedLinearInterior=121.
 App-owned tile-boundary capture: C:\Users\lauri\Desktop\Cerneala\artifacts\ci\scene-village\screenshots\tile-boundary-20260924-203022639\phase-0.625.png
 Tile boundary 0.875: ViewBox=DrawRect { X = -99.95, Y = -68.35, Width = 396, Height = 220, Right = 296.05, Bottom = 151.65 }, bounds=LayoutRect { X = 14.4, Y = 80, Width = 792, Height = 440, Location = LayoutPoint { X = 14.4, Y = 80 }, Size = LayoutSize { Width = 792, Height = 440, IsWidthUnconstrained = False, IsHeightUnconstrained = False } }, viewportScale=1.25, screenshot=1025x750, physicalPerWorld=2.5000/2.5000, origin=18.000/100.000, phaseX/Y=0.875/0.875, Point bottom/left=#ff84c669/#ff84c669, Linear bottom/left=#ff6c9056/#ff8ac469, Uniform bottom/left=#ff84c669/#ff84c669, flippedRight=#ff84c669, rotatedLeft=#ff84c669, alpha reference/edge=#ffc163b4/#ffc163b4, changedLinearInterior=121.
 App-owned tile-boundary capture: C:\Users\lauri\Desktop\Cerneala\artifacts\ci\scene-village\screenshots\tile-boundary-20260924-203025960\phase-0.875.png


Results File: C:\Users\lauri\Desktop\Cerneala\tests\Cerneala.Tests.SceneVillage\TestResults\portable-fixture-centroid-msaa-probe-10.trx

Test Run Successful.
Total tests: 1
     Passed: 1
 Total time: 24.9175 Seconds
