  Determining projects to restore...
  All projects are up-to-date for restore.
  Cerneala.Language -> C:\Users\lauri\Desktop\Cerneala\Cerneala.Language\bin\Release\netstandard2.0\Cerneala.Language.dll
  Cerneala.SourceGen -> C:\Users\lauri\Desktop\Cerneala\Cerneala.SourceGen\bin\Release\netstandard2.0\Cerneala.SourceGen.dll
  Cerneala -> C:\Users\lauri\Desktop\Cerneala\bin\Release\net8.0\Cerneala.dll
  Cerneala.Platforms.Sdl3 -> C:\Users\lauri\Desktop\Cerneala\Cerneala.Platforms.Sdl3\bin\Release\net8.0\Cerneala.Platforms.Sdl3.dll
  Cerneala.Backends.SdlGpu -> C:\Users\lauri\Desktop\Cerneala\Cerneala.Backends.SdlGpu\bin\Release\net8.0\Cerneala.Backends.SdlGpu.dll
  Cerneala.SceneVillage -> C:\Users\lauri\Desktop\Cerneala\Playground\Cerneala.SceneVillage\bin\Release\net8.0-windows\Cerneala.SceneVillage.dll
  Cerneala.Tests.SceneVillage -> C:\Users\lauri\Desktop\Cerneala\tests\Cerneala.Tests.SceneVillage\bin\Release\net8.0-windows\Cerneala.Tests.SceneVillage.dll
Test run for C:\Users\lauri\Desktop\Cerneala\tests\Cerneala.Tests.SceneVillage\bin\Release\net8.0-windows\Cerneala.Tests.SceneVillage.dll (.NETCoreApp,Version=v8.0)
A total of 1 test files matched the specified pattern.
[xUnit.net 00:00:09.56]     Cerneala.Tests.SceneVillage.NativeVillageWindowTests.RealSdlWindowSupportsVillageMovementCollisionCameraAndEveryTenThousandItemPreset [FAIL]
Data collector 'Blame' message: All tests finished running, Sequence file will not be generated.
  Failed Cerneala.Tests.SceneVillage.NativeVillageWindowTests.RealSdlWindowSupportsVillageMovementCollisionCameraAndEveryTenThousandItemPreset [8 s]
  Error Message:
   Assert.Equal() Failure: Values differ
Expected: #ff84c669
Actual:   #ffadb96a
  Stack Trace:
     at Cerneala.Tests.SceneVillage.NativeVillageWindowTests.AssertVillagePathHasNoAtlasEdgeLinesAsync(Servo servo, Window window, VillageGameSurface surface, String screenshotPath, CancellationToken cancellationToken) in C:\Users\lauri\Desktop\Cerneala\tests\Cerneala.Tests.SceneVillage\NativeVillageWindowTests.cs:line 476
   at Cerneala.Tests.SceneVillage.NativeVillageWindowTests.ExerciseWindowAsync(MainWindow window, VillageGameSurface surface, TextBlock status, String captureDirectory, CancellationToken cancellationToken) in C:\Users\lauri\Desktop\Cerneala\tests\Cerneala.Tests.SceneVillage\NativeVillageWindowTests.cs:line 117
   at Cerneala.Tests.SceneVillage.NativeVillageWindowTests.<>c__DisplayClass2_1.<<RealSdlWindowSupportsVillageMovementCollisionCameraAndEveryTenThousandItemPreset>b__4>d.MoveNext() in C:\Users\lauri\Desktop\Cerneala\tests\Cerneala.Tests.SceneVillage\NativeVillageWindowTests.cs:line 72
--- End of stack trace from previous location ---
   at Cerneala.Tests.SceneVillage.NativeVillageWindowTests.RealSdlWindowSupportsVillageMovementCollisionCameraAndEveryTenThousandItemPreset() in C:\Users\lauri\Desktop\Cerneala\tests\Cerneala.Tests.SceneVillage\NativeVillageWindowTests.cs:line 90
   at System.RuntimeMethodHandle.InvokeMethod(Object target, Void** arguments, Signature sig, Boolean isConstructor)
   at System.Reflection.MethodBaseInvoker.InvokeWithNoArgs(Object obj, BindingFlags invokeAttr)
  Standard Output Messages:
 Path-edge crop probe: ViewBox=DrawRect { X = 1850, Y = 1938, Width = 396, Height = 220, Right = 2246, Bottom = 2158 }, gameBounds=LayoutRect { X = 14.4, Y = 102.4, Width = 792, Height = 440, Location = LayoutPoint { X = 14.4, Y = 102.4 }, Size = LayoutSize { Width = 792, Height = 440, IsWidthUnconstrained = False, IsHeightUnconstrained = False } }, screenshot=1025x750; vertical x=473/476 y=203 edge=#ffadb96a safe=#ff84c669; horizontal x=593 y=442/439 edge=#ff817e53 safe=#ffadb96a.


Results File: C:\Users\lauri\Desktop\Cerneala\tests\Cerneala.Tests.SceneVillage\TestResults\seam-probe-02.trx

Failed!  - Failed:     1, Passed:     0, Skipped:     0, Total:     1, Duration: 8 s - Cerneala.Tests.SceneVillage.dll (net8.0)
