  Determining projects to restore...
  All projects are up-to-date for restore.
  Cerneala.Language -> C:\Users\lauri\Desktop\Cerneala\Cerneala.Language\bin\Release\netstandard2.0\Cerneala.Language.dll
  Cerneala.SourceGen -> C:\Users\lauri\Desktop\Cerneala\Cerneala.SourceGen\bin\Release\netstandard2.0\Cerneala.SourceGen.dll
  Cerneala -> C:\Users\lauri\Desktop\Cerneala\bin\Release\net8.0\Cerneala.dll
  Cerneala.Platforms.Sdl3 -> C:\Users\lauri\Desktop\Cerneala\Cerneala.Platforms.Sdl3\bin\Release\net8.0\Cerneala.Platforms.Sdl3.dll
  Cerneala.Backends.SdlGpu -> C:\Users\lauri\Desktop\Cerneala\Cerneala.Backends.SdlGpu\bin\Release\net8.0\Cerneala.Backends.SdlGpu.dll
  Cerneala.SceneVillage -> C:\Users\lauri\Desktop\Cerneala\Playground\Cerneala.SceneVillage\bin\Release\net8.0-windows\Cerneala.SceneVillage.dll
  Cerneala.Tests.SceneVillage -> C:\Users\lauri\Desktop\Cerneala\tests\Cerneala.Tests.SceneVillage\bin\Release\net8.0-windows\Cerneala.Tests.SceneVillage.dll
Test run for C:\Users\lauri\Desktop\Cerneala\tests\Cerneala.Tests.SceneVillage\bin\Release\net8.0-windows\Cerneala.Tests.SceneVillage.dll (.NETCoreApp,Version=v8.0)
A total of 1 test files matched the specified pattern.
[xUnit.net 00:00:12.34]     Cerneala.Tests.SceneVillage.NativeVillageTileBoundaryTests.OpaquePointSampledAtlasTileJoinsOpaqueGroundAtFractionalCameraPosition [FAIL]
  Failed Cerneala.Tests.SceneVillage.NativeVillageTileBoundaryTests.OpaquePointSampledAtlasTileJoinsOpaqueGroundAtFractionalCameraPosition [11 s]
  Error Message:
   An opaque Point-sampled Tile43 edge must not show an atlas neighbor when it joins opaque grass. phase 0.125: point #ff7bb262, linear #ff7fba65, uniform #ff84c669; phase 0.275: point #ff739e5b, linear #ff7ab061, uniform #ff84c669; phase 0.375: point #ff6a8a54, linear #ff76a65e, uniform #ff84c669; phase 0.500: point #ff84c669, linear #ff729e5b, uniform #ff84c669; phase 0.625: point #ff84c669, linear #ff6f9658, uniform #ff84c669; phase 0.875: point #ff84c669, linear #ff6b8a54, uniform #ff84c669
  Stack Trace:
     at Cerneala.Tests.SceneVillage.NativeVillageTileBoundaryTests.OpaquePointSampledAtlasTileJoinsOpaqueGroundAtFractionalCameraPosition() in C:\Users\lauri\Desktop\Cerneala\tests\Cerneala.Tests.SceneVillage\NativeVillageTileBoundaryTests.cs:line 42
   at System.RuntimeMethodHandle.InvokeMethod(Object target, Void** arguments, Signature sig, Boolean isConstructor)
   at System.Reflection.MethodBaseInvoker.InvokeWithNoArgs(Object obj, BindingFlags invokeAttr)
  Standard Output Messages:
 Point boundary: ViewBox=DrawRect { X = -100, Y = -68.05, Width = 396, Height = 220, Right = 296, Bottom = 151.95 }, bounds=LayoutRect { X = 14.4, Y = 80, Width = 792, Height = 440, Location = LayoutPoint { X = 14.4, Y = 80 }, Size = LayoutSize { Width = 792, Height = 440, IsWidthUnconstrained = False, IsHeightUnconstrained = False } }, screenshot=1025x750, x=308, y=350, phase=0.125, above=#ff84c669, edge=#ff7bb262, below=#ff84c669.
 Linear boundary: ViewBox=DrawRect { X = -100, Y = -68.05, Width = 396, Height = 220, Right = 296, Bottom = 151.95 }, bounds=LayoutRect { X = 14.4, Y = 80, Width = 792, Height = 440, Location = LayoutPoint { X = 14.4, Y = 80 }, Size = LayoutSize { Width = 792, Height = 440, IsWidthUnconstrained = False, IsHeightUnconstrained = False } }, screenshot=1025x750, x=548, y=350, phase=0.125, above=#ff78aa5f, edge=#ff7fba65, below=#ff84c669.
 Uniform boundary: ViewBox=DrawRect { X = -100, Y = -68.05, Width = 396, Height = 220, Right = 296, Bottom = 151.95 }, bounds=LayoutRect { X = 14.4, Y = 80, Width = 792, Height = 440, Location = LayoutPoint { X = 14.4, Y = 80 }, Size = LayoutSize { Width = 792, Height = 440, IsWidthUnconstrained = False, IsHeightUnconstrained = False } }, screenshot=1025x750, x=788, y=350, phase=0.125, above=#ff84c669, edge=#ff84c669, below=#ff84c669.
 App-owned tile-boundary capture: C:\Users\lauri\Desktop\Cerneala\artifacts\ci\scene-village\screenshots\tile-boundary-20260924-193925103\phase-0.125.png
 Point boundary: ViewBox=DrawRect { X = -100, Y = -68.11, Width = 396, Height = 220, Right = 296, Bottom = 151.89 }, bounds=LayoutRect { X = 14.4, Y = 80, Width = 792, Height = 440, Location = LayoutPoint { X = 14.4, Y = 80 }, Size = LayoutSize { Width = 792, Height = 440, IsWidthUnconstrained = False, IsHeightUnconstrained = False } }, screenshot=1025x750, x=308, y=350, phase=0.275, above=#ff84c669, edge=#ff739e5b, below=#ff84c669.
 Linear boundary: ViewBox=DrawRect { X = -100, Y = -68.11, Width = 396, Height = 220, Right = 296, Bottom = 151.89 }, bounds=LayoutRect { X = 14.4, Y = 80, Width = 792, Height = 440, Location = LayoutPoint { X = 14.4, Y = 80 }, Size = LayoutSize { Width = 792, Height = 440, IsWidthUnconstrained = False, IsHeightUnconstrained = False } }, screenshot=1025x750, x=548, y=350, phase=0.275, above=#ff7aaf61, edge=#ff7ab061, below=#ff84c669.
 Uniform boundary: ViewBox=DrawRect { X = -100, Y = -68.11, Width = 396, Height = 220, Right = 296, Bottom = 151.89 }, bounds=LayoutRect { X = 14.4, Y = 80, Width = 792, Height = 440, Location = LayoutPoint { X = 14.4, Y = 80 }, Size = LayoutSize { Width = 792, Height = 440, IsWidthUnconstrained = False, IsHeightUnconstrained = False } }, screenshot=1025x750, x=788, y=350, phase=0.275, above=#ff84c669, edge=#ff84c669, below=#ff84c669.
 App-owned tile-boundary capture: C:\Users\lauri\Desktop\Cerneala\artifacts\ci\scene-village\screenshots\tile-boundary-20260924-193928679\phase-0.275.png
 Point boundary: ViewBox=DrawRect { X = -100, Y = -68.15, Width = 396, Height = 220, Right = 296, Bottom = 151.85 }, bounds=LayoutRect { X = 14.4, Y = 80, Width = 792, Height = 440, Location = LayoutPoint { X = 14.4, Y = 80 }, Size = LayoutSize { Width = 792, Height = 440, IsWidthUnconstrained = False, IsHeightUnconstrained = False } }, screenshot=1025x750, x=308, y=350, phase=0.375, above=#ff84c669, edge=#ff6a8a54, below=#ff84c669.
 Linear boundary: ViewBox=DrawRect { X = -100, Y = -68.15, Width = 396, Height = 220, Right = 296, Bottom = 151.85 }, bounds=LayoutRect { X = 14.4, Y = 80, Width = 792, Height = 440, Location = LayoutPoint { X = 14.4, Y = 80 }, Size = LayoutSize { Width = 792, Height = 440, IsWidthUnconstrained = False, IsHeightUnconstrained = False } }, screenshot=1025x750, x=548, y=350, phase=0.375, above=#ff7bb262, edge=#ff76a65e, below=#ff84c669.
 Uniform boundary: ViewBox=DrawRect { X = -100, Y = -68.15, Width = 396, Height = 220, Right = 296, Bottom = 151.85 }, bounds=LayoutRect { X = 14.4, Y = 80, Width = 792, Height = 440, Location = LayoutPoint { X = 14.4, Y = 80 }, Size = LayoutSize { Width = 792, Height = 440, IsWidthUnconstrained = False, IsHeightUnconstrained = False } }, screenshot=1025x750, x=788, y=350, phase=0.375, above=#ff84c669, edge=#ff84c669, below=#ff84c669.
 App-owned tile-boundary capture: C:\Users\lauri\Desktop\Cerneala\artifacts\ci\scene-village\screenshots\tile-boundary-20260924-193930204\phase-0.375.png
 Point boundary: ViewBox=DrawRect { X = -100, Y = -68.2, Width = 396, Height = 220, Right = 296, Bottom = 151.8 }, bounds=LayoutRect { X = 14.4, Y = 80, Width = 792, Height = 440, Location = LayoutPoint { X = 14.4, Y = 80 }, Size = LayoutSize { Width = 792, Height = 440, IsWidthUnconstrained = False, IsHeightUnconstrained = False } }, screenshot=1025x750, x=308, y=350, phase=0.500, above=#ff84c669, edge=#ff84c669, below=#ff84c669.
 Linear boundary: ViewBox=DrawRect { X = -100, Y = -68.2, Width = 396, Height = 220, Right = 296, Bottom = 151.8 }, bounds=LayoutRect { X = 14.4, Y = 80, Width = 792, Height = 440, Location = LayoutPoint { X = 14.4, Y = 80 }, Size = LayoutSize { Width = 792, Height = 440, IsWidthUnconstrained = False, IsHeightUnconstrained = False } }, screenshot=1025x750, x=548, y=350, phase=0.500, above=#ff7db663, edge=#ff729e5b, below=#ff84c669.
 Uniform boundary: ViewBox=DrawRect { X = -100, Y = -68.2, Width = 396, Height = 220, Right = 296, Bottom = 151.8 }, bounds=LayoutRect { X = 14.4, Y = 80, Width = 792, Height = 440, Location = LayoutPoint { X = 14.4, Y = 80 }, Size = LayoutSize { Width = 792, Height = 440, IsWidthUnconstrained = False, IsHeightUnconstrained = False } }, screenshot=1025x750, x=788, y=350, phase=0.500, above=#ff84c669, edge=#ff84c669, below=#ff84c669.
 App-owned tile-boundary capture: C:\Users\lauri\Desktop\Cerneala\artifacts\ci\scene-village\screenshots\tile-boundary-20260924-193931541\phase-0.500.png
 Point boundary: ViewBox=DrawRect { X = -100, Y = -68.25, Width = 396, Height = 220, Right = 296, Bottom = 151.75 }, bounds=LayoutRect { X = 14.4, Y = 80, Width = 792, Height = 440, Location = LayoutPoint { X = 14.4, Y = 80 }, Size = LayoutSize { Width = 792, Height = 440, IsWidthUnconstrained = False, IsHeightUnconstrained = False } }, screenshot=1025x750, x=308, y=350, phase=0.625, above=#ff84c669, edge=#ff84c669, below=#ff84c669.
 Linear boundary: ViewBox=DrawRect { X = -100, Y = -68.25, Width = 396, Height = 220, Right = 296, Bottom = 151.75 }, bounds=LayoutRect { X = 14.4, Y = 80, Width = 792, Height = 440, Location = LayoutPoint { X = 14.4, Y = 80 }, Size = LayoutSize { Width = 792, Height = 440, IsWidthUnconstrained = False, IsHeightUnconstrained = False } }, screenshot=1025x750, x=548, y=350, phase=0.625, above=#ff7fba65, edge=#ff6f9658, below=#ff84c669.
 Uniform boundary: ViewBox=DrawRect { X = -100, Y = -68.25, Width = 396, Height = 220, Right = 296, Bottom = 151.75 }, bounds=LayoutRect { X = 14.4, Y = 80, Width = 792, Height = 440, Location = LayoutPoint { X = 14.4, Y = 80 }, Size = LayoutSize { Width = 792, Height = 440, IsWidthUnconstrained = False, IsHeightUnconstrained = False } }, screenshot=1025x750, x=788, y=350, phase=0.625, above=#ff84c669, edge=#ff84c669, below=#ff84c669.
 App-owned tile-boundary capture: C:\Users\lauri\Desktop\Cerneala\artifacts\ci\scene-village\screenshots\tile-boundary-20260924-193933151\phase-0.625.png
 Point boundary: ViewBox=DrawRect { X = -100, Y = -68.35, Width = 396, Height = 220, Right = 296, Bottom = 151.65 }, bounds=LayoutRect { X = 14.4, Y = 80, Width = 792, Height = 440, Location = LayoutPoint { X = 14.4, Y = 80 }, Size = LayoutSize { Width = 792, Height = 440, IsWidthUnconstrained = False, IsHeightUnconstrained = False } }, screenshot=1025x750, x=308, y=350, phase=0.875, above=#ff84c669, edge=#ff84c669, below=#ff84c669.
 Linear boundary: ViewBox=DrawRect { X = -100, Y = -68.35, Width = 396, Height = 220, Right = 296, Bottom = 151.65 }, bounds=LayoutRect { X = 14.4, Y = 80, Width = 792, Height = 440, Location = LayoutPoint { X = 14.4, Y = 80 }, Size = LayoutSize { Width = 792, Height = 440, IsWidthUnconstrained = False, IsHeightUnconstrained = False } }, screenshot=1025x750, x=548, y=350, phase=0.875, above=#ff82c268, edge=#ff6b8a54, below=#ff84c669.
 Uniform boundary: ViewBox=DrawRect { X = -100, Y = -68.35, Width = 396, Height = 220, Right = 296, Bottom = 151.65 }, bounds=LayoutRect { X = 14.4, Y = 80, Width = 792, Height = 440, Location = LayoutPoint { X = 14.4, Y = 80 }, Size = LayoutSize { Width = 792, Height = 440, IsWidthUnconstrained = False, IsHeightUnconstrained = False } }, screenshot=1025x750, x=788, y=350, phase=0.875, above=#ff84c669, edge=#ff84c669, below=#ff84c669.
 App-owned tile-boundary capture: C:\Users\lauri\Desktop\Cerneala\artifacts\ci\scene-village\screenshots\tile-boundary-20260924-193935431\phase-0.875.png


Results File: C:\Users\lauri\Desktop\Cerneala\tests\Cerneala.Tests.SceneVillage\TestResults\tile-boundary-phase-red-04.trx

Failed!  - Failed:     1, Passed:     0, Skipped:     0, Total:     1, Duration: 11 s - Cerneala.Tests.SceneVillage.dll (net8.0)
