Test run for C:\Users\lauri\Desktop\Cerneala\tests\Cerneala.Tests.SdlGpu\bin\Release\net8.0\Cerneala.Tests.SdlGpu.dll (.NETCoreApp,Version=v8.0)
A total of 1 test files matched the specified pattern.
[xUnit.net 00:00:05.77]     Cerneala.Tests.SdlGpu.NativeImageLeaseTests.GridCameraInputRetiresAtlasesAndKeepsNpcTerrainAcross32Cycles [FAIL]
  Failed Cerneala.Tests.SdlGpu.NativeImageLeaseTests.GridCameraInputRetiresAtlasesAndKeepsNpcTerrainAcross32Cycles [3 s]
  Error Message:
   Assert.Equal() Failure: Values differ
Expected: 2
Actual:   1
  Stack Trace:
     at Cerneala.Tests.SdlGpu.NativeImageLeaseTests.GridCameraInputRetiresAtlasesAndKeepsNpcTerrainAcross32Cycles() in C:\Users\lauri\Desktop\Cerneala\tests\Cerneala.Tests.SdlGpu\NativeImageLeaseTests.cs:line 90
   at System.RuntimeMethodHandle.InvokeMethod(Object target, Void** arguments, Signature sig, Boolean isConstructor)
   at System.Reflection.MethodBaseInvoker.InvokeWithNoArgs(Object obj, BindingFlags invokeAttr)
[xUnit.net 00:00:08.82]     Cerneala.Tests.SdlGpu.NativeScenePrismDomainTests.LocalNeighborhoodInputMatchesCompleteDomainRendering [FAIL]
Data collector 'Blame' message: All tests finished running, Sequence file will not be generated.
  Failed Cerneala.Tests.SdlGpu.NativeScenePrismDomainTests.LocalNeighborhoodInputMatchesCompleteDomainRendering [3 s]
  Error Message:
   Assert.Equal() Failure: Values differ
Expected: 9
Actual:   0
  Stack Trace:
     at Cerneala.Tests.SdlGpu.NativeScenePrismDomainTests.Run(Boolean nestedSprites, Boolean localNeighborhood, Single density, PrismFilterId nestedFilter, Nullable`1 paintStyle, PrismMaskDefinition imageMask, Nullable`1 finiteDomainFilter, String edgeMode) in C:\Users\lauri\Desktop\Cerneala\tests\Cerneala.Tests.SdlGpu\NativeScenePrismDomainTests.cs:line 240
   at Cerneala.Tests.SdlGpu.NativeScenePrismDomainTests.LocalNeighborhoodInputMatchesCompleteDomainRendering() in C:\Users\lauri\Desktop\Cerneala\tests\Cerneala.Tests.SdlGpu\NativeScenePrismDomainTests.cs:line 31
   at System.RuntimeMethodHandle.InvokeMethod(Object target, Void** arguments, Signature sig, Boolean isConstructor)
   at System.Reflection.MethodBaseInvoker.InvokeWithNoArgs(Object obj, BindingFlags invokeAttr)
Results File: C:\Users\lauri\Desktop\Cerneala\docs\plans\evidence\2026-09-23-scene2d-stage3\native-windows\native-migration\test-results\stage3-native-failures-uninstrumented.trx

Failed!  - Failed:     2, Passed:     0, Skipped:     0, Total:     2, Duration: 6 s - Cerneala.Tests.SdlGpu.dll (net8.0)
