Test run for C:\Users\lauri\Desktop\Cerneala\tests\Cerneala.Tests.SourceGen\bin\Release\net8.0-windows\Cerneala.Tests.SourceGen.dll (.NETCoreApp,Version=v8.0)
A total of 1 test files matched the specified pattern.
[xUnit.net 00:00:03.04]     Cerneala.Tests.SourceGen.UiMarkupGeneratorTests.SoundMotionTargetNeverFallsBackToAnElementProperty [FAIL]
  Failed Cerneala.Tests.SourceGen.UiMarkupGeneratorTests.SoundMotionTargetNeverFallsBackToAnElementProperty [2 s]
  Error Message:
   Assert.Contains() Failure: Filter not matched in collection
Collection: [SoundMotionElementFallback.crn(12,18): error CERNEALAUI020: Motion syntax in 'SoundMotionElementFallback.crn' is invalid: Motion target must be Property, $self.Property, $owner.Property, $Name.Property, $target.prism.Node.Property, or $control.parts.$part.Property.]
  Stack Trace:
     at Cerneala.Tests.SourceGen.UiMarkupGeneratorTests.SoundMotionTargetNeverFallsBackToAnElementProperty() in C:\Users\lauri\Desktop\Cerneala\tests\Cerneala.Tests.SourceGen\UiMarkupGeneratorSoundMotionTests.cs:line 60
   at System.RuntimeMethodHandle.InvokeMethod(Object target, Void** arguments, Signature sig, Boolean isConstructor)
   at System.Reflection.MethodBaseInvoker.InvokeWithNoArgs(Object obj, BindingFlags invokeAttr)
[xUnit.net 00:00:03.25]     Cerneala.Tests.SourceGen.UiMarkupGeneratorTests.SoundMotionApprovedExampleGeneratesWithoutDiagnostics [FAIL]
  Failed Cerneala.Tests.SourceGen.UiMarkupGeneratorTests.SoundMotionApprovedExampleGeneratesWithoutDiagnostics [213 ms]
  Error Message:
   Assert.DoesNotContain() Failure: Filter matched in collection
             ↓ (pos 0)
Collection: [SoundMotionApproved.crn(22,38): error CERNEALAUI021: Motion target resolution in 'SoundMotionApproved.crn' failed: Motion property 'Volume' does not exist on target type 'Button'., SoundMotionApproved.crn(23,38): error CERNEALAUI021: Motion target resolution in 'SoundMotionApproved.crn' failed: Motion property 'ToneCutoff' does not exist on target type 'Button'.]
  Stack Trace:
     at Cerneala.Tests.SourceGen.UiMarkupGeneratorTests.AssertNoGeneratorOrCompilationErrors(GeneratorRunResult result, Compilation compilation) in C:\Users\lauri\Desktop\Cerneala\tests\Cerneala.Tests.SourceGen\UiMarkupGeneratorMotionTests.cs:line 859
   at Cerneala.Tests.SourceGen.UiMarkupGeneratorTests.SoundMotionApprovedExampleGeneratesWithoutDiagnostics() in C:\Users\lauri\Desktop\Cerneala\tests\Cerneala.Tests.SourceGen\UiMarkupGeneratorSoundMotionTests.cs:line 46
   at System.RuntimeMethodHandle.InvokeMethod(Object target, Void** arguments, Signature sig, Boolean isConstructor)
   at System.Reflection.MethodBaseInvoker.InvokeWithNoArgs(Object obj, BindingFlags invokeAttr)

Failed!  - Failed:     2, Passed:     0, Skipped:     0, Total:     2, Duration: 2 s - Cerneala.Tests.SourceGen.dll (net8.0)
exit 1
