  Determining projects to restore...
  Restored C:\Users\lauri\Desktop\Cerneala\Cerneala.LanguageServer\Cerneala.LanguageServer.csproj (in 1.15 sec).
  Restored C:\Users\lauri\Desktop\Cerneala\Cerneala.PreviewHost\Cerneala.PreviewHost.csproj (in 1.33 sec).
  Restored C:\Users\lauri\Desktop\Cerneala\Cerneala.Language\Cerneala.Language.csproj (in 1.04 sec).
  Restored C:\Users\lauri\Desktop\Cerneala\Cerneala.SourceGen\Cerneala.SourceGen.csproj (in 1.09 sec).
  Restored C:\Users\lauri\Desktop\Cerneala\Cerneala.Platforms.Sdl3\Cerneala.Platforms.Sdl3.csproj (in 1.28 sec).
  Restored C:\Users\lauri\Desktop\Cerneala\Cerneala.csproj (in 1.02 sec).
  Restored C:\Users\lauri\Desktop\Cerneala\Cerneala.Backends.SdlGpu\Cerneala.Backends.SdlGpu.csproj (in 1.08 sec).
  29 of 36 projects are up-to-date for restore.
  Cerneala.Language -> C:\Users\lauri\Desktop\Cerneala\Cerneala.Language\bin\Release\netstandard2.0\Cerneala.Language.dll
  Cerneala.SourceGen -> C:\Users\lauri\Desktop\Cerneala\Cerneala.SourceGen\bin\Release\netstandard2.0\Cerneala.SourceGen.dll
  Cerneala -> C:\Users\lauri\Desktop\Cerneala\bin\Release\net8.0\Cerneala.dll
  Cerneala.Tests.Language -> C:\Users\lauri\Desktop\Cerneala\tests\Cerneala.Tests.Language\bin\Release\net8.0-windows\Cerneala.Tests.Language.dll
Test run for C:\Users\lauri\Desktop\Cerneala\tests\Cerneala.Tests.Language\bin\Release\net8.0-windows\Cerneala.Tests.Language.dll (.NETCoreApp,Version=v8.0)
A total of 1 test files matched the specified pattern.
[xUnit.net 00:01:36.45]     Cerneala.Tests.Language.CompletionTests.WarmCompletionP95StaysBelowBudgetAndIndependentDocumentsDoNotBlock [SKIP]
  Skipped Cerneala.Tests.Language.CompletionTests.WarmCompletionP95StaysBelowBudgetAndIndependentDocumentsDoNotBlock [1 ms]
Results File: C:\Users\lauri\Desktop\Cerneala\docs\plans\evidence\2026-09-23-scene2d-stage3\integration\full-slnx\full-slnx_net8.0_20260924122630.trx

Passed!  - Failed:     0, Passed:   234, Skipped:     1, Total:   235, Duration: 1 m 33 s - Cerneala.Tests.Language.dll (net8.0)
  Cerneala.LanguageServer -> C:\Users\lauri\Desktop\Cerneala\Cerneala.LanguageServer\bin\Release\net10.0\Cerneala.LanguageServer.dll
  Cerneala.Tests.LanguageServer -> C:\Users\lauri\Desktop\Cerneala\tests\Cerneala.Tests.LanguageServer\bin\Release\net10.0\Cerneala.Tests.LanguageServer.dll
Test run for C:\Users\lauri\Desktop\Cerneala\tests\Cerneala.Tests.LanguageServer\bin\Release\net10.0\Cerneala.Tests.LanguageServer.dll (.NETCoreApp,Version=v10.0)
A total of 1 test files matched the specified pattern.
[xUnit.net 00:00:49.08]     Cerneala.Tests.LanguageServer.NavigationProtocolTests.HoverNavigationReferencesHighlightsAndSafeRenameRunThroughTheRealProtocol [FAIL]
  Failed Cerneala.Tests.LanguageServer.NavigationProtocolTests.HoverNavigationReferencesHighlightsAndSafeRenameRunThroughTheRealProtocol [46 s]
  Error Message:
   C:\Users\lauri\Desktop\Cerneala\artifacts\rendersurface3d\control-stage4\baseline\obj\Debug\net8.0\.NETCoreApp,Version=v8.0.AssemblyAttributes.cs(4,12): error CS0579: Duplicate 'global::System.Runtime.Versioning.TargetFrameworkAttribute' attribute [C:\Users\lauri\Desktop\Cerneala\Cerneala.csproj]
C:\Users\lauri\Desktop\Cerneala\artifacts\rendersurface3d\control-stage4\baseline\obj\Debug\net8.0\tests__Cerneala.SdlGpuSmoke__Cerneala.SdlGpuSmoke.AssemblyInfo.cs(13,12): error CS0579: Duplicate 'System.Reflection.AssemblyCompanyAttribute' attribute [C:\Users\lauri\Desktop\Cerneala\Cerneala.csproj]
C:\Users\lauri\Desktop\Cerneala\artifacts\rendersurface3d\control-stage4\baseline\obj\Debug\net8.0\tests__Cerneala.SdlGpuSmoke__Cerneala.SdlGpuSmoke.AssemblyInfo.cs(14,12): error CS0579: Duplicate 'System.Reflection.AssemblyConfigurationAttribute' attribute [C:\Users\lauri\Desktop\Cerneala\Cerneala.csproj]
C:\Users\lauri\Desktop\Cerneala\artifacts\rendersurface3d\control-stage4\baseline\obj\Debug\net8.0\tests__Cerneala.SdlGpuSmoke__Cerneala.SdlGpuSmoke.AssemblyInfo.cs(15,12): error CS0579: Duplicate 'System.Reflection.AssemblyFileVersionAttribute' attribute [C:\Users\lauri\Desktop\Cerneala\Cerneala.csproj]
C:\Users\lauri\Desktop\Cerneala\artifacts\rendersurface3d\control-stage4\baseline\obj\Debug\net8.0\tests__Cerneala.SdlGpuSmoke__Cerneala.SdlGpuSmoke.AssemblyInfo.cs(16,12): error CS0579: Duplicate 'System.Reflection.AssemblyInformationalVersionAttribute' attribute [C:\Users\lauri\Desktop\Cerneala\Cerneala.csproj]
C:\Users\lauri\Desktop\Cerneala\artifacts\rendersurface3d\control-stage4\baseline\obj\Debug\net8.0\tests__Cerneala.SdlGpuSmoke__Cerneala.SdlGpuSmoke.AssemblyInfo.cs(17,12): error CS0579: Duplicate 'System.Reflection.AssemblyProductAttribute' attribute [C:\Users\lauri\Desktop\Cerneala\Cerneala.csproj]
C:\Users\lauri\Desktop\Cerneala\artifacts\rendersurface3d\control-stage4\baseline\obj\Debug\net8.0\tests__Cerneala.SdlGpuSmoke__Cerneala.SdlGpuSmoke.AssemblyInfo.cs(18,12): error CS0579: Duplicate 'System.Reflection.AssemblyTitleAttribute' attribute [C:\Users\lauri\Desktop\Cerneala\Cerneala.csproj]
C:\Users\lauri\Desktop\Cerneala\artifacts\rendersurface3d\control-stage4\baseline\obj\Debug\net8.0\tests__Cerneala.SdlGpuSmoke__Cerneala.SdlGpuSmoke.AssemblyInfo.cs(19,12): error CS0579: Duplicate 'System.Reflection.AssemblyVersionAttribute' attribute [C:\Users\lauri\Desktop\Cerneala\Cerneala.csproj]
C:\Users\lauri\Desktop\Cerneala\artifacts\rendersurface3d\control-stage4\final\sources\obj\Debug\net10.0-windows\.NETCoreApp,Version=v10.0.AssemblyAttributes.cs(4,12): error CS0579: Duplicate 'global::System.Runtime.Versioning.TargetFrameworkAttribute' attribute [C:\Users\lauri\Desktop\Cerneala\Cerneala.csproj]
C:\Users\lauri\Desktop\Cerneala\artifacts\rendersurface3d\control-stage4\final\sources\obj\Debug\net10.0-windows\tests__Cerneala.Tests.PreviewHost__Cerneala.Tests.PreviewHost.AssemblyInfo.cs(13,12): error CS0579: Duplicate 'System.Reflection.AssemblyCompanyAttribute' attribute [C:\Users\lauri\Desktop\Cerneala\Cerneala.csproj]
C:\Users\lauri\Desktop\Cerneala\artifacts\rendersurface3d\control-stage4\final\sources\obj\Debug\net10.0-windows\tests__Cerneala.Tests.PreviewHost__Cerneala.Tests.PreviewHost.AssemblyInfo.cs(14,12): error CS0579: Duplicate 'System.Reflection.AssemblyConfigurationAttribute' attribute [C:\Users\lauri\Desktop\Cerneala\Cerneala.csproj]
C:\Users\lauri\Desktop\Cerneala\artifacts\rendersurface3d\control-stage4\final\sources\obj\Debug\net10.0-windows\tests__Cerneala.Tests.PreviewHost__Cerneala.Tests.PreviewHost.AssemblyInfo.cs(15,12): error CS0579: Duplicate 'System.Reflection.AssemblyFileVersionAttribute' attribute [C:\Users\lauri\Desktop\Cerneala\Cerneala.csproj]
C:\Users\lauri\Desktop\Cerneala\artifacts\rendersurface3d\control-stage4\final\sources\obj\Debug\net10.0-windows\tests__Cerneala.Tests.PreviewHost__Cerneala.Tests.PreviewHost.AssemblyInfo.cs(16,12): error CS0579: Duplicate 'System.Reflection.AssemblyInformationalVersionAttribute' attribute [C:\Users\lauri\Desktop\Cerneala\Cerneala.csproj]
C:\Users\lauri\Desktop\Cerneala\artifacts\rendersurface3d\control-stage4\final\sources\obj\Debug\net10.0-windows\tests__Cerneala.Tests.PreviewHost__Cerneala.Tests.PreviewHost.AssemblyInfo.cs(17,12): error CS0579: Duplicate 'System.Reflection.AssemblyProductAttribute' attribute [C:\Users\lauri\Desktop\Cerneala\Cerneala.csproj]
C:\Users\lauri\Desktop\Cerneala\artifacts\rendersurface3d\control-stage4\final\sources\obj\Debug\net10.0-windows\tests__Cerneala.Tests.PreviewHost__Cerneala.Tests.PreviewHost.AssemblyInfo.cs(18,12): error CS0579: Duplicate 'System.Reflection.AssemblyTitleAttribute' attribute [C:\Users\lauri\Desktop\Cerneala\Cerneala.csproj]
C:\Users\lauri\Desktop\Cerneala\artifacts\rendersurface3d\control-stage4\final\sources\obj\Debug\net10.0-windows\tests__Cerneala.Tests.PreviewHost__Cerneala.Tests.PreviewHost.AssemblyInfo.cs(19,12): error CS0579: Duplicate 'System.Reflection.AssemblyVersionAttribute' attribute [C:\Users\lauri\Desktop\Cerneala\Cerneala.csproj]
C:\Users\lauri\Desktop\Cerneala\artifacts\rendersurface3d\control-stage4\final\sources\obj\Debug\net10.0-windows\tests__Cerneala.Tests.PreviewHost__Cerneala.Tests.PreviewHost.AssemblyInfo.cs(20,12): error CS0579: Duplicate 'System.Runtime.Versioning.TargetPlatformAttribute' attribute [C:\Users\lauri\Desktop\Cerneala\Cerneala.csproj]
C:\Users\lauri\Desktop\Cerneala\artifacts\rendersurface3d\control-stage4\final\sources\obj\Debug\net8.0-windows\.NETCoreApp,Version=v8.0.AssemblyAttributes.cs(4,12): error CS0579: Duplicate 'global::System.Runtime.Versioning.TargetFrameworkAttribute' attribute [C:\Users\lauri\Desktop\Cerneala\Cerneala.csproj]
C:\Users\lauri\Desktop\Cerneala\artifacts\rendersurface3d\control-stage4\final\sources\obj\Debug\net8.0-windows\benchmarks__Cerneala.Benchmarks__Cerneala.Benchmarks.AssemblyInfo.cs(13,12): error CS0579: Duplicate 'System.Reflection.AssemblyCompanyAttribute' attribute [C:\Users\lauri\Desktop\Cerneala\Cerneala.csproj]
C:\Users\lauri\Desktop\Cerneala\artifacts\rendersurface3d\control-stage4\final\sources\obj\Debug\net8.0-windows\benchmarks__Cerneala.Benchmarks__Cerneala.Benchmarks.AssemblyInfo.cs(14,12): error CS0579: Duplicate 'System.Reflection.AssemblyConfigurationAttribute' attribute [C:\Users\lauri\Desktop\Cerneala\Cerneala.csproj]
C:\Users\lauri\Desktop\Cerneala\artifacts\rendersurface3d\control-stage4\final\sources\obj\Debug\net8.0-windows\benchmarks__Cerneala.Benchmarks__Cerneala.Benchmarks.AssemblyInfo.cs(15,12): error CS0579: Duplicate 'System.Reflection.AssemblyFileVersionAttribute' attribute [C:\Users\lauri\Desktop\Cerneala\Cerneala.csproj]
C:\Users\lauri\Desktop\Cerneala\artifacts\rendersurface3d\control-stage4\final\sources\obj\Debug\net8.0-windows\benchmarks__Cerneala.Benchmarks__Cerneala.Benchmarks.AssemblyInfo.cs(16,12): error CS0579: Duplicate 'System.Reflection.AssemblyInformationalVersionAttribute' attribute [C:\Users\lauri\Desktop\Cerneala\Cerneala.csproj]
C:\Users\lauri\Desktop\Cerneala\artifacts\rendersurface3d\control-stage4\final\sources\obj\Debug\net8.0-windows\benchmarks__Cerneala.Benchmarks__Cerneala.Benchmarks.AssemblyInfo.cs(17,12): error CS0579: Duplicate 'System.Reflection.AssemblyProductAttribute' attribute [C:\Users\lauri\Desktop\Cerneala\Cerneala.csproj]
C:\Users\lauri\Desktop\Cerneala\artifacts\rendersurface3d\control-stage4\final\sources\obj\Debug\net8.0-windows\benchmarks__Cerneala.Benchmarks__Cerneala.Benchmarks.AssemblyInfo.cs(18,12): error CS0579: Duplicate 'System.Reflection.AssemblyTitleAttribute' attribute [C:\Users\lauri\Desktop\Cerneala\Cerneala.csproj]
C:\Users\lauri\Desktop\Cerneala\artifacts\rendersurface3d\control-stage4\final\sources\obj\Debug\net8.0-windows\benchmarks__Cerneala.Benchmarks__Cerneala.Benchmarks.AssemblyInfo.cs(19,12): error CS0579: Duplicate 'System.Reflection.AssemblyVersionAttribute' attribute [C:\Users\lauri\Desktop\Cerneala\Cerneala.csproj]
C:\Users\lauri\Desktop\Cerneala\artifacts\rendersurface3d\control-stage4\final\sources\obj\Debug\net8.0-windows\benchmarks__Cerneala.Benchmarks__Cerneala.Benchmarks.AssemblyInfo.cs(20,12): error CS0579: Duplicate 'System.Runtime.Versioning.TargetPlatformAttribute' attribute [C:\Users\lauri\Desktop\Cerneala\Cerneala.csproj]
C:\Users\lauri\Desktop\Cerneala\artifacts\rendersurface3d\control-stage4\final\sources\obj\Debug\net8.0-windows\tests__Cerneala.Tests__Cerneala.Tests.AssemblyInfo.cs(13,12): error CS0579: Duplicate 'System.Reflection.AssemblyCompanyAttribute' attribute [C:\Users\lauri\Desktop\Cerneala\Cerneala.csproj]
C:\Users\lauri\Desktop\Cerneala\artifacts\rendersurface3d\control-stage4\final\sources\obj\Debug\net8.0-windows\tests__Cerneala.Tests__Cerneala.Tests.AssemblyInfo.cs(14,12): error CS0579: Duplicate 'System.Reflection.AssemblyConfigurationAttribute' attribute [C:\Users\lauri\Desktop\Cerneala\Cerneala.csproj]
C:\Users\lauri\Desktop\Cerneala\artifacts\rendersurface3d\control-stage4\final\sources\obj\Debug\net8.0-windows\tests__Cerneala.Tests__Cerneala.Tests.AssemblyInfo.cs(15,12): error CS0579: Duplicate 'System.Reflection.AssemblyFileVersionAttribute' attribute [C:\Users\lauri\Desktop\Cerneala\Cerneala.csproj]
C:\Users\lauri\Desktop\Cerneala\artifacts\rendersurface3d\control-stage4\final\sources\obj\Debug\net8.0-windows\tests__Cerneala.Tests__Cerneala.Tests.AssemblyInfo.cs(16,12): error CS0579: Duplicate 'System.Reflection.AssemblyInformationalVersionAttribute' attribute [C:\Users\lauri\Desktop\Cerneala\Cerneala.csproj]
C:\Users\lauri\Desktop\Cerneala\artifacts\rendersurface3d\control-stage4\final\sources\obj\Debug\net8.0-windows\tests__Cerneala.Tests__Cerneala.Tests.AssemblyInfo.cs(17,12): error CS0579: Duplicate 'System.Reflection.AssemblyProductAttribute' attribute [C:\Users\lauri\Desktop\Cerneala\Cerneala.csproj]
C:\Users\lauri\Desktop\Cerneala\artifacts\rendersurface3d\control-stage4\final\sources\obj\Debug\net8.0-windows\tests__Cerneala.Tests__Cerneala.Tests.AssemblyInfo.cs(18,12): error CS0579: Duplicate 'System.Reflection.AssemblyTitleAttribute' attribute [C:\Users\lauri\Desktop\Cerneala\Cerneala.csproj]
C:\Users\lauri\Desktop\Cerneala\artifacts\rendersurface3d\control-stage4\final\sources\obj\Debug\net8.0-windows\tests__Cerneala.Tests__Cerneala.Tests.AssemblyInfo.cs(19,12): error CS0579: Duplicate 'System.Reflection.AssemblyVersionAttribute' attribute [C:\Users\lauri\Desktop\Cerneala\Cerneala.csproj]
C:\Users\lauri\Desktop\Cerneala\artifacts\rendersurface3d\control-stage4\final\sources\obj\Debug\net8.0-windows\tests__Cerneala.Tests__Cerneala.Tests.AssemblyInfo.cs(20,12): error CS0579: Duplicate 'System.Runtime.Versioning.TargetPlatformAttribute' attribute [C:\Users\lauri\Desktop\Cerneala\Cerneala.csproj]
C:\Users\lauri\Desktop\Cerneala\artifacts\rendersurface3d\control-stage4\final\sources\obj\Debug\net8.0\.NETCoreApp,Version=v8.0.AssemblyAttributes.cs(4,12): error CS0579: Duplicate 'global::System.Runtime.Versioning.TargetFrameworkAttribute' attribute [C:\Users\lauri\Desktop\Cerneala\Cerneala.csproj]
C:\Users\lauri\Desktop\Cerneala\artifacts\rendersurface3d\control-stage4\final\sources\obj\Debug\net8.0\tests__Cerneala.SdlGpuSmoke__Cerneala.SdlGpuSmoke.AssemblyInfo.cs(13,12): error CS0579: Duplicate 'System.Reflection.AssemblyCompanyAttribute' attribute [C:\Users\lauri\Desktop\Cerneala\Cerneala.csproj]
C:\Users\lauri\Desktop\Cerneala\artifacts\rendersurface3d\control-stage4\final\sources\obj\Debug\net8.0\tests__Cerneala.SdlGpuSmoke__Cerneala.SdlGpuSmoke.AssemblyInfo.cs(14,12): error CS0579: Duplicate 'System.Reflection.AssemblyConfigurationAttribute' attribute [C:\Users\lauri\Desktop\Cerneala\Cerneala.csproj]
C:\Users\lauri\Desktop\Cerneala\artifacts\rendersurface3d\control-stage4\final\sources\obj\Debug\net8.0\tests__Cerneala.SdlGpuSmoke__Cerneala.SdlGpuSmoke.AssemblyInfo.cs(15,12): error CS0579: Duplicate 'System.Reflection.AssemblyFileVersionAttribute' attribute [C:\Users\lauri\Desktop\Cerneala\Cerneala.csproj]
C:\Users\lauri\Desktop\Cerneala\artifacts\rendersurface3d\control-stage4\final\sources\obj\Debug\net8.0\tests__Cerneala.SdlGpuSmoke__Cerneala.SdlGpuSmoke.AssemblyInfo.cs(16,12): error CS0579: Duplicate 'System.Reflection.AssemblyInformationalVersionAttribute' attribute [C:\Users\lauri\Desktop\Cerneala\Cerneala.csproj]
C:\Users\lauri\Desktop\Cerneala\artifacts\rendersurface3d\control-stage4\final\sources\obj\Debug\net8.0\tests__Cerneala.SdlGpuSmoke__Cerneala.SdlGpuSmoke.AssemblyInfo.cs(17,12): error CS0579: Duplicate 'System.Reflection.AssemblyProductAttribute' attribute [C:\Users\lauri\Desktop\Cerneala\Cerneala.csproj]
C:\Users\lauri\Desktop\Cerneala\artifacts\rendersurface3d\control-stage4\final\sources\obj\Debug\net8.0\tests__Cerneala.SdlGpuSmoke__Cerneala.SdlGpuSmoke.AssemblyInfo.cs(18,12): error CS0579: Duplicate 'System.Reflection.AssemblyTitleAttribute' attribute [C:\Users\lauri\Desktop\Cerneala\Cerneala.csproj]
C:\Users\lauri\Desktop\Cerneala\artifacts\rendersurface3d\control-stage4\final\sources\obj\Debug\net8.0\tests__Cerneala.SdlGpuSmoke__Cerneala.SdlGpuSmoke.AssemblyInfo.cs(19,12): error CS0579: Duplicate 'System.Reflection.AssemblyVersionAttribute' attribute [C:\Users\lauri\Desktop\Cerneala\Cerneala.csproj]
C:\Users\lauri\Desktop\Cerneala\obj\Release\net8.0\.NETCoreApp,Version=v8.0.AssemblyAttributes.cs(4,12): error CS0579: Duplicate 'global::System.Runtime.Versioning.TargetFrameworkAttribute' attribute [C:\Users\lauri\Desktop\Cerneala\Cerneala.csproj]
C:\Users\lauri\Desktop\Cerneala\obj\Release\net8.0\Cerneala.AssemblyInfo.cs(13,12): error CS0579: Duplicate 'System.Reflection.AssemblyCompanyAttribute' attribute [C:\Users\lauri\Desktop\Cerneala\Cerneala.csproj]
C:\Users\lauri\Desktop\Cerneala\obj\Release\net8.0\Cerneala.AssemblyInfo.cs(14,12): error CS0579: Duplicate 'System.Reflection.AssemblyConfigurationAttribute' attribute [C:\Users\lauri\Desktop\Cerneala\Cerneala.csproj]
C:\Users\lauri\Desktop\Cerneala\obj\Release\net8.0\Cerneala.AssemblyInfo.cs(15,12): error CS0579: Duplicate 'System.Reflection.AssemblyFileVersionAttribute' attribute [C:\Users\lauri\Desktop\Cerneala\Cerneala.csproj]
C:\Users\lauri\Desktop\Cerneala\obj\Release\net8.0\Cerneala.AssemblyInfo.cs(16,12): error CS0579: Duplicate 'System.Reflection.AssemblyInformationalVersionAttribute' attribute [C:\Users\lauri\Desktop\Cerneala\Cerneala.csproj]
C:\Users\lauri\Desktop\Cerneala\obj\Release\net8.0\Cerneala.AssemblyInfo.cs(17,12): error CS0579: Duplicate 'System.Reflection.AssemblyProductAttribute' attribute [C:\Users\lauri\Desktop\Cerneala\Cerneala.csproj]
C:\Users\lauri\Desktop\Cerneala\obj\Release\net8.0\Cerneala.AssemblyInfo.cs(18,12): error CS0579: Duplicate 'System.Reflection.AssemblyTitleAttribute' attribute [C:\Users\lauri\Desktop\Cerneala\Cerneala.csproj]
C:\Users\lauri\Desktop\Cerneala\obj\Release\net8.0\Cerneala.AssemblyInfo.cs(19,12): error CS0579: Duplicate 'System.Reflection.AssemblyVersionAttribute' attribute [C:\Users\lauri\Desktop\Cerneala\Cerneala.csproj]
C:\Users\lauri\Desktop\Cerneala\artifacts\rendersurface3d\control-stage4\final\sources\obj\Debug\net10.0-windows\tests__Cerneala.Tests.PreviewHost__Cerneala.Tests.PreviewHost.GlobalUsings.g.cs(9,14): error CS0246: The type or namespace name 'Xunit' could not be found (are you missing a using directive or an assembly reference?) [C:\Users\lauri\Desktop\Cerneala\Cerneala.csproj]
C:\Users\lauri\Desktop\Cerneala\artifacts\rendersurface3d\control-stage4\final\sources\obj\Debug\net8.0-windows\tests__Cerneala.Tests__Cerneala.Tests.GlobalUsings.g.cs(14,14): error CS0246: The type or namespace name 'Xunit' could not be found (are you missing a using directive or an assembly reference?) [C:\Users\lauri\Desktop\Cerneala\Cerneala.csproj]

Build FAILED.

C:\Users\lauri\Desktop\Cerneala\artifacts\rendersurface3d\control-stage4\baseline\obj\Debug\net8.0\.NETCoreApp,Version=v8.0.AssemblyAttributes.cs(4,12): error CS0579: Duplicate 'global::System.Runtime.Versioning.TargetFrameworkAttribute' attribute [C:\Users\lauri\Desktop\Cerneala\Cerneala.csproj]
C:\Users\lauri\Desktop\Cerneala\artifacts\rendersurface3d\control-stage4\baseline\obj\Debug\net8.0\tests__Cerneala.SdlGpuSmoke__Cerneala.SdlGpuSmoke.AssemblyInfo.cs(13,12): error CS0579: Duplicate 'System.Reflection.AssemblyCompanyAttribute' attribute [C:\Users\lauri\Desktop\Cerneala\Cerneala.csproj]
C:\Users\lauri\Desktop\Cerneala\artifacts\rendersurface3d\control-stage4\baseline\obj\Debug\net8.0\tests__Cerneala.SdlGpuSmoke__Cerneala.SdlGpuSmoke.AssemblyInfo.cs(14,12): error CS0579: Duplicate 'System.Reflection.AssemblyConfigurationAttribute' attribute [C:\Users\lauri\Desktop\Cerneala\Cerneala.csproj]
C:\Users\lauri\Desktop\Cerneala\artifacts\rendersurface3d\control-stage4\baseline\obj\Debug\net8.0\tests__Cerneala.SdlGpuSmoke__Cerneala.SdlGpuSmoke.AssemblyInfo.cs(15,12): error CS0579: Duplicate 'System.Reflection.AssemblyFileVersionAttribute' attribute [C:\Users\lauri\Desktop\Cerneala\Cerneala.csproj]
C:\Users\lauri\Desktop\Cerneala\artifacts\rendersurface3d\control-stage4\baseline\obj\Debug\net8.0\tests__Cerneala.SdlGpuSmoke__Cerneala.SdlGpuSmoke.AssemblyInfo.cs(16,12): error CS0579: Duplicate 'System.Reflection.AssemblyInformationalVersionAttribute' attribute [C:\Users\lauri\Desktop\Cerneala\Cerneala.csproj]
C:\Users\lauri\Desktop\Cerneala\artifacts\rendersurface3d\control-stage4\baseline\obj\Debug\net8.0\tests__Cerneala.SdlGpuSmoke__Cerneala.SdlGpuSmoke.AssemblyInfo.cs(17,12): error CS0579: Duplicate 'System.Reflection.AssemblyProductAttribute' attribute [C:\Users\lauri\Desktop\Cerneala\Cerneala.csproj]
C:\Users\lauri\Desktop\Cerneala\artifacts\rendersurface3d\control-stage4\baseline\obj\Debug\net8.0\tests__Cerneala.SdlGpuSmoke__Cerneala.SdlGpuSmoke.AssemblyInfo.cs(18,12): error CS0579: Duplicate 'System.Reflection.AssemblyTitleAttribute' attribute [C:\Users\lauri\Desktop\Cerneala\Cerneala.csproj]
C:\Users\lauri\Desktop\Cerneala\artifacts\rendersurface3d\control-stage4\baseline\obj\Debug\net8.0\tests__Cerneala.SdlGpuSmoke__Cerneala.SdlGpuSmoke.AssemblyInfo.cs(19,12): error CS0579: Duplicate 'System.Reflection.AssemblyVersionAttribute' attribute [C:\Users\lauri\Desktop\Cerneala\Cerneala.csproj]
C:\Users\lauri\Desktop\Cerneala\artifacts\rendersurface3d\control-stage4\final\sources\obj\Debug\net10.0-windows\.NETCoreApp,Version=v10.0.AssemblyAttributes.cs(4,12): error CS0579: Duplicate 'global::System.Runtime.Versioning.TargetFrameworkAttribute' attribute [C:\Users\lauri\Desktop\Cerneala\Cerneala.csproj]
C:\Users\lauri\Desktop\Cerneala\artifacts\rendersurface3d\control-stage4\final\sources\obj\Debug\net10.0-windows\tests__Cerneala.Tests.PreviewHost__Cerneala.Tests.PreviewHost.AssemblyInfo.cs(13,12): error CS0579: Duplicate 'System.Reflection.AssemblyCompanyAttribute' attribute [C:\Users\lauri\Desktop\Cerneala\Cerneala.csproj]
C:\Users\lauri\Desktop\Cerneala\artifacts\rendersurface3d\control-stage4\final\sources\obj\Debug\net10.0-windows\tests__Cerneala.Tests.PreviewHost__Cerneala.Tests.PreviewHost.AssemblyInfo.cs(14,12): error CS0579: Duplicate 'System.Reflection.AssemblyConfigurationAttribute' attribute [C:\Users\lauri\Desktop\Cerneala\Cerneala.csproj]
C:\Users\lauri\Desktop\Cerneala\artifacts\rendersurface3d\control-stage4\final\sources\obj\Debug\net10.0-windows\tests__Cerneala.Tests.PreviewHost__Cerneala.Tests.PreviewHost.AssemblyInfo.cs(15,12): error CS0579: Duplicate 'System.Reflection.AssemblyFileVersionAttribute' attribute [C:\Users\lauri\Desktop\Cerneala\Cerneala.csproj]
C:\Users\lauri\Desktop\Cerneala\artifacts\rendersurface3d\control-stage4\final\sources\obj\Debug\net10.0-windows\tests__Cerneala.Tests.PreviewHost__Cerneala.Tests.PreviewHost.AssemblyInfo.cs(16,12): error CS0579: Duplicate 'System.Reflection.AssemblyInformationalVersionAttribute' attribute [C:\Users\lauri\Desktop\Cerneala\Cerneala.csproj]
C:\Users\lauri\Desktop\Cerneala\artifacts\rendersurface3d\control-stage4\final\sources\obj\Debug\net10.0-windows\tests__Cerneala.Tests.PreviewHost__Cerneala.Tests.PreviewHost.AssemblyInfo.cs(17,12): error CS0579: Duplicate 'System.Reflection.AssemblyProductAttribute' attribute [C:\Users\lauri\Desktop\Cerneala\Cerneala.csproj]
C:\Users\lauri\Desktop\Cerneala\artifacts\rendersurface3d\control-stage4\final\sources\obj\Debug\net10.0-windows\tests__Cerneala.Tests.PreviewHost__Cerneala.Tests.PreviewHost.AssemblyInfo.cs(18,12): error CS0579: Duplicate 'System.Reflection.AssemblyTitleAttribute' attribute [C:\Users\lauri\Desktop\Cerneala\Cerneala.csproj]
C:\Users\lauri\Desktop\Cerneala\artifacts\rendersurface3d\control-stage4\final\sources\obj\Debug\net10.0-windows\tests__Cerneala.Tests.PreviewHost__Cerneala.Tests.PreviewHost.AssemblyInfo.cs(19,12): error CS0579: Duplicate 'System.Reflection.AssemblyVersionAttribute' attribute [C:\Users\lauri\Desktop\Cerneala\Cerneala.csproj]
C:\Users\lauri\Desktop\Cerneala\artifacts\rendersurface3d\control-stage4\final\sources\obj\Debug\net10.0-windows\tests__Cerneala.Tests.PreviewHost__Cerneala.Tests.PreviewHost.AssemblyInfo.cs(20,12): error CS0579: Duplicate 'System.Runtime.Versioning.TargetPlatformAttribute' attribute [C:\Users\lauri\Desktop\Cerneala\Cerneala.csproj]
C:\Users\lauri\Desktop\Cerneala\artifacts\rendersurface3d\control-stage4\final\sources\obj\Debug\net8.0-windows\.NETCoreApp,Version=v8.0.AssemblyAttributes.cs(4,12): error CS0579: Duplicate 'global::System.Runtime.Versioning.TargetFrameworkAttribute' attribute [C:\Users\lauri\Desktop\Cerneala\Cerneala.csproj]
C:\Users\lauri\Desktop\Cerneala\artifacts\rendersurface3d\control-stage4\final\sources\obj\Debug\net8.0-windows\benchmarks__Cerneala.Benchmarks__Cerneala.Benchmarks.AssemblyInfo.cs(13,12): error CS0579: Duplicate 'System.Reflection.AssemblyCompanyAttribute' attribute [C:\Users\lauri\Desktop\Cerneala\Cerneala.csproj]
C:\Users\lauri\Desktop\Cerneala\artifacts\rendersurface3d\control-stage4\final\sources\obj\Debug\net8.0-windows\benchmarks__Cerneala.Benchmarks__Cerneala.Benchmarks.AssemblyInfo.cs(14,12): error CS0579: Duplicate 'System.Reflection.AssemblyConfigurationAttribute' attribute [C:\Users\lauri\Desktop\Cerneala\Cerneala.csproj]
C:\Users\lauri\Desktop\Cerneala\artifacts\rendersurface3d\control-stage4\final\sources\obj\Debug\net8.0-windows\benchmarks__Cerneala.Benchmarks__Cerneala.Benchmarks.AssemblyInfo.cs(15,12): error CS0579: Duplicate 'System.Reflection.AssemblyFileVersionAttribute' attribute [C:\Users\lauri\Desktop\Cerneala\Cerneala.csproj]
C:\Users\lauri\Desktop\Cerneala\artifacts\rendersurface3d\control-stage4\final\sources\obj\Debug\net8.0-windows\benchmarks__Cerneala.Benchmarks__Cerneala.Benchmarks.AssemblyInfo.cs(16,12): error CS0579: Duplicate 'System.Reflection.AssemblyInformationalVersionAttribute' attribute [C:\Users\lauri\Desktop\Cerneala\Cerneala.csproj]
C:\Users\lauri\Desktop\Cerneala\artifacts\rendersurface3d\control-stage4\final\sources\obj\Debug\net8.0-windows\benchmarks__Cerneala.Benchmarks__Cerneala.Benchmarks.AssemblyInfo.cs(17,12): error CS0579: Duplicate 'System.Reflection.AssemblyProductAttribute' attribute [C:\Users\lauri\Desktop\Cerneala\Cerneala.csproj]
C:\Users\lauri\Desktop\Cerneala\artifacts\rendersurface3d\control-stage4\final\sources\obj\Debug\net8.0-windows\benchmarks__Cerneala.Benchmarks__Cerneala.Benchmarks.AssemblyInfo.cs(18,12): error CS0579: Duplicate 'System.Reflection.AssemblyTitleAttribute' attribute [C:\Users\lauri\Desktop\Cerneala\Cerneala.csproj]
C:\Users\lauri\Desktop\Cerneala\artifacts\rendersurface3d\control-stage4\final\sources\obj\Debug\net8.0-windows\benchmarks__Cerneala.Benchmarks__Cerneala.Benchmarks.AssemblyInfo.cs(19,12): error CS0579: Duplicate 'System.Reflection.AssemblyVersionAttribute' attribute [C:\Users\lauri\Desktop\Cerneala\Cerneala.csproj]
C:\Users\lauri\Desktop\Cerneala\artifacts\rendersurface3d\control-stage4\final\sources\obj\Debug\net8.0-windows\benchmarks__Cerneala.Benchmarks__Cerneala.Benchmarks.AssemblyInfo.cs(20,12): error CS0579: Duplicate 'System.Runtime.Versioning.TargetPlatformAttribute' attribute [C:\Users\lauri\Desktop\Cerneala\Cerneala.csproj]
C:\Users\lauri\Desktop\Cerneala\artifacts\rendersurface3d\control-stage4\final\sources\obj\Debug\net8.0-windows\tests__Cerneala.Tests__Cerneala.Tests.AssemblyInfo.cs(13,12): error CS0579: Duplicate 'System.Reflection.AssemblyCompanyAttribute' attribute [C:\Users\lauri\Desktop\Cerneala\Cerneala.csproj]
C:\Users\lauri\Desktop\Cerneala\artifacts\rendersurface3d\control-stage4\final\sources\obj\Debug\net8.0-windows\tests__Cerneala.Tests__Cerneala.Tests.AssemblyInfo.cs(14,12): error CS0579: Duplicate 'System.Reflection.AssemblyConfigurationAttribute' attribute [C:\Users\lauri\Desktop\Cerneala\Cerneala.csproj]
C:\Users\lauri\Desktop\Cerneala\artifacts\rendersurface3d\control-stage4\final\sources\obj\Debug\net8.0-windows\tests__Cerneala.Tests__Cerneala.Tests.AssemblyInfo.cs(15,12): error CS0579: Duplicate 'System.Reflection.AssemblyFileVersionAttribute' attribute [C:\Users\lauri\Desktop\Cerneala\Cerneala.csproj]
C:\Users\lauri\Desktop\Cerneala\artifacts\rendersurface3d\control-stage4\final\sources\obj\Debug\net8.0-windows\tests__Cerneala.Tests__Cerneala.Tests.AssemblyInfo.cs(16,12): error CS0579: Duplicate 'System.Reflection.AssemblyInformationalVersionAttribute' attribute [C:\Users\lauri\Desktop\Cerneala\Cerneala.csproj]
C:\Users\lauri\Desktop\Cerneala\artifacts\rendersurface3d\control-stage4\final\sources\obj\Debug\net8.0-windows\tests__Cerneala.Tests__Cerneala.Tests.AssemblyInfo.cs(17,12): error CS0579: Duplicate 'System.Reflection.AssemblyProductAttribute' attribute [C:\Users\lauri\Desktop\Cerneala\Cerneala.csproj]
C:\Users\lauri\Desktop\Cerneala\artifacts\rendersurface3d\control-stage4\final\sources\obj\Debug\net8.0-windows\tests__Cerneala.Tests__Cerneala.Tests.AssemblyInfo.cs(18,12): error CS0579: Duplicate 'System.Reflection.AssemblyTitleAttribute' attribute [C:\Users\lauri\Desktop\Cerneala\Cerneala.csproj]
C:\Users\lauri\Desktop\Cerneala\artifacts\rendersurface3d\control-stage4\final\sources\obj\Debug\net8.0-windows\tests__Cerneala.Tests__Cerneala.Tests.AssemblyInfo.cs(19,12): error CS0579: Duplicate 'System.Reflection.AssemblyVersionAttribute' attribute [C:\Users\lauri\Desktop\Cerneala\Cerneala.csproj]
C:\Users\lauri\Desktop\Cerneala\artifacts\rendersurface3d\control-stage4\final\sources\obj\Debug\net8.0-windows\tests__Cerneala.Tests__Cerneala.Tests.AssemblyInfo.cs(20,12): error CS0579: Duplicate 'System.Runtime.Versioning.TargetPlatformAttribute' attribute [C:\Users\lauri\Desktop\Cerneala\Cerneala.csproj]
C:\Users\lauri\Desktop\Cerneala\artifacts\rendersurface3d\control-stage4\final\sources\obj\Debug\net8.0\.NETCoreApp,Version=v8.0.AssemblyAttributes.cs(4,12): error CS0579: Duplicate 'global::System.Runtime.Versioning.TargetFrameworkAttribute' attribute [C:\Users\lauri\Desktop\Cerneala\Cerneala.csproj]
C:\Users\lauri\Desktop\Cerneala\artifacts\rendersurface3d\control-stage4\final\sources\obj\Debug\net8.0\tests__Cerneala.SdlGpuSmoke__Cerneala.SdlGpuSmoke.AssemblyInfo.cs(13,12): error CS0579: Duplicate 'System.Reflection.AssemblyCompanyAttribute' attribute [C:\Users\lauri\Desktop\Cerneala\Cerneala.csproj]
C:\Users\lauri\Desktop\Cerneala\artifacts\rendersurface3d\control-stage4\final\sources\obj\Debug\net8.0\tests__Cerneala.SdlGpuSmoke__Cerneala.SdlGpuSmoke.AssemblyInfo.cs(14,12): error CS0579: Duplicate 'System.Reflection.AssemblyConfigurationAttribute' attribute [C:\Users\lauri\Desktop\Cerneala\Cerneala.csproj]
C:\Users\lauri\Desktop\Cerneala\artifacts\rendersurface3d\control-stage4\final\sources\obj\Debug\net8.0\tests__Cerneala.SdlGpuSmoke__Cerneala.SdlGpuSmoke.AssemblyInfo.cs(15,12): error CS0579: Duplicate 'System.Reflection.AssemblyFileVersionAttribute' attribute [C:\Users\lauri\Desktop\Cerneala\Cerneala.csproj]
C:\Users\lauri\Desktop\Cerneala\artifacts\rendersurface3d\control-stage4\final\sources\obj\Debug\net8.0\tests__Cerneala.SdlGpuSmoke__Cerneala.SdlGpuSmoke.AssemblyInfo.cs(16,12): error CS0579: Duplicate 'System.Reflection.AssemblyInformationalVersionAttribute' attribute [C:\Users\lauri\Desktop\Cerneala\Cerneala.csproj]
C:\Users\lauri\Desktop\Cerneala\artifacts\rendersurface3d\control-stage4\final\sources\obj\Debug\net8.0\tests__Cerneala.SdlGpuSmoke__Cerneala.SdlGpuSmoke.AssemblyInfo.cs(17,12): error CS0579: Duplicate 'System.Reflection.AssemblyProductAttribute' attribute [C:\Users\lauri\Desktop\Cerneala\Cerneala.csproj]
C:\Users\lauri\Desktop\Cerneala\artifacts\rendersurface3d\control-stage4\final\sources\obj\Debug\net8.0\tests__Cerneala.SdlGpuSmoke__Cerneala.SdlGpuSmoke.AssemblyInfo.cs(18,12): error CS0579: Duplicate 'System.Reflection.AssemblyTitleAttribute' attribute [C:\Users\lauri\Desktop\Cerneala\Cerneala.csproj]
C:\Users\lauri\Desktop\Cerneala\artifacts\rendersurface3d\control-stage4\final\sources\obj\Debug\net8.0\tests__Cerneala.SdlGpuSmoke__Cerneala.SdlGpuSmoke.AssemblyInfo.cs(19,12): error CS0579: Duplicate 'System.Reflection.AssemblyVersionAttribute' attribute [C:\Users\lauri\Desktop\Cerneala\Cerneala.csproj]
C:\Users\lauri\Desktop\Cerneala\obj\Release\net8.0\.NETCoreApp,Version=v8.0.AssemblyAttributes.cs(4,12): error CS0579: Duplicate 'global::System.Runtime.Versioning.TargetFrameworkAttribute' attribute [C:\Users\lauri\Desktop\Cerneala\Cerneala.csproj]
C:\Users\lauri\Desktop\Cerneala\obj\Release\net8.0\Cerneala.AssemblyInfo.cs(13,12): error CS0579: Duplicate 'System.Reflection.AssemblyCompanyAttribute' attribute [C:\Users\lauri\Desktop\Cerneala\Cerneala.csproj]
C:\Users\lauri\Desktop\Cerneala\obj\Release\net8.0\Cerneala.AssemblyInfo.cs(14,12): error CS0579: Duplicate 'System.Reflection.AssemblyConfigurationAttribute' attribute [C:\Users\lauri\Desktop\Cerneala\Cerneala.csproj]
C:\Users\lauri\Desktop\Cerneala\obj\Release\net8.0\Cerneala.AssemblyInfo.cs(15,12): error CS0579: Duplicate 'System.Reflection.AssemblyFileVersionAttribute' attribute [C:\Users\lauri\Desktop\Cerneala\Cerneala.csproj]
C:\Users\lauri\Desktop\Cerneala\obj\Release\net8.0\Cerneala.AssemblyInfo.cs(16,12): error CS0579: Duplicate 'System.Reflection.AssemblyInformationalVersionAttribute' attribute [C:\Users\lauri\Desktop\Cerneala\Cerneala.csproj]
C:\Users\lauri\Desktop\Cerneala\obj\Release\net8.0\Cerneala.AssemblyInfo.cs(17,12): error CS0579: Duplicate 'System.Reflection.AssemblyProductAttribute' attribute [C:\Users\lauri\Desktop\Cerneala\Cerneala.csproj]
C:\Users\lauri\Desktop\Cerneala\obj\Release\net8.0\Cerneala.AssemblyInfo.cs(18,12): error CS0579: Duplicate 'System.Reflection.AssemblyTitleAttribute' attribute [C:\Users\lauri\Desktop\Cerneala\Cerneala.csproj]
C:\Users\lauri\Desktop\Cerneala\obj\Release\net8.0\Cerneala.AssemblyInfo.cs(19,12): error CS0579: Duplicate 'System.Reflection.AssemblyVersionAttribute' attribute [C:\Users\lauri\Desktop\Cerneala\Cerneala.csproj]
C:\Users\lauri\Desktop\Cerneala\artifacts\rendersurface3d\control-stage4\final\sources\obj\Debug\net10.0-windows\tests__Cerneala.Tests.PreviewHost__Cerneala.Tests.PreviewHost.GlobalUsings.g.cs(9,14): error CS0246: The type or namespace name 'Xunit' could not be found (are you missing a using directive or an assembly reference?) [C:\Users\lauri\Desktop\Cerneala\Cerneala.csproj]
C:\Users\lauri\Desktop\Cerneala\artifacts\rendersurface3d\control-stage4\final\sources\obj\Debug\net8.0-windows\tests__Cerneala.Tests__Cerneala.Tests.GlobalUsings.g.cs(14,14): error CS0246: The type or namespace name 'Xunit' could not be found (are you missing a using directive or an assembly reference?) [C:\Users\lauri\Desktop\Cerneala\Cerneala.csproj]
    0 Warning(s)
    52 Error(s)

Time Elapsed 00:00:44.32


  Stack Trace:
     at Cerneala.Tests.LanguageServer.NavigationProtocolTests.TemporaryNavigationWorkspace.Build(Boolean noRestore) in C:\Users\lauri\Desktop\Cerneala\tests\Cerneala.Tests.LanguageServer\NavigationProtocolTests.cs:line 382
   at Cerneala.Tests.LanguageServer.NavigationProtocolTests.TemporaryNavigationWorkspace.Create() in C:\Users\lauri\Desktop\Cerneala\tests\Cerneala.Tests.LanguageServer\NavigationProtocolTests.cs:line 334
   at Cerneala.Tests.LanguageServer.NavigationProtocolTests.HoverNavigationReferencesHighlightsAndSafeRenameRunThroughTheRealProtocol() in C:\Users\lauri\Desktop\Cerneala\tests\Cerneala.Tests.LanguageServer\NavigationProtocolTests.cs:line 13
--- End of stack trace from previous location ---
[xUnit.net 00:01:11.76]     Cerneala.Tests.LanguageServer.StructureProtocolTests.StructureFeaturesUseUnsavedOverlayAndRecoverAfterLocalError [FAIL]
  Failed Cerneala.Tests.LanguageServer.StructureProtocolTests.StructureFeaturesUseUnsavedOverlayAndRecoverAfterLocalError [1 m 9 s]
  Error Message:
   C:\Users\lauri\Desktop\Cerneala\artifacts\rendersurface3d\control-stage4\baseline\obj\Debug\net8.0\.NETCoreApp,Version=v8.0.AssemblyAttributes.cs(4,12): error CS0579: Duplicate 'global::System.Runtime.Versioning.TargetFrameworkAttribute' attribute [C:\Users\lauri\Desktop\Cerneala\Cerneala.csproj]
C:\Users\lauri\Desktop\Cerneala\artifacts\rendersurface3d\control-stage4\baseline\obj\Debug\net8.0\tests__Cerneala.SdlGpuSmoke__Cerneala.SdlGpuSmoke.AssemblyInfo.cs(13,12): error CS0579: Duplicate 'System.Reflection.AssemblyCompanyAttribute' attribute [C:\Users\lauri\Desktop\Cerneala\Cerneala.csproj]
C:\Users\lauri\Desktop\Cerneala\artifacts\rendersurface3d\control-stage4\baseline\obj\Debug\net8.0\tests__Cerneala.SdlGpuSmoke__Cerneala.SdlGpuSmoke.AssemblyInfo.cs(14,12): error CS0579: Duplicate 'System.Reflection.AssemblyConfigurationAttribute' attribute [C:\Users\lauri\Desktop\Cerneala\Cerneala.csproj]
C:\Users\lauri\Desktop\Cerneala\artifacts\rendersurface3d\control-stage4\baseline\obj\Debug\net8.0\tests__Cerneala.SdlGpuSmoke__Cerneala.SdlGpuSmoke.AssemblyInfo.cs(15,12): error CS0579: Duplicate 'System.Reflection.AssemblyFileVersionAttribute' attribute [C:\Users\lauri\Desktop\Cerneala\Cerneala.csproj]
C:\Users\lauri\Desktop\Cerneala\artifacts\rendersurface3d\control-stage4\baseline\obj\Debug\net8.0\tests__Cerneala.SdlGpuSmoke__Cerneala.SdlGpuSmoke.AssemblyInfo.cs(16,12): error CS0579: Duplicate 'System.Reflection.AssemblyInformationalVersionAttribute' attribute [C:\Users\lauri\Desktop\Cerneala\Cerneala.csproj]
C:\Users\lauri\Desktop\Cerneala\artifacts\rendersurface3d\control-stage4\baseline\obj\Debug\net8.0\tests__Cerneala.SdlGpuSmoke__Cerneala.SdlGpuSmoke.AssemblyInfo.cs(17,12): error CS0579: Duplicate 'System.Reflection.AssemblyProductAttribute' attribute [C:\Users\lauri\Desktop\Cerneala\Cerneala.csproj]
C:\Users\lauri\Desktop\Cerneala\artifacts\rendersurface3d\control-stage4\baseline\obj\Debug\net8.0\tests__Cerneala.SdlGpuSmoke__Cerneala.SdlGpuSmoke.AssemblyInfo.cs(18,12): error CS0579: Duplicate 'System.Reflection.AssemblyTitleAttribute' attribute [C:\Users\lauri\Desktop\Cerneala\Cerneala.csproj]
C:\Users\lauri\Desktop\Cerneala\artifacts\rendersurface3d\control-stage4\baseline\obj\Debug\net8.0\tests__Cerneala.SdlGpuSmoke__Cerneala.SdlGpuSmoke.AssemblyInfo.cs(19,12): error CS0579: Duplicate 'System.Reflection.AssemblyVersionAttribute' attribute [C:\Users\lauri\Desktop\Cerneala\Cerneala.csproj]
C:\Users\lauri\Desktop\Cerneala\artifacts\rendersurface3d\control-stage4\final\sources\obj\Debug\net10.0-windows\.NETCoreApp,Version=v10.0.AssemblyAttributes.cs(4,12): error CS0579: Duplicate 'global::System.Runtime.Versioning.TargetFrameworkAttribute' attribute [C:\Users\lauri\Desktop\Cerneala\Cerneala.csproj]
C:\Users\lauri\Desktop\Cerneala\artifacts\rendersurface3d\control-stage4\final\sources\obj\Debug\net10.0-windows\tests__Cerneala.Tests.PreviewHost__Cerneala.Tests.PreviewHost.AssemblyInfo.cs(13,12): error CS0579: Duplicate 'System.Reflection.AssemblyCompanyAttribute' attribute [C:\Users\lauri\Desktop\Cerneala\Cerneala.csproj]
C:\Users\lauri\Desktop\Cerneala\artifacts\rendersurface3d\control-stage4\final\sources\obj\Debug\net10.0-windows\tests__Cerneala.Tests.PreviewHost__Cerneala.Tests.PreviewHost.AssemblyInfo.cs(14,12): error CS0579: Duplicate 'System.Reflection.AssemblyConfigurationAttribute' attribute [C:\Users\lauri\Desktop\Cerneala\Cerneala.csproj]
C:\Users\lauri\Desktop\Cerneala\artifacts\rendersurface3d\control-stage4\final\sources\obj\Debug\net10.0-windows\tests__Cerneala.Tests.PreviewHost__Cerneala.Tests.PreviewHost.AssemblyInfo.cs(15,12): error CS0579: Duplicate 'System.Reflection.AssemblyFileVersionAttribute' attribute [C:\Users\lauri\Desktop\Cerneala\Cerneala.csproj]
C:\Users\lauri\Desktop\Cerneala\artifacts\rendersurface3d\control-stage4\final\sources\obj\Debug\net10.0-windows\tests__Cerneala.Tests.PreviewHost__Cerneala.Tests.PreviewHost.AssemblyInfo.cs(16,12): error CS0579: Duplicate 'System.Reflection.AssemblyInformationalVersionAttribute' attribute [C:\Users\lauri\Desktop\Cerneala\Cerneala.csproj]
C:\Users\lauri\Desktop\Cerneala\artifacts\rendersurface3d\control-stage4\final\sources\obj\Debug\net10.0-windows\tests__Cerneala.Tests.PreviewHost__Cerneala.Tests.PreviewHost.AssemblyInfo.cs(17,12): error CS0579: Duplicate 'System.Reflection.AssemblyProductAttribute' attribute [C:\Users\lauri\Desktop\Cerneala\Cerneala.csproj]
C:\Users\lauri\Desktop\Cerneala\artifacts\rendersurface3d\control-stage4\final\sources\obj\Debug\net10.0-windows\tests__Cerneala.Tests.PreviewHost__Cerneala.Tests.PreviewHost.AssemblyInfo.cs(18,12): error CS0579: Duplicate 'System.Reflection.AssemblyTitleAttribute' attribute [C:\Users\lauri\Desktop\Cerneala\Cerneala.csproj]
C:\Users\lauri\Desktop\Cerneala\artifacts\rendersurface3d\control-stage4\final\sources\obj\Debug\net10.0-windows\tests__Cerneala.Tests.PreviewHost__Cerneala.Tests.PreviewHost.AssemblyInfo.cs(19,12): error CS0579: Duplicate 'System.Reflection.AssemblyVersionAttribute' attribute [C:\Users\lauri\Desktop\Cerneala\Cerneala.csproj]
C:\Users\lauri\Desktop\Cerneala\artifacts\rendersurface3d\control-stage4\final\sources\obj\Debug\net10.0-windows\tests__Cerneala.Tests.PreviewHost__Cerneala.Tests.PreviewHost.AssemblyInfo.cs(20,12): error CS0579: Duplicate 'System.Runtime.Versioning.TargetPlatformAttribute' attribute [C:\Users\lauri\Desktop\Cerneala\Cerneala.csproj]
C:\Users\lauri\Desktop\Cerneala\artifacts\rendersurface3d\control-stage4\final\sources\obj\Debug\net8.0-windows\.NETCoreApp,Version=v8.0.AssemblyAttributes.cs(4,12): error CS0579: Duplicate 'global::System.Runtime.Versioning.TargetFrameworkAttribute' attribute [C:\Users\lauri\Desktop\Cerneala\Cerneala.csproj]
C:\Users\lauri\Desktop\Cerneala\artifacts\rendersurface3d\control-stage4\final\sources\obj\Debug\net8.0-windows\benchmarks__Cerneala.Benchmarks__Cerneala.Benchmarks.AssemblyInfo.cs(13,12): error CS0579: Duplicate 'System.Reflection.AssemblyCompanyAttribute' attribute [C:\Users\lauri\Desktop\Cerneala\Cerneala.csproj]
C:\Users\lauri\Desktop\Cerneala\artifacts\rendersurface3d\control-stage4\final\sources\obj\Debug\net8.0-windows\benchmarks__Cerneala.Benchmarks__Cerneala.Benchmarks.AssemblyInfo.cs(14,12): error CS0579: Duplicate 'System.Reflection.AssemblyConfigurationAttribute' attribute [C:\Users\lauri\Desktop\Cerneala\Cerneala.csproj]
C:\Users\lauri\Desktop\Cerneala\artifacts\rendersurface3d\control-stage4\final\sources\obj\Debug\net8.0-windows\benchmarks__Cerneala.Benchmarks__Cerneala.Benchmarks.AssemblyInfo.cs(15,12): error CS0579: Duplicate 'System.Reflection.AssemblyFileVersionAttribute' attribute [C:\Users\lauri\Desktop\Cerneala\Cerneala.csproj]
C:\Users\lauri\Desktop\Cerneala\artifacts\rendersurface3d\control-stage4\final\sources\obj\Debug\net8.0-windows\benchmarks__Cerneala.Benchmarks__Cerneala.Benchmarks.AssemblyInfo.cs(16,12): error CS0579: Duplicate 'System.Reflection.AssemblyInformationalVersionAttribute' attribute [C:\Users\lauri\Desktop\Cerneala\Cerneala.csproj]
C:\Users\lauri\Desktop\Cerneala\artifacts\rendersurface3d\control-stage4\final\sources\obj\Debug\net8.0-windows\benchmarks__Cerneala.Benchmarks__Cerneala.Benchmarks.AssemblyInfo.cs(17,12): error CS0579: Duplicate 'System.Reflection.AssemblyProductAttribute' attribute [C:\Users\lauri\Desktop\Cerneala\Cerneala.csproj]
C:\Users\lauri\Desktop\Cerneala\artifacts\rendersurface3d\control-stage4\final\sources\obj\Debug\net8.0-windows\benchmarks__Cerneala.Benchmarks__Cerneala.Benchmarks.AssemblyInfo.cs(18,12): error CS0579: Duplicate 'System.Reflection.AssemblyTitleAttribute' attribute [C:\Users\lauri\Desktop\Cerneala\Cerneala.csproj]
C:\Users\lauri\Desktop\Cerneala\artifacts\rendersurface3d\control-stage4\final\sources\obj\Debug\net8.0-windows\benchmarks__Cerneala.Benchmarks__Cerneala.Benchmarks.AssemblyInfo.cs(19,12): error CS0579: Duplicate 'System.Reflection.AssemblyVersionAttribute' attribute [C:\Users\lauri\Desktop\Cerneala\Cerneala.csproj]
C:\Users\lauri\Desktop\Cerneala\artifacts\rendersurface3d\control-stage4\final\sources\obj\Debug\net8.0-windows\benchmarks__Cerneala.Benchmarks__Cerneala.Benchmarks.AssemblyInfo.cs(20,12): error CS0579: Duplicate 'System.Runtime.Versioning.TargetPlatformAttribute' attribute [C:\Users\lauri\Desktop\Cerneala\Cerneala.csproj]
C:\Users\lauri\Desktop\Cerneala\artifacts\rendersurface3d\control-stage4\final\sources\obj\Debug\net8.0-windows\tests__Cerneala.Tests__Cerneala.Tests.AssemblyInfo.cs(13,12): error CS0579: Duplicate 'System.Reflection.AssemblyCompanyAttribute' attribute [C:\Users\lauri\Desktop\Cerneala\Cerneala.csproj]
C:\Users\lauri\Desktop\Cerneala\artifacts\rendersurface3d\control-stage4\final\sources\obj\Debug\net8.0-windows\tests__Cerneala.Tests__Cerneala.Tests.AssemblyInfo.cs(14,12): error CS0579: Duplicate 'System.Reflection.AssemblyConfigurationAttribute' attribute [C:\Users\lauri\Desktop\Cerneala\Cerneala.csproj]
C:\Users\lauri\Desktop\Cerneala\artifacts\rendersurface3d\control-stage4\final\sources\obj\Debug\net8.0-windows\tests__Cerneala.Tests__Cerneala.Tests.AssemblyInfo.cs(15,12): error CS0579: Duplicate 'System.Reflection.AssemblyFileVersionAttribute' attribute [C:\Users\lauri\Desktop\Cerneala\Cerneala.csproj]
C:\Users\lauri\Desktop\Cerneala\artifacts\rendersurface3d\control-stage4\final\sources\obj\Debug\net8.0-windows\tests__Cerneala.Tests__Cerneala.Tests.AssemblyInfo.cs(16,12): error CS0579: Duplicate 'System.Reflection.AssemblyInformationalVersionAttribute' attribute [C:\Users\lauri\Desktop\Cerneala\Cerneala.csproj]
C:\Users\lauri\Desktop\Cerneala\artifacts\rendersurface3d\control-stage4\final\sources\obj\Debug\net8.0-windows\tests__Cerneala.Tests__Cerneala.Tests.AssemblyInfo.cs(17,12): error CS0579: Duplicate 'System.Reflection.AssemblyProductAttribute' attribute [C:\Users\lauri\Desktop\Cerneala\Cerneala.csproj]
C:\Users\lauri\Desktop\Cerneala\artifacts\rendersurface3d\control-stage4\final\sources\obj\Debug\net8.0-windows\tests__Cerneala.Tests__Cerneala.Tests.AssemblyInfo.cs(18,12): error CS0579: Duplicate 'System.Reflection.AssemblyTitleAttribute' attribute [C:\Users\lauri\Desktop\Cerneala\Cerneala.csproj]
C:\Users\lauri\Desktop\Cerneala\artifacts\rendersurface3d\control-stage4\final\sources\obj\Debug\net8.0-windows\tests__Cerneala.Tests__Cerneala.Tests.AssemblyInfo.cs(19,12): error CS0579: Duplicate 'System.Reflection.AssemblyVersionAttribute' attribute [C:\Users\lauri\Desktop\Cerneala\Cerneala.csproj]
C:\Users\lauri\Desktop\Cerneala\artifacts\rendersurface3d\control-stage4\final\sources\obj\Debug\net8.0-windows\tests__Cerneala.Tests__Cerneala.Tests.AssemblyInfo.cs(20,12): error CS0579: Duplicate 'System.Runtime.Versioning.TargetPlatformAttribute' attribute [C:\Users\lauri\Desktop\Cerneala\Cerneala.csproj]
C:\Users\lauri\Desktop\Cerneala\artifacts\rendersurface3d\control-stage4\final\sources\obj\Debug\net8.0\.NETCoreApp,Version=v8.0.AssemblyAttributes.cs(4,12): error CS0579: Duplicate 'global::System.Runtime.Versioning.TargetFrameworkAttribute' attribute [C:\Users\lauri\Desktop\Cerneala\Cerneala.csproj]
C:\Users\lauri\Desktop\Cerneala\artifacts\rendersurface3d\control-stage4\final\sources\obj\Debug\net8.0\tests__Cerneala.SdlGpuSmoke__Cerneala.SdlGpuSmoke.AssemblyInfo.cs(13,12): error CS0579: Duplicate 'System.Reflection.AssemblyCompanyAttribute' attribute [C:\Users\lauri\Desktop\Cerneala\Cerneala.csproj]
C:\Users\lauri\Desktop\Cerneala\artifacts\rendersurface3d\control-stage4\final\sources\obj\Debug\net8.0\tests__Cerneala.SdlGpuSmoke__Cerneala.SdlGpuSmoke.AssemblyInfo.cs(14,12): error CS0579: Duplicate 'System.Reflection.AssemblyConfigurationAttribute' attribute [C:\Users\lauri\Desktop\Cerneala\Cerneala.csproj]
C:\Users\lauri\Desktop\Cerneala\artifacts\rendersurface3d\control-stage4\final\sources\obj\Debug\net8.0\tests__Cerneala.SdlGpuSmoke__Cerneala.SdlGpuSmoke.AssemblyInfo.cs(15,12): error CS0579: Duplicate 'System.Reflection.AssemblyFileVersionAttribute' attribute [C:\Users\lauri\Desktop\Cerneala\Cerneala.csproj]
C:\Users\lauri\Desktop\Cerneala\artifacts\rendersurface3d\control-stage4\final\sources\obj\Debug\net8.0\tests__Cerneala.SdlGpuSmoke__Cerneala.SdlGpuSmoke.AssemblyInfo.cs(16,12): error CS0579: Duplicate 'System.Reflection.AssemblyInformationalVersionAttribute' attribute [C:\Users\lauri\Desktop\Cerneala\Cerneala.csproj]
C:\Users\lauri\Desktop\Cerneala\artifacts\rendersurface3d\control-stage4\final\sources\obj\Debug\net8.0\tests__Cerneala.SdlGpuSmoke__Cerneala.SdlGpuSmoke.AssemblyInfo.cs(17,12): error CS0579: Duplicate 'System.Reflection.AssemblyProductAttribute' attribute [C:\Users\lauri\Desktop\Cerneala\Cerneala.csproj]
C:\Users\lauri\Desktop\Cerneala\artifacts\rendersurface3d\control-stage4\final\sources\obj\Debug\net8.0\tests__Cerneala.SdlGpuSmoke__Cerneala.SdlGpuSmoke.AssemblyInfo.cs(18,12): error CS0579: Duplicate 'System.Reflection.AssemblyTitleAttribute' attribute [C:\Users\lauri\Desktop\Cerneala\Cerneala.csproj]
C:\Users\lauri\Desktop\Cerneala\artifacts\rendersurface3d\control-stage4\final\sources\obj\Debug\net8.0\tests__Cerneala.SdlGpuSmoke__Cerneala.SdlGpuSmoke.AssemblyInfo.cs(19,12): error CS0579: Duplicate 'System.Reflection.AssemblyVersionAttribute' attribute [C:\Users\lauri\Desktop\Cerneala\Cerneala.csproj]
C:\Users\lauri\AppData\Local\Temp\cerneala-structure-protocol-25d4f34dde4d4093985e6c39c48851ae\artifacts\obj\Cerneala\release\.NETCoreApp,Version=v8.0.AssemblyAttributes.cs(4,12): error CS0579: Duplicate 'global::System.Runtime.Versioning.TargetFrameworkAttribute' attribute [C:\Users\lauri\Desktop\Cerneala\Cerneala.csproj]
C:\Users\lauri\AppData\Local\Temp\cerneala-structure-protocol-25d4f34dde4d4093985e6c39c48851ae\artifacts\obj\Cerneala\release\Cerneala.AssemblyInfo.cs(13,12): error CS0579: Duplicate 'System.Reflection.AssemblyCompanyAttribute' attribute [C:\Users\lauri\Desktop\Cerneala\Cerneala.csproj]
C:\Users\lauri\AppData\Local\Temp\cerneala-structure-protocol-25d4f34dde4d4093985e6c39c48851ae\artifacts\obj\Cerneala\release\Cerneala.AssemblyInfo.cs(14,12): error CS0579: Duplicate 'System.Reflection.AssemblyConfigurationAttribute' attribute [C:\Users\lauri\Desktop\Cerneala\Cerneala.csproj]
C:\Users\lauri\AppData\Local\Temp\cerneala-structure-protocol-25d4f34dde4d4093985e6c39c48851ae\artifacts\obj\Cerneala\release\Cerneala.AssemblyInfo.cs(15,12): error CS0579: Duplicate 'System.Reflection.AssemblyFileVersionAttribute' attribute [C:\Users\lauri\Desktop\Cerneala\Cerneala.csproj]
C:\Users\lauri\AppData\Local\Temp\cerneala-structure-protocol-25d4f34dde4d4093985e6c39c48851ae\artifacts\obj\Cerneala\release\Cerneala.AssemblyInfo.cs(16,12): error CS0579: Duplicate 'System.Reflection.AssemblyInformationalVersionAttribute' attribute [C:\Users\lauri\Desktop\Cerneala\Cerneala.csproj]
C:\Users\lauri\AppData\Local\Temp\cerneala-structure-protocol-25d4f34dde4d4093985e6c39c48851ae\artifacts\obj\Cerneala\release\Cerneala.AssemblyInfo.cs(17,12): error CS0579: Duplicate 'System.Reflection.AssemblyProductAttribute' attribute [C:\Users\lauri\Desktop\Cerneala\Cerneala.csproj]
C:\Users\lauri\AppData\Local\Temp\cerneala-structure-protocol-25d4f34dde4d4093985e6c39c48851ae\artifacts\obj\Cerneala\release\Cerneala.AssemblyInfo.cs(18,12): error CS0579: Duplicate 'System.Reflection.AssemblyTitleAttribute' attribute [C:\Users\lauri\Desktop\Cerneala\Cerneala.csproj]
C:\Users\lauri\AppData\Local\Temp\cerneala-structure-protocol-25d4f34dde4d4093985e6c39c48851ae\artifacts\obj\Cerneala\release\Cerneala.AssemblyInfo.cs(19,12): error CS0579: Duplicate 'System.Reflection.AssemblyVersionAttribute' attribute [C:\Users\lauri\Desktop\Cerneala\Cerneala.csproj]
C:\Users\lauri\Desktop\Cerneala\artifacts\rendersurface3d\control-stage4\final\sources\obj\Debug\net10.0-windows\tests__Cerneala.Tests.PreviewHost__Cerneala.Tests.PreviewHost.GlobalUsings.g.cs(9,14): error CS0246: The type or namespace name 'Xunit' could not be found (are you missing a using directive or an assembly reference?) [C:\Users\lauri\Desktop\Cerneala\Cerneala.csproj]
C:\Users\lauri\Desktop\Cerneala\artifacts\rendersurface3d\control-stage4\final\sources\obj\Debug\net8.0-windows\tests__Cerneala.Tests__Cerneala.Tests.GlobalUsings.g.cs(14,14): error CS0246: The type or namespace name 'Xunit' could not be found (are you missing a using directive or an assembly reference?) [C:\Users\lauri\Desktop\Cerneala\Cerneala.csproj]

Build FAILED.

C:\Users\lauri\Desktop\Cerneala\artifacts\rendersurface3d\control-stage4\baseline\obj\Debug\net8.0\.NETCoreApp,Version=v8.0.AssemblyAttributes.cs(4,12): error CS0579: Duplicate 'global::System.Runtime.Versioning.TargetFrameworkAttribute' attribute [C:\Users\lauri\Desktop\Cerneala\Cerneala.csproj]
C:\Users\lauri\Desktop\Cerneala\artifacts\rendersurface3d\control-stage4\baseline\obj\Debug\net8.0\tests__Cerneala.SdlGpuSmoke__Cerneala.SdlGpuSmoke.AssemblyInfo.cs(13,12): error CS0579: Duplicate 'System.Reflection.AssemblyCompanyAttribute' attribute [C:\Users\lauri\Desktop\Cerneala\Cerneala.csproj]
C:\Users\lauri\Desktop\Cerneala\artifacts\rendersurface3d\control-stage4\baseline\obj\Debug\net8.0\tests__Cerneala.SdlGpuSmoke__Cerneala.SdlGpuSmoke.AssemblyInfo.cs(14,12): error CS0579: Duplicate 'System.Reflection.AssemblyConfigurationAttribute' attribute [C:\Users\lauri\Desktop\Cerneala\Cerneala.csproj]
C:\Users\lauri\Desktop\Cerneala\artifacts\rendersurface3d\control-stage4\baseline\obj\Debug\net8.0\tests__Cerneala.SdlGpuSmoke__Cerneala.SdlGpuSmoke.AssemblyInfo.cs(15,12): error CS0579: Duplicate 'System.Reflection.AssemblyFileVersionAttribute' attribute [C:\Users\lauri\Desktop\Cerneala\Cerneala.csproj]
C:\Users\lauri\Desktop\Cerneala\artifacts\rendersurface3d\control-stage4\baseline\obj\Debug\net8.0\tests__Cerneala.SdlGpuSmoke__Cerneala.SdlGpuSmoke.AssemblyInfo.cs(16,12): error CS0579: Duplicate 'System.Reflection.AssemblyInformationalVersionAttribute' attribute [C:\Users\lauri\Desktop\Cerneala\Cerneala.csproj]
C:\Users\lauri\Desktop\Cerneala\artifacts\rendersurface3d\control-stage4\baseline\obj\Debug\net8.0\tests__Cerneala.SdlGpuSmoke__Cerneala.SdlGpuSmoke.AssemblyInfo.cs(17,12): error CS0579: Duplicate 'System.Reflection.AssemblyProductAttribute' attribute [C:\Users\lauri\Desktop\Cerneala\Cerneala.csproj]
C:\Users\lauri\Desktop\Cerneala\artifacts\rendersurface3d\control-stage4\baseline\obj\Debug\net8.0\tests__Cerneala.SdlGpuSmoke__Cerneala.SdlGpuSmoke.AssemblyInfo.cs(18,12): error CS0579: Duplicate 'System.Reflection.AssemblyTitleAttribute' attribute [C:\Users\lauri\Desktop\Cerneala\Cerneala.csproj]
C:\Users\lauri\Desktop\Cerneala\artifacts\rendersurface3d\control-stage4\baseline\obj\Debug\net8.0\tests__Cerneala.SdlGpuSmoke__Cerneala.SdlGpuSmoke.AssemblyInfo.cs(19,12): error CS0579: Duplicate 'System.Reflection.AssemblyVersionAttribute' attribute [C:\Users\lauri\Desktop\Cerneala\Cerneala.csproj]
C:\Users\lauri\Desktop\Cerneala\artifacts\rendersurface3d\control-stage4\final\sources\obj\Debug\net10.0-windows\.NETCoreApp,Version=v10.0.AssemblyAttributes.cs(4,12): error CS0579: Duplicate 'global::System.Runtime.Versioning.TargetFrameworkAttribute' attribute [C:\Users\lauri\Desktop\Cerneala\Cerneala.csproj]
C:\Users\lauri\Desktop\Cerneala\artifacts\rendersurface3d\control-stage4\final\sources\obj\Debug\net10.0-windows\tests__Cerneala.Tests.PreviewHost__Cerneala.Tests.PreviewHost.AssemblyInfo.cs(13,12): error CS0579: Duplicate 'System.Reflection.AssemblyCompanyAttribute' attribute [C:\Users\lauri\Desktop\Cerneala\Cerneala.csproj]
C:\Users\lauri\Desktop\Cerneala\artifacts\rendersurface3d\control-stage4\final\sources\obj\Debug\net10.0-windows\tests__Cerneala.Tests.PreviewHost__Cerneala.Tests.PreviewHost.AssemblyInfo.cs(14,12): error CS0579: Duplicate 'System.Reflection.AssemblyConfigurationAttribute' attribute [C:\Users\lauri\Desktop\Cerneala\Cerneala.csproj]
C:\Users\lauri\Desktop\Cerneala\artifacts\rendersurface3d\control-stage4\final\sources\obj\Debug\net10.0-windows\tests__Cerneala.Tests.PreviewHost__Cerneala.Tests.PreviewHost.AssemblyInfo.cs(15,12): error CS0579: Duplicate 'System.Reflection.AssemblyFileVersionAttribute' attribute [C:\Users\lauri\Desktop\Cerneala\Cerneala.csproj]
C:\Users\lauri\Desktop\Cerneala\artifacts\rendersurface3d\control-stage4\final\sources\obj\Debug\net10.0-windows\tests__Cerneala.Tests.PreviewHost__Cerneala.Tests.PreviewHost.AssemblyInfo.cs(16,12): error CS0579: Duplicate 'System.Reflection.AssemblyInformationalVersionAttribute' attribute [C:\Users\lauri\Desktop\Cerneala\Cerneala.csproj]
C:\Users\lauri\Desktop\Cerneala\artifacts\rendersurface3d\control-stage4\final\sources\obj\Debug\net10.0-windows\tests__Cerneala.Tests.PreviewHost__Cerneala.Tests.PreviewHost.AssemblyInfo.cs(17,12): error CS0579: Duplicate 'System.Reflection.AssemblyProductAttribute' attribute [C:\Users\lauri\Desktop\Cerneala\Cerneala.csproj]
C:\Users\lauri\Desktop\Cerneala\artifacts\rendersurface3d\control-stage4\final\sources\obj\Debug\net10.0-windows\tests__Cerneala.Tests.PreviewHost__Cerneala.Tests.PreviewHost.AssemblyInfo.cs(18,12): error CS0579: Duplicate 'System.Reflection.AssemblyTitleAttribute' attribute [C:\Users\lauri\Desktop\Cerneala\Cerneala.csproj]
C:\Users\lauri\Desktop\Cerneala\artifacts\rendersurface3d\control-stage4\final\sources\obj\Debug\net10.0-windows\tests__Cerneala.Tests.PreviewHost__Cerneala.Tests.PreviewHost.AssemblyInfo.cs(19,12): error CS0579: Duplicate 'System.Reflection.AssemblyVersionAttribute' attribute [C:\Users\lauri\Desktop\Cerneala\Cerneala.csproj]
C:\Users\lauri\Desktop\Cerneala\artifacts\rendersurface3d\control-stage4\final\sources\obj\Debug\net10.0-windows\tests__Cerneala.Tests.PreviewHost__Cerneala.Tests.PreviewHost.AssemblyInfo.cs(20,12): error CS0579: Duplicate 'System.Runtime.Versioning.TargetPlatformAttribute' attribute [C:\Users\lauri\Desktop\Cerneala\Cerneala.csproj]
C:\Users\lauri\Desktop\Cerneala\artifacts\rendersurface3d\control-stage4\final\sources\obj\Debug\net8.0-windows\.NETCoreApp,Version=v8.0.AssemblyAttributes.cs(4,12): error CS0579: Duplicate 'global::System.Runtime.Versioning.TargetFrameworkAttribute' attribute [C:\Users\lauri\Desktop\Cerneala\Cerneala.csproj]
C:\Users\lauri\Desktop\Cerneala\artifacts\rendersurface3d\control-stage4\final\sources\obj\Debug\net8.0-windows\benchmarks__Cerneala.Benchmarks__Cerneala.Benchmarks.AssemblyInfo.cs(13,12): error CS0579: Duplicate 'System.Reflection.AssemblyCompanyAttribute' attribute [C:\Users\lauri\Desktop\Cerneala\Cerneala.csproj]
C:\Users\lauri\Desktop\Cerneala\artifacts\rendersurface3d\control-stage4\final\sources\obj\Debug\net8.0-windows\benchmarks__Cerneala.Benchmarks__Cerneala.Benchmarks.AssemblyInfo.cs(14,12): error CS0579: Duplicate 'System.Reflection.AssemblyConfigurationAttribute' attribute [C:\Users\lauri\Desktop\Cerneala\Cerneala.csproj]
C:\Users\lauri\Desktop\Cerneala\artifacts\rendersurface3d\control-stage4\final\sources\obj\Debug\net8.0-windows\benchmarks__Cerneala.Benchmarks__Cerneala.Benchmarks.AssemblyInfo.cs(15,12): error CS0579: Duplicate 'System.Reflection.AssemblyFileVersionAttribute' attribute [C:\Users\lauri\Desktop\Cerneala\Cerneala.csproj]
C:\Users\lauri\Desktop\Cerneala\artifacts\rendersurface3d\control-stage4\final\sources\obj\Debug\net8.0-windows\benchmarks__Cerneala.Benchmarks__Cerneala.Benchmarks.AssemblyInfo.cs(16,12): error CS0579: Duplicate 'System.Reflection.AssemblyInformationalVersionAttribute' attribute [C:\Users\lauri\Desktop\Cerneala\Cerneala.csproj]
C:\Users\lauri\Desktop\Cerneala\artifacts\rendersurface3d\control-stage4\final\sources\obj\Debug\net8.0-windows\benchmarks__Cerneala.Benchmarks__Cerneala.Benchmarks.AssemblyInfo.cs(17,12): error CS0579: Duplicate 'System.Reflection.AssemblyProductAttribute' attribute [C:\Users\lauri\Desktop\Cerneala\Cerneala.csproj]
C:\Users\lauri\Desktop\Cerneala\artifacts\rendersurface3d\control-stage4\final\sources\obj\Debug\net8.0-windows\benchmarks__Cerneala.Benchmarks__Cerneala.Benchmarks.AssemblyInfo.cs(18,12): error CS0579: Duplicate 'System.Reflection.AssemblyTitleAttribute' attribute [C:\Users\lauri\Desktop\Cerneala\Cerneala.csproj]
C:\Users\lauri\Desktop\Cerneala\artifacts\rendersurface3d\control-stage4\final\sources\obj\Debug\net8.0-windows\benchmarks__Cerneala.Benchmarks__Cerneala.Benchmarks.AssemblyInfo.cs(19,12): error CS0579: Duplicate 'System.Reflection.AssemblyVersionAttribute' attribute [C:\Users\lauri\Desktop\Cerneala\Cerneala.csproj]
C:\Users\lauri\Desktop\Cerneala\artifacts\rendersurface3d\control-stage4\final\sources\obj\Debug\net8.0-windows\benchmarks__Cerneala.Benchmarks__Cerneala.Benchmarks.AssemblyInfo.cs(20,12): error CS0579: Duplicate 'System.Runtime.Versioning.TargetPlatformAttribute' attribute [C:\Users\lauri\Desktop\Cerneala\Cerneala.csproj]
C:\Users\lauri\Desktop\Cerneala\artifacts\rendersurface3d\control-stage4\final\sources\obj\Debug\net8.0-windows\tests__Cerneala.Tests__Cerneala.Tests.AssemblyInfo.cs(13,12): error CS0579: Duplicate 'System.Reflection.AssemblyCompanyAttribute' attribute [C:\Users\lauri\Desktop\Cerneala\Cerneala.csproj]
C:\Users\lauri\Desktop\Cerneala\artifacts\rendersurface3d\control-stage4\final\sources\obj\Debug\net8.0-windows\tests__Cerneala.Tests__Cerneala.Tests.AssemblyInfo.cs(14,12): error CS0579: Duplicate 'System.Reflection.AssemblyConfigurationAttribute' attribute [C:\Users\lauri\Desktop\Cerneala\Cerneala.csproj]
C:\Users\lauri\Desktop\Cerneala\artifacts\rendersurface3d\control-stage4\final\sources\obj\Debug\net8.0-windows\tests__Cerneala.Tests__Cerneala.Tests.AssemblyInfo.cs(15,12): error CS0579: Duplicate 'System.Reflection.AssemblyFileVersionAttribute' attribute [C:\Users\lauri\Desktop\Cerneala\Cerneala.csproj]
C:\Users\lauri\Desktop\Cerneala\artifacts\rendersurface3d\control-stage4\final\sources\obj\Debug\net8.0-windows\tests__Cerneala.Tests__Cerneala.Tests.AssemblyInfo.cs(16,12): error CS0579: Duplicate 'System.Reflection.AssemblyInformationalVersionAttribute' attribute [C:\Users\lauri\Desktop\Cerneala\Cerneala.csproj]
C:\Users\lauri\Desktop\Cerneala\artifacts\rendersurface3d\control-stage4\final\sources\obj\Debug\net8.0-windows\tests__Cerneala.Tests__Cerneala.Tests.AssemblyInfo.cs(17,12): error CS0579: Duplicate 'System.Reflection.AssemblyProductAttribute' attribute [C:\Users\lauri\Desktop\Cerneala\Cerneala.csproj]
C:\Users\lauri\Desktop\Cerneala\artifacts\rendersurface3d\control-stage4\final\sources\obj\Debug\net8.0-windows\tests__Cerneala.Tests__Cerneala.Tests.AssemblyInfo.cs(18,12): error CS0579: Duplicate 'System.Reflection.AssemblyTitleAttribute' attribute [C:\Users\lauri\Desktop\Cerneala\Cerneala.csproj]
C:\Users\lauri\Desktop\Cerneala\artifacts\rendersurface3d\control-stage4\final\sources\obj\Debug\net8.0-windows\tests__Cerneala.Tests__Cerneala.Tests.AssemblyInfo.cs(19,12): error CS0579: Duplicate 'System.Reflection.AssemblyVersionAttribute' attribute [C:\Users\lauri\Desktop\Cerneala\Cerneala.csproj]
C:\Users\lauri\Desktop\Cerneala\artifacts\rendersurface3d\control-stage4\final\sources\obj\Debug\net8.0-windows\tests__Cerneala.Tests__Cerneala.Tests.AssemblyInfo.cs(20,12): error CS0579: Duplicate 'System.Runtime.Versioning.TargetPlatformAttribute' attribute [C:\Users\lauri\Desktop\Cerneala\Cerneala.csproj]
C:\Users\lauri\Desktop\Cerneala\artifacts\rendersurface3d\control-stage4\final\sources\obj\Debug\net8.0\.NETCoreApp,Version=v8.0.AssemblyAttributes.cs(4,12): error CS0579: Duplicate 'global::System.Runtime.Versioning.TargetFrameworkAttribute' attribute [C:\Users\lauri\Desktop\Cerneala\Cerneala.csproj]
C:\Users\lauri\Desktop\Cerneala\artifacts\rendersurface3d\control-stage4\final\sources\obj\Debug\net8.0\tests__Cerneala.SdlGpuSmoke__Cerneala.SdlGpuSmoke.AssemblyInfo.cs(13,12): error CS0579: Duplicate 'System.Reflection.AssemblyCompanyAttribute' attribute [C:\Users\lauri\Desktop\Cerneala\Cerneala.csproj]
C:\Users\lauri\Desktop\Cerneala\artifacts\rendersurface3d\control-stage4\final\sources\obj\Debug\net8.0\tests__Cerneala.SdlGpuSmoke__Cerneala.SdlGpuSmoke.AssemblyInfo.cs(14,12): error CS0579: Duplicate 'System.Reflection.AssemblyConfigurationAttribute' attribute [C:\Users\lauri\Desktop\Cerneala\Cerneala.csproj]
C:\Users\lauri\Desktop\Cerneala\artifacts\rendersurface3d\control-stage4\final\sources\obj\Debug\net8.0\tests__Cerneala.SdlGpuSmoke__Cerneala.SdlGpuSmoke.AssemblyInfo.cs(15,12): error CS0579: Duplicate 'System.Reflection.AssemblyFileVersionAttribute' attribute [C:\Users\lauri\Desktop\Cerneala\Cerneala.csproj]
C:\Users\lauri\Desktop\Cerneala\artifacts\rendersurface3d\control-stage4\final\sources\obj\Debug\net8.0\tests__Cerneala.SdlGpuSmoke__Cerneala.SdlGpuSmoke.AssemblyInfo.cs(16,12): error CS0579: Duplicate 'System.Reflection.AssemblyInformationalVersionAttribute' attribute [C:\Users\lauri\Desktop\Cerneala\Cerneala.csproj]
C:\Users\lauri\Desktop\Cerneala\artifacts\rendersurface3d\control-stage4\final\sources\obj\Debug\net8.0\tests__Cerneala.SdlGpuSmoke__Cerneala.SdlGpuSmoke.AssemblyInfo.cs(17,12): error CS0579: Duplicate 'System.Reflection.AssemblyProductAttribute' attribute [C:\Users\lauri\Desktop\Cerneala\Cerneala.csproj]
C:\Users\lauri\Desktop\Cerneala\artifacts\rendersurface3d\control-stage4\final\sources\obj\Debug\net8.0\tests__Cerneala.SdlGpuSmoke__Cerneala.SdlGpuSmoke.AssemblyInfo.cs(18,12): error CS0579: Duplicate 'System.Reflection.AssemblyTitleAttribute' attribute [C:\Users\lauri\Desktop\Cerneala\Cerneala.csproj]
C:\Users\lauri\Desktop\Cerneala\artifacts\rendersurface3d\control-stage4\final\sources\obj\Debug\net8.0\tests__Cerneala.SdlGpuSmoke__Cerneala.SdlGpuSmoke.AssemblyInfo.cs(19,12): error CS0579: Duplicate 'System.Reflection.AssemblyVersionAttribute' attribute [C:\Users\lauri\Desktop\Cerneala\Cerneala.csproj]
C:\Users\lauri\AppData\Local\Temp\cerneala-structure-protocol-25d4f34dde4d4093985e6c39c48851ae\artifacts\obj\Cerneala\release\.NETCoreApp,Version=v8.0.AssemblyAttributes.cs(4,12): error CS0579: Duplicate 'global::System.Runtime.Versioning.TargetFrameworkAttribute' attribute [C:\Users\lauri\Desktop\Cerneala\Cerneala.csproj]
C:\Users\lauri\AppData\Local\Temp\cerneala-structure-protocol-25d4f34dde4d4093985e6c39c48851ae\artifacts\obj\Cerneala\release\Cerneala.AssemblyInfo.cs(13,12): error CS0579: Duplicate 'System.Reflection.AssemblyCompanyAttribute' attribute [C:\Users\lauri\Desktop\Cerneala\Cerneala.csproj]
C:\Users\lauri\AppData\Local\Temp\cerneala-structure-protocol-25d4f34dde4d4093985e6c39c48851ae\artifacts\obj\Cerneala\release\Cerneala.AssemblyInfo.cs(14,12): error CS0579: Duplicate 'System.Reflection.AssemblyConfigurationAttribute' attribute [C:\Users\lauri\Desktop\Cerneala\Cerneala.csproj]
C:\Users\lauri\AppData\Local\Temp\cerneala-structure-protocol-25d4f34dde4d4093985e6c39c48851ae\artifacts\obj\Cerneala\release\Cerneala.AssemblyInfo.cs(15,12): error CS0579: Duplicate 'System.Reflection.AssemblyFileVersionAttribute' attribute [C:\Users\lauri\Desktop\Cerneala\Cerneala.csproj]
C:\Users\lauri\AppData\Local\Temp\cerneala-structure-protocol-25d4f34dde4d4093985e6c39c48851ae\artifacts\obj\Cerneala\release\Cerneala.AssemblyInfo.cs(16,12): error CS0579: Duplicate 'System.Reflection.AssemblyInformationalVersionAttribute' attribute [C:\Users\lauri\Desktop\Cerneala\Cerneala.csproj]
C:\Users\lauri\AppData\Local\Temp\cerneala-structure-protocol-25d4f34dde4d4093985e6c39c48851ae\artifacts\obj\Cerneala\release\Cerneala.AssemblyInfo.cs(17,12): error CS0579: Duplicate 'System.Reflection.AssemblyProductAttribute' attribute [C:\Users\lauri\Desktop\Cerneala\Cerneala.csproj]
C:\Users\lauri\AppData\Local\Temp\cerneala-structure-protocol-25d4f34dde4d4093985e6c39c48851ae\artifacts\obj\Cerneala\release\Cerneala.AssemblyInfo.cs(18,12): error CS0579: Duplicate 'System.Reflection.AssemblyTitleAttribute' attribute [C:\Users\lauri\Desktop\Cerneala\Cerneala.csproj]
C:\Users\lauri\AppData\Local\Temp\cerneala-structure-protocol-25d4f34dde4d4093985e6c39c48851ae\artifacts\obj\Cerneala\release\Cerneala.AssemblyInfo.cs(19,12): error CS0579: Duplicate 'System.Reflection.AssemblyVersionAttribute' attribute [C:\Users\lauri\Desktop\Cerneala\Cerneala.csproj]
C:\Users\lauri\Desktop\Cerneala\artifacts\rendersurface3d\control-stage4\final\sources\obj\Debug\net10.0-windows\tests__Cerneala.Tests.PreviewHost__Cerneala.Tests.PreviewHost.GlobalUsings.g.cs(9,14): error CS0246: The type or namespace name 'Xunit' could not be found (are you missing a using directive or an assembly reference?) [C:\Users\lauri\Desktop\Cerneala\Cerneala.csproj]
C:\Users\lauri\Desktop\Cerneala\artifacts\rendersurface3d\control-stage4\final\sources\obj\Debug\net8.0-windows\tests__Cerneala.Tests__Cerneala.Tests.GlobalUsings.g.cs(14,14): error CS0246: The type or namespace name 'Xunit' could not be found (are you missing a using directive or an assembly reference?) [C:\Users\lauri\Desktop\Cerneala\Cerneala.csproj]
    0 Warning(s)
    52 Error(s)

Time Elapsed 00:01:07.85


  Stack Trace:
     at Cerneala.Tests.LanguageServer.StructureProtocolTests.TemporaryStructureWorkspace.Build() in C:\Users\lauri\Desktop\Cerneala\tests\Cerneala.Tests.LanguageServer\StructureProtocolTests.cs:line 278
   at Cerneala.Tests.LanguageServer.StructureProtocolTests.TemporaryStructureWorkspace.Create() in C:\Users\lauri\Desktop\Cerneala\tests\Cerneala.Tests.LanguageServer\StructureProtocolTests.cs:line 243
   at Cerneala.Tests.LanguageServer.StructureProtocolTests.StructureFeaturesUseUnsavedOverlayAndRecoverAfterLocalError() in C:\Users\lauri\Desktop\Cerneala\tests\Cerneala.Tests.LanguageServer\StructureProtocolTests.cs:line 13
--- End of stack trace from previous location ---
Results File: C:\Users\lauri\Desktop\Cerneala\docs\plans\evidence\2026-09-23-scene2d-stage3\integration\full-slnx\full-slnx_net10.0_20260924123052.trx

Failed!  - Failed:     2, Passed:    38, Skipped:     0, Total:    40, Duration: 4 m 11 s - Cerneala.Tests.LanguageServer.dll (net10.0)
  Cerneala.Platforms.Sdl3 -> C:\Users\lauri\Desktop\Cerneala\Cerneala.Platforms.Sdl3\bin\Release\net8.0\Cerneala.Platforms.Sdl3.dll
  Cerneala.Backends.SdlGpu -> C:\Users\lauri\Desktop\Cerneala\Cerneala.Backends.SdlGpu\bin\Release\net8.0\Cerneala.Backends.SdlGpu.dll
  Cerneala.PreviewHost -> C:\Users\lauri\Desktop\Cerneala\Cerneala.PreviewHost\bin\Release\net10.0-windows\Cerneala.PreviewHost.dll
  CernealaPresentation -> C:\Users\lauri\Desktop\Cerneala\CernealaPresentation\bin\Release\net8.0-windows\CernealaPresentation.dll
  Cerneala.SdlGpuSmoke -> C:\Users\lauri\Desktop\Cerneala\tests\Cerneala.SdlGpuSmoke\bin\Release\net8.0\Cerneala.SdlGpuSmoke.dll
  Cerneala.Tests.PreviewHost -> C:\Users\lauri\Desktop\Cerneala\tests\Cerneala.Tests.PreviewHost\bin\Release\net10.0-windows\Cerneala.Tests.PreviewHost.dll
Test run for C:\Users\lauri\Desktop\Cerneala\tests\Cerneala.Tests.PreviewHost\bin\Release\net10.0-windows\Cerneala.Tests.PreviewHost.dll (.NETCoreApp,Version=v10.0)
A total of 1 test files matched the specified pattern.
Results File: C:\Users\lauri\Desktop\Cerneala\docs\plans\evidence\2026-09-23-scene2d-stage3\integration\full-slnx\full-slnx_net10.0_20260924123226.trx

Passed!  - Failed:     0, Passed:    14, Skipped:     0, Total:    14, Duration: 1 m 28 s - Cerneala.Tests.PreviewHost.dll (net10.0)
  Cerneala.Scene2D.Importers -> C:\Users\lauri\Desktop\Cerneala\Cerneala.Scene2D.Importers\bin\Release\net8.0\Cerneala.Scene2D.Importers.dll
  Cerneala.Tests.Scene2DImporters -> C:\Users\lauri\Desktop\Cerneala\tests\Cerneala.Tests.Scene2DImporters\bin\Release\net8.0\Cerneala.Tests.Scene2DImporters.dll
Test run for C:\Users\lauri\Desktop\Cerneala\tests\Cerneala.Tests.Scene2DImporters\bin\Release\net8.0\Cerneala.Tests.Scene2DImporters.dll (.NETCoreApp,Version=v8.0)
A total of 1 test files matched the specified pattern.
Results File: C:\Users\lauri\Desktop\Cerneala\docs\plans\evidence\2026-09-23-scene2d-stage3\integration\full-slnx\full-slnx_net8.0_20260924123234.trx

Passed!  - Failed:     0, Passed:   173, Skipped:     0, Total:   173, Duration: 4 s - Cerneala.Tests.Scene2DImporters.dll (net8.0)
  Cerneala.Scene2D.Packages -> C:\Users\lauri\Desktop\Cerneala\Cerneala.Scene2D.Packages\bin\Release\net8.0\Cerneala.Scene2D.Packages.dll
  Cerneala.Scene2D.PackageCompiler -> C:\Users\lauri\Desktop\Cerneala\Tools\Cerneala.Scene2D.PackageCompiler\bin\Release\net8.0\Cerneala.Scene2D.PackageCompiler.dll
  Cerneala.Tests.Scene2DPackages -> C:\Users\lauri\Desktop\Cerneala\tests\Cerneala.Tests.Scene2DPackages\bin\Release\net8.0\Cerneala.Tests.Scene2DPackages.dll
Test run for C:\Users\lauri\Desktop\Cerneala\tests\Cerneala.Tests.Scene2DPackages\bin\Release\net8.0\Cerneala.Tests.Scene2DPackages.dll (.NETCoreApp,Version=v8.0)
A total of 1 test files matched the specified pattern.
Results File: C:\Users\lauri\Desktop\Cerneala\docs\plans\evidence\2026-09-23-scene2d-stage3\integration\full-slnx\full-slnx_net8.0_20260924123244.trx

Passed!  - Failed:     0, Passed:   104, Skipped:     0, Total:   104, Duration: 6 s - Cerneala.Tests.Scene2DPackages.dll (net8.0)
  Tetris -> C:\Users\lauri\Desktop\Cerneala\Tetrisish\bin\Release\net8.0\Cerneala.Tetris.dll
  Cerneala.Tests.SdlGpu -> C:\Users\lauri\Desktop\Cerneala\tests\Cerneala.Tests.SdlGpu\bin\Release\net8.0\Cerneala.Tests.SdlGpu.dll
Test run for C:\Users\lauri\Desktop\Cerneala\tests\Cerneala.Tests.SdlGpu\bin\Release\net8.0\Cerneala.Tests.SdlGpu.dll (.NETCoreApp,Version=v8.0)
A total of 1 test files matched the specified pattern.
[xUnit.net 00:07:34.26]     Cerneala.Tests.SdlGpu.SdlWindowsNativeContractTests.NativeOwnershipInputAndGraphicsLifetimesRemainIndependent [SKIP]
  Skipped Cerneala.Tests.SdlGpu.SdlWindowsNativeContractTests.NativeOwnershipInputAndGraphicsLifetimesRemainIndependent [1 ms]
[xUnit.net 00:07:43.30]     Cerneala.Tests.Drawing.SdlGpu.AlphaBlendRenderingTests.OpaqueStrokeOccludesEarlierStrokeAroundTranslucentContent(content: 1) [SKIP]
  Skipped Cerneala.Tests.Drawing.SdlGpu.AlphaBlendRenderingTests.OpaqueStrokeOccludesEarlierStrokeAroundTranslucentContent(content: 1) [1 ms]
[xUnit.net 00:07:44.29]     Cerneala.Tests.Drawing.SdlGpu.AlphaBlendRenderingTests.OpaqueStrokeOccludesEarlierStrokeAroundTranslucentContent(content: 7) [SKIP]
  Skipped Cerneala.Tests.Drawing.SdlGpu.AlphaBlendRenderingTests.OpaqueStrokeOccludesEarlierStrokeAroundTranslucentContent(content: 7) [1 ms]
[xUnit.net 00:07:46.13]     Cerneala.Tests.Drawing.SdlGpu.AlphaBlendRenderingTests.OpaqueStrokeOccludesEarlierStrokeAroundTranslucentContent(content: 6) [SKIP]
[xUnit.net 00:07:47.04]     Cerneala.Tests.Drawing.SdlGpu.AlphaBlendRenderingTests.OpaqueStrokeOccludesEarlierStrokeAroundTranslucentContent(content: 3) [SKIP]
  Skipped Cerneala.Tests.Drawing.SdlGpu.AlphaBlendRenderingTests.OpaqueStrokeOccludesEarlierStrokeAroundTranslucentContent(content: 6) [1 ms]
  Skipped Cerneala.Tests.Drawing.SdlGpu.AlphaBlendRenderingTests.OpaqueStrokeOccludesEarlierStrokeAroundTranslucentContent(content: 3) [1 ms]
Results File: C:\Users\lauri\Desktop\Cerneala\docs\plans\evidence\2026-09-23-scene2d-stage3\integration\full-slnx\full-slnx_net8.0_20260924124547.trx

Passed!  - Failed:     0, Passed:   894, Skipped:     5, Total:   899, Duration: 12 m 59 s - Cerneala.Tests.SdlGpu.dll (net8.0)
  Cerneala.Tests.SourceGen -> C:\Users\lauri\Desktop\Cerneala\tests\Cerneala.Tests.SourceGen\bin\Release\net8.0-windows\Cerneala.Tests.SourceGen.dll
Test run for C:\Users\lauri\Desktop\Cerneala\tests\Cerneala.Tests.SourceGen\bin\Release\net8.0-windows\Cerneala.Tests.SourceGen.dll (.NETCoreApp,Version=v8.0)
A total of 1 test files matched the specified pattern.
Results File: C:\Users\lauri\Desktop\Cerneala\docs\plans\evidence\2026-09-23-scene2d-stage3\integration\full-slnx\full-slnx_net8.0_20260924124743.trx

Passed!  - Failed:     0, Passed:   610, Skipped:     0, Total:   610, Duration: 1 m 51 s - Cerneala.Tests.SourceGen.dll (net8.0)
  Cerneala.Tests.VisualStudio -> C:\Users\lauri\Desktop\Cerneala\tests\Cerneala.Tests.VisualStudio\bin\Release\net10.0-windows\Cerneala.Tests.VisualStudio.dll
  Cerneala.VisualStudio -> C:\Users\lauri\Desktop\Cerneala\Cerneala.VisualStudio\bin\Release\net472\Cerneala.VisualStudio.dll
  Determining projects to restore...
  Restored C:\Users\lauri\Desktop\Cerneala\Cerneala.Language\Cerneala.Language.csproj (in 181 ms).
  Restored C:\Users\lauri\Desktop\Cerneala\Cerneala.LanguageServer\Cerneala.LanguageServer.csproj (in 250 ms).
C:\Program Files\dotnet\sdk\10.0.400\Sdks\Microsoft.NET.Sdk\targets\Microsoft.PackageDependencyResolution.targets(266,5): error NETSDK1047: Assets file 'C:\Users\lauri\Desktop\Cerneala\Cerneala.LanguageServer\obj\project.assets.json' doesn't have a target for 'net10.0/win-x64'. Ensure that restore has run and that you have included 'net10.0' in the TargetFrameworks for your project. You may also need to include 'win-x64' in your project's RuntimeIdentifiers. [C:\Users\lauri\Desktop\Cerneala\Cerneala.LanguageServer\Cerneala.LanguageServer.csproj]
  VisualStudioIntegrationHost -> C:\Users\lauri\Desktop\Cerneala\tests\Fixtures\VisualStudioIntegrationHost\bin\Release\net472\Cerneala.VisualStudio.IntegrationHost.dll
C:\Users\lauri\Desktop\Cerneala\tests\Cerneala.Tests.VisualStudio\Cerneala.Tests.VisualStudio.csproj(40,5): error MSB4181: The "MSBuild" task returned false but did not log an error.
  Cerneala.Playground -> C:\Users\lauri\Desktop\Cerneala\Playground\Cerneala.Playground\bin\Release\net8.0-windows\Cerneala.Playground.dll
  Cerneala.Tests -> C:\Users\lauri\Desktop\Cerneala\tests\Cerneala.Tests\bin\Release\net8.0-windows\Cerneala.Tests.dll
Test run for C:\Users\lauri\Desktop\Cerneala\tests\Cerneala.Tests\bin\Release\net8.0-windows\Cerneala.Tests.dll (.NETCoreApp,Version=v8.0)
A total of 1 test files matched the specified pattern.
Results File: C:\Users\lauri\Desktop\Cerneala\docs\plans\evidence\2026-09-23-scene2d-stage3\integration\full-slnx\full-slnx_net8.0_20260924125300.trx

Passed!  - Failed:     0, Passed:  4156, Skipped:     0, Total:  4156, Duration: 5 m 6 s - Cerneala.Tests.dll (net8.0)
  Tetris.Tests -> C:\Users\lauri\Desktop\Cerneala\Tetrisish\Tests\bin\Release\net8.0\Cerneala.Tetris.Tests.dll
Test run for C:\Users\lauri\Desktop\Cerneala\Tetrisish\Tests\bin\Release\net8.0\Cerneala.Tetris.Tests.dll (.NETCoreApp,Version=v8.0)
A total of 1 test files matched the specified pattern.
Results File: C:\Users\lauri\Desktop\Cerneala\docs\plans\evidence\2026-09-23-scene2d-stage3\integration\full-slnx\full-slnx_net8.0_20260924125304.trx

Passed!  - Failed:     0, Passed:    31, Skipped:     0, Total:    31, Duration: 1 s - Cerneala.Tetris.Tests.dll (net8.0)
