  Determining projects to restore...
  All projects are up-to-date for restore.
  Cerneala.Language -> C:\Users\lauri\Desktop\Cerneala\Cerneala.Language\bin\Release\netstandard2.0\Cerneala.Language.dll
  Cerneala.SourceGen -> C:\Users\lauri\Desktop\Cerneala\Cerneala.SourceGen\bin\Release\netstandard2.0\Cerneala.SourceGen.dll
  Cerneala -> C:\Users\lauri\Desktop\Cerneala\bin\Release\net8.0\Cerneala.dll
  Cerneala.Platforms.Sdl3 -> C:\Users\lauri\Desktop\Cerneala\Cerneala.Platforms.Sdl3\bin\Release\net8.0\Cerneala.Platforms.Sdl3.dll
  Cerneala.Backends.SdlGpu -> C:\Users\lauri\Desktop\Cerneala\Cerneala.Backends.SdlGpu\bin\Release\net8.0\Cerneala.Backends.SdlGpu.dll
  CernealaPresentation -> C:\Users\lauri\Desktop\Cerneala\CernealaPresentation\bin\Release\net8.0-windows\CernealaPresentation.dll
  Cerneala.Scene2D.Packages -> C:\Users\lauri\Desktop\Cerneala\Cerneala.Scene2D.Packages\bin\Release\net8.0\Cerneala.Scene2D.Packages.dll
  Cerneala.Scene2D.Importers -> C:\Users\lauri\Desktop\Cerneala\Cerneala.Scene2D.Importers\bin\Release\net8.0\Cerneala.Scene2D.Importers.dll
  Cerneala.Scene2D.PackageCompiler -> C:\Users\lauri\Desktop\Cerneala\Tools\Cerneala.Scene2D.PackageCompiler\bin\Release\net8.0\Cerneala.Scene2D.PackageCompiler.dll
  Cerneala.Playground -> C:\Users\lauri\Desktop\Cerneala\Playground\Cerneala.Playground\bin\Release\net8.0-windows\Cerneala.Playground.dll
  Cerneala.SdlGpuSmoke -> C:\Users\lauri\Desktop\Cerneala\tests\Cerneala.SdlGpuSmoke\bin\Release\net8.0\Cerneala.SdlGpuSmoke.dll
  Cerneala.Tests -> C:\Users\lauri\Desktop\Cerneala\tests\Cerneala.Tests\bin\Release\net8.0-windows\Cerneala.Tests.dll
Test run for C:\Users\lauri\Desktop\Cerneala\tests\Cerneala.Tests\bin\Release\net8.0-windows\Cerneala.Tests.dll (.NETCoreApp,Version=v8.0)
A total of 1 test files matched the specified pattern.
[xUnit.net 00:00:04.97]     Cerneala.Tests.Playground.SceneWorldShowcaseTests.ImportedWallOwnersPreserveTileDrawingAndTheSixAuthoredCollisionRegions(ldtk: False) [FAIL]
[xUnit.net 00:00:05.16]     Cerneala.Tests.Playground.SceneWorldShowcaseTests.ImportedWallOwnersPreserveTileDrawingAndTheSixAuthoredCollisionRegions(ldtk: True) [FAIL]
  Failed Cerneala.Tests.Playground.SceneWorldShowcaseTests.ImportedWallOwnersPreserveTileDrawingAndTheSixAuthoredCollisionRegions(ldtk: False) [232 ms]
  Error Message:
   System.IO.InvalidDataException : The village requires zero level offset and authored Ground, Buildings and Doors maps in order. Actual offset: DrawPoint { X = 0, Y = 0 }; map IDs: [1,2,4,3].
  Stack Trace:
     at Cerneala.Playground.SceneWorldPackage.OpenAsync(String path, CancellationToken token) in C:\Users\lauri\Desktop\Cerneala\Playground\Cerneala.Playground\SceneWorldPackage.cs:line 57
   at Cerneala.Playground.SceneWorldPackage.OpenAsync(String path, CancellationToken token) in C:\Users\lauri\Desktop\Cerneala\Playground\Cerneala.Playground\SceneWorldPackage.cs:line 96
   at Cerneala.Tests.Playground.SceneWorldShowcaseTests.ImportedWallOwnersPreserveTileDrawingAndTheSixAuthoredCollisionRegions(Boolean ldtk) in C:\Users\lauri\Desktop\Cerneala\tests\Cerneala.Tests\Playground\SceneWorldShowcaseTests.cs:line 47
--- End of stack trace from previous location ---
  Failed Cerneala.Tests.Playground.SceneWorldShowcaseTests.ImportedWallOwnersPreserveTileDrawingAndTheSixAuthoredCollisionRegions(ldtk: True) [142 ms]
  Error Message:
   System.IO.InvalidDataException : The village requires zero level offset and authored Ground, Buildings and Doors maps in order. Actual offset: DrawPoint { X = 0, Y = 0 }; map IDs: [1,2,4,3].
  Stack Trace:
     at Cerneala.Playground.SceneWorldPackage.OpenAsync(String path, CancellationToken token) in C:\Users\lauri\Desktop\Cerneala\Playground\Cerneala.Playground\SceneWorldPackage.cs:line 57
   at Cerneala.Playground.SceneWorldPackage.OpenAsync(String path, CancellationToken token) in C:\Users\lauri\Desktop\Cerneala\Playground\Cerneala.Playground\SceneWorldPackage.cs:line 96
   at Cerneala.Tests.Playground.SceneWorldShowcaseTests.ImportedWallOwnersPreserveTileDrawingAndTheSixAuthoredCollisionRegions(Boolean ldtk) in C:\Users\lauri\Desktop\Cerneala\tests\Cerneala.Tests\Playground\SceneWorldShowcaseTests.cs:line 47
--- End of stack trace from previous location ---
Results File: C:\Users\lauri\Desktop\Cerneala\docs\plans\evidence\2026-09-23-scene2d-stage2\playground\map-id-diagnostic.trx

Failed!  - Failed:     2, Passed:     0, Skipped:     0, Total:     2, Duration: 422 ms - Cerneala.Tests.dll (net8.0)
